51.27
49.06
48.89
49.00
47.88
47.28
47.19
47.18
47.17
47.17
47.17
47.17
65.80
76.70
71.77
64.35
62.48
56.81
55.28
65.78
50.69
