send out message: 24 37 /home/lchen/MAGMA/magma-1.6.1/results
send out message: 20 26 MAGMA_LU_GPUDVFS.total.pwr
MAGMA 1.6.1  compiled for CUDA capability >= 3.0
CUDA runtime 5000, driver 6050. MAGMA not compiled with OpenMP. 
ndevices 1
device 0: Tesla K20c, 705.5 MHz clock, 4799.6 MB memory, capability 3.5
Usage: /home/lchen/MAGMA/magma-1.6.1/testing/testing_dgetrf [options] [-h|--help]

ngpu 1
    M     N   CPU GFlop/s (sec)   GPU GFlop/s (sec)   |PA-LU|/(N*|A|)
=========================================================================
init_time = 3.304512
iter 0: slack_cuda = 0.000000
iter 0: cpu_time_cuda = 0.000000
iter 0: gpu_time_cuda = 0.000000
iter 0: download_copy_time_cuda = 0.000000
iter 0: upload_copy_time_cuda = 0.001505
iter 0: per_iter_time_cuda = 0.002234

iter 1: slack_cuda = 0.000199
iter 1: cpu_time_cuda = 0.029674
iter 1: gpu_time_cuda = 0.029475
iter 1: download_copy_time_cuda = 0.001416
iter 1: upload_copy_time_cuda = 0.001491
iter 1: per_iter_time_cuda = 0.062733

iter 2: slack_cuda = 0.000598
iter 2: cpu_time_cuda = 0.029437
iter 2: gpu_time_cuda = 0.028839
iter 2: download_copy_time_cuda = 0.001391
iter 2: upload_copy_time_cuda = 0.001477
iter 2: per_iter_time_cuda = 0.061877

iter 3: slack_cuda = 0.000741
iter 3: cpu_time_cuda = 0.029154
iter 3: gpu_time_cuda = 0.028413
iter 3: download_copy_time_cuda = 0.001379
iter 3: upload_copy_time_cuda = 0.001463
iter 3: per_iter_time_cuda = 0.061083

iter 4: slack_cuda = 0.000862
iter 4: cpu_time_cuda = 0.028849
iter 4: gpu_time_cuda = 0.027987
iter 4: download_copy_time_cuda = 0.001355
iter 4: upload_copy_time_cuda = 0.001432
iter 4: per_iter_time_cuda = 0.060352

iter 5: slack_cuda = 0.001274
iter 5: cpu_time_cuda = 0.028634
iter 5: gpu_time_cuda = 0.027360
iter 5: download_copy_time_cuda = 0.001352
iter 5: upload_copy_time_cuda = 0.001436
iter 5: per_iter_time_cuda = 0.059461

iter 6: slack_cuda = 0.001257
iter 6: cpu_time_cuda = 0.028231
iter 6: gpu_time_cuda = 0.026973
iter 6: download_copy_time_cuda = 0.001335
iter 6: upload_copy_time_cuda = 0.001416
iter 6: per_iter_time_cuda = 0.058651

iter 7: slack_cuda = 0.002163
iter 7: cpu_time_cuda = 0.027952
iter 7: gpu_time_cuda = 0.025789
iter 7: download_copy_time_cuda = 0.001315
iter 7: upload_copy_time_cuda = 0.001407
iter 7: per_iter_time_cuda = 0.057120

iter 8: slack_cuda = 0.001618
iter 8: cpu_time_cuda = 0.027566
iter 8: gpu_time_cuda = 0.025948
iter 8: download_copy_time_cuda = 0.001297
iter 8: upload_copy_time_cuda = 0.001387
iter 8: per_iter_time_cuda = 0.056910

iter 9: slack_cuda = 0.002127
iter 9: cpu_time_cuda = 0.027408
iter 9: gpu_time_cuda = 0.025282
iter 9: download_copy_time_cuda = 0.001292
iter 9: upload_copy_time_cuda = 0.001376
iter 9: per_iter_time_cuda = 0.055999

iter 10: slack_cuda = 0.002326
iter 10: cpu_time_cuda = 0.026975
iter 10: gpu_time_cuda = 0.024649
iter 10: download_copy_time_cuda = 0.001283
iter 10: upload_copy_time_cuda = 0.001379
iter 10: per_iter_time_cuda = 0.054978

iter 11: slack_cuda = 0.003256
iter 11: cpu_time_cuda = 0.026855
iter 11: gpu_time_cuda = 0.023598
iter 11: download_copy_time_cuda = 0.001267
iter 11: upload_copy_time_cuda = 0.001349
iter 11: per_iter_time_cuda = 0.053719

iter 12: slack_cuda = 0.002697
iter 12: cpu_time_cuda = 0.026548
iter 12: gpu_time_cuda = 0.023850
iter 12: download_copy_time_cuda = 0.001244
iter 12: upload_copy_time_cuda = 0.001315
iter 12: per_iter_time_cuda = 0.053641

iter 13: slack_cuda = 0.002897
iter 13: cpu_time_cuda = 0.026245
iter 13: gpu_time_cuda = 0.023348
iter 13: download_copy_time_cuda = 0.001245
iter 13: upload_copy_time_cuda = 0.001317
iter 13: per_iter_time_cuda = 0.052786

iter 14: slack_cuda = 0.003435
iter 14: cpu_time_cuda = 0.026215
iter 14: gpu_time_cuda = 0.022781
iter 14: download_copy_time_cuda = 0.001229
iter 14: upload_copy_time_cuda = 0.001313
iter 14: per_iter_time_cuda = 0.052226

iter 15: slack_cuda = 0.003982
iter 15: cpu_time_cuda = 0.025874
iter 15: gpu_time_cuda = 0.021892
iter 15: download_copy_time_cuda = 0.001216
iter 15: upload_copy_time_cuda = 0.001295
iter 15: per_iter_time_cuda = 0.050889

iter 16: slack_cuda = 0.003843
iter 16: cpu_time_cuda = 0.025611
iter 16: gpu_time_cuda = 0.021768
iter 16: download_copy_time_cuda = 0.001194
iter 16: upload_copy_time_cuda = 0.001264
iter 16: per_iter_time_cuda = 0.050491

iter 17: slack_cuda = 0.004078
iter 17: cpu_time_cuda = 0.025322
iter 17: gpu_time_cuda = 0.021244
iter 17: download_copy_time_cuda = 0.001182
iter 17: upload_copy_time_cuda = 0.001262
iter 17: per_iter_time_cuda = 0.049614

iter 18: slack_cuda = 0.004319
iter 18: cpu_time_cuda = 0.025051
iter 18: gpu_time_cuda = 0.020732
iter 18: download_copy_time_cuda = 0.001175
iter 18: upload_copy_time_cuda = 0.001253
iter 18: per_iter_time_cuda = 0.048863

iter 19: slack_cuda = 0.004976
iter 19: cpu_time_cuda = 0.024756
iter 19: gpu_time_cuda = 0.019781
iter 19: download_copy_time_cuda = 0.001160
iter 19: upload_copy_time_cuda = 0.001235
iter 19: per_iter_time_cuda = 0.047524

iter 20: slack_cuda = 0.004577
iter 20: cpu_time_cuda = 0.024436
iter 20: gpu_time_cuda = 0.019859
iter 20: download_copy_time_cuda = 0.001141
iter 20: upload_copy_time_cuda = 0.001207
iter 20: per_iter_time_cuda = 0.047292

iter 21: slack_cuda = 0.004552
iter 21: cpu_time_cuda = 0.024032
iter 21: gpu_time_cuda = 0.019481
iter 21: download_copy_time_cuda = 0.001128
iter 21: upload_copy_time_cuda = 0.001204
iter 21: per_iter_time_cuda = 0.046440

iter 22: slack_cuda = 0.004761
iter 22: cpu_time_cuda = 0.023860
iter 22: gpu_time_cuda = 0.019099
iter 22: download_copy_time_cuda = 0.001117
iter 22: upload_copy_time_cuda = 0.001190
iter 22: per_iter_time_cuda = 0.045904

iter 23: slack_cuda = 0.005601
iter 23: cpu_time_cuda = 0.023668
iter 23: gpu_time_cuda = 0.018067
iter 23: download_copy_time_cuda = 0.001109
iter 23: upload_copy_time_cuda = 0.001180
iter 23: per_iter_time_cuda = 0.044612

iter 24: slack_cuda = 0.005384
iter 24: cpu_time_cuda = 0.023340
iter 24: gpu_time_cuda = 0.017956
iter 24: download_copy_time_cuda = 0.001088
iter 24: upload_copy_time_cuda = 0.001148
iter 24: per_iter_time_cuda = 0.044159

iter 25: slack_cuda = 0.005347
iter 25: cpu_time_cuda = 0.023011
iter 25: gpu_time_cuda = 0.017664
iter 25: download_copy_time_cuda = 0.001075
iter 25: upload_copy_time_cuda = 0.001149
iter 25: per_iter_time_cuda = 0.043472

iter 26: slack_cuda = 0.005347
iter 26: cpu_time_cuda = 0.022655
iter 26: gpu_time_cuda = 0.017308
iter 26: download_copy_time_cuda = 0.001059
iter 26: upload_copy_time_cuda = 0.001142
iter 26: per_iter_time_cuda = 0.042781

iter 27: slack_cuda = 0.006075
iter 27: cpu_time_cuda = 0.022463
iter 27: gpu_time_cuda = 0.016387
iter 27: download_copy_time_cuda = 0.001048
iter 27: upload_copy_time_cuda = 0.001122
iter 27: per_iter_time_cuda = 0.041590

iter 28: slack_cuda = 0.005860
iter 28: cpu_time_cuda = 0.022207
iter 28: gpu_time_cuda = 0.016346
iter 28: download_copy_time_cuda = 0.001037
iter 28: upload_copy_time_cuda = 0.001093
iter 28: per_iter_time_cuda = 0.041304

iter 29: slack_cuda = 0.005892
iter 29: cpu_time_cuda = 0.021798
iter 29: gpu_time_cuda = 0.015906
iter 29: download_copy_time_cuda = 0.001026
iter 29: upload_copy_time_cuda = 0.001092
iter 29: per_iter_time_cuda = 0.040375

iter 30: slack_cuda = 0.005988
iter 30: cpu_time_cuda = 0.021584
iter 30: gpu_time_cuda = 0.015596
iter 30: download_copy_time_cuda = 0.001009
iter 30: upload_copy_time_cuda = 0.001076
iter 30: per_iter_time_cuda = 0.039869

iter 31: slack_cuda = 0.006634
iter 31: cpu_time_cuda = 0.021306
iter 31: gpu_time_cuda = 0.014672
iter 31: download_copy_time_cuda = 0.000997
iter 31: upload_copy_time_cuda = 0.001066
iter 31: per_iter_time_cuda = 0.038585

iter 32: slack_cuda = 0.006420
iter 32: cpu_time_cuda = 0.020991
iter 32: gpu_time_cuda = 0.014571
iter 32: download_copy_time_cuda = 0.000986
iter 32: upload_copy_time_cuda = 0.001031
iter 32: per_iter_time_cuda = 0.038151

iter 33: slack_cuda = 0.006411
iter 33: cpu_time_cuda = 0.020689
iter 33: gpu_time_cuda = 0.014277
iter 33: download_copy_time_cuda = 0.000972
iter 33: upload_copy_time_cuda = 0.001036
iter 33: per_iter_time_cuda = 0.037512

iter 34: slack_cuda = 0.006602
iter 34: cpu_time_cuda = 0.020493
iter 34: gpu_time_cuda = 0.013890
iter 34: download_copy_time_cuda = 0.000956
iter 34: upload_copy_time_cuda = 0.001020
iter 34: per_iter_time_cuda = 0.036924

iter 35: slack_cuda = 0.006825
iter 35: cpu_time_cuda = 0.020059
iter 35: gpu_time_cuda = 0.013234
iter 35: download_copy_time_cuda = 0.000942
iter 35: upload_copy_time_cuda = 0.001003
iter 35: per_iter_time_cuda = 0.035758

iter 36: slack_cuda = 0.006678
iter 36: cpu_time_cuda = 0.019842
iter 36: gpu_time_cuda = 0.013164
iter 36: download_copy_time_cuda = 0.000924
iter 36: upload_copy_time_cuda = 0.000978
iter 36: per_iter_time_cuda = 0.035476

iter 37: slack_cuda = 0.006682
iter 37: cpu_time_cuda = 0.019550
iter 37: gpu_time_cuda = 0.012869
iter 37: download_copy_time_cuda = 0.000921
iter 37: upload_copy_time_cuda = 0.000975
iter 37: per_iter_time_cuda = 0.034846

iter 38: slack_cuda = 0.006759
iter 38: cpu_time_cuda = 0.019227
iter 38: gpu_time_cuda = 0.012468
iter 38: download_copy_time_cuda = 0.000903
iter 38: upload_copy_time_cuda = 0.000962
iter 38: per_iter_time_cuda = 0.034115

iter 39: slack_cuda = 0.007040
iter 39: cpu_time_cuda = 0.019068
iter 39: gpu_time_cuda = 0.012028
iter 39: download_copy_time_cuda = 0.000888
iter 39: upload_copy_time_cuda = 0.000947
iter 39: per_iter_time_cuda = 0.033447

iter 40: slack_cuda = 0.007034
iter 40: cpu_time_cuda = 0.018799
iter 40: gpu_time_cuda = 0.011766
iter 40: download_copy_time_cuda = 0.000867
iter 40: upload_copy_time_cuda = 0.000919
iter 40: per_iter_time_cuda = 0.032894

iter 41: slack_cuda = 0.006940
iter 41: cpu_time_cuda = 0.018318
iter 41: gpu_time_cuda = 0.011378
iter 41: download_copy_time_cuda = 0.000865
iter 41: upload_copy_time_cuda = 0.000925
iter 41: per_iter_time_cuda = 0.031979

iter 42: slack_cuda = 0.007122
iter 42: cpu_time_cuda = 0.018116
iter 42: gpu_time_cuda = 0.010994
iter 42: download_copy_time_cuda = 0.000852
iter 42: upload_copy_time_cuda = 0.000901
iter 42: per_iter_time_cuda = 0.031397

iter 43: slack_cuda = 0.007594
iter 43: cpu_time_cuda = 0.017912
iter 43: gpu_time_cuda = 0.010318
iter 43: download_copy_time_cuda = 0.000835
iter 43: upload_copy_time_cuda = 0.000889
iter 43: per_iter_time_cuda = 0.030451

iter 44: slack_cuda = 0.007092
iter 44: cpu_time_cuda = 0.017576
iter 44: gpu_time_cuda = 0.010485
iter 44: download_copy_time_cuda = 0.000818
iter 44: upload_copy_time_cuda = 0.000862
iter 44: per_iter_time_cuda = 0.030272

iter 45: slack_cuda = 0.007245
iter 45: cpu_time_cuda = 0.017254
iter 45: gpu_time_cuda = 0.010009
iter 45: download_copy_time_cuda = 0.000804
iter 45: upload_copy_time_cuda = 0.000858
iter 45: per_iter_time_cuda = 0.029418

iter 46: slack_cuda = 0.007271
iter 46: cpu_time_cuda = 0.017027
iter 46: gpu_time_cuda = 0.009756
iter 46: download_copy_time_cuda = 0.000797
iter 46: upload_copy_time_cuda = 0.000846
iter 46: per_iter_time_cuda = 0.028932

iter 47: slack_cuda = 0.007573
iter 47: cpu_time_cuda = 0.016747
iter 47: gpu_time_cuda = 0.009174
iter 47: download_copy_time_cuda = 0.000781
iter 47: upload_copy_time_cuda = 0.000828
iter 47: per_iter_time_cuda = 0.027997

iter 48: slack_cuda = 0.007331
iter 48: cpu_time_cuda = 0.016335
iter 48: gpu_time_cuda = 0.009004
iter 48: download_copy_time_cuda = 0.000766
iter 48: upload_copy_time_cuda = 0.000804
iter 48: per_iter_time_cuda = 0.027410

iter 49: slack_cuda = 0.007203
iter 49: cpu_time_cuda = 0.016012
iter 49: gpu_time_cuda = 0.008809
iter 49: download_copy_time_cuda = 0.000753
iter 49: upload_copy_time_cuda = 0.000800
iter 49: per_iter_time_cuda = 0.026842

iter 50: slack_cuda = 0.007370
iter 50: cpu_time_cuda = 0.015801
iter 50: gpu_time_cuda = 0.008431
iter 50: download_copy_time_cuda = 0.000738
iter 50: upload_copy_time_cuda = 0.000790
iter 50: per_iter_time_cuda = 0.026246

iter 51: slack_cuda = 0.007590
iter 51: cpu_time_cuda = 0.015513
iter 51: gpu_time_cuda = 0.007922
iter 51: download_copy_time_cuda = 0.000730
iter 51: upload_copy_time_cuda = 0.000771
iter 51: per_iter_time_cuda = 0.025386

iter 52: slack_cuda = 0.007324
iter 52: cpu_time_cuda = 0.015203
iter 52: gpu_time_cuda = 0.007878
iter 52: download_copy_time_cuda = 0.000712
iter 52: upload_copy_time_cuda = 0.000745
iter 52: per_iter_time_cuda = 0.025011

iter 53: slack_cuda = 0.007286
iter 53: cpu_time_cuda = 0.014882
iter 53: gpu_time_cuda = 0.007595
iter 53: download_copy_time_cuda = 0.000698
iter 53: upload_copy_time_cuda = 0.000740
iter 53: per_iter_time_cuda = 0.024360

iter 54: slack_cuda = 0.007377
iter 54: cpu_time_cuda = 0.014663
iter 54: gpu_time_cuda = 0.007286
iter 54: download_copy_time_cuda = 0.000686
iter 54: upload_copy_time_cuda = 0.000730
iter 54: per_iter_time_cuda = 0.023829

iter 55: slack_cuda = 0.007423
iter 55: cpu_time_cuda = 0.014362
iter 55: gpu_time_cuda = 0.006939
iter 55: download_copy_time_cuda = 0.000680
iter 55: upload_copy_time_cuda = 0.000714
iter 55: per_iter_time_cuda = 0.023126

iter 56: slack_cuda = 0.007397
iter 56: cpu_time_cuda = 0.014046
iter 56: gpu_time_cuda = 0.006650
iter 56: download_copy_time_cuda = 0.000659
iter 56: upload_copy_time_cuda = 0.000691
iter 56: per_iter_time_cuda = 0.022504

iter 57: slack_cuda = 0.007292
iter 57: cpu_time_cuda = 0.013784
iter 57: gpu_time_cuda = 0.006491
iter 57: download_copy_time_cuda = 0.000646
iter 57: upload_copy_time_cuda = 0.000687
iter 57: per_iter_time_cuda = 0.022033

iter 58: slack_cuda = 0.007084
iter 58: cpu_time_cuda = 0.013363
iter 58: gpu_time_cuda = 0.006280
iter 58: download_copy_time_cuda = 0.000631
iter 58: upload_copy_time_cuda = 0.000671
iter 58: per_iter_time_cuda = 0.021399

iter 59: slack_cuda = 0.007502
iter 59: cpu_time_cuda = 0.013245
iter 59: gpu_time_cuda = 0.005743
iter 59: download_copy_time_cuda = 0.000618
iter 59: upload_copy_time_cuda = 0.000657
iter 59: per_iter_time_cuda = 0.020684

iter 60: slack_cuda = 0.007227
iter 60: cpu_time_cuda = 0.012897
iter 60: gpu_time_cuda = 0.005671
iter 60: download_copy_time_cuda = 0.000611
iter 60: upload_copy_time_cuda = 0.000636
iter 60: per_iter_time_cuda = 0.020278

iter 61: slack_cuda = 0.007103
iter 61: cpu_time_cuda = 0.012566
iter 61: gpu_time_cuda = 0.005462
iter 61: download_copy_time_cuda = 0.000594
iter 61: upload_copy_time_cuda = 0.000626
iter 61: per_iter_time_cuda = 0.019658

iter 62: slack_cuda = 0.006834
iter 62: cpu_time_cuda = 0.012190
iter 62: gpu_time_cuda = 0.005356
iter 62: download_copy_time_cuda = 0.000575
iter 62: upload_copy_time_cuda = 0.000609
iter 62: per_iter_time_cuda = 0.019170

iter 63: slack_cuda = 0.007171
iter 63: cpu_time_cuda = 0.012063
iter 63: gpu_time_cuda = 0.004892
iter 63: download_copy_time_cuda = 0.000564
iter 63: upload_copy_time_cuda = 0.000599
iter 63: per_iter_time_cuda = 0.018521

iter 64: slack_cuda = 0.006801
iter 64: cpu_time_cuda = 0.011580
iter 64: gpu_time_cuda = 0.004779
iter 64: download_copy_time_cuda = 0.000556
iter 64: upload_copy_time_cuda = 0.000577
iter 64: per_iter_time_cuda = 0.017911

iter 65: slack_cuda = 0.006808
iter 65: cpu_time_cuda = 0.011364
iter 65: gpu_time_cuda = 0.004556
iter 65: download_copy_time_cuda = 0.000543
iter 65: upload_copy_time_cuda = 0.000570
iter 65: per_iter_time_cuda = 0.017426

iter 66: slack_cuda = 0.006712
iter 66: cpu_time_cuda = 0.011085
iter 66: gpu_time_cuda = 0.004373
iter 66: download_copy_time_cuda = 0.000524
iter 66: upload_copy_time_cuda = 0.000554
iter 66: per_iter_time_cuda = 0.016944

iter 67: slack_cuda = 0.006700
iter 67: cpu_time_cuda = 0.010735
iter 67: gpu_time_cuda = 0.004034
iter 67: download_copy_time_cuda = 0.000509
iter 67: upload_copy_time_cuda = 0.000543
iter 67: per_iter_time_cuda = 0.016208

iter 68: slack_cuda = 0.006477
iter 68: cpu_time_cuda = 0.010453
iter 68: gpu_time_cuda = 0.003976
iter 68: download_copy_time_cuda = 0.000495
iter 68: upload_copy_time_cuda = 0.000518
iter 68: per_iter_time_cuda = 0.015837

iter 69: slack_cuda = 0.006572
iter 69: cpu_time_cuda = 0.010323
iter 69: gpu_time_cuda = 0.003751
iter 69: download_copy_time_cuda = 0.000489
iter 69: upload_copy_time_cuda = 0.000515
iter 69: per_iter_time_cuda = 0.015448

iter 70: slack_cuda = 0.006328
iter 70: cpu_time_cuda = 0.009939
iter 70: gpu_time_cuda = 0.003611
iter 70: download_copy_time_cuda = 0.000475
iter 70: upload_copy_time_cuda = 0.000496
iter 70: per_iter_time_cuda = 0.014895

iter 71: slack_cuda = 0.006316
iter 71: cpu_time_cuda = 0.009573
iter 71: gpu_time_cuda = 0.003257
iter 71: download_copy_time_cuda = 0.000454
iter 71: upload_copy_time_cuda = 0.000485
iter 71: per_iter_time_cuda = 0.014122

iter 72: slack_cuda = 0.006226
iter 72: cpu_time_cuda = 0.009370
iter 72: gpu_time_cuda = 0.003144
iter 72: download_copy_time_cuda = 0.000440
iter 72: upload_copy_time_cuda = 0.000462
iter 72: per_iter_time_cuda = 0.013789

iter 73: slack_cuda = 0.006033
iter 73: cpu_time_cuda = 0.009059
iter 73: gpu_time_cuda = 0.003027
iter 73: download_copy_time_cuda = 0.000437
iter 73: upload_copy_time_cuda = 0.000458
iter 73: per_iter_time_cuda = 0.013337

iter 74: slack_cuda = 0.005858
iter 74: cpu_time_cuda = 0.008688
iter 74: gpu_time_cuda = 0.002830
iter 74: download_copy_time_cuda = 0.000418
iter 74: upload_copy_time_cuda = 0.000445
iter 74: per_iter_time_cuda = 0.012761

iter 75: slack_cuda = 0.005676
iter 75: cpu_time_cuda = 0.008364
iter 75: gpu_time_cuda = 0.002688
iter 75: download_copy_time_cuda = 0.000405
iter 75: upload_copy_time_cuda = 0.000443
iter 75: per_iter_time_cuda = 0.012251

iter 76: slack_cuda = 0.005586
iter 76: cpu_time_cuda = 0.008131
iter 76: gpu_time_cuda = 0.002545
iter 76: download_copy_time_cuda = 0.000388
iter 76: upload_copy_time_cuda = 0.000444
iter 76: per_iter_time_cuda = 0.011873

iter 77: slack_cuda = 0.005492
iter 77: cpu_time_cuda = 0.007868
iter 77: gpu_time_cuda = 0.002376
iter 77: download_copy_time_cuda = 0.000382
iter 77: upload_copy_time_cuda = 0.000434
iter 77: per_iter_time_cuda = 0.011396

iter 78: slack_cuda = 0.005297
iter 78: cpu_time_cuda = 0.007570
iter 78: gpu_time_cuda = 0.002273
iter 78: download_copy_time_cuda = 0.000367
iter 78: upload_copy_time_cuda = 0.000434
iter 78: per_iter_time_cuda = 0.010995

iter 79: slack_cuda = 0.005105
iter 79: cpu_time_cuda = 0.007189
iter 79: gpu_time_cuda = 0.002084
iter 79: download_copy_time_cuda = 0.000351
iter 79: upload_copy_time_cuda = 0.000443
iter 79: per_iter_time_cuda = 0.010393

iter 80: slack_cuda = 0.004960
iter 80: cpu_time_cuda = 0.006882
iter 80: gpu_time_cuda = 0.001922
iter 80: download_copy_time_cuda = 0.000334
iter 80: upload_copy_time_cuda = 0.000428
iter 80: per_iter_time_cuda = 0.009904

iter 81: slack_cuda = 0.004890
iter 81: cpu_time_cuda = 0.006638
iter 81: gpu_time_cuda = 0.001748
iter 81: download_copy_time_cuda = 0.000330
iter 81: upload_copy_time_cuda = 0.000428
iter 81: per_iter_time_cuda = 0.009468

iter 82: slack_cuda = 0.004697
iter 82: cpu_time_cuda = 0.006331
iter 82: gpu_time_cuda = 0.001634
iter 82: download_copy_time_cuda = 0.000312
iter 82: upload_copy_time_cuda = 0.000423
iter 82: per_iter_time_cuda = 0.009031

iter 83: slack_cuda = 0.004590
iter 83: cpu_time_cuda = 0.006141
iter 83: gpu_time_cuda = 0.001551
iter 83: download_copy_time_cuda = 0.000296
iter 83: upload_copy_time_cuda = 0.000420
iter 83: per_iter_time_cuda = 0.008725

iter 84: slack_cuda = 0.004310
iter 84: cpu_time_cuda = 0.005768
iter 84: gpu_time_cuda = 0.001458
iter 84: download_copy_time_cuda = 0.000282
iter 84: upload_copy_time_cuda = 0.000421
iter 84: per_iter_time_cuda = 0.008252

iter 85: slack_cuda = 0.004237
iter 85: cpu_time_cuda = 0.005560
iter 85: gpu_time_cuda = 0.001323
iter 85: download_copy_time_cuda = 0.000268
iter 85: upload_copy_time_cuda = 0.000420
iter 85: per_iter_time_cuda = 0.007857

iter 86: slack_cuda = 0.004091
iter 86: cpu_time_cuda = 0.005256
iter 86: gpu_time_cuda = 0.001164
iter 86: download_copy_time_cuda = 0.000262
iter 86: upload_copy_time_cuda = 0.000409
iter 86: per_iter_time_cuda = 0.007384

iter 87: slack_cuda = 0.003793
iter 87: cpu_time_cuda = 0.004868
iter 87: gpu_time_cuda = 0.001075
iter 87: download_copy_time_cuda = 0.000253
iter 87: upload_copy_time_cuda = 0.000418
iter 87: per_iter_time_cuda = 0.006894

iter 88: slack_cuda = 0.003578
iter 88: cpu_time_cuda = 0.004582
iter 88: gpu_time_cuda = 0.001004
iter 88: download_copy_time_cuda = 0.000227
iter 88: upload_copy_time_cuda = 0.000413
iter 88: per_iter_time_cuda = 0.006515

iter 89: slack_cuda = 0.003352
iter 89: cpu_time_cuda = 0.004233
iter 89: gpu_time_cuda = 0.000881
iter 89: download_copy_time_cuda = 0.000213
iter 89: upload_copy_time_cuda = 0.000408
iter 89: per_iter_time_cuda = 0.006017

iter 90: slack_cuda = 0.003167
iter 90: cpu_time_cuda = 0.003990
iter 90: gpu_time_cuda = 0.000823
iter 90: download_copy_time_cuda = 0.000207
iter 90: upload_copy_time_cuda = 0.000405
iter 90: per_iter_time_cuda = 0.005713

iter 91: slack_cuda = 0.002976
iter 91: cpu_time_cuda = 0.003634
iter 91: gpu_time_cuda = 0.000658
iter 91: download_copy_time_cuda = 0.000192
iter 91: upload_copy_time_cuda = 0.000405
iter 91: per_iter_time_cuda = 0.005160

iter 92: slack_cuda = 0.002710
iter 92: cpu_time_cuda = 0.003323
iter 92: gpu_time_cuda = 0.000614
iter 92: download_copy_time_cuda = 0.000172
iter 92: upload_copy_time_cuda = 0.000401
iter 92: per_iter_time_cuda = 0.004786

iter 93: slack_cuda = 0.002522
iter 93: cpu_time_cuda = 0.003060
iter 93: gpu_time_cuda = 0.000537
iter 93: download_copy_time_cuda = 0.000158
iter 93: upload_copy_time_cuda = 0.000398
iter 93: per_iter_time_cuda = 0.004424

iter 94: slack_cuda = 0.002324
iter 94: cpu_time_cuda = 0.002801
iter 94: gpu_time_cuda = 0.000477
iter 94: download_copy_time_cuda = 0.000148
iter 94: upload_copy_time_cuda = 0.000397
iter 94: per_iter_time_cuda = 0.004083

iter 95: slack_cuda = 0.002085
iter 95: cpu_time_cuda = 0.002501
iter 95: gpu_time_cuda = 0.000416
iter 95: download_copy_time_cuda = 0.000139
iter 95: upload_copy_time_cuda = 0.000400
iter 95: per_iter_time_cuda = 0.003707

iter 96: slack_cuda = 0.001822
iter 96: cpu_time_cuda = 0.002182
iter 96: gpu_time_cuda = 0.000360
iter 96: download_copy_time_cuda = 0.000132
iter 96: upload_copy_time_cuda = 0.000391
iter 96: per_iter_time_cuda = 0.003312

iter 97: slack_cuda = 0.001608
iter 97: cpu_time_cuda = 0.001906
iter 97: gpu_time_cuda = 0.000298
iter 97: download_copy_time_cuda = 0.000117
iter 97: upload_copy_time_cuda = 0.000383
iter 97: per_iter_time_cuda = 0.002944

iter 98: slack_cuda = 0.001387
iter 98: cpu_time_cuda = 0.001628
iter 98: gpu_time_cuda = 0.000241
iter 98: download_copy_time_cuda = 0.000114
iter 98: upload_copy_time_cuda = 0.000387
iter 98: per_iter_time_cuda = 0.002615

iter 99: slack_cuda = 0.001160
iter 99: cpu_time_cuda = 0.001372
iter 99: gpu_time_cuda = 0.000212
iter 99: download_copy_time_cuda = 0.000102
iter 99: upload_copy_time_cuda = 0.000387
iter 99: per_iter_time_cuda = 0.002313

iter 100: slack_cuda = 0.000921
iter 100: cpu_time_cuda = 0.001119
iter 100: gpu_time_cuda = 0.000198
iter 100: download_copy_time_cuda = 0.000101
iter 100: upload_copy_time_cuda = 0.000376
iter 100: per_iter_time_cuda = 0.002036

iter 101: slack_cuda = 0.000441
iter 101: cpu_time_cuda = 0.000617
iter 101: gpu_time_cuda = 0.000176
iter 101: download_copy_time_cuda = 0.000088
iter 101: upload_copy_time_cuda = 0.000380
iter 101: per_iter_time_cuda = 0.001491

total_slack_overflow = 0.000000
total_cpu_time_cuda = 1.554993
total_gpu_time_cuda = 1.050916
total_copy_time_cuda = 0.157627
main_loop_time_cuda = 2.819110
Normalized difference of predicted CPU runtime per iteration is: 0.000000%
Normalized difference of predicted GPU runtime per iteration is: 0.000000%
Normalized difference of predicted slack per iteration is: 0.000000%
10240 10240     ---   (  ---  )    229.19 (   3.12)     ---   
total_time = 6.954229
6.15user 1.15system 0:08.64elapsed 84%CPU (0avgtext+0avgdata 972916maxresident)k
3920inputs+0outputs (1major+225540minor)pagefaults 0swaps
send out message: 22 3 log
