send out message: 24 37 /home/lchen/MAGMA/magma-1.6.1/results
send out message: 20 26 MAGMA_LU_GPUDVFS.total.pwr
MAGMA 1.6.1  compiled for CUDA capability >= 3.0
CUDA runtime 5000, driver 6050. MAGMA not compiled with OpenMP. 
ndevices 1
device 0: Tesla K20c, 705.5 MHz clock, 4799.6 MB memory, capability 3.5
Usage: /home/lchen/MAGMA/magma-1.6.1/testing/testing_dgetrf [options] [-h|--help]

ngpu 1
    M     N   CPU GFlop/s (sec)   GPU GFlop/s (sec)   |PA-LU|/(N*|A|)
=========================================================================
init_time = 2.476243
iter 0: slack_cuda = 0.000000
iter 0: cpu_time_cuda = 0.000000
iter 0: gpu_time_cuda = 0.000000
iter 0: download_copy_time_cuda = 0.000000
iter 0: upload_copy_time_cuda = 0.001682
iter 0: per_iter_time_cuda = 0.002400

iter 1: cpu_time_pred = 0.000000
iter 1: gpu_time_pred = 0.000000
iter 1: slack_pred = 0.000000
iter 1: slack_cuda = -0.005068
iter 1: cpu_time_cuda = 0.023035
iter 1: gpu_time_cuda = 0.028103
iter 1: download_copy_time_cuda = 0.001625
iter 1: upload_copy_time_cuda = 0.001685
iter 1: per_iter_time_cuda = 0.056650

iter 2: cpu_time_pred = 0.022806
iter 2: gpu_time_pred = 0.027546
iter 2: slack_pred = -0.004740
iter 2: slack_cuda = -0.004553
iter 2: cpu_time_cuda = 0.022828
iter 2: gpu_time_cuda = 0.027381
iter 2: download_copy_time_cuda = 0.001587
iter 2: upload_copy_time_cuda = 0.001670
iter 2: per_iter_time_cuda = 0.055728

iter 3: cpu_time_pred = 0.022598
iter 3: gpu_time_pred = 0.026832
iter 3: slack_pred = -0.004234
iter 3: slack_cuda = -0.003785
iter 3: cpu_time_cuda = 0.022595
iter 3: gpu_time_cuda = 0.026381
iter 3: download_copy_time_cuda = 0.001610
iter 3: upload_copy_time_cuda = 0.001677
iter 3: per_iter_time_cuda = 0.054394

iter 4: cpu_time_pred = 0.022366
iter 4: gpu_time_pred = 0.025847
iter 4: slack_pred = -0.003481
iter 4: slack_cuda = -0.004026
iter 4: cpu_time_cuda = 0.022409
iter 4: gpu_time_cuda = 0.026435
iter 4: download_copy_time_cuda = 0.001573
iter 4: upload_copy_time_cuda = 0.001621
iter 4: per_iter_time_cuda = 0.054290

iter 5: cpu_time_pred = 0.022179
iter 5: gpu_time_pred = 0.025895
iter 5: slack_pred = -0.003716
iter 5: slack_cuda = -0.003799
iter 5: cpu_time_cuda = 0.022125
iter 5: gpu_time_cuda = 0.025924
iter 5: download_copy_time_cuda = 0.001550
iter 5: upload_copy_time_cuda = 0.001628
iter 5: per_iter_time_cuda = 0.053349

iter 6: cpu_time_pred = 0.021896
iter 6: gpu_time_pred = 0.025389
iter 6: slack_pred = -0.003493
iter 6: slack_cuda = -0.003499
iter 6: cpu_time_cuda = 0.021920
iter 6: gpu_time_cuda = 0.025419
iter 6: download_copy_time_cuda = 0.001542
iter 6: upload_copy_time_cuda = 0.001609
iter 6: per_iter_time_cuda = 0.052672

iter 7: cpu_time_pred = 0.021690
iter 7: gpu_time_pred = 0.024888
iter 7: slack_pred = -0.003198
iter 7: slack_cuda = -0.002379
iter 7: cpu_time_cuda = 0.022025
iter 7: gpu_time_cuda = 0.024404
iter 7: download_copy_time_cuda = 0.001517
iter 7: upload_copy_time_cuda = 0.001635
iter 7: per_iter_time_cuda = 0.051671

iter 8: cpu_time_pred = 0.021792
iter 8: gpu_time_pred = 0.023889
iter 8: slack_pred = -0.002098
iter 8: slack_cuda = -0.002941
iter 8: cpu_time_cuda = 0.021529
iter 8: gpu_time_cuda = 0.024469
iter 8: download_copy_time_cuda = 0.001557
iter 8: upload_copy_time_cuda = 0.001583
iter 8: per_iter_time_cuda = 0.051281

iter 9: cpu_time_pred = 0.021298
iter 9: gpu_time_pred = 0.023948
iter 9: slack_pred = -0.002650
iter 9: slack_cuda = -0.002247
iter 9: cpu_time_cuda = 0.021452
iter 9: gpu_time_cuda = 0.023700
iter 9: download_copy_time_cuda = 0.001515
iter 9: upload_copy_time_cuda = 0.001584
iter 9: per_iter_time_cuda = 0.050319

iter 10: cpu_time_pred = 0.021220
iter 10: gpu_time_pred = 0.023189
iter 10: slack_pred = -0.001969
iter 10: slack_cuda = -0.002237
iter 10: cpu_time_cuda = 0.020997
iter 10: gpu_time_cuda = 0.023234
iter 10: download_copy_time_cuda = 0.001476
iter 10: upload_copy_time_cuda = 0.001552
iter 10: per_iter_time_cuda = 0.049388

iter 11: cpu_time_pred = 0.020768
iter 11: gpu_time_pred = 0.022729
iter 11: slack_pred = -0.001961
iter 11: slack_cuda = -0.001524
iter 11: cpu_time_cuda = 0.020770
iter 11: gpu_time_cuda = 0.022294
iter 11: download_copy_time_cuda = 0.001465
iter 11: upload_copy_time_cuda = 0.001563
iter 11: per_iter_time_cuda = 0.048098

iter 12: cpu_time_pred = 0.020540
iter 12: gpu_time_pred = 0.021804
iter 12: slack_pred = -0.001264
iter 12: slack_cuda = -0.001980
iter 12: cpu_time_cuda = 0.020418
iter 12: gpu_time_cuda = 0.022399
iter 12: download_copy_time_cuda = 0.001479
iter 12: upload_copy_time_cuda = 0.001536
iter 12: per_iter_time_cuda = 0.047895

iter 13: cpu_time_pred = 0.020190
iter 13: gpu_time_pred = 0.021900
iter 13: slack_pred = -0.001710
iter 13: slack_cuda = -0.001571
iter 13: cpu_time_cuda = 0.020362
iter 13: gpu_time_cuda = 0.021933
iter 13: download_copy_time_cuda = 0.001446
iter 13: upload_copy_time_cuda = 0.001517
iter 13: per_iter_time_cuda = 0.047242

iter 14: cpu_time_pred = 0.020131
iter 14: gpu_time_pred = 0.021440
iter 14: slack_pred = -0.001308
iter 14: slack_cuda = -0.001277
iter 14: cpu_time_cuda = 0.020201
iter 14: gpu_time_cuda = 0.021478
iter 14: download_copy_time_cuda = 0.001509
iter 14: upload_copy_time_cuda = 0.001502
iter 14: per_iter_time_cuda = 0.046747

iter 15: cpu_time_pred = 0.019970
iter 15: gpu_time_pred = 0.020989
iter 15: slack_pred = -0.001019
iter 15: slack_cuda = -0.000445
iter 15: cpu_time_cuda = 0.019929
iter 15: gpu_time_cuda = 0.020374
iter 15: download_copy_time_cuda = 0.001412
iter 15: upload_copy_time_cuda = 0.001504
iter 15: per_iter_time_cuda = 0.045140

iter 16: cpu_time_pred = 0.019698
iter 16: gpu_time_pred = 0.019905
iter 16: slack_pred = -0.000207
iter 16: slack_cuda = -0.000651
iter 16: cpu_time_cuda = 0.019756
iter 16: gpu_time_cuda = 0.020407
iter 16: download_copy_time_cuda = 0.001411
iter 16: upload_copy_time_cuda = 0.001475
iter 16: per_iter_time_cuda = 0.045059

iter 17: cpu_time_pred = 0.019525
iter 17: gpu_time_pred = 0.019932
iter 17: slack_pred = -0.000408
iter 17: slack_cuda = -0.000551
iter 17: cpu_time_cuda = 0.019445
iter 17: gpu_time_cuda = 0.019996
iter 17: download_copy_time_cuda = 0.001396
iter 17: upload_copy_time_cuda = 0.001467
iter 17: per_iter_time_cuda = 0.044204

iter 18: cpu_time_pred = 0.019214
iter 18: gpu_time_pred = 0.019525
iter 18: slack_pred = -0.000310
iter 18: slack_cuda = -0.000309
iter 18: cpu_time_cuda = 0.019187
iter 18: gpu_time_cuda = 0.019496
iter 18: download_copy_time_cuda = 0.001373
iter 18: upload_copy_time_cuda = 0.001248
iter 18: per_iter_time_cuda = 0.043260

iter 19: cpu_time_pred = 0.018957
iter 19: gpu_time_pred = 0.019031
iter 19: slack_pred = -0.000075
iter 19: slack_cuda = 0.000448
iter 19: cpu_time_cuda = 0.019076
iter 19: gpu_time_cuda = 0.018628
iter 19: download_copy_time_cuda = 0.001166
iter 19: upload_copy_time_cuda = 0.001246
iter 19: per_iter_time_cuda = 0.041947

iter 20: cpu_time_pred = 0.018845
iter 20: gpu_time_pred = 0.018179
iter 20: slack_pred = 0.000666
iter 20: slack_cuda = 0.000226
iter 20: cpu_time_cuda = 0.018917
iter 20: gpu_time_cuda = 0.018691
iter 20: download_copy_time_cuda = 0.001152
iter 20: upload_copy_time_cuda = 0.001218
iter 20: per_iter_time_cuda = 0.041909

iter 21: cpu_time_pred = 0.018685
iter 21: gpu_time_pred = 0.018235
iter 21: slack_pred = 0.000450
iter 21: slack_cuda = 0.000409
iter 21: cpu_time_cuda = 0.018635
iter 21: gpu_time_cuda = 0.018226
iter 21: download_copy_time_cuda = 0.001154
iter 21: upload_copy_time_cuda = 0.001197
iter 21: per_iter_time_cuda = 0.041050

iter 22: cpu_time_pred = 0.018403
iter 22: gpu_time_pred = 0.017775
iter 22: slack_pred = 0.000628
iter 22: slack_cuda = 0.000599
iter 22: cpu_time_cuda = 0.018392
iter 22: gpu_time_cuda = 0.017794
iter 22: download_copy_time_cuda = 0.001134
iter 22: upload_copy_time_cuda = 0.001183
iter 22: per_iter_time_cuda = 0.040398

iter 23: cpu_time_pred = 0.018161
iter 23: gpu_time_pred = 0.017348
iter 23: slack_pred = 0.000812
iter 23: slack_cuda = 0.001418
iter 23: cpu_time_cuda = 0.018246
iter 23: gpu_time_cuda = 0.016827
iter 23: download_copy_time_cuda = 0.001118
iter 23: upload_copy_time_cuda = 0.001169
iter 23: per_iter_time_cuda = 0.039138

iter 24: cpu_time_pred = 0.018013
iter 24: gpu_time_pred = 0.016401
iter 24: slack_pred = 0.001612
iter 24: slack_cuda = 0.001155
iter 24: cpu_time_cuda = 0.017950
iter 24: gpu_time_cuda = 0.016795
iter 24: download_copy_time_cuda = 0.001093
iter 24: upload_copy_time_cuda = 0.001158
iter 24: per_iter_time_cuda = 0.038855

iter 25: cpu_time_pred = 0.017718
iter 25: gpu_time_pred = 0.016364
iter 25: slack_pred = 0.001354
iter 25: slack_cuda = 0.001706
iter 25: cpu_time_cuda = 0.018085
iter 25: gpu_time_cuda = 0.016379
iter 25: download_copy_time_cuda = 0.001090
iter 25: upload_copy_time_cuda = 0.001155
iter 25: per_iter_time_cuda = 0.038494

iter 26: cpu_time_pred = 0.017848
iter 26: gpu_time_pred = 0.015953
iter 26: slack_pred = 0.001895
iter 26: slack_cuda = 0.001585
iter 26: cpu_time_cuda = 0.017559
iter 26: gpu_time_cuda = 0.015974
iter 26: download_copy_time_cuda = 0.001119
iter 26: upload_copy_time_cuda = 0.001127
iter 26: per_iter_time_cuda = 0.037598

iter 27: cpu_time_pred = 0.017327
iter 27: gpu_time_pred = 0.015553
iter 27: slack_pred = 0.001773
iter 27: slack_cuda = 0.002094
iter 27: cpu_time_cuda = 0.017316
iter 27: gpu_time_cuda = 0.015222
iter 27: download_copy_time_cuda = 0.001076
iter 27: upload_copy_time_cuda = 0.001113
iter 27: per_iter_time_cuda = 0.036434

iter 28: cpu_time_pred = 0.017083
iter 28: gpu_time_pred = 0.014816
iter 28: slack_pred = 0.002268
iter 28: slack_cuda = 0.001994
iter 28: cpu_time_cuda = 0.017160
iter 28: gpu_time_cuda = 0.015166
iter 28: download_copy_time_cuda = 0.001046
iter 28: upload_copy_time_cuda = 0.001079
iter 28: per_iter_time_cuda = 0.036242

iter 29: cpu_time_pred = 0.016926
iter 29: gpu_time_pred = 0.014756
iter 29: slack_pred = 0.002170
iter 29: slack_cuda = 0.002110
iter 29: cpu_time_cuda = 0.016911
iter 29: gpu_time_cuda = 0.014801
iter 29: download_copy_time_cuda = 0.001028
iter 29: upload_copy_time_cuda = 0.001082
iter 29: per_iter_time_cuda = 0.035493

iter 30: cpu_time_pred = 0.016677
iter 30: gpu_time_pred = 0.014395
iter 30: slack_pred = 0.002283
iter 30: slack_cuda = 0.002280
iter 30: cpu_time_cuda = 0.016781
iter 30: gpu_time_cuda = 0.014501
iter 30: download_copy_time_cuda = 0.001019
iter 30: upload_copy_time_cuda = 0.001066
iter 30: per_iter_time_cuda = 0.035121

iter 31: cpu_time_pred = 0.016546
iter 31: gpu_time_pred = 0.014098
iter 31: slack_pred = 0.002448
iter 31: slack_cuda = 0.003143
iter 31: cpu_time_cuda = 0.016839
iter 31: gpu_time_cuda = 0.013696
iter 31: download_copy_time_cuda = 0.001007
iter 31: upload_copy_time_cuda = 0.001057
iter 31: per_iter_time_cuda = 0.034233

iter 32: cpu_time_pred = 0.016600
iter 32: gpu_time_pred = 0.013310
iter 32: slack_pred = 0.003290
iter 32: slack_cuda = 0.002701
iter 32: cpu_time_cuda = 0.016214
iter 32: gpu_time_cuda = 0.013513
iter 32: download_copy_time_cuda = 0.000996
iter 32: upload_copy_time_cuda = 0.001025
iter 32: per_iter_time_cuda = 0.033433

iter 33: cpu_time_pred = 0.015980
iter 33: gpu_time_pred = 0.013126
iter 33: slack_pred = 0.002854
iter 33: slack_cuda = 0.002792
iter 33: cpu_time_cuda = 0.016009
iter 33: gpu_time_cuda = 0.013218
iter 33: download_copy_time_cuda = 0.000993
iter 33: upload_copy_time_cuda = 0.001026
iter 33: per_iter_time_cuda = 0.032881

iter 34: cpu_time_pred = 0.015775
iter 34: gpu_time_pred = 0.012834
iter 34: slack_pred = 0.002941
iter 34: slack_cuda = 0.002928
iter 34: cpu_time_cuda = 0.015740
iter 34: gpu_time_cuda = 0.012812
iter 34: download_copy_time_cuda = 0.000968
iter 34: upload_copy_time_cuda = 0.001013
iter 34: per_iter_time_cuda = 0.032177

iter 35: cpu_time_pred = 0.015506
iter 35: gpu_time_pred = 0.012434
iter 35: slack_pred = 0.003072
iter 35: slack_cuda = 0.003260
iter 35: cpu_time_cuda = 0.015556
iter 35: gpu_time_cuda = 0.012296
iter 35: download_copy_time_cuda = 0.000964
iter 35: upload_copy_time_cuda = 0.001005
iter 35: per_iter_time_cuda = 0.031402

iter 36: cpu_time_pred = 0.015321
iter 36: gpu_time_pred = 0.011928
iter 36: slack_pred = 0.003393
iter 36: slack_cuda = 0.003303
iter 36: cpu_time_cuda = 0.015584
iter 36: gpu_time_cuda = 0.012281
iter 36: download_copy_time_cuda = 0.000943
iter 36: upload_copy_time_cuda = 0.000970
iter 36: per_iter_time_cuda = 0.031394

iter 37: cpu_time_pred = 0.015346
iter 37: gpu_time_pred = 0.011908
iter 37: slack_pred = 0.003437
iter 37: slack_cuda = 0.003299
iter 37: cpu_time_cuda = 0.015127
iter 37: gpu_time_cuda = 0.011827
iter 37: download_copy_time_cuda = 0.000942
iter 37: upload_copy_time_cuda = 0.000966
iter 37: per_iter_time_cuda = 0.030398

iter 38: cpu_time_pred = 0.014892
iter 38: gpu_time_pred = 0.011463
iter 38: slack_pred = 0.003429
iter 38: slack_cuda = 0.003424
iter 38: cpu_time_cuda = 0.014885
iter 38: gpu_time_cuda = 0.011461
iter 38: download_copy_time_cuda = 0.000918
iter 38: upload_copy_time_cuda = 0.000951
iter 38: per_iter_time_cuda = 0.029800

iter 39: cpu_time_pred = 0.014650
iter 39: gpu_time_pred = 0.011102
iter 39: slack_pred = 0.003548
iter 39: slack_cuda = 0.003723
iter 39: cpu_time_cuda = 0.014658
iter 39: gpu_time_cuda = 0.010935
iter 39: download_copy_time_cuda = 0.000901
iter 39: upload_copy_time_cuda = 0.000938
iter 39: per_iter_time_cuda = 0.028913

iter 40: cpu_time_pred = 0.014423
iter 40: gpu_time_pred = 0.010587
iter 40: slack_pred = 0.003836
iter 40: slack_cuda = 0.003628
iter 40: cpu_time_cuda = 0.014486
iter 40: gpu_time_cuda = 0.010859
iter 40: download_copy_time_cuda = 0.000892
iter 40: upload_copy_time_cuda = 0.000911
iter 40: per_iter_time_cuda = 0.028700

iter 41: cpu_time_pred = 0.014250
iter 41: gpu_time_pred = 0.010508
iter 41: slack_pred = 0.003742
iter 41: slack_cuda = 0.003701
iter 41: cpu_time_cuda = 0.014080
iter 41: gpu_time_cuda = 0.010379
iter 41: download_copy_time_cuda = 0.000871
iter 41: upload_copy_time_cuda = 0.000922
iter 41: per_iter_time_cuda = 0.027700

iter 42: cpu_time_pred = 0.013847
iter 42: gpu_time_pred = 0.010038
iter 42: slack_pred = 0.003809
iter 42: slack_cuda = 0.004016
iter 42: cpu_time_cuda = 0.014038
iter 42: gpu_time_cuda = 0.010021
iter 42: download_copy_time_cuda = 0.000859
iter 42: upload_copy_time_cuda = 0.000894
iter 42: per_iter_time_cuda = 0.027331

iter 43: cpu_time_pred = 0.013801
iter 43: gpu_time_pred = 0.009687
iter 43: slack_pred = 0.004115
iter 43: slack_cuda = 0.004400
iter 43: cpu_time_cuda = 0.013935
iter 43: gpu_time_cuda = 0.009535
iter 43: download_copy_time_cuda = 0.000851
iter 43: upload_copy_time_cuda = 0.000883
iter 43: per_iter_time_cuda = 0.026622

iter 44: cpu_time_pred = 0.013696
iter 44: gpu_time_pred = 0.009211
iter 44: slack_pred = 0.004485
iter 44: slack_cuda = 0.004033
iter 44: cpu_time_cuda = 0.013542
iter 44: gpu_time_cuda = 0.009510
iter 44: download_copy_time_cuda = 0.000830
iter 44: upload_copy_time_cuda = 0.000856
iter 44: per_iter_time_cuda = 0.026195

iter 45: cpu_time_pred = 0.013306
iter 45: gpu_time_pred = 0.009181
iter 45: slack_pred = 0.004125
iter 45: slack_cuda = 0.004064
iter 45: cpu_time_cuda = 0.013290
iter 45: gpu_time_cuda = 0.009226
iter 45: download_copy_time_cuda = 0.000832
iter 45: upload_copy_time_cuda = 0.000850
iter 45: per_iter_time_cuda = 0.025571

iter 46: cpu_time_pred = 0.013054
iter 46: gpu_time_pred = 0.008902
iter 46: slack_pred = 0.004152
iter 46: slack_cuda = 0.004213
iter 46: cpu_time_cuda = 0.013086
iter 46: gpu_time_cuda = 0.008873
iter 46: download_copy_time_cuda = 0.000813
iter 46: upload_copy_time_cuda = 0.000840
iter 46: per_iter_time_cuda = 0.025039

iter 47: cpu_time_pred = 0.012850
iter 47: gpu_time_pred = 0.008556
iter 47: slack_pred = 0.004294
iter 47: slack_cuda = 0.004637
iter 47: cpu_time_cuda = 0.012885
iter 47: gpu_time_cuda = 0.008248
iter 47: download_copy_time_cuda = 0.000796
iter 47: upload_copy_time_cuda = 0.000823
iter 47: per_iter_time_cuda = 0.024082

iter 48: cpu_time_pred = 0.012648
iter 48: gpu_time_pred = 0.007947
iter 48: slack_pred = 0.004701
iter 48: slack_cuda = 0.004391
iter 48: cpu_time_cuda = 0.012597
iter 48: gpu_time_cuda = 0.008207
iter 48: download_copy_time_cuda = 0.000785
iter 48: upload_copy_time_cuda = 0.000799
iter 48: per_iter_time_cuda = 0.023777

iter 49: cpu_time_pred = 0.012361
iter 49: gpu_time_pred = 0.007902
iter 49: slack_pred = 0.004459
iter 49: slack_cuda = 0.004462
iter 49: cpu_time_cuda = 0.012434
iter 49: gpu_time_cuda = 0.007971
iter 49: download_copy_time_cuda = 0.000786
iter 49: upload_copy_time_cuda = 0.000795
iter 49: per_iter_time_cuda = 0.023323

iter 50: cpu_time_pred = 0.012197
iter 50: gpu_time_pred = 0.007670
iter 50: slack_pred = 0.004527
iter 50: slack_cuda = 0.004597
iter 50: cpu_time_cuda = 0.012132
iter 50: gpu_time_cuda = 0.007535
iter 50: download_copy_time_cuda = 0.000761
iter 50: upload_copy_time_cuda = 0.000781
iter 50: per_iter_time_cuda = 0.022550

iter 51: cpu_time_pred = 0.011896
iter 51: gpu_time_pred = 0.007245
iter 51: slack_pred = 0.004651
iter 51: slack_cuda = 0.004776
iter 51: cpu_time_cuda = 0.011971
iter 51: gpu_time_cuda = 0.007195
iter 51: download_copy_time_cuda = 0.000747
iter 51: upload_copy_time_cuda = 0.000765
iter 51: per_iter_time_cuda = 0.021937

iter 52: cpu_time_pred = 0.011734
iter 52: gpu_time_pred = 0.006912
iter 52: slack_pred = 0.004821
iter 52: slack_cuda = 0.004751
iter 52: cpu_time_cuda = 0.011824
iter 52: gpu_time_cuda = 0.007073
iter 52: download_copy_time_cuda = 0.000729
iter 52: upload_copy_time_cuda = 0.000742
iter 52: per_iter_time_cuda = 0.021638

iter 53: cpu_time_pred = 0.011584
iter 53: gpu_time_pred = 0.006789
iter 53: slack_pred = 0.004795
iter 53: slack_cuda = 0.004802
iter 53: cpu_time_cuda = 0.011606
iter 53: gpu_time_cuda = 0.006804
iter 53: download_copy_time_cuda = 0.000728
iter 53: upload_copy_time_cuda = 0.000735
iter 53: per_iter_time_cuda = 0.021098

iter 54: cpu_time_pred = 0.011366
iter 54: gpu_time_pred = 0.006526
iter 54: slack_pred = 0.004840
iter 54: slack_cuda = 0.004691
iter 54: cpu_time_cuda = 0.011318
iter 54: gpu_time_cuda = 0.006628
iter 54: download_copy_time_cuda = 0.000719
iter 54: upload_copy_time_cuda = 0.000721
iter 54: per_iter_time_cuda = 0.020643

iter 55: cpu_time_pred = 0.011079
iter 55: gpu_time_pred = 0.006351
iter 55: slack_pred = 0.004728
iter 55: slack_cuda = 0.004796
iter 55: cpu_time_cuda = 0.010973
iter 55: gpu_time_cuda = 0.006177
iter 55: download_copy_time_cuda = 0.000695
iter 55: upload_copy_time_cuda = 0.000709
iter 55: per_iter_time_cuda = 0.019734

iter 56: cpu_time_pred = 0.010737
iter 56: gpu_time_pred = 0.005913
iter 56: slack_pred = 0.004823
iter 56: slack_cuda = 0.004841
iter 56: cpu_time_cuda = 0.010819
iter 56: gpu_time_cuda = 0.005979
iter 56: download_copy_time_cuda = 0.000673
iter 56: upload_copy_time_cuda = 0.000683
iter 56: per_iter_time_cuda = 0.019376

iter 57: cpu_time_pred = 0.010581
iter 57: gpu_time_pred = 0.005718
iter 57: slack_pred = 0.004863
iter 57: slack_cuda = 0.004821
iter 57: cpu_time_cuda = 0.010608
iter 57: gpu_time_cuda = 0.005788
iter 57: download_copy_time_cuda = 0.000665
iter 57: upload_copy_time_cuda = 0.000679
iter 57: per_iter_time_cuda = 0.018902

iter 58: cpu_time_pred = 0.010369
iter 58: gpu_time_pred = 0.005530
iter 58: slack_pred = 0.004840
iter 58: slack_cuda = 0.004876
iter 58: cpu_time_cuda = 0.010408
iter 58: gpu_time_cuda = 0.005531
iter 58: download_copy_time_cuda = 0.000650
iter 58: upload_copy_time_cuda = 0.000662
iter 58: per_iter_time_cuda = 0.018460

iter 59: cpu_time_pred = 0.010168
iter 59: gpu_time_pred = 0.005279
iter 59: slack_pred = 0.004889
iter 59: slack_cuda = 0.005006
iter 59: cpu_time_cuda = 0.010174
iter 59: gpu_time_cuda = 0.005168
iter 59: download_copy_time_cuda = 0.000640
iter 59: upload_copy_time_cuda = 0.000652
iter 59: per_iter_time_cuda = 0.017742

iter 60: cpu_time_pred = 0.009935
iter 60: gpu_time_pred = 0.004927
iter 60: slack_pred = 0.005007
iter 60: slack_cuda = 0.004890
iter 60: cpu_time_cuda = 0.009964
iter 60: gpu_time_cuda = 0.005074
iter 60: download_copy_time_cuda = 0.000626
iter 60: upload_copy_time_cuda = 0.000627
iter 60: per_iter_time_cuda = 0.017450

iter 61: cpu_time_pred = 0.009723
iter 61: gpu_time_pred = 0.004832
iter 61: slack_pred = 0.004892
iter 61: slack_cuda = 0.004806
iter 61: cpu_time_cuda = 0.009643
iter 61: gpu_time_cuda = 0.004837
iter 61: download_copy_time_cuda = 0.000632
iter 61: upload_copy_time_cuda = 0.000620
iter 61: per_iter_time_cuda = 0.016822

iter 62: cpu_time_pred = 0.009404
iter 62: gpu_time_pred = 0.004601
iter 62: slack_pred = 0.004804
iter 62: slack_cuda = 0.004766
iter 62: cpu_time_cuda = 0.009432
iter 62: gpu_time_cuda = 0.004666
iter 62: download_copy_time_cuda = 0.000609
iter 62: upload_copy_time_cuda = 0.000607
iter 62: per_iter_time_cuda = 0.016422

iter 63: cpu_time_pred = 0.009193
iter 63: gpu_time_pred = 0.004432
iter 63: slack_pred = 0.004760
iter 63: slack_cuda = 0.004928
iter 63: cpu_time_cuda = 0.009197
iter 63: gpu_time_cuda = 0.004269
iter 63: download_copy_time_cuda = 0.000593
iter 63: upload_copy_time_cuda = 0.000593
iter 63: per_iter_time_cuda = 0.015685

iter 64: cpu_time_pred = 0.008958
iter 64: gpu_time_pred = 0.004049
iter 64: slack_pred = 0.004908
iter 64: slack_cuda = 0.004929
iter 64: cpu_time_cuda = 0.009042
iter 64: gpu_time_cuda = 0.004112
iter 64: download_copy_time_cuda = 0.000570
iter 64: upload_copy_time_cuda = 0.000573
iter 64: per_iter_time_cuda = 0.015378

iter 65: cpu_time_pred = 0.008800
iter 65: gpu_time_pred = 0.003895
iter 65: slack_pred = 0.004905
iter 65: slack_cuda = 0.004829
iter 65: cpu_time_cuda = 0.008826
iter 65: gpu_time_cuda = 0.003997
iter 65: download_copy_time_cuda = 0.000562
iter 65: upload_copy_time_cuda = 0.000563
iter 65: per_iter_time_cuda = 0.014950

iter 66: cpu_time_pred = 0.008583
iter 66: gpu_time_pred = 0.003781
iter 66: slack_pred = 0.004803
iter 66: slack_cuda = 0.004860
iter 66: cpu_time_cuda = 0.008605
iter 66: gpu_time_cuda = 0.003746
iter 66: download_copy_time_cuda = 0.000545
iter 66: upload_copy_time_cuda = 0.000548
iter 66: per_iter_time_cuda = 0.014467

iter 67: cpu_time_pred = 0.008362
iter 67: gpu_time_pred = 0.003537
iter 67: slack_pred = 0.004825
iter 67: slack_cuda = 0.004711
iter 67: cpu_time_cuda = 0.008302
iter 67: gpu_time_cuda = 0.003591
iter 67: download_copy_time_cuda = 0.000531
iter 67: upload_copy_time_cuda = 0.000535
iter 67: per_iter_time_cuda = 0.013932

iter 68: cpu_time_pred = 0.008061
iter 68: gpu_time_pred = 0.003386
iter 68: slack_pred = 0.004675
iter 68: slack_cuda = 0.004581
iter 68: cpu_time_cuda = 0.007940
iter 68: gpu_time_cuda = 0.003359
iter 68: download_copy_time_cuda = 0.000515
iter 68: upload_copy_time_cuda = 0.000515
iter 68: per_iter_time_cuda = 0.013310

iter 69: cpu_time_pred = 0.007702
iter 69: gpu_time_pred = 0.003161
iter 69: slack_pred = 0.004541
iter 69: slack_cuda = 0.004750
iter 69: cpu_time_cuda = 0.007927
iter 69: gpu_time_cuda = 0.003177
iter 69: download_copy_time_cuda = 0.000504
iter 69: upload_copy_time_cuda = 0.000507
iter 69: per_iter_time_cuda = 0.013034

iter 70: cpu_time_pred = 0.007682
iter 70: gpu_time_pred = 0.002984
iter 70: slack_pred = 0.004698
iter 70: slack_cuda = 0.004633
iter 70: cpu_time_cuda = 0.007664
iter 70: gpu_time_cuda = 0.003031
iter 70: download_copy_time_cuda = 0.000492
iter 70: upload_copy_time_cuda = 0.000495
iter 70: per_iter_time_cuda = 0.012627

iter 71: cpu_time_pred = 0.007420
iter 71: gpu_time_pred = 0.002841
iter 71: slack_pred = 0.004579
iter 71: slack_cuda = 0.004679
iter 71: cpu_time_cuda = 0.007522
iter 71: gpu_time_cuda = 0.002843
iter 71: download_copy_time_cuda = 0.000479
iter 71: upload_copy_time_cuda = 0.000479
iter 71: per_iter_time_cuda = 0.012218

iter 72: cpu_time_pred = 0.007275
iter 72: gpu_time_pred = 0.002659
iter 72: slack_pred = 0.004616
iter 72: slack_cuda = 0.004543
iter 72: cpu_time_cuda = 0.007246
iter 72: gpu_time_cuda = 0.002703
iter 72: download_copy_time_cuda = 0.000462
iter 72: upload_copy_time_cuda = 0.000464
iter 72: per_iter_time_cuda = 0.011781

iter 73: cpu_time_pred = 0.007000
iter 73: gpu_time_pred = 0.002522
iter 73: slack_pred = 0.004478
iter 73: slack_cuda = 0.004510
iter 73: cpu_time_cuda = 0.006993
iter 73: gpu_time_cuda = 0.002482
iter 73: download_copy_time_cuda = 0.000450
iter 73: upload_copy_time_cuda = 0.000452
iter 73: per_iter_time_cuda = 0.011250

iter 74: cpu_time_pred = 0.006746
iter 74: gpu_time_pred = 0.002311
iter 74: slack_pred = 0.004436
iter 74: slack_cuda = 0.004420
iter 74: cpu_time_cuda = 0.006776
iter 74: gpu_time_cuda = 0.002356
iter 74: download_copy_time_cuda = 0.000442
iter 74: upload_copy_time_cuda = 0.000447
iter 74: per_iter_time_cuda = 0.010895

iter 75: cpu_time_pred = 0.006529
iter 75: gpu_time_pred = 0.002187
iter 75: slack_pred = 0.004342
iter 75: slack_cuda = 0.004295
iter 75: cpu_time_cuda = 0.006484
iter 75: gpu_time_cuda = 0.002190
iter 75: download_copy_time_cuda = 0.000419
iter 75: upload_copy_time_cuda = 0.000444
iter 75: per_iter_time_cuda = 0.010367

iter 76: cpu_time_pred = 0.006239
iter 76: gpu_time_pred = 0.002027
iter 76: slack_pred = 0.004212
iter 76: slack_cuda = 0.004165
iter 76: cpu_time_cuda = 0.006238
iter 76: gpu_time_cuda = 0.002073
iter 76: download_copy_time_cuda = 0.000403
iter 76: upload_copy_time_cuda = 0.000436
iter 76: per_iter_time_cuda = 0.010002

iter 77: cpu_time_pred = 0.005992
iter 77: gpu_time_pred = 0.001913
iter 77: slack_pred = 0.004079
iter 77: slack_cuda = 0.004112
iter 77: cpu_time_cuda = 0.006094
iter 77: gpu_time_cuda = 0.001982
iter 77: download_copy_time_cuda = 0.000388
iter 77: upload_copy_time_cuda = 0.000433
iter 77: per_iter_time_cuda = 0.009687

iter 78: cpu_time_pred = 0.005844
iter 78: gpu_time_pred = 0.001823
iter 78: slack_pred = 0.004021
iter 78: slack_cuda = 0.004000
iter 78: cpu_time_cuda = 0.005786
iter 78: gpu_time_cuda = 0.001786
iter 78: download_copy_time_cuda = 0.000376
iter 78: upload_copy_time_cuda = 0.000429
iter 78: per_iter_time_cuda = 0.009188

iter 79: cpu_time_pred = 0.005539
iter 79: gpu_time_pred = 0.001636
iter 79: slack_pred = 0.003902
iter 79: slack_cuda = 0.003960
iter 79: cpu_time_cuda = 0.005597
iter 79: gpu_time_cuda = 0.001638
iter 79: download_copy_time_cuda = 0.000363
iter 79: upload_copy_time_cuda = 0.000428
iter 79: per_iter_time_cuda = 0.008777

iter 80: cpu_time_pred = 0.005348
iter 80: gpu_time_pred = 0.001495
iter 80: slack_pred = 0.003853
iter 80: slack_cuda = 0.003851
iter 80: cpu_time_cuda = 0.005377
iter 80: gpu_time_cuda = 0.001526
iter 80: download_copy_time_cuda = 0.000348
iter 80: upload_copy_time_cuda = 0.000424
iter 80: per_iter_time_cuda = 0.008424

iter 81: cpu_time_pred = 0.005125
iter 81: gpu_time_pred = 0.001387
iter 81: slack_pred = 0.003739
iter 81: slack_cuda = 0.003788
iter 81: cpu_time_cuda = 0.005206
iter 81: gpu_time_cuda = 0.001418
iter 81: download_copy_time_cuda = 0.000337
iter 81: upload_copy_time_cuda = 0.000430
iter 81: per_iter_time_cuda = 0.008106

iter 82: cpu_time_pred = 0.004950
iter 82: gpu_time_pred = 0.001282
iter 82: slack_pred = 0.003668
iter 82: slack_cuda = 0.003735
iter 82: cpu_time_cuda = 0.005028
iter 82: gpu_time_cuda = 0.001293
iter 82: download_copy_time_cuda = 0.000328
iter 82: upload_copy_time_cuda = 0.000415
iter 82: per_iter_time_cuda = 0.007772

iter 83: cpu_time_pred = 0.004769
iter 83: gpu_time_pred = 0.001163
iter 83: slack_pred = 0.003606
iter 83: slack_cuda = 0.003495
iter 83: cpu_time_cuda = 0.004689
iter 83: gpu_time_cuda = 0.001193
iter 83: download_copy_time_cuda = 0.000306
iter 83: upload_copy_time_cuda = 0.000424
iter 83: per_iter_time_cuda = 0.007284

iter 84: cpu_time_pred = 0.004434
iter 84: gpu_time_pred = 0.001067
iter 84: slack_pred = 0.003367
iter 84: slack_cuda = 0.003396
iter 84: cpu_time_cuda = 0.004475
iter 84: gpu_time_cuda = 0.001079
iter 84: download_copy_time_cuda = 0.000287
iter 84: upload_copy_time_cuda = 0.000426
iter 84: per_iter_time_cuda = 0.006955

iter 85: cpu_time_pred = 0.004218
iter 85: gpu_time_pred = 0.000959
iter 85: slack_pred = 0.003259
iter 85: slack_cuda = 0.003270
iter 85: cpu_time_cuda = 0.004279
iter 85: gpu_time_cuda = 0.001009
iter 85: download_copy_time_cuda = 0.000271
iter 85: upload_copy_time_cuda = 0.000414
iter 85: per_iter_time_cuda = 0.006583

iter 86: cpu_time_pred = 0.004018
iter 86: gpu_time_pred = 0.000890
iter 86: slack_pred = 0.003128
iter 86: slack_cuda = 0.003155
iter 86: cpu_time_cuda = 0.004033
iter 86: gpu_time_cuda = 0.000878
iter 86: download_copy_time_cuda = 0.000262
iter 86: upload_copy_time_cuda = 0.000413
iter 86: per_iter_time_cuda = 0.006192

iter 87: cpu_time_pred = 0.003771
iter 87: gpu_time_pred = 0.000768
iter 87: slack_pred = 0.003003
iter 87: slack_cuda = 0.002969
iter 87: cpu_time_cuda = 0.003779
iter 87: gpu_time_cuda = 0.000810
iter 87: download_copy_time_cuda = 0.000249
iter 87: upload_copy_time_cuda = 0.000414
iter 87: per_iter_time_cuda = 0.005819

iter 88: cpu_time_pred = 0.003517
iter 88: gpu_time_pred = 0.000702
iter 88: slack_pred = 0.002815
iter 88: slack_cuda = 0.002819
iter 88: cpu_time_cuda = 0.003526
iter 88: gpu_time_cuda = 0.000707
iter 88: download_copy_time_cuda = 0.000237
iter 88: upload_copy_time_cuda = 0.000408
iter 88: per_iter_time_cuda = 0.005448

iter 89: cpu_time_pred = 0.003263
iter 89: gpu_time_pred = 0.000605
iter 89: slack_pred = 0.002658
iter 89: slack_cuda = 0.002670
iter 89: cpu_time_cuda = 0.003296
iter 89: gpu_time_cuda = 0.000626
iter 89: download_copy_time_cuda = 0.000222
iter 89: upload_copy_time_cuda = 0.000413
iter 89: per_iter_time_cuda = 0.005089

iter 90: cpu_time_pred = 0.003030
iter 90: gpu_time_pred = 0.000529
iter 90: slack_pred = 0.002501
iter 90: slack_cuda = 0.002504
iter 90: cpu_time_cuda = 0.003061
iter 90: gpu_time_cuda = 0.000557
iter 90: download_copy_time_cuda = 0.000216
iter 90: upload_copy_time_cuda = 0.000401
iter 90: per_iter_time_cuda = 0.004797

iter 91: cpu_time_pred = 0.002793
iter 91: gpu_time_pred = 0.000464
iter 91: slack_pred = 0.002329
iter 91: slack_cuda = 0.002375
iter 91: cpu_time_cuda = 0.002826
iter 91: gpu_time_cuda = 0.000451
iter 91: download_copy_time_cuda = 0.000201
iter 91: upload_copy_time_cuda = 0.000395
iter 91: per_iter_time_cuda = 0.004371

iter 92: cpu_time_pred = 0.002554
iter 92: gpu_time_pred = 0.000369
iter 92: slack_pred = 0.002185
iter 92: slack_cuda = 0.002175
iter 92: cpu_time_cuda = 0.002595
iter 92: gpu_time_cuda = 0.000420
iter 92: download_copy_time_cuda = 0.000191
iter 92: upload_copy_time_cuda = 0.000400
iter 92: per_iter_time_cuda = 0.004132

iter 93: cpu_time_pred = 0.002319
iter 93: gpu_time_pred = 0.000335
iter 93: slack_pred = 0.001984
iter 93: slack_cuda = 0.002025
iter 93: cpu_time_cuda = 0.002393
iter 93: gpu_time_cuda = 0.000369
iter 93: download_copy_time_cuda = 0.000177
iter 93: upload_copy_time_cuda = 0.000396
iter 93: per_iter_time_cuda = 0.003844

iter 94: cpu_time_pred = 0.002109
iter 94: gpu_time_pred = 0.000286
iter 94: slack_pred = 0.001822
iter 94: slack_cuda = 0.001860
iter 94: cpu_time_cuda = 0.002169
iter 94: gpu_time_cuda = 0.000309
iter 94: download_copy_time_cuda = 0.000157
iter 94: upload_copy_time_cuda = 0.000391
iter 94: per_iter_time_cuda = 0.003487

iter 95: cpu_time_pred = 0.001876
iter 95: gpu_time_pred = 0.000231
iter 95: slack_pred = 0.001644
iter 95: slack_cuda = 0.001684
iter 95: cpu_time_cuda = 0.001919
iter 95: gpu_time_cuda = 0.000235
iter 95: download_copy_time_cuda = 0.000141
iter 95: upload_copy_time_cuda = 0.000397
iter 95: per_iter_time_cuda = 0.003114

iter 96: cpu_time_pred = 0.001619
iter 96: gpu_time_pred = 0.000167
iter 96: slack_pred = 0.001452
iter 96: slack_cuda = 0.001341
iter 96: cpu_time_cuda = 0.001528
iter 96: gpu_time_cuda = 0.000187
iter 96: download_copy_time_cuda = 0.000138
iter 96: upload_copy_time_cuda = 0.000392
iter 96: per_iter_time_cuda = 0.002653

iter 97: cpu_time_pred = 0.001245
iter 97: gpu_time_pred = 0.000124
iter 97: slack_pred = 0.001121
iter 97: slack_cuda = 0.001182
iter 97: cpu_time_cuda = 0.001317
iter 97: gpu_time_cuda = 0.000135
iter 97: download_copy_time_cuda = 0.000123
iter 97: upload_copy_time_cuda = 0.000385
iter 97: per_iter_time_cuda = 0.002358

iter 98: cpu_time_pred = 0.001018
iter 98: gpu_time_pred = 0.000081
iter 98: slack_pred = 0.000937
iter 98: slack_cuda = 0.000996
iter 98: cpu_time_cuda = 0.001091
iter 98: gpu_time_cuda = 0.000095
iter 98: download_copy_time_cuda = 0.000121
iter 98: upload_copy_time_cuda = 0.000389
iter 98: per_iter_time_cuda = 0.002082

iter 99: cpu_time_pred = 0.000770
iter 99: gpu_time_pred = 0.000047
iter 99: slack_pred = 0.000723
iter 99: slack_cuda = 0.000823
iter 99: cpu_time_cuda = 0.000891
iter 99: gpu_time_cuda = 0.000068
iter 99: download_copy_time_cuda = 0.000113
iter 99: upload_copy_time_cuda = 0.000381
iter 99: per_iter_time_cuda = 0.001827

iter 100: cpu_time_pred = 0.000520
iter 100: gpu_time_pred = 0.000023
iter 100: slack_pred = 0.000497
iter 100: slack_cuda = 0.000615
iter 100: cpu_time_cuda = 0.000684
iter 100: gpu_time_cuda = 0.000069
iter 100: download_copy_time_cuda = 0.000095
iter 100: upload_copy_time_cuda = 0.000373
iter 100: per_iter_time_cuda = 0.001602

iter 101: cpu_time_pred = 0.000195
iter 101: gpu_time_pred = 0.000006
iter 101: slack_pred = 0.000190
iter 101: slack_cuda = 0.000411
iter 101: cpu_time_cuda = 0.000466
iter 101: gpu_time_cuda = 0.000055
iter 101: download_copy_time_cuda = 0.000090
iter 101: upload_copy_time_cuda = 0.000369
iter 101: per_iter_time_cuda = 0.001333

total_cpu_time_cuda = 1.202734
total_gpu_time_cuda = 0.968974
total_copy_time_cuda = 0.165983
main_loop_time_cuda = 2.474122
Normalized difference of predicted CPU runtime per iteration is: -1.256528%
Normalized difference of predicted GPU runtime per iteration is: -2.836673%
Normalized difference of predicted slack per iteration is: -2.072431%
10240 10240     ---   (  ---  )    258.35 (   2.77)     ---   
total_time = 5.670041
4.98user 0.98system 0:06.99elapsed 85%CPU (0avgtext+0avgdata 972916maxresident)k
0inputs+0outputs (0major+225541minor)pagefaults 0swaps
send out message: 22 3 log
