send out message: 24 37 /home/lchen/MAGMA/magma-1.6.1/results
send out message: 20 26 MAGMA_LU_GPUDVFS.total.pwr
MAGMA 1.6.1  compiled for CUDA capability >= 3.0
CUDA runtime 5000, driver 6050. MAGMA not compiled with OpenMP. 
ndevices 1
device 0: Tesla K20c, 705.5 MHz clock, 4799.6 MB memory, capability 3.5
Usage: /home/lchen/MAGMA/magma-1.6.1/testing/testing_dgetrf [options] [-h|--help]

ngpu 1
    M     N   CPU GFlop/s (sec)   GPU GFlop/s (sec)   |PA-LU|/(N*|A|)
=========================================================================
init_time = 0.822962
iter 0: slack_cuda = 0.000000
iter 0: cpu_time_cuda = 0.000000
iter 0: gpu_time_cuda = 0.000000
iter 0: download_copy_time_cuda = 0.000000
iter 0: upload_copy_time_cuda = 0.000768
iter 0: per_iter_time_cuda = 0.001241

iter 1: cpu_time_pred = 0.000000
iter 1: gpu_time_pred = 0.000000
iter 1: slack_pred = 0.000000
iter 1: slack_cuda = 0.006662
iter 1: cpu_time_cuda = 0.014811
iter 1: gpu_time_cuda = 0.008149
iter 1: download_copy_time_cuda = 0.000724
iter 1: upload_copy_time_cuda = 0.000745
iter 1: per_iter_time_cuda = 0.024882

iter 2: cpu_time_pred = 0.014670
iter 2: gpu_time_pred = 0.007835
iter 2: slack_pred = 0.006835
iter 2: ratio_split_freq = 0.201439
iter 2: seconds_until_interrupt = 0.008413
iter 2: slack_cuda = -0.006936
iter 2: cpu_time_cuda = 0.014539
iter 2: gpu_time_cuda = 0.021475
iter 2: download_copy_time_cuda = 0.000698
iter 2: upload_copy_time_cuda = 0.000734
iter 2: per_iter_time_cuda = 0.037917

iter 3: cpu_time_pred = 0.014365
iter 3: gpu_time_pred = 0.007513
iter 3: slack_pred = 0.006852
iter 3: ratio_split_freq = 0.210598
iter 3: seconds_until_interrupt = 0.008435
iter 3: slack_cuda = -0.006636
iter 3: cpu_time_cuda = 0.014237
iter 3: gpu_time_cuda = 0.020873
iter 3: download_copy_time_cuda = 0.000681
iter 3: upload_copy_time_cuda = 0.000718
iter 3: per_iter_time_cuda = 0.036960

iter 4: cpu_time_pred = 0.014061
iter 4: gpu_time_pred = 0.007198
iter 4: slack_pred = 0.006863
iter 4: ratio_split_freq = 0.220154
iter 4: seconds_until_interrupt = 0.008448
iter 4: slack_cuda = -0.006859
iter 4: cpu_time_cuda = 0.013931
iter 4: gpu_time_cuda = 0.020791
iter 4: download_copy_time_cuda = 0.000665
iter 4: upload_copy_time_cuda = 0.000696
iter 4: per_iter_time_cuda = 0.036557

iter 5: cpu_time_pred = 0.013757
iter 5: gpu_time_pred = 0.006890
iter 5: slack_pred = 0.006867
iter 5: ratio_split_freq = 0.230133
iter 5: seconds_until_interrupt = 0.008452
iter 5: slack_cuda = -0.006946
iter 5: cpu_time_cuda = 0.013663
iter 5: gpu_time_cuda = 0.020609
iter 5: download_copy_time_cuda = 0.000661
iter 5: upload_copy_time_cuda = 0.000704
iter 5: per_iter_time_cuda = 0.036096

iter 6: cpu_time_pred = 0.013452
iter 6: gpu_time_pred = 0.006588
iter 6: slack_pred = 0.006864
iter 6: ratio_split_freq = 0.240564
iter 6: seconds_until_interrupt = 0.008449
iter 6: slack_cuda = -0.006966
iter 6: cpu_time_cuda = 0.013390
iter 6: gpu_time_cuda = 0.020356
iter 6: download_copy_time_cuda = 0.000646
iter 6: upload_copy_time_cuda = 0.000683
iter 6: per_iter_time_cuda = 0.035547

iter 7: cpu_time_pred = 0.013148
iter 7: gpu_time_pred = 0.006293
iter 7: slack_pred = 0.006854
iter 7: ratio_split_freq = 0.251477
iter 7: seconds_until_interrupt = 0.008437
iter 7: slack_cuda = -0.006717
iter 7: cpu_time_cuda = 0.013068
iter 7: gpu_time_cuda = 0.019785
iter 7: download_copy_time_cuda = 0.000629
iter 7: upload_copy_time_cuda = 0.000668
iter 7: per_iter_time_cuda = 0.034604

iter 8: cpu_time_pred = 0.012844
iter 8: gpu_time_pred = 0.006005
iter 8: slack_pred = 0.006838
iter 8: ratio_split_freq = 0.262908
iter 8: seconds_until_interrupt = 0.008417
iter 8: slack_cuda = -0.007099
iter 8: cpu_time_cuda = 0.012802
iter 8: gpu_time_cuda = 0.019902
iter 8: download_copy_time_cuda = 0.000613
iter 8: upload_copy_time_cuda = 0.000640
iter 8: per_iter_time_cuda = 0.034423

iter 9: cpu_time_pred = 0.012539
iter 9: gpu_time_pred = 0.005724
iter 9: slack_pred = 0.006815
iter 9: ratio_split_freq = 0.274893
iter 9: seconds_until_interrupt = 0.008389
iter 9: slack_cuda = -0.012176
iter 9: cpu_time_cuda = 0.012539
iter 9: gpu_time_cuda = 0.024715
iter 9: download_copy_time_cuda = 0.000613
iter 9: upload_copy_time_cuda = 0.000640
iter 9: per_iter_time_cuda = 0.038953

iter 10: cpu_time_pred = 0.012235
iter 10: gpu_time_pred = 0.005450
iter 10: slack_pred = 0.006785
iter 10: ratio_split_freq = 0.287475
iter 10: seconds_until_interrupt = 0.008352
iter 10: slack_cuda = -0.007041
iter 10: cpu_time_cuda = 0.012125
iter 10: gpu_time_cuda = 0.019167
iter 10: download_copy_time_cuda = 0.000594
iter 10: upload_copy_time_cuda = 0.000619
iter 10: per_iter_time_cuda = 0.032976

iter 11: cpu_time_pred = 0.011931
iter 11: gpu_time_pred = 0.005182
iter 11: slack_pred = 0.006749
iter 11: ratio_split_freq = 0.300699
iter 11: seconds_until_interrupt = 0.008307
iter 11: slack_cuda = -0.006699
iter 11: cpu_time_cuda = 0.011949
iter 11: gpu_time_cuda = 0.018648
iter 11: download_copy_time_cuda = 0.000575
iter 11: upload_copy_time_cuda = 0.000606
iter 11: per_iter_time_cuda = 0.032202

iter 12: cpu_time_pred = 0.011626
iter 12: gpu_time_pred = 0.004921
iter 12: slack_pred = 0.006705
iter 12: ratio_split_freq = 0.314615
iter 12: seconds_until_interrupt = 0.008253
iter 12: slack_cuda = -0.009653
iter 12: cpu_time_cuda = 0.011721
iter 12: gpu_time_cuda = 0.021374
iter 12: download_copy_time_cuda = 0.000558
iter 12: upload_copy_time_cuda = 0.000590
iter 12: per_iter_time_cuda = 0.035034

iter 13: cpu_time_pred = 0.011322
iter 13: gpu_time_pred = 0.004667
iter 13: slack_pred = 0.006655
iter 13: ratio_split_freq = 0.329279
iter 13: seconds_until_interrupt = 0.008192
iter 13: slack_cuda = -0.007271
iter 13: cpu_time_cuda = 0.011279
iter 13: gpu_time_cuda = 0.018549
iter 13: download_copy_time_cuda = 0.000550
iter 13: upload_copy_time_cuda = 0.000576
iter 13: per_iter_time_cuda = 0.031381

iter 14: cpu_time_pred = 0.011017
iter 14: gpu_time_pred = 0.004419
iter 14: slack_pred = 0.006598
iter 14: ratio_split_freq = 0.344753
iter 14: seconds_until_interrupt = 0.008122
iter 14: slack_cuda = -0.007159
iter 14: cpu_time_cuda = 0.010966
iter 14: gpu_time_cuda = 0.018125
iter 14: download_copy_time_cuda = 0.000542
iter 14: upload_copy_time_cuda = 0.000570
iter 14: per_iter_time_cuda = 0.030642

iter 15: cpu_time_pred = 0.010713
iter 15: gpu_time_pred = 0.004178
iter 15: slack_pred = 0.006535
iter 15: ratio_split_freq = 0.361107
iter 15: seconds_until_interrupt = 0.008044
iter 15: slack_cuda = -0.006878
iter 15: cpu_time_cuda = 0.010820
iter 15: gpu_time_cuda = 0.017698
iter 15: download_copy_time_cuda = 0.000527
iter 15: upload_copy_time_cuda = 0.000550
iter 15: per_iter_time_cuda = 0.030005

iter 16: cpu_time_pred = 0.010409
iter 16: gpu_time_pred = 0.003944
iter 16: slack_pred = 0.006464
iter 16: ratio_split_freq = 0.378417
iter 16: seconds_until_interrupt = 0.007957
iter 16: slack_cuda = -0.012210
iter 16: cpu_time_cuda = 0.010405
iter 16: gpu_time_cuda = 0.022615
iter 16: download_copy_time_cuda = 0.000505
iter 16: upload_copy_time_cuda = 0.000531
iter 16: per_iter_time_cuda = 0.034471

iter 17: cpu_time_pred = 0.010104
iter 17: gpu_time_pred = 0.003717
iter 17: slack_pred = 0.006387
iter 17: ratio_split_freq = 0.396769
iter 17: seconds_until_interrupt = 0.007862
iter 17: slack_cuda = -0.007113
iter 17: cpu_time_cuda = 0.010277
iter 17: gpu_time_cuda = 0.017389
iter 17: download_copy_time_cuda = 0.000493
iter 17: upload_copy_time_cuda = 0.000522
iter 17: per_iter_time_cuda = 0.029167

iter 18: cpu_time_pred = 0.009800
iter 18: gpu_time_pred = 0.003496
iter 18: slack_pred = 0.006304
iter 18: ratio_split_freq = 0.416262
iter 18: seconds_until_interrupt = 0.007759
iter 18: slack_cuda = -0.007127
iter 18: cpu_time_cuda = 0.009969
iter 18: gpu_time_cuda = 0.017096
iter 18: download_copy_time_cuda = 0.000486
iter 18: upload_copy_time_cuda = 0.000509
iter 18: per_iter_time_cuda = 0.028750

iter 19: cpu_time_pred = 0.009496
iter 19: gpu_time_pred = 0.003283
iter 19: slack_pred = 0.006213
iter 19: ratio_split_freq = 0.437004
iter 19: seconds_until_interrupt = 0.007648
iter 19: slack_cuda = -0.007098
iter 19: cpu_time_cuda = 0.009523
iter 19: gpu_time_cuda = 0.016621
iter 19: download_copy_time_cuda = 0.000471
iter 19: upload_copy_time_cuda = 0.000500
iter 19: per_iter_time_cuda = 0.028208

iter 20: cpu_time_pred = 0.009191
iter 20: gpu_time_pred = 0.003076
iter 20: slack_pred = 0.006116
iter 20: ratio_split_freq = 0.459120
iter 20: seconds_until_interrupt = 0.007528
iter 20: slack_cuda = -0.007256
iter 20: cpu_time_cuda = 0.009341
iter 20: gpu_time_cuda = 0.016597
iter 20: download_copy_time_cuda = 0.000452
iter 20: upload_copy_time_cuda = 0.000476
iter 20: per_iter_time_cuda = 0.027878

iter 21: cpu_time_pred = 0.008887
iter 21: gpu_time_pred = 0.002875
iter 21: slack_pred = 0.006012
iter 21: ratio_split_freq = 0.482751
iter 21: seconds_until_interrupt = 0.007400
iter 21: slack_cuda = -0.007142
iter 21: cpu_time_cuda = 0.009292
iter 21: gpu_time_cuda = 0.016435
iter 21: download_copy_time_cuda = 0.000451
iter 21: upload_copy_time_cuda = 0.000470
iter 21: per_iter_time_cuda = 0.027841

iter 22: cpu_time_pred = 0.008583
iter 22: gpu_time_pred = 0.002682
iter 22: slack_pred = 0.005901
iter 22: ratio_split_freq = 0.508057
iter 22: seconds_until_interrupt = 0.007263
iter 22: slack_cuda = -0.007128
iter 22: cpu_time_cuda = 0.008956
iter 22: gpu_time_cuda = 0.016084
iter 22: download_copy_time_cuda = 0.000438
iter 22: upload_copy_time_cuda = 0.000450
iter 22: per_iter_time_cuda = 0.027140

iter 23: cpu_time_pred = 0.008278
iter 23: gpu_time_pred = 0.002495
iter 23: slack_pred = 0.005783
iter 23: ratio_split_freq = 0.535224
iter 23: seconds_until_interrupt = 0.007119
iter 23: slack_cuda = -0.007272
iter 23: cpu_time_cuda = 0.008322
iter 23: gpu_time_cuda = 0.015594
iter 23: download_copy_time_cuda = 0.000423
iter 23: upload_copy_time_cuda = 0.000440
iter 23: per_iter_time_cuda = 0.027135

iter 24: cpu_time_pred = 0.007974
iter 24: gpu_time_pred = 0.002315
iter 24: slack_pred = 0.005659
iter 24: ratio_split_freq = 0.564466
iter 24: seconds_until_interrupt = 0.006966
iter 24: slack_cuda = -0.007408
iter 24: cpu_time_cuda = 0.007980
iter 24: gpu_time_cuda = 0.015388
iter 24: download_copy_time_cuda = 0.000403
iter 24: upload_copy_time_cuda = 0.000418
iter 24: per_iter_time_cuda = 0.025856

iter 25: cpu_time_pred = 0.007670
iter 25: gpu_time_pred = 0.002142
iter 25: slack_pred = 0.005528
iter 25: ratio_split_freq = 0.596027
iter 25: seconds_until_interrupt = 0.006804
iter 25: slack_cuda = -0.007405
iter 25: cpu_time_cuda = 0.007773
iter 25: gpu_time_cuda = 0.015178
iter 25: download_copy_time_cuda = 0.000386
iter 25: upload_copy_time_cuda = 0.000410
iter 25: per_iter_time_cuda = 0.025724

iter 26: cpu_time_pred = 0.007365
iter 26: gpu_time_pred = 0.001975
iter 26: slack_pred = 0.005390
iter 26: ratio_split_freq = 0.630198
iter 26: seconds_until_interrupt = 0.006635
iter 26: slack_cuda = -0.007413
iter 26: cpu_time_cuda = 0.007509
iter 26: gpu_time_cuda = 0.014921
iter 26: download_copy_time_cuda = 0.000374
iter 26: upload_copy_time_cuda = 0.000394
iter 26: per_iter_time_cuda = 0.025147

iter 27: cpu_time_pred = 0.007061
iter 27: gpu_time_pred = 0.001815
iter 27: slack_pred = 0.005246
iter 27: ratio_split_freq = 0.667314
iter 27: seconds_until_interrupt = 0.006457
iter 27: slack_cuda = -0.006790
iter 27: cpu_time_cuda = 0.007274
iter 27: gpu_time_cuda = 0.014064
iter 27: download_copy_time_cuda = 0.000369
iter 27: upload_copy_time_cuda = 0.000380
iter 27: per_iter_time_cuda = 0.024688

iter 28: cpu_time_pred = 0.006757
iter 28: gpu_time_pred = 0.001662
iter 28: slack_pred = 0.005095
iter 28: ratio_split_freq = 0.707773
iter 28: seconds_until_interrupt = 0.006271
iter 28: slack_cuda = -0.016026
iter 28: cpu_time_cuda = 0.006929
iter 28: gpu_time_cuda = 0.022956
iter 28: download_copy_time_cuda = 0.000350
iter 28: upload_copy_time_cuda = 0.000357
iter 28: per_iter_time_cuda = 0.032919

iter 29: cpu_time_pred = 0.006452
iter 29: gpu_time_pred = 0.001516
iter 29: slack_pred = 0.004937
iter 29: ratio_split_freq = 0.752050
iter 29: seconds_until_interrupt = 0.006076
iter 29: slack_cuda = -0.006867
iter 29: cpu_time_cuda = 0.006628
iter 29: gpu_time_cuda = 0.013495
iter 29: download_copy_time_cuda = 0.000335
iter 29: upload_copy_time_cuda = 0.000349
iter 29: per_iter_time_cuda = 0.023653

iter 30: cpu_time_pred = 0.006148
iter 30: gpu_time_pred = 0.001376
iter 30: slack_pred = 0.004772
iter 30: ratio_split_freq = 0.800711
iter 30: seconds_until_interrupt = 0.005874
iter 30: slack_cuda = -0.006451
iter 30: cpu_time_cuda = 0.006393
iter 30: gpu_time_cuda = 0.012845
iter 30: download_copy_time_cuda = 0.000321
iter 30: upload_copy_time_cuda = 0.000337
iter 30: per_iter_time_cuda = 0.023167

iter 31: cpu_time_pred = 0.005844
iter 31: gpu_time_pred = 0.001243
iter 31: slack_pred = 0.004600
iter 31: ratio_split_freq = 0.854440
iter 31: seconds_until_interrupt = 0.005663
iter 31: slack_cuda = -0.005353
iter 31: cpu_time_cuda = 0.006054
iter 31: gpu_time_cuda = 0.011407
iter 31: download_copy_time_cuda = 0.000304
iter 31: upload_copy_time_cuda = 0.000320
iter 31: per_iter_time_cuda = 0.022570

iter 32: cpu_time_pred = 0.005539
iter 32: gpu_time_pred = 0.001117
iter 32: slack_pred = 0.004422
iter 32: ratio_split_freq = 0.914074
iter 32: seconds_until_interrupt = 0.005443
iter 32: slack_cuda = -0.005695
iter 32: cpu_time_cuda = 0.005727
iter 32: gpu_time_cuda = 0.011422
iter 32: download_copy_time_cuda = 0.000299
iter 32: upload_copy_time_cuda = 0.000303
iter 32: per_iter_time_cuda = 0.022862

iter 33: cpu_time_pred = 0.005235
iter 33: gpu_time_pred = 0.000998
iter 33: slack_pred = 0.004237
iter 33: ratio_split_freq = 0.980642
iter 33: seconds_until_interrupt = 0.005216
iter 33: slack_cuda = -0.008681
iter 33: cpu_time_cuda = 0.005503
iter 33: gpu_time_cuda = 0.014184
iter 33: download_copy_time_cuda = 0.000282
iter 33: upload_copy_time_cuda = 0.000292
iter 33: per_iter_time_cuda = 0.024817

iter 34: cpu_time_pred = 0.004930
iter 34: gpu_time_pred = 0.000885
iter 34: slack_pred = 0.004045
iter 34: ratio_split_freq = 1.055428
iter 34: seconds_until_interrupt = 0.004980
iter 34: slack_cuda = -0.005277
iter 34: cpu_time_cuda = 0.005141
iter 34: gpu_time_cuda = 0.010418
iter 34: download_copy_time_cuda = 0.000264
iter 34: upload_copy_time_cuda = 0.000277
iter 34: per_iter_time_cuda = 0.020882

iter 35: cpu_time_pred = 0.004626
iter 35: gpu_time_pred = 0.000779
iter 35: slack_pred = 0.003847
iter 35: ratio_split_freq = 1.140054
iter 35: seconds_until_interrupt = 0.004735
iter 35: slack_cuda = 0.000868
iter 35: cpu_time_cuda = 0.010048
iter 35: gpu_time_cuda = 0.009180
iter 35: download_copy_time_cuda = 0.000253
iter 35: upload_copy_time_cuda = 0.000275
iter 35: per_iter_time_cuda = 0.020051

iter 36: cpu_time_pred = 0.004322
iter 36: gpu_time_pred = 0.000680
iter 36: slack_pred = 0.003642
iter 36: ratio_split_freq = 1.236600
iter 36: seconds_until_interrupt = 0.004483
iter 36: slack_cuda = -0.004598
iter 36: cpu_time_cuda = 0.004532
iter 36: gpu_time_cuda = 0.009130
iter 36: download_copy_time_cuda = 0.000246
iter 36: upload_copy_time_cuda = 0.000277
iter 36: per_iter_time_cuda = 0.019448

iter 37: cpu_time_pred = 0.004017
iter 37: gpu_time_pred = 0.000588
iter 37: slack_pred = 0.003430
iter 37: ratio_split_freq = 1.347773
iter 37: seconds_until_interrupt = 0.004222
iter 37: slack_cuda = 0.000889
iter 37: cpu_time_cuda = 0.009443
iter 37: gpu_time_cuda = 0.008555
iter 37: download_copy_time_cuda = 0.000230
iter 37: upload_copy_time_cuda = 0.000272
iter 37: per_iter_time_cuda = 0.018793

iter 38: cpu_time_pred = 0.003713
iter 38: gpu_time_pred = 0.000502
iter 38: slack_pred = 0.003211
iter 38: ratio_split_freq = 1.477172
iter 38: seconds_until_interrupt = 0.003953
iter 38: slack_cuda = 0.008007
iter 38: cpu_time_cuda = 0.016573
iter 38: gpu_time_cuda = 0.008566
iter 38: download_copy_time_cuda = 0.000214
iter 38: upload_copy_time_cuda = 0.000271
iter 38: per_iter_time_cuda = 0.025931

iter 39: cpu_time_pred = 0.003409
iter 39: gpu_time_pred = 0.000423
iter 39: slack_pred = 0.002986
iter 39: ratio_split_freq = 1.629678
iter 39: seconds_until_interrupt = 0.003675
iter 39: slack_cuda = 0.001396
iter 39: cpu_time_cuda = 0.008916
iter 39: gpu_time_cuda = 0.007520
iter 39: download_copy_time_cuda = 0.000200
iter 39: upload_copy_time_cuda = 0.000271
iter 39: per_iter_time_cuda = 0.017203

iter 40: cpu_time_pred = 0.003104
iter 40: gpu_time_pred = 0.000351
iter 40: slack_pred = 0.002754
iter 40: ratio_split_freq = 1.812087
iter 40: seconds_until_interrupt = 0.003389
iter 40: slack_cuda = 0.001276
iter 40: cpu_time_cuda = 0.008581
iter 40: gpu_time_cuda = 0.007305
iter 40: download_copy_time_cuda = 0.000184
iter 40: upload_copy_time_cuda = 0.000264
iter 40: per_iter_time_cuda = 0.016628

iter 41: cpu_time_pred = 0.002800
iter 41: gpu_time_pred = 0.000285
iter 41: slack_pred = 0.002515
iter 41: ratio_split_freq = 2.034150
iter 41: seconds_until_interrupt = 0.003095
iter 41: slack_cuda = 0.001718
iter 41: cpu_time_cuda = 0.008444
iter 41: gpu_time_cuda = 0.006726
iter 41: download_copy_time_cuda = 0.000178
iter 41: upload_copy_time_cuda = 0.000265
iter 41: per_iter_time_cuda = 0.015898

iter 42: cpu_time_pred = 0.002496
iter 42: gpu_time_pred = 0.000227
iter 42: slack_pred = 0.002269
iter 42: ratio_split_freq = 2.310375
iter 42: seconds_until_interrupt = 0.002793
iter 42: slack_cuda = 0.001535
iter 42: cpu_time_cuda = 0.008062
iter 42: gpu_time_cuda = 0.006528
iter 42: download_copy_time_cuda = 0.000159
iter 42: upload_copy_time_cuda = 0.000261
iter 42: per_iter_time_cuda = 0.015301

iter 43: cpu_time_pred = 0.002191
iter 43: gpu_time_pred = 0.000175
iter 43: slack_pred = 0.002016
iter 43: ratio_split_freq = 2.663329
iter 43: seconds_until_interrupt = 0.002482
iter 43: slack_cuda = 0.001628
iter 43: cpu_time_cuda = 0.007884
iter 43: gpu_time_cuda = 0.006257
iter 43: download_copy_time_cuda = 0.000143
iter 43: upload_copy_time_cuda = 0.000264
iter 43: per_iter_time_cuda = 0.014827

iter 44: cpu_time_pred = 0.001887
iter 44: gpu_time_pred = 0.000130
iter 44: slack_pred = 0.001757
iter 44: ratio_split_freq = 3.130139
iter 44: seconds_until_interrupt = 0.002163
iter 44: slack_cuda = 0.001346
iter 44: cpu_time_cuda = 0.007485
iter 44: gpu_time_cuda = 0.006139
iter 44: download_copy_time_cuda = 0.000130
iter 44: upload_copy_time_cuda = 0.000256
iter 44: per_iter_time_cuda = 0.014289

iter 45: cpu_time_pred = 0.001583
iter 45: gpu_time_pred = 0.000091
iter 45: slack_pred = 0.001491
iter 45: ratio_split_freq = 3.776491
iter 45: seconds_until_interrupt = 0.001836
iter 45: slack_cuda = 0.006870
iter 45: cpu_time_cuda = 0.016036
iter 45: gpu_time_cuda = 0.009166
iter 45: download_copy_time_cuda = 0.000125
iter 45: upload_copy_time_cuda = 0.000244
iter 45: per_iter_time_cuda = 0.025839

iter 46: cpu_time_pred = 0.001278
iter 46: gpu_time_pred = 0.000059
iter 46: slack_pred = 0.001219
iter 46: ratio_split_freq = 4.730631
iter 46: seconds_until_interrupt = 0.001500
iter 46: slack_cuda = 0.001500
iter 46: cpu_time_cuda = 0.006939
iter 46: gpu_time_cuda = 0.005439
iter 46: download_copy_time_cuda = 0.000106
iter 46: upload_copy_time_cuda = 0.000245
iter 46: per_iter_time_cuda = 0.012993

iter 47: cpu_time_pred = 0.000974
iter 47: gpu_time_pred = 0.000035
iter 47: slack_pred = 0.000939
iter 47: ratio_split_freq = 6.281107
iter 47: seconds_until_interrupt = 0.001156
iter 47: slack_cuda = 0.001320
iter 47: cpu_time_cuda = 0.006685
iter 47: gpu_time_cuda = 0.005365
iter 47: download_copy_time_cuda = 0.000091
iter 47: upload_copy_time_cuda = 0.000259
iter 47: per_iter_time_cuda = 0.012663

iter 48: cpu_time_pred = 0.000670
iter 48: gpu_time_pred = 0.000016
iter 48: slack_pred = 0.000653
iter 48: ratio_split_freq = 9.241107
iter 48: seconds_until_interrupt = 0.000804
iter 48: slack_cuda = -0.004230
iter 48: cpu_time_cuda = 0.001148
iter 48: gpu_time_cuda = 0.005378
iter 48: download_copy_time_cuda = 0.000090
iter 48: upload_copy_time_cuda = 0.000242
iter 48: per_iter_time_cuda = 0.012320

iter 49: cpu_time_pred = 0.000365
iter 49: gpu_time_pred = 0.000005
iter 49: slack_pred = 0.000360
iter 49: ratio_split_freq = 17.134440
iter 49: seconds_until_interrupt = 0.000444
iter 49: slack_cuda = -0.004712
iter 49: cpu_time_cuda = 0.000571
iter 49: gpu_time_cuda = 0.005283
iter 49: download_copy_time_cuda = 0.000082
iter 49: upload_copy_time_cuda = 0.000242
iter 49: per_iter_time_cuda = 0.011500

iter 50: cpu_time_pred = 0.000061
iter 50: gpu_time_pred = 0.000000
iter 50: slack_pred = 0.000061
iter 50: ratio_split_freq = 103.961108
iter 50: seconds_until_interrupt = 0.000075
iter 50: slack_cuda = -0.004866
iter 50: cpu_time_cuda = 0.000423
iter 50: gpu_time_cuda = 0.005289
iter 50: download_copy_time_cuda = 0.000075
iter 50: upload_copy_time_cuda = 0.000234
iter 50: per_iter_time_cuda = 0.011110

total_slack_overflow = -0.269153
total_cpu_time_cuda = 0.462606
total_gpu_time_cuda = 0.696746
total_copy_time_cuda = 0.041569
main_loop_time_cuda = 1.281182
Normalized difference of predicted CPU runtime per iteration is: 0.000000%
Normalized difference of predicted GPU runtime per iteration is: 0.000000%
Normalized difference of predicted slack per iteration is: 0.000000%
 5120  5120     ---   (  ---  )     65.54 (   1.36)     ---   
total_time = 2.331773
1.72user 0.79system 0:03.87elapsed 65%CPU (0avgtext+0avgdata 358516maxresident)k
3928inputs+0outputs (1major+71936minor)pagefaults 0swaps
send out message: 22 3 log
