send out message: 24 37 /home/lchen/MAGMA/magma-1.6.1/results
send out message: 20 26 MAGMA_LU_GPUDVFS.total.pwr
MAGMA 1.6.1  compiled for CUDA capability >= 3.0
CUDA runtime 5000, driver 6050. MAGMA not compiled with OpenMP. 
ndevices 1
device 0: Tesla K20c, 705.5 MHz clock, 4799.6 MB memory, capability 3.5
Usage: /home/lchen/MAGMA/magma-1.6.1/testing/testing_dgeqrf [options] [-h|--help]

ngpu 1
    M     N   CPU GFlop/s (sec)   GPU GFlop/s (sec)   |R - Q^H*A|   |I - Q^H*Q|
===============================================================================
init_time = 6.360857
iter 0: cpu_time_cuda = 0.000002
iter 0: gpu_time1_cuda = 0.000000
iter 0: gpu_time2_cuda = 0.005656
iter 0: upload_copy_time1_cuda = 0.002843
iter 0: download_copy_time_cuda = 0.000000
iter 0: upload_copy_time2_cuda = 0.000074
iter 0: download_copy_time_cuda = 0.000000

iter 1: cpu_time_cuda = 0.165310
iter 1: gpu_time1_cuda = 0.145483
iter 1: gpu_time2_cuda = 0.005590
iter 1: upload_copy_time1_cuda = 0.002366
iter 1: download_copy_time_cuda = 0.002269
iter 1: upload_copy_time2_cuda = 0.000066
iter 1: download_copy_time_cuda = 0.000072

iter 2: cpu_time_cuda = 0.164519
iter 2: gpu_time1_cuda = 0.147155
iter 2: gpu_time2_cuda = 0.005524
iter 2: upload_copy_time1_cuda = 0.002550
iter 2: download_copy_time_cuda = 0.002226
iter 2: upload_copy_time2_cuda = 0.000069
iter 2: download_copy_time_cuda = 0.000081

iter 3: cpu_time_cuda = 0.163305
iter 3: gpu_time1_cuda = 0.139029
iter 3: gpu_time2_cuda = 0.005531
iter 3: upload_copy_time1_cuda = 0.002546
iter 3: download_copy_time_cuda = 0.002417
iter 3: upload_copy_time2_cuda = 0.000070
iter 3: download_copy_time_cuda = 0.000094

iter 4: cpu_time_cuda = 0.161356
iter 4: gpu_time1_cuda = 0.134196
iter 4: gpu_time2_cuda = 0.005455
iter 4: upload_copy_time1_cuda = 0.002531
iter 4: download_copy_time_cuda = 0.002394
iter 4: upload_copy_time2_cuda = 0.000067
iter 4: download_copy_time_cuda = 0.000108

iter 5: cpu_time_cuda = 0.159732
iter 5: gpu_time1_cuda = 0.131429
iter 5: gpu_time2_cuda = 0.005418
iter 5: upload_copy_time1_cuda = 0.002532
iter 5: download_copy_time_cuda = 0.002362
iter 5: upload_copy_time2_cuda = 0.000064
iter 5: download_copy_time_cuda = 0.000122

iter 6: cpu_time_cuda = 0.158822
iter 6: gpu_time1_cuda = 0.133686
iter 6: gpu_time2_cuda = 0.005350
iter 6: upload_copy_time1_cuda = 0.002496
iter 6: download_copy_time_cuda = 0.002361
iter 6: upload_copy_time2_cuda = 0.000068
iter 6: download_copy_time_cuda = 0.000129

iter 7: cpu_time_cuda = 0.157285
iter 7: gpu_time1_cuda = 0.130341
iter 7: gpu_time2_cuda = 0.005371
iter 7: upload_copy_time1_cuda = 0.002454
iter 7: download_copy_time_cuda = 0.002331
iter 7: upload_copy_time2_cuda = 0.000068
iter 7: download_copy_time_cuda = 0.000142

iter 8: cpu_time_cuda = 0.156117
iter 8: gpu_time1_cuda = 0.131707
iter 8: gpu_time2_cuda = 0.005288
iter 8: upload_copy_time1_cuda = 0.002454
iter 8: download_copy_time_cuda = 0.002297
iter 8: upload_copy_time2_cuda = 0.000068
iter 8: download_copy_time_cuda = 0.000161

iter 9: cpu_time_cuda = 0.154553
iter 9: gpu_time1_cuda = 0.127771
iter 9: gpu_time2_cuda = 0.005264
iter 9: upload_copy_time1_cuda = 0.002416
iter 9: download_copy_time_cuda = 0.002303
iter 9: upload_copy_time2_cuda = 0.000069
iter 9: download_copy_time_cuda = 0.000172

iter 10: cpu_time_cuda = 0.153760
iter 10: gpu_time1_cuda = 0.130285
iter 10: gpu_time2_cuda = 0.005212
iter 10: upload_copy_time1_cuda = 0.002401
iter 10: download_copy_time_cuda = 0.002283
iter 10: upload_copy_time2_cuda = 0.000069
iter 10: download_copy_time_cuda = 0.000193

iter 11: cpu_time_cuda = 0.152306
iter 11: gpu_time1_cuda = 0.126733
iter 11: gpu_time2_cuda = 0.005187
iter 11: upload_copy_time1_cuda = 0.002406
iter 11: download_copy_time_cuda = 0.002252
iter 11: upload_copy_time2_cuda = 0.000068
iter 11: download_copy_time_cuda = 0.000203

iter 12: cpu_time_cuda = 0.150978
iter 12: gpu_time1_cuda = 0.126340
iter 12: gpu_time2_cuda = 0.005120
iter 12: upload_copy_time1_cuda = 0.002362
iter 12: download_copy_time_cuda = 0.002266
iter 12: upload_copy_time2_cuda = 0.000070
iter 12: download_copy_time_cuda = 0.000223

iter 13: cpu_time_cuda = 0.149632
iter 13: gpu_time1_cuda = 0.114545
iter 13: gpu_time2_cuda = 0.005086
iter 13: upload_copy_time1_cuda = 0.002368
iter 13: download_copy_time_cuda = 0.002227
iter 13: upload_copy_time2_cuda = 0.000068
iter 13: download_copy_time_cuda = 0.000236

iter 14: cpu_time_cuda = 0.148119
iter 14: gpu_time1_cuda = 0.116961
iter 14: gpu_time2_cuda = 0.005021
iter 14: upload_copy_time1_cuda = 0.002349
iter 14: download_copy_time_cuda = 0.002211
iter 14: upload_copy_time2_cuda = 0.000068
iter 14: download_copy_time_cuda = 0.000258

iter 15: cpu_time_cuda = 0.147056
iter 15: gpu_time1_cuda = 0.116113
iter 15: gpu_time2_cuda = 0.004990
iter 15: upload_copy_time1_cuda = 0.002308
iter 15: download_copy_time_cuda = 0.002199
iter 15: upload_copy_time2_cuda = 0.000067
iter 15: download_copy_time_cuda = 0.000271

iter 16: cpu_time_cuda = 0.145942
iter 16: gpu_time1_cuda = 0.117796
iter 16: gpu_time2_cuda = 0.004950
iter 16: upload_copy_time1_cuda = 0.002290
iter 16: download_copy_time_cuda = 0.002195
iter 16: upload_copy_time2_cuda = 0.000068
iter 16: download_copy_time_cuda = 0.000287

iter 17: cpu_time_cuda = 0.144506
iter 17: gpu_time1_cuda = 0.109915
iter 17: gpu_time2_cuda = 0.004909
iter 17: upload_copy_time1_cuda = 0.002396
iter 17: download_copy_time_cuda = 0.002212
iter 17: upload_copy_time2_cuda = 0.000067
iter 17: download_copy_time_cuda = 0.000313

iter 18: cpu_time_cuda = 0.142840
iter 18: gpu_time1_cuda = 0.107686
iter 18: gpu_time2_cuda = 0.004870
iter 18: upload_copy_time1_cuda = 0.002247
iter 18: download_copy_time_cuda = 0.002142
iter 18: upload_copy_time2_cuda = 0.000066
iter 18: download_copy_time_cuda = 0.000330

iter 19: cpu_time_cuda = 0.141671
iter 19: gpu_time1_cuda = 0.104975
iter 19: gpu_time2_cuda = 0.004839
iter 19: upload_copy_time1_cuda = 0.002228
iter 19: download_copy_time_cuda = 0.002129
iter 19: upload_copy_time2_cuda = 0.000067
iter 19: download_copy_time_cuda = 0.000346

iter 20: cpu_time_cuda = 0.140343
iter 20: gpu_time1_cuda = 0.105997
iter 20: gpu_time2_cuda = 0.004796
iter 20: upload_copy_time1_cuda = 0.002230
iter 20: download_copy_time_cuda = 0.002094
iter 20: upload_copy_time2_cuda = 0.000068
iter 20: download_copy_time_cuda = 0.000363

iter 21: cpu_time_cuda = 0.139463
iter 21: gpu_time1_cuda = 0.101986
iter 21: gpu_time2_cuda = 0.004749
iter 21: upload_copy_time1_cuda = 0.002222
iter 21: download_copy_time_cuda = 0.002079
iter 21: upload_copy_time2_cuda = 0.000069
iter 21: download_copy_time_cuda = 0.000378

iter 22: cpu_time_cuda = 0.137660
iter 22: gpu_time1_cuda = 0.101112
iter 22: gpu_time2_cuda = 0.004714
iter 22: upload_copy_time1_cuda = 0.002169
iter 22: download_copy_time_cuda = 0.002068
iter 22: upload_copy_time2_cuda = 0.000069
iter 22: download_copy_time_cuda = 0.000394

iter 23: cpu_time_cuda = 0.136465
iter 23: gpu_time1_cuda = 0.098568
iter 23: gpu_time2_cuda = 0.004642
iter 23: upload_copy_time1_cuda = 0.002180
iter 23: download_copy_time_cuda = 0.002066
iter 23: upload_copy_time2_cuda = 0.000068
iter 23: download_copy_time_cuda = 0.000407

iter 24: cpu_time_cuda = 0.135094
iter 24: gpu_time1_cuda = 0.100260
iter 24: gpu_time2_cuda = 0.004607
iter 24: upload_copy_time1_cuda = 0.002164
iter 24: download_copy_time_cuda = 0.002036
iter 24: upload_copy_time2_cuda = 0.000069
iter 24: download_copy_time_cuda = 0.000429

iter 25: cpu_time_cuda = 0.133734
iter 25: gpu_time1_cuda = 0.097498
iter 25: gpu_time2_cuda = 0.004586
iter 25: upload_copy_time1_cuda = 0.002210
iter 25: download_copy_time_cuda = 0.002033
iter 25: upload_copy_time2_cuda = 0.000067
iter 25: download_copy_time_cuda = 0.000451

iter 26: cpu_time_cuda = 0.132341
iter 26: gpu_time1_cuda = 0.097145
iter 26: gpu_time2_cuda = 0.004534
iter 26: upload_copy_time1_cuda = 0.002106
iter 26: download_copy_time_cuda = 0.002005
iter 26: upload_copy_time2_cuda = 0.000067
iter 26: download_copy_time_cuda = 0.000736

iter 27: cpu_time_cuda = 0.131050
iter 27: gpu_time1_cuda = 0.094028
iter 27: gpu_time2_cuda = 0.004493
iter 27: upload_copy_time1_cuda = 0.002083
iter 27: download_copy_time_cuda = 0.001991
iter 27: upload_copy_time2_cuda = 0.000068
iter 27: download_copy_time_cuda = 0.000755

iter 28: cpu_time_cuda = 0.130071
iter 28: gpu_time1_cuda = 0.093625
iter 28: gpu_time2_cuda = 0.004448
iter 28: upload_copy_time1_cuda = 0.002065
iter 28: download_copy_time_cuda = 0.001977
iter 28: upload_copy_time2_cuda = 0.000066
iter 28: download_copy_time_cuda = 0.000687

iter 29: cpu_time_cuda = 0.128610
iter 29: gpu_time1_cuda = 0.091485
iter 29: gpu_time2_cuda = 0.004384
iter 29: upload_copy_time1_cuda = 0.002044
iter 29: download_copy_time_cuda = 0.001947
iter 29: upload_copy_time2_cuda = 0.000069
iter 29: download_copy_time_cuda = 0.000706

iter 30: cpu_time_cuda = 0.127096
iter 30: gpu_time1_cuda = 0.086047
iter 30: gpu_time2_cuda = 0.004376
iter 30: upload_copy_time1_cuda = 0.002024
iter 30: download_copy_time_cuda = 0.001952
iter 30: upload_copy_time2_cuda = 0.000068
iter 30: download_copy_time_cuda = 0.000719

iter 31: cpu_time_cuda = 0.125876
iter 31: gpu_time1_cuda = 0.079970
iter 31: gpu_time2_cuda = 0.004282
iter 31: upload_copy_time1_cuda = 0.002013
iter 31: download_copy_time_cuda = 0.001936
iter 31: upload_copy_time2_cuda = 0.000068
iter 31: download_copy_time_cuda = 0.000749

iter 32: cpu_time_cuda = 0.125522
iter 32: gpu_time1_cuda = 0.082420
iter 32: gpu_time2_cuda = 0.004295
iter 32: upload_copy_time1_cuda = 0.002000
iter 32: download_copy_time_cuda = 0.001891
iter 32: upload_copy_time2_cuda = 0.000069
iter 32: download_copy_time_cuda = 0.000756

iter 33: cpu_time_cuda = 0.123318
iter 33: gpu_time1_cuda = 0.080971
iter 33: gpu_time2_cuda = 0.004218
iter 33: upload_copy_time1_cuda = 0.001998
iter 33: download_copy_time_cuda = 0.001885
iter 33: upload_copy_time2_cuda = 0.000067
iter 33: download_copy_time_cuda = 0.000770

iter 34: cpu_time_cuda = 0.122141
iter 34: gpu_time1_cuda = 0.080517
iter 34: gpu_time2_cuda = 0.004193
iter 34: upload_copy_time1_cuda = 0.001958
iter 34: download_copy_time_cuda = 0.001868
iter 34: upload_copy_time2_cuda = 0.000068
iter 34: download_copy_time_cuda = 0.000807

iter 35: cpu_time_cuda = 0.120467
iter 35: gpu_time1_cuda = 0.077966
iter 35: gpu_time2_cuda = 0.004135
iter 35: upload_copy_time1_cuda = 0.001958
iter 35: download_copy_time_cuda = 0.001863
iter 35: upload_copy_time2_cuda = 0.000066
iter 35: download_copy_time_cuda = 0.000897

iter 36: cpu_time_cuda = 0.119182
iter 36: gpu_time1_cuda = 0.076869
iter 36: gpu_time2_cuda = 0.004108
iter 36: upload_copy_time1_cuda = 0.001949
iter 36: download_copy_time_cuda = 0.001852
iter 36: upload_copy_time2_cuda = 0.000066
iter 36: download_copy_time_cuda = 0.000828

iter 37: cpu_time_cuda = 0.118348
iter 37: gpu_time1_cuda = 0.075303
iter 37: gpu_time2_cuda = 0.004048
iter 37: upload_copy_time1_cuda = 0.001904
iter 37: download_copy_time_cuda = 0.001806
iter 37: upload_copy_time2_cuda = 0.000066
iter 37: download_copy_time_cuda = 0.000857

iter 38: cpu_time_cuda = 0.116685
iter 38: gpu_time1_cuda = 0.075171
iter 38: gpu_time2_cuda = 0.004018
iter 38: upload_copy_time1_cuda = 0.001882
iter 38: download_copy_time_cuda = 0.001812
iter 38: upload_copy_time2_cuda = 0.000064
iter 38: download_copy_time_cuda = 0.000865

iter 39: cpu_time_cuda = 0.115996
iter 39: gpu_time1_cuda = 0.071923
iter 39: gpu_time2_cuda = 0.003956
iter 39: upload_copy_time1_cuda = 0.001873
iter 39: download_copy_time_cuda = 0.001805
iter 39: upload_copy_time2_cuda = 0.000067
iter 39: download_copy_time_cuda = 0.000876

iter 40: cpu_time_cuda = 0.114072
iter 40: gpu_time1_cuda = 0.071563
iter 40: gpu_time2_cuda = 0.003943
iter 40: upload_copy_time1_cuda = 0.001856
iter 40: download_copy_time_cuda = 0.001789
iter 40: upload_copy_time2_cuda = 0.000066
iter 40: download_copy_time_cuda = 0.000891

iter 41: cpu_time_cuda = 0.112891
iter 41: gpu_time1_cuda = 0.070677
iter 41: gpu_time2_cuda = 0.003890
iter 41: upload_copy_time1_cuda = 0.001822
iter 41: download_copy_time_cuda = 0.001781
iter 41: upload_copy_time2_cuda = 0.000067
iter 41: download_copy_time_cuda = 0.000999

iter 42: cpu_time_cuda = 0.112002
iter 42: gpu_time1_cuda = 0.069952
iter 42: gpu_time2_cuda = 0.003833
iter 42: upload_copy_time1_cuda = 0.001890
iter 42: download_copy_time_cuda = 0.001739
iter 42: upload_copy_time2_cuda = 0.000062
iter 42: download_copy_time_cuda = 0.000938

iter 43: cpu_time_cuda = 0.110387
iter 43: gpu_time1_cuda = 0.067841
iter 43: gpu_time2_cuda = 0.003797
iter 43: upload_copy_time1_cuda = 0.001813
iter 43: download_copy_time_cuda = 0.001729
iter 43: upload_copy_time2_cuda = 0.000067
iter 43: download_copy_time_cuda = 0.000943

iter 44: cpu_time_cuda = 0.109274
iter 44: gpu_time1_cuda = 0.063856
iter 44: gpu_time2_cuda = 0.003771
iter 44: upload_copy_time1_cuda = 0.001794
iter 44: download_copy_time_cuda = 0.001694
iter 44: upload_copy_time2_cuda = 0.000069
iter 44: download_copy_time_cuda = 0.000958

iter 45: cpu_time_cuda = 0.107665
iter 45: gpu_time1_cuda = 0.061329
iter 45: gpu_time2_cuda = 0.003706
iter 45: upload_copy_time1_cuda = 0.001747
iter 45: download_copy_time_cuda = 0.001671
iter 45: upload_copy_time2_cuda = 0.000063
iter 45: download_copy_time_cuda = 0.000975

iter 46: cpu_time_cuda = 0.106399
iter 46: gpu_time1_cuda = 0.060403
iter 46: gpu_time2_cuda = 0.003672
iter 46: upload_copy_time1_cuda = 0.001732
iter 46: download_copy_time_cuda = 0.001677
iter 46: upload_copy_time2_cuda = 0.000068
iter 46: download_copy_time_cuda = 0.001000

iter 47: cpu_time_cuda = 0.104931
iter 47: gpu_time1_cuda = 0.057690
iter 47: gpu_time2_cuda = 0.003619
iter 47: upload_copy_time1_cuda = 0.001718
iter 47: download_copy_time_cuda = 0.001660
iter 47: upload_copy_time2_cuda = 0.000067
iter 47: download_copy_time_cuda = 0.001014

iter 48: cpu_time_cuda = 0.103833
iter 48: gpu_time1_cuda = 0.057603
iter 48: gpu_time2_cuda = 0.003616
iter 48: upload_copy_time1_cuda = 0.001698
iter 48: download_copy_time_cuda = 0.001732
iter 48: upload_copy_time2_cuda = 0.000067
iter 48: download_copy_time_cuda = 0.001051

iter 49: cpu_time_cuda = 0.102332
iter 49: gpu_time1_cuda = 0.054196
iter 49: gpu_time2_cuda = 0.003555
iter 49: upload_copy_time1_cuda = 0.001672
iter 49: download_copy_time_cuda = 0.001631
iter 49: upload_copy_time2_cuda = 0.000066
iter 49: download_copy_time_cuda = 0.001071

iter 50: cpu_time_cuda = 0.101441
iter 50: gpu_time1_cuda = 0.056176
iter 50: gpu_time2_cuda = 0.003510
iter 50: upload_copy_time1_cuda = 0.001686
iter 50: download_copy_time_cuda = 0.001582
iter 50: upload_copy_time2_cuda = 0.000067
iter 50: download_copy_time_cuda = 0.001076

iter 51: cpu_time_cuda = 0.099706
iter 51: gpu_time1_cuda = 0.054993
iter 51: gpu_time2_cuda = 0.003478
iter 51: upload_copy_time1_cuda = 0.001659
iter 51: download_copy_time_cuda = 0.001680
iter 51: upload_copy_time2_cuda = 0.000066
iter 51: download_copy_time_cuda = 0.001100

iter 52: cpu_time_cuda = 0.098472
iter 52: gpu_time1_cuda = 0.055696
iter 52: gpu_time2_cuda = 0.003413
iter 52: upload_copy_time1_cuda = 0.001623
iter 52: download_copy_time_cuda = 0.001597
iter 52: upload_copy_time2_cuda = 0.000066
iter 52: download_copy_time_cuda = 0.001089

iter 53: cpu_time_cuda = 0.097323
iter 53: gpu_time1_cuda = 0.051609
iter 53: gpu_time2_cuda = 0.003378
iter 53: upload_copy_time1_cuda = 0.001625
iter 53: download_copy_time_cuda = 0.001561
iter 53: upload_copy_time2_cuda = 0.000061
iter 53: download_copy_time_cuda = 0.001139

iter 54: cpu_time_cuda = 0.096646
iter 54: gpu_time1_cuda = 0.052559
iter 54: gpu_time2_cuda = 0.003321
iter 54: upload_copy_time1_cuda = 0.001396
iter 54: download_copy_time_cuda = 0.001514
iter 54: upload_copy_time2_cuda = 0.000065
iter 54: download_copy_time_cuda = 0.000944

iter 55: cpu_time_cuda = 0.094687
iter 55: gpu_time1_cuda = 0.048993
iter 55: gpu_time2_cuda = 0.003299
iter 55: upload_copy_time1_cuda = 0.001377
iter 55: download_copy_time_cuda = 0.001312
iter 55: upload_copy_time2_cuda = 0.000065
iter 55: download_copy_time_cuda = 0.000959

iter 56: cpu_time_cuda = 0.093497
iter 56: gpu_time1_cuda = 0.049487
iter 56: gpu_time2_cuda = 0.003228
iter 56: upload_copy_time1_cuda = 0.001355
iter 56: download_copy_time_cuda = 0.001290
iter 56: upload_copy_time2_cuda = 0.000065
iter 56: download_copy_time_cuda = 0.000974

iter 57: cpu_time_cuda = 0.092037
iter 57: gpu_time1_cuda = 0.047372
iter 57: gpu_time2_cuda = 0.003219
iter 57: upload_copy_time1_cuda = 0.001335
iter 57: download_copy_time_cuda = 0.001278
iter 57: upload_copy_time2_cuda = 0.000066
iter 57: download_copy_time_cuda = 0.000991

iter 58: cpu_time_cuda = 0.090741
iter 58: gpu_time1_cuda = 0.044748
iter 58: gpu_time2_cuda = 0.003149
iter 58: upload_copy_time1_cuda = 0.001315
iter 58: download_copy_time_cuda = 0.001286
iter 58: upload_copy_time2_cuda = 0.000065
iter 58: download_copy_time_cuda = 0.001016

iter 59: cpu_time_cuda = 0.089367
iter 59: gpu_time1_cuda = 0.042598
iter 59: gpu_time2_cuda = 0.003115
iter 59: upload_copy_time1_cuda = 0.001295
iter 59: download_copy_time_cuda = 0.001244
iter 59: upload_copy_time2_cuda = 0.000061
iter 59: download_copy_time_cuda = 0.001033

iter 60: cpu_time_cuda = 0.088057
iter 60: gpu_time1_cuda = 0.042688
iter 60: gpu_time2_cuda = 0.003063
iter 60: upload_copy_time1_cuda = 0.001291
iter 60: download_copy_time_cuda = 0.001214
iter 60: upload_copy_time2_cuda = 0.000058
iter 60: download_copy_time_cuda = 0.001050

iter 61: cpu_time_cuda = 0.086925
iter 61: gpu_time1_cuda = 0.039807
iter 61: gpu_time2_cuda = 0.003040
iter 61: upload_copy_time1_cuda = 0.001267
iter 61: download_copy_time_cuda = 0.001216
iter 61: upload_copy_time2_cuda = 0.000065
iter 61: download_copy_time_cuda = 0.001065

iter 62: cpu_time_cuda = 0.085453
iter 62: gpu_time1_cuda = 0.039451
iter 62: gpu_time2_cuda = 0.002985
iter 62: upload_copy_time1_cuda = 0.001246
iter 62: download_copy_time_cuda = 0.001190
iter 62: upload_copy_time2_cuda = 0.000063
iter 62: download_copy_time_cuda = 0.001081

iter 63: cpu_time_cuda = 0.084189
iter 63: gpu_time1_cuda = 0.037941
iter 63: gpu_time2_cuda = 0.002966
iter 63: upload_copy_time1_cuda = 0.001233
iter 63: download_copy_time_cuda = 0.001172
iter 63: upload_copy_time2_cuda = 0.000064
iter 63: download_copy_time_cuda = 0.001126

iter 64: cpu_time_cuda = 0.083333
iter 64: gpu_time1_cuda = 0.037668
iter 64: gpu_time2_cuda = 0.002910
iter 64: upload_copy_time1_cuda = 0.001212
iter 64: download_copy_time_cuda = 0.001149
iter 64: upload_copy_time2_cuda = 0.000065
iter 64: download_copy_time_cuda = 0.001125

iter 65: cpu_time_cuda = 0.081606
iter 65: gpu_time1_cuda = 0.036487
iter 65: gpu_time2_cuda = 0.002868
iter 65: upload_copy_time1_cuda = 0.001191
iter 65: download_copy_time_cuda = 0.001125
iter 65: upload_copy_time2_cuda = 0.000065
iter 65: download_copy_time_cuda = 0.001131

iter 66: cpu_time_cuda = 0.080388
iter 66: gpu_time1_cuda = 0.035627
iter 66: gpu_time2_cuda = 0.002833
iter 66: upload_copy_time1_cuda = 0.001169
iter 66: download_copy_time_cuda = 0.001120
iter 66: upload_copy_time2_cuda = 0.000064
iter 66: download_copy_time_cuda = 0.001158

iter 67: cpu_time_cuda = 0.079152
iter 67: gpu_time1_cuda = 0.033294
iter 67: gpu_time2_cuda = 0.002788
iter 67: upload_copy_time1_cuda = 0.001149
iter 67: download_copy_time_cuda = 0.001099
iter 67: upload_copy_time2_cuda = 0.000068
iter 67: download_copy_time_cuda = 0.001173

iter 68: cpu_time_cuda = 0.077757
iter 68: gpu_time1_cuda = 0.033502
iter 68: gpu_time2_cuda = 0.002738
iter 68: upload_copy_time1_cuda = 0.001129
iter 68: download_copy_time_cuda = 0.001082
iter 68: upload_copy_time2_cuda = 0.000064
iter 68: download_copy_time_cuda = 0.001188

iter 69: cpu_time_cuda = 0.077338
iter 69: gpu_time1_cuda = 0.032633
iter 69: gpu_time2_cuda = 0.002715
iter 69: upload_copy_time1_cuda = 0.001112
iter 69: download_copy_time_cuda = 0.001068
iter 69: upload_copy_time2_cuda = 0.000066
iter 69: download_copy_time_cuda = 0.001206

iter 70: cpu_time_cuda = 0.075162
iter 70: gpu_time1_cuda = 0.032141
iter 70: gpu_time2_cuda = 0.002652
iter 70: upload_copy_time1_cuda = 0.001091
iter 70: download_copy_time_cuda = 0.001046
iter 70: upload_copy_time2_cuda = 0.000065
iter 70: download_copy_time_cuda = 0.001220

iter 71: cpu_time_cuda = 0.073758
iter 71: gpu_time1_cuda = 0.031300
iter 71: gpu_time2_cuda = 0.002600
iter 71: upload_copy_time1_cuda = 0.001074
iter 71: download_copy_time_cuda = 0.001033
iter 71: upload_copy_time2_cuda = 0.000065
iter 71: download_copy_time_cuda = 0.001234

iter 72: cpu_time_cuda = 0.072499
iter 72: gpu_time1_cuda = 0.028461
iter 72: gpu_time2_cuda = 0.002550
iter 72: upload_copy_time1_cuda = 0.001054
iter 72: download_copy_time_cuda = 0.001015
iter 72: upload_copy_time2_cuda = 0.000064
iter 72: download_copy_time_cuda = 0.001251

iter 73: cpu_time_cuda = 0.071155
iter 73: gpu_time1_cuda = 0.027672
iter 73: gpu_time2_cuda = 0.002517
iter 73: upload_copy_time1_cuda = 0.001045
iter 73: download_copy_time_cuda = 0.000995
iter 73: upload_copy_time2_cuda = 0.000064
iter 73: download_copy_time_cuda = 0.001275

iter 74: cpu_time_cuda = 0.069742
iter 74: gpu_time1_cuda = 0.027203
iter 74: gpu_time2_cuda = 0.002459
iter 74: upload_copy_time1_cuda = 0.001025
iter 74: download_copy_time_cuda = 0.000982
iter 74: upload_copy_time2_cuda = 0.000064
iter 74: download_copy_time_cuda = 0.001291

iter 75: cpu_time_cuda = 0.068564
iter 75: gpu_time1_cuda = 0.025721
iter 75: gpu_time2_cuda = 0.002431
iter 75: upload_copy_time1_cuda = 0.001007
iter 75: download_copy_time_cuda = 0.000960
iter 75: upload_copy_time2_cuda = 0.000064
iter 75: download_copy_time_cuda = 0.001315

iter 76: cpu_time_cuda = 0.067400
iter 76: gpu_time1_cuda = 0.025465
iter 76: gpu_time2_cuda = 0.002386
iter 76: upload_copy_time1_cuda = 0.000987
iter 76: download_copy_time_cuda = 0.000977
iter 76: upload_copy_time2_cuda = 0.000065
iter 76: download_copy_time_cuda = 0.001326

iter 77: cpu_time_cuda = 0.065986
iter 77: gpu_time1_cuda = 0.024062
iter 77: gpu_time2_cuda = 0.002348
iter 77: upload_copy_time1_cuda = 0.000964
iter 77: download_copy_time_cuda = 0.000927
iter 77: upload_copy_time2_cuda = 0.000065
iter 77: download_copy_time_cuda = 0.001339

iter 78: cpu_time_cuda = 0.064813
iter 78: gpu_time1_cuda = 0.023957
iter 78: gpu_time2_cuda = 0.002311
iter 78: upload_copy_time1_cuda = 0.000951
iter 78: download_copy_time_cuda = 0.000906
iter 78: upload_copy_time2_cuda = 0.000064
iter 78: download_copy_time_cuda = 0.001374

iter 79: cpu_time_cuda = 0.063737
iter 79: gpu_time1_cuda = 0.022704
iter 79: gpu_time2_cuda = 0.002271
iter 79: upload_copy_time1_cuda = 0.000928
iter 79: download_copy_time_cuda = 0.000906
iter 79: upload_copy_time2_cuda = 0.000064
iter 79: download_copy_time_cuda = 0.001391

iter 80: cpu_time_cuda = 0.062401
iter 80: gpu_time1_cuda = 0.022799
iter 80: gpu_time2_cuda = 0.002239
iter 80: upload_copy_time1_cuda = 0.000907
iter 80: download_copy_time_cuda = 0.000873
iter 80: upload_copy_time2_cuda = 0.000064
iter 80: download_copy_time_cuda = 0.001402

iter 81: cpu_time_cuda = 0.060821
iter 81: gpu_time1_cuda = 0.021746
iter 81: gpu_time2_cuda = 0.002175
iter 81: upload_copy_time1_cuda = 0.000890
iter 81: download_copy_time_cuda = 0.000857
iter 81: upload_copy_time2_cuda = 0.000064
iter 81: download_copy_time_cuda = 0.001403

iter 82: cpu_time_cuda = 0.059552
iter 82: gpu_time1_cuda = 0.021070
iter 82: gpu_time2_cuda = 0.002157
iter 82: upload_copy_time1_cuda = 0.000877
iter 82: download_copy_time_cuda = 0.000840
iter 82: upload_copy_time2_cuda = 0.000060
iter 82: download_copy_time_cuda = 0.001420

iter 83: cpu_time_cuda = 0.058542
iter 83: gpu_time1_cuda = 0.019917
iter 83: gpu_time2_cuda = 0.002098
iter 83: upload_copy_time1_cuda = 0.000863
iter 83: download_copy_time_cuda = 0.000866
iter 83: upload_copy_time2_cuda = 0.000064
iter 83: download_copy_time_cuda = 0.001445

iter 84: cpu_time_cuda = 0.056910
iter 84: gpu_time1_cuda = 0.020137
iter 84: gpu_time2_cuda = 0.002039
iter 84: upload_copy_time1_cuda = 0.000840
iter 84: download_copy_time_cuda = 0.000818
iter 84: upload_copy_time2_cuda = 0.000064
iter 84: download_copy_time_cuda = 0.001464

iter 85: cpu_time_cuda = 0.055547
iter 85: gpu_time1_cuda = 0.019081
iter 85: gpu_time2_cuda = 0.002004
iter 85: upload_copy_time1_cuda = 0.000823
iter 85: download_copy_time_cuda = 0.000798
iter 85: upload_copy_time2_cuda = 0.000064
iter 85: download_copy_time_cuda = 0.001475

iter 86: cpu_time_cuda = 0.054263
iter 86: gpu_time1_cuda = 0.016223
iter 86: gpu_time2_cuda = 0.001969
iter 86: upload_copy_time1_cuda = 0.000797
iter 86: download_copy_time_cuda = 0.000779
iter 86: upload_copy_time2_cuda = 0.000065
iter 86: download_copy_time_cuda = 0.001537

iter 87: cpu_time_cuda = 0.052984
iter 87: gpu_time1_cuda = 0.015300
iter 87: gpu_time2_cuda = 0.001903
iter 87: upload_copy_time1_cuda = 0.000784
iter 87: download_copy_time_cuda = 0.000762
iter 87: upload_copy_time2_cuda = 0.000064
iter 87: download_copy_time_cuda = 0.001521

iter 88: cpu_time_cuda = 0.051779
iter 88: gpu_time1_cuda = 0.015550
iter 88: gpu_time2_cuda = 0.001866
iter 88: upload_copy_time1_cuda = 0.000761
iter 88: download_copy_time_cuda = 0.000744
iter 88: upload_copy_time2_cuda = 0.000065
iter 88: download_copy_time_cuda = 0.001527

iter 89: cpu_time_cuda = 0.050574
iter 89: gpu_time1_cuda = 0.014567
iter 89: gpu_time2_cuda = 0.001837
iter 89: upload_copy_time1_cuda = 0.000751
iter 89: download_copy_time_cuda = 0.000721
iter 89: upload_copy_time2_cuda = 0.000064
iter 89: download_copy_time_cuda = 0.001540

iter 90: cpu_time_cuda = 0.048956
iter 90: gpu_time1_cuda = 0.013905
iter 90: gpu_time2_cuda = 0.001788
iter 90: upload_copy_time1_cuda = 0.000721
iter 90: download_copy_time_cuda = 0.000714
iter 90: upload_copy_time2_cuda = 0.000063
iter 90: download_copy_time_cuda = 0.001566

iter 91: cpu_time_cuda = 0.047803
iter 91: gpu_time1_cuda = 0.013298
iter 91: gpu_time2_cuda = 0.001750
iter 91: upload_copy_time1_cuda = 0.000717
iter 91: download_copy_time_cuda = 0.000697
iter 91: upload_copy_time2_cuda = 0.000064
iter 91: download_copy_time_cuda = 0.001590

iter 92: cpu_time_cuda = 0.046698
iter 92: gpu_time1_cuda = 0.013146
iter 92: gpu_time2_cuda = 0.001713
iter 92: upload_copy_time1_cuda = 0.000686
iter 92: download_copy_time_cuda = 0.000680
iter 92: upload_copy_time2_cuda = 0.000065
iter 92: download_copy_time_cuda = 0.001607

iter 93: cpu_time_cuda = 0.045405
iter 93: gpu_time1_cuda = 0.012509
iter 93: gpu_time2_cuda = 0.001669
iter 93: upload_copy_time1_cuda = 0.000677
iter 93: download_copy_time_cuda = 0.000661
iter 93: upload_copy_time2_cuda = 0.000065
iter 93: download_copy_time_cuda = 0.001619

iter 94: cpu_time_cuda = 0.043656
iter 94: gpu_time1_cuda = 0.012174
iter 94: gpu_time2_cuda = 0.001621
iter 94: upload_copy_time1_cuda = 0.000652
iter 94: download_copy_time_cuda = 0.000643
iter 94: upload_copy_time2_cuda = 0.000064
iter 94: download_copy_time_cuda = 0.001633

iter 95: cpu_time_cuda = 0.042472
iter 95: gpu_time1_cuda = 0.011068
iter 95: gpu_time2_cuda = 0.001571
iter 95: upload_copy_time1_cuda = 0.000639
iter 95: download_copy_time_cuda = 0.000622
iter 95: upload_copy_time2_cuda = 0.000064
iter 95: download_copy_time_cuda = 0.001943

iter 96: cpu_time_cuda = 0.041250
iter 96: gpu_time1_cuda = 0.010630
iter 96: gpu_time2_cuda = 0.001535
iter 96: upload_copy_time1_cuda = 0.000614
iter 96: download_copy_time_cuda = 0.000599
iter 96: upload_copy_time2_cuda = 0.000063
iter 96: download_copy_time_cuda = 0.001943

iter 97: cpu_time_cuda = 0.040025
iter 97: gpu_time1_cuda = 0.010245
iter 97: gpu_time2_cuda = 0.001480
iter 97: upload_copy_time1_cuda = 0.000598
iter 97: download_copy_time_cuda = 0.000595
iter 97: upload_copy_time2_cuda = 0.000065
iter 97: download_copy_time_cuda = 0.002026

iter 98: cpu_time_cuda = 0.039034
iter 98: gpu_time1_cuda = 0.009663
iter 98: gpu_time2_cuda = 0.001450
iter 98: upload_copy_time1_cuda = 0.000577
iter 98: download_copy_time_cuda = 0.000581
iter 98: upload_copy_time2_cuda = 0.000063
iter 98: download_copy_time_cuda = 0.001931

iter 99: cpu_time_cuda = 0.037345
iter 99: gpu_time1_cuda = 0.009209
iter 99: gpu_time2_cuda = 0.001409
iter 99: upload_copy_time1_cuda = 0.000558
iter 99: download_copy_time_cuda = 0.000561
iter 99: upload_copy_time2_cuda = 0.000064
iter 99: download_copy_time_cuda = 0.001973

iter 100: cpu_time_cuda = 0.036117
iter 100: gpu_time1_cuda = 0.007756
iter 100: gpu_time2_cuda = 0.001367
iter 100: upload_copy_time1_cuda = 0.000546
iter 100: download_copy_time_cuda = 0.000532
iter 100: upload_copy_time2_cuda = 0.000064
iter 100: download_copy_time_cuda = 0.001934

iter 101: cpu_time_cuda = 0.034681
iter 101: gpu_time1_cuda = 0.007125
iter 101: gpu_time2_cuda = 0.001303
iter 101: upload_copy_time1_cuda = 0.000521
iter 101: download_copy_time_cuda = 0.000515
iter 101: upload_copy_time2_cuda = 0.000064
iter 101: download_copy_time_cuda = 0.002049

iter 102: cpu_time_cuda = 0.033415
iter 102: gpu_time1_cuda = 0.006709
iter 102: gpu_time2_cuda = 0.001266
iter 102: upload_copy_time1_cuda = 0.000508
iter 102: download_copy_time_cuda = 0.000508
iter 102: upload_copy_time2_cuda = 0.000064
iter 102: download_copy_time_cuda = 0.001986

iter 103: cpu_time_cuda = 0.032007
iter 103: gpu_time1_cuda = 0.006391
iter 103: gpu_time2_cuda = 0.001231
iter 103: upload_copy_time1_cuda = 0.000484
iter 103: download_copy_time_cuda = 0.000486
iter 103: upload_copy_time2_cuda = 0.000063
iter 103: download_copy_time_cuda = 0.001996

iter 104: cpu_time_cuda = 0.030673
iter 104: gpu_time1_cuda = 0.005985
iter 104: gpu_time2_cuda = 0.001194
iter 104: upload_copy_time1_cuda = 0.000481
iter 104: download_copy_time_cuda = 0.000467
iter 104: upload_copy_time2_cuda = 0.000063
iter 104: download_copy_time_cuda = 0.001985

iter 105: cpu_time_cuda = 0.029378
iter 105: gpu_time1_cuda = 0.005671
iter 105: gpu_time2_cuda = 0.001146
iter 105: upload_copy_time1_cuda = 0.000453
iter 105: download_copy_time_cuda = 0.000445
iter 105: upload_copy_time2_cuda = 0.000063
iter 105: download_copy_time_cuda = 0.002028

iter 106: cpu_time_cuda = 0.028151
iter 106: gpu_time1_cuda = 0.005489
iter 106: gpu_time2_cuda = 0.001109
iter 106: upload_copy_time1_cuda = 0.000433
iter 106: download_copy_time_cuda = 0.000420
iter 106: upload_copy_time2_cuda = 0.000060
iter 106: download_copy_time_cuda = 0.002036

iter 107: cpu_time_cuda = 0.026792
iter 107: gpu_time1_cuda = 0.004937
iter 107: gpu_time2_cuda = 0.001072
iter 107: upload_copy_time1_cuda = 0.000411
iter 107: download_copy_time_cuda = 0.000417
iter 107: upload_copy_time2_cuda = 0.000063
iter 107: download_copy_time_cuda = 0.002050

iter 108: cpu_time_cuda = 0.025548
iter 108: gpu_time1_cuda = 0.004693
iter 108: gpu_time2_cuda = 0.001018
iter 108: upload_copy_time1_cuda = 0.000391
iter 108: download_copy_time_cuda = 0.000392
iter 108: upload_copy_time2_cuda = 0.000064
iter 108: download_copy_time_cuda = 0.002056

iter 109: cpu_time_cuda = 0.024277
iter 109: gpu_time1_cuda = 0.004082
iter 109: gpu_time2_cuda = 0.000975
iter 109: upload_copy_time1_cuda = 0.000374
iter 109: download_copy_time_cuda = 0.000375
iter 109: upload_copy_time2_cuda = 0.000064
iter 109: download_copy_time_cuda = 0.002084

iter 110: cpu_time_cuda = 0.023069
iter 110: gpu_time1_cuda = 0.003879
iter 110: gpu_time2_cuda = 0.000939
iter 110: upload_copy_time1_cuda = 0.000358
iter 110: download_copy_time_cuda = 0.000356
iter 110: upload_copy_time2_cuda = 0.000063
iter 110: download_copy_time_cuda = 0.002085

iter 111: cpu_time_cuda = 0.021493
iter 111: gpu_time1_cuda = 0.003579
iter 111: gpu_time2_cuda = 0.000903
iter 111: upload_copy_time1_cuda = 0.000366
iter 111: download_copy_time_cuda = 0.000325
iter 111: upload_copy_time2_cuda = 0.000062
iter 111: download_copy_time_cuda = 0.002122

iter 112: cpu_time_cuda = 0.020412
iter 112: gpu_time1_cuda = 0.003402
iter 112: gpu_time2_cuda = 0.000859
iter 112: upload_copy_time1_cuda = 0.000317
iter 112: download_copy_time_cuda = 0.000315
iter 112: upload_copy_time2_cuda = 0.000064
iter 112: download_copy_time_cuda = 0.002163

iter 113: cpu_time_cuda = 0.019767
iter 113: gpu_time1_cuda = 0.003089
iter 113: gpu_time2_cuda = 0.000814
iter 113: upload_copy_time1_cuda = 0.000316
iter 113: download_copy_time_cuda = 0.000295
iter 113: upload_copy_time2_cuda = 0.000058
iter 113: download_copy_time_cuda = 0.002164

iter 114: cpu_time_cuda = 0.018038
iter 114: gpu_time1_cuda = 0.002082
iter 114: gpu_time2_cuda = 0.000664
iter 114: upload_copy_time1_cuda = 0.000286
iter 114: download_copy_time_cuda = 0.000263
iter 114: upload_copy_time2_cuda = 0.000063
iter 114: download_copy_time_cuda = 0.002200

iter 115: cpu_time_cuda = 0.016595
iter 115: gpu_time1_cuda = 0.001824
iter 115: gpu_time2_cuda = 0.000604
iter 115: upload_copy_time1_cuda = 0.000270
iter 115: download_copy_time_cuda = 0.000261
iter 115: upload_copy_time2_cuda = 0.000064
iter 115: download_copy_time_cuda = 0.002193

iter 116: cpu_time_cuda = 0.015179
iter 116: gpu_time1_cuda = 0.001608
iter 116: gpu_time2_cuda = 0.000577
iter 116: upload_copy_time1_cuda = 0.000249
iter 116: download_copy_time_cuda = 0.000239
iter 116: upload_copy_time2_cuda = 0.000063
iter 116: download_copy_time_cuda = 0.002208

iter 117: cpu_time_cuda = 0.014169
iter 117: gpu_time1_cuda = 0.001426
iter 117: gpu_time2_cuda = 0.000543
iter 117: upload_copy_time1_cuda = 0.000226
iter 117: download_copy_time_cuda = 0.000229
iter 117: upload_copy_time2_cuda = 0.000064
iter 117: download_copy_time_cuda = 0.002224

iter 118: cpu_time_cuda = 0.012613
iter 118: gpu_time1_cuda = 0.001308
iter 118: gpu_time2_cuda = 0.000511
iter 118: upload_copy_time1_cuda = 0.000207
iter 118: download_copy_time_cuda = 0.000210
iter 118: upload_copy_time2_cuda = 0.000063
iter 118: download_copy_time_cuda = 0.002240

iter 119: cpu_time_cuda = 0.011459
iter 119: gpu_time1_cuda = 0.001147
iter 119: gpu_time2_cuda = 0.000478
iter 119: upload_copy_time1_cuda = 0.000191
iter 119: download_copy_time_cuda = 0.000188
iter 119: upload_copy_time2_cuda = 0.000060
iter 119: download_copy_time_cuda = 0.002253

iter 120: cpu_time_cuda = 0.010067
iter 120: gpu_time1_cuda = 0.001040
iter 120: gpu_time2_cuda = 0.000444
iter 120: upload_copy_time1_cuda = 0.000168
iter 120: download_copy_time_cuda = 0.000163
iter 120: upload_copy_time2_cuda = 0.000063
iter 120: download_copy_time_cuda = 0.002284

iter 121: cpu_time_cuda = 0.008901
iter 121: gpu_time1_cuda = 0.000801
iter 121: gpu_time2_cuda = 0.000418
iter 121: upload_copy_time1_cuda = 0.000151
iter 121: download_copy_time_cuda = 0.000156
iter 121: upload_copy_time2_cuda = 0.000063
iter 121: download_copy_time_cuda = 0.002290

iter 122: cpu_time_cuda = 0.007652
iter 122: gpu_time1_cuda = 0.000640
iter 122: gpu_time2_cuda = 0.000360
iter 122: upload_copy_time1_cuda = 0.000132
iter 122: download_copy_time_cuda = 0.000141
iter 122: upload_copy_time2_cuda = 0.000067
iter 122: download_copy_time_cuda = 0.002320

iter 123: cpu_time_cuda = 0.006463
iter 123: gpu_time1_cuda = 0.000514
iter 123: gpu_time2_cuda = 0.000332
iter 123: upload_copy_time1_cuda = 0.000119
iter 123: download_copy_time_cuda = 0.000129
iter 123: upload_copy_time2_cuda = 0.000064
iter 123: download_copy_time_cuda = 0.002333

iter 124: cpu_time_cuda = 0.005148
iter 124: gpu_time1_cuda = 0.000399
iter 124: gpu_time2_cuda = 0.000298
iter 124: upload_copy_time1_cuda = 0.000106
iter 124: download_copy_time_cuda = 0.000124
iter 124: upload_copy_time2_cuda = 0.000063
iter 124: download_copy_time_cuda = 0.002339

iter 125: cpu_time_cuda = 0.003935
iter 125: gpu_time1_cuda = 0.000328
iter 125: gpu_time2_cuda = 0.000266
iter 125: upload_copy_time1_cuda = 0.000099
iter 125: download_copy_time_cuda = 0.000110
iter 125: upload_copy_time2_cuda = 0.000063
iter 125: download_copy_time_cuda = 0.002362

iter 126: cpu_time_cuda = 0.002707
iter 126: gpu_time1_cuda = 0.000263
iter 126: gpu_time2_cuda = 0.000237
iter 126: upload_copy_time1_cuda = 0.000086
iter 126: download_copy_time_cuda = 0.000103
iter 126: upload_copy_time2_cuda = 0.000063
iter 126: download_copy_time_cuda = 0.002378

total_cpu_time_cuda = 10.546711
total_gpu_time_cuda = 6.699901
total_copy_time_cuda = 0.485198
main_loop_time_cuda = 18.048399
15360 15360     ---   (  ---  )    267.66 (  18.05)       ---
total_time = 25.101797
22.51user 3.12system 0:26.75elapsed 95%CPU (0avgtext+0avgdata 3842120maxresident)k
3856inputs+0outputs (1major+482960minor)pagefaults 0swaps
send out message: 22 3 log
