send out message: 24 37 /home/lchen/MAGMA/magma-1.6.1/results
send out message: 20 26 MAGMA_LU_GPUDVFS.total.pwr
MAGMA 1.6.1  compiled for CUDA capability >= 3.0
CUDA runtime 5000, driver 6050. MAGMA not compiled with OpenMP. 
ndevices 1
device 0: Tesla K20c, 705.5 MHz clock, 4799.6 MB memory, capability 3.5
Usage: /home/lchen/MAGMA/magma-1.6.1/testing/testing_dgetrf [options] [-h|--help]

ngpu 1
    M     N   CPU GFlop/s (sec)   GPU GFlop/s (sec)   |PA-LU|/(N*|A|)
=========================================================================
init_time = 3.294341
iter 0: slack_cuda = 0.000000
iter 0: cpu_time_cuda = 0.000000
iter 0: gpu_time_cuda = 0.000000
iter 0: download_copy_time_cuda = 0.000000
iter 0: upload_copy_time_cuda = 0.001498
iter 0: per_iter_time_cuda = 0.002260

iter 1: slack_cuda = -0.001566
iter 1: cpu_time_cuda = 0.029651
iter 1: gpu_time_cuda = 0.031217
iter 1: download_copy_time_cuda = 0.001424
iter 1: upload_copy_time_cuda = 0.001488
iter 1: per_iter_time_cuda = 0.064504

iter 2: slack_cuda = -0.001154
iter 2: cpu_time_cuda = 0.029552
iter 2: gpu_time_cuda = 0.030706
iter 2: download_copy_time_cuda = 0.001396
iter 2: upload_copy_time_cuda = 0.001487
iter 2: per_iter_time_cuda = 0.063914

iter 3: slack_cuda = -0.000289
iter 3: cpu_time_cuda = 0.029212
iter 3: gpu_time_cuda = 0.029501
iter 3: download_copy_time_cuda = 0.001383
iter 3: upload_copy_time_cuda = 0.001456
iter 3: per_iter_time_cuda = 0.062256

iter 4: slack_cuda = -0.000608
iter 4: cpu_time_cuda = 0.028942
iter 4: gpu_time_cuda = 0.029550
iter 4: download_copy_time_cuda = 0.001368
iter 4: upload_copy_time_cuda = 0.001426
iter 4: per_iter_time_cuda = 0.062049

iter 5: slack_cuda = -0.000277
iter 5: cpu_time_cuda = 0.028671
iter 5: gpu_time_cuda = 0.028949
iter 5: download_copy_time_cuda = 0.001352
iter 5: upload_copy_time_cuda = 0.001429
iter 5: per_iter_time_cuda = 0.061105

iter 6: slack_cuda = -0.000160
iter 6: cpu_time_cuda = 0.028402
iter 6: gpu_time_cuda = 0.028561
iter 6: download_copy_time_cuda = 0.001345
iter 6: upload_copy_time_cuda = 0.001415
iter 6: per_iter_time_cuda = 0.060475

iter 7: slack_cuda = 0.000720
iter 7: cpu_time_cuda = 0.028040
iter 7: gpu_time_cuda = 0.027320
iter 7: download_copy_time_cuda = 0.001334
iter 7: upload_copy_time_cuda = 0.001400
iter 7: per_iter_time_cuda = 0.058790

iter 8: slack_cuda = 0.000403
iter 8: cpu_time_cuda = 0.027763
iter 8: gpu_time_cuda = 0.027360
iter 8: download_copy_time_cuda = 0.001316
iter 8: upload_copy_time_cuda = 0.001366
iter 8: per_iter_time_cuda = 0.058554

iter 9: slack_cuda = 0.000928
iter 9: cpu_time_cuda = 0.027562
iter 9: gpu_time_cuda = 0.026634
iter 9: download_copy_time_cuda = 0.001290
iter 9: upload_copy_time_cuda = 0.001374
iter 9: per_iter_time_cuda = 0.057546

iter 10: slack_cuda = 0.001140
iter 10: cpu_time_cuda = 0.027188
iter 10: gpu_time_cuda = 0.026048
iter 10: download_copy_time_cuda = 0.001291
iter 10: upload_copy_time_cuda = 0.001357
iter 10: per_iter_time_cuda = 0.056632

iter 11: slack_cuda = 0.001716
iter 11: cpu_time_cuda = 0.026913
iter 11: gpu_time_cuda = 0.025197
iter 11: download_copy_time_cuda = 0.001267
iter 11: upload_copy_time_cuda = 0.001347
iter 11: per_iter_time_cuda = 0.055396

iter 12: slack_cuda = 0.001445
iter 12: cpu_time_cuda = 0.026612
iter 12: gpu_time_cuda = 0.025167
iter 12: download_copy_time_cuda = 0.001256
iter 12: upload_copy_time_cuda = 0.001310
iter 12: per_iter_time_cuda = 0.055054

iter 13: slack_cuda = 0.002160
iter 13: cpu_time_cuda = 0.026721
iter 13: gpu_time_cuda = 0.024561
iter 13: download_copy_time_cuda = 0.001249
iter 13: upload_copy_time_cuda = 0.001317
iter 13: per_iter_time_cuda = 0.054514

iter 14: slack_cuda = 0.002226
iter 14: cpu_time_cuda = 0.026300
iter 14: gpu_time_cuda = 0.024075
iter 14: download_copy_time_cuda = 0.001248
iter 14: upload_copy_time_cuda = 0.001305
iter 14: per_iter_time_cuda = 0.053633

iter 15: slack_cuda = 0.003042
iter 15: cpu_time_cuda = 0.026044
iter 15: gpu_time_cuda = 0.023002
iter 15: download_copy_time_cuda = 0.001217
iter 15: upload_copy_time_cuda = 0.001296
iter 15: per_iter_time_cuda = 0.052201

iter 16: slack_cuda = 0.002742
iter 16: cpu_time_cuda = 0.025762
iter 16: gpu_time_cuda = 0.023020
iter 16: download_copy_time_cuda = 0.001199
iter 16: upload_copy_time_cuda = 0.001261
iter 16: per_iter_time_cuda = 0.051921

iter 17: slack_cuda = 0.003013
iter 17: cpu_time_cuda = 0.025521
iter 17: gpu_time_cuda = 0.022508
iter 17: download_copy_time_cuda = 0.001199
iter 17: upload_copy_time_cuda = 0.001261
iter 17: per_iter_time_cuda = 0.051119

iter 18: slack_cuda = 0.003150
iter 18: cpu_time_cuda = 0.025162
iter 18: gpu_time_cuda = 0.022012
iter 18: download_copy_time_cuda = 0.001193
iter 18: upload_copy_time_cuda = 0.001247
iter 18: per_iter_time_cuda = 0.050305

iter 19: slack_cuda = 0.003625
iter 19: cpu_time_cuda = 0.024899
iter 19: gpu_time_cuda = 0.021273
iter 19: download_copy_time_cuda = 0.001178
iter 19: upload_copy_time_cuda = 0.001234
iter 19: per_iter_time_cuda = 0.049208

iter 20: slack_cuda = 0.003542
iter 20: cpu_time_cuda = 0.024543
iter 20: gpu_time_cuda = 0.021001
iter 20: download_copy_time_cuda = 0.001155
iter 20: upload_copy_time_cuda = 0.001223
iter 20: per_iter_time_cuda = 0.048585

iter 21: slack_cuda = 0.003841
iter 21: cpu_time_cuda = 0.024387
iter 21: gpu_time_cuda = 0.020546
iter 21: download_copy_time_cuda = 0.001140
iter 21: upload_copy_time_cuda = 0.001204
iter 21: per_iter_time_cuda = 0.047896

iter 22: slack_cuda = 0.003882
iter 22: cpu_time_cuda = 0.023980
iter 22: gpu_time_cuda = 0.020098
iter 22: download_copy_time_cuda = 0.001134
iter 22: upload_copy_time_cuda = 0.001191
iter 22: per_iter_time_cuda = 0.047087

iter 23: slack_cuda = 0.004590
iter 23: cpu_time_cuda = 0.023752
iter 23: gpu_time_cuda = 0.019163
iter 23: download_copy_time_cuda = 0.001115
iter 23: upload_copy_time_cuda = 0.001174
iter 23: per_iter_time_cuda = 0.045801

iter 24: slack_cuda = 0.004365
iter 24: cpu_time_cuda = 0.023418
iter 24: gpu_time_cuda = 0.019053
iter 24: download_copy_time_cuda = 0.001088
iter 24: upload_copy_time_cuda = 0.001144
iter 24: per_iter_time_cuda = 0.045363

iter 25: slack_cuda = 0.004576
iter 25: cpu_time_cuda = 0.023183
iter 25: gpu_time_cuda = 0.018607
iter 25: download_copy_time_cuda = 0.001097
iter 25: upload_copy_time_cuda = 0.001144
iter 25: per_iter_time_cuda = 0.044628

iter 26: slack_cuda = 0.004555
iter 26: cpu_time_cuda = 0.022793
iter 26: gpu_time_cuda = 0.018238
iter 26: download_copy_time_cuda = 0.001069
iter 26: upload_copy_time_cuda = 0.001133
iter 26: per_iter_time_cuda = 0.043894

iter 27: slack_cuda = 0.005271
iter 27: cpu_time_cuda = 0.022548
iter 27: gpu_time_cuda = 0.017276
iter 27: download_copy_time_cuda = 0.001057
iter 27: upload_copy_time_cuda = 0.001119
iter 27: per_iter_time_cuda = 0.042587

iter 28: slack_cuda = 0.004998
iter 28: cpu_time_cuda = 0.022284
iter 28: gpu_time_cuda = 0.017286
iter 28: download_copy_time_cuda = 0.001048
iter 28: upload_copy_time_cuda = 0.001088
iter 28: per_iter_time_cuda = 0.042348

iter 29: slack_cuda = 0.005093
iter 29: cpu_time_cuda = 0.021984
iter 29: gpu_time_cuda = 0.016891
iter 29: download_copy_time_cuda = 0.001024
iter 29: upload_copy_time_cuda = 0.001090
iter 29: per_iter_time_cuda = 0.041567

iter 30: slack_cuda = 0.005315
iter 30: cpu_time_cuda = 0.021840
iter 30: gpu_time_cuda = 0.016525
iter 30: download_copy_time_cuda = 0.001015
iter 30: upload_copy_time_cuda = 0.001088
iter 30: per_iter_time_cuda = 0.041109

iter 31: slack_cuda = 0.005676
iter 31: cpu_time_cuda = 0.021265
iter 31: gpu_time_cuda = 0.015588
iter 31: download_copy_time_cuda = 0.001005
iter 31: upload_copy_time_cuda = 0.001080
iter 31: per_iter_time_cuda = 0.039525

iter 32: slack_cuda = 0.005673
iter 32: cpu_time_cuda = 0.021115
iter 32: gpu_time_cuda = 0.015442
iter 32: download_copy_time_cuda = 0.000987
iter 32: upload_copy_time_cuda = 0.001031
iter 32: per_iter_time_cuda = 0.039189

iter 33: slack_cuda = 0.005857
iter 33: cpu_time_cuda = 0.020902
iter 33: gpu_time_cuda = 0.015045
iter 33: download_copy_time_cuda = 0.000976
iter 33: upload_copy_time_cuda = 0.001030
iter 33: per_iter_time_cuda = 0.038515

iter 34: slack_cuda = 0.005812
iter 34: cpu_time_cuda = 0.020464
iter 34: gpu_time_cuda = 0.014653
iter 34: download_copy_time_cuda = 0.000967
iter 34: upload_copy_time_cuda = 0.001016
iter 34: per_iter_time_cuda = 0.037698

iter 35: slack_cuda = 0.005867
iter 35: cpu_time_cuda = 0.020233
iter 35: gpu_time_cuda = 0.014365
iter 35: download_copy_time_cuda = 0.000947
iter 35: upload_copy_time_cuda = 0.001002
iter 35: per_iter_time_cuda = 0.037105

iter 36: slack_cuda = 0.005938
iter 36: cpu_time_cuda = 0.019916
iter 36: gpu_time_cuda = 0.013977
iter 36: download_copy_time_cuda = 0.000935
iter 36: upload_copy_time_cuda = 0.000978
iter 36: per_iter_time_cuda = 0.036386

iter 37: slack_cuda = 0.006060
iter 37: cpu_time_cuda = 0.019633
iter 37: gpu_time_cuda = 0.013573
iter 37: download_copy_time_cuda = 0.000932
iter 37: upload_copy_time_cuda = 0.000971
iter 37: per_iter_time_cuda = 0.035655

iter 38: slack_cuda = 0.006287
iter 38: cpu_time_cuda = 0.019492
iter 38: gpu_time_cuda = 0.013205
iter 38: download_copy_time_cuda = 0.000914
iter 38: upload_copy_time_cuda = 0.000958
iter 38: per_iter_time_cuda = 0.035143

iter 39: slack_cuda = 0.006468
iter 39: cpu_time_cuda = 0.019083
iter 39: gpu_time_cuda = 0.012615
iter 39: download_copy_time_cuda = 0.000900
iter 39: upload_copy_time_cuda = 0.000946
iter 39: per_iter_time_cuda = 0.034085

iter 40: slack_cuda = 0.006266
iter 40: cpu_time_cuda = 0.018676
iter 40: gpu_time_cuda = 0.012410
iter 40: download_copy_time_cuda = 0.000877
iter 40: upload_copy_time_cuda = 0.000926
iter 40: per_iter_time_cuda = 0.033456

iter 41: slack_cuda = 0.006625
iter 41: cpu_time_cuda = 0.018576
iter 41: gpu_time_cuda = 0.011951
iter 41: download_copy_time_cuda = 0.000866
iter 41: upload_copy_time_cuda = 0.000915
iter 41: per_iter_time_cuda = 0.032829

iter 42: slack_cuda = 0.006729
iter 42: cpu_time_cuda = 0.018281
iter 42: gpu_time_cuda = 0.011552
iter 42: download_copy_time_cuda = 0.000860
iter 42: upload_copy_time_cuda = 0.000899
iter 42: per_iter_time_cuda = 0.032150

iter 43: slack_cuda = 0.006951
iter 43: cpu_time_cuda = 0.017949
iter 43: gpu_time_cuda = 0.010998
iter 43: download_copy_time_cuda = 0.000847
iter 43: upload_copy_time_cuda = 0.000887
iter 43: per_iter_time_cuda = 0.031196

iter 44: slack_cuda = 0.006663
iter 44: cpu_time_cuda = 0.017573
iter 44: gpu_time_cuda = 0.010910
iter 44: download_copy_time_cuda = 0.000828
iter 44: upload_copy_time_cuda = 0.000861
iter 44: per_iter_time_cuda = 0.030717

iter 45: slack_cuda = 0.006874
iter 45: cpu_time_cuda = 0.017414
iter 45: gpu_time_cuda = 0.010540
iter 45: download_copy_time_cuda = 0.000818
iter 45: upload_copy_time_cuda = 0.000858
iter 45: per_iter_time_cuda = 0.030135

iter 46: slack_cuda = 0.006779
iter 46: cpu_time_cuda = 0.017020
iter 46: gpu_time_cuda = 0.010240
iter 46: download_copy_time_cuda = 0.000801
iter 46: upload_copy_time_cuda = 0.000852
iter 46: per_iter_time_cuda = 0.029450

iter 47: slack_cuda = 0.007024
iter 47: cpu_time_cuda = 0.016732
iter 47: gpu_time_cuda = 0.009707
iter 47: download_copy_time_cuda = 0.000804
iter 47: upload_copy_time_cuda = 0.000827
iter 47: per_iter_time_cuda = 0.028565

iter 48: slack_cuda = 0.006925
iter 48: cpu_time_cuda = 0.016448
iter 48: gpu_time_cuda = 0.009523
iter 48: download_copy_time_cuda = 0.000762
iter 48: upload_copy_time_cuda = 0.000801
iter 48: per_iter_time_cuda = 0.028062

iter 49: slack_cuda = 0.006844
iter 49: cpu_time_cuda = 0.016137
iter 49: gpu_time_cuda = 0.009293
iter 49: download_copy_time_cuda = 0.000762
iter 49: upload_copy_time_cuda = 0.000800
iter 49: per_iter_time_cuda = 0.027478

iter 50: slack_cuda = 0.006931
iter 50: cpu_time_cuda = 0.015845
iter 50: gpu_time_cuda = 0.008914
iter 50: download_copy_time_cuda = 0.000773
iter 50: upload_copy_time_cuda = 0.000788
iter 50: per_iter_time_cuda = 0.026833

iter 51: slack_cuda = 0.007058
iter 51: cpu_time_cuda = 0.015621
iter 51: gpu_time_cuda = 0.008563
iter 51: download_copy_time_cuda = 0.000754
iter 51: upload_copy_time_cuda = 0.000769
iter 51: per_iter_time_cuda = 0.026175

iter 52: slack_cuda = 0.007011
iter 52: cpu_time_cuda = 0.015251
iter 52: gpu_time_cuda = 0.008241
iter 52: download_copy_time_cuda = 0.000711
iter 52: upload_copy_time_cuda = 0.000748
iter 52: per_iter_time_cuda = 0.025439

iter 53: slack_cuda = 0.006930
iter 53: cpu_time_cuda = 0.014990
iter 53: gpu_time_cuda = 0.008060
iter 53: download_copy_time_cuda = 0.000707
iter 53: upload_copy_time_cuda = 0.000742
iter 53: per_iter_time_cuda = 0.024953

iter 54: slack_cuda = 0.006925
iter 54: cpu_time_cuda = 0.014745
iter 54: gpu_time_cuda = 0.007819
iter 54: download_copy_time_cuda = 0.000694
iter 54: upload_copy_time_cuda = 0.000744
iter 54: per_iter_time_cuda = 0.024489

iter 55: slack_cuda = 0.007171
iter 55: cpu_time_cuda = 0.014419
iter 55: gpu_time_cuda = 0.007248
iter 55: download_copy_time_cuda = 0.000684
iter 55: upload_copy_time_cuda = 0.000713
iter 55: per_iter_time_cuda = 0.023515

iter 56: slack_cuda = 0.006949
iter 56: cpu_time_cuda = 0.014018
iter 56: gpu_time_cuda = 0.007068
iter 56: download_copy_time_cuda = 0.000662
iter 56: upload_copy_time_cuda = 0.000688
iter 56: per_iter_time_cuda = 0.022922

iter 57: slack_cuda = 0.006954
iter 57: cpu_time_cuda = 0.013828
iter 57: gpu_time_cuda = 0.006874
iter 57: download_copy_time_cuda = 0.000657
iter 57: upload_copy_time_cuda = 0.000684
iter 57: per_iter_time_cuda = 0.022496

iter 58: slack_cuda = 0.006869
iter 58: cpu_time_cuda = 0.013514
iter 58: gpu_time_cuda = 0.006646
iter 58: download_copy_time_cuda = 0.000641
iter 58: upload_copy_time_cuda = 0.000671
iter 58: per_iter_time_cuda = 0.021943

iter 59: slack_cuda = 0.007076
iter 59: cpu_time_cuda = 0.013230
iter 59: gpu_time_cuda = 0.006154
iter 59: download_copy_time_cuda = 0.000627
iter 59: upload_copy_time_cuda = 0.000655
iter 59: per_iter_time_cuda = 0.021119

iter 60: slack_cuda = 0.007184
iter 60: cpu_time_cuda = 0.013186
iter 60: gpu_time_cuda = 0.006002
iter 60: download_copy_time_cuda = 0.000617
iter 60: upload_copy_time_cuda = 0.000633
iter 60: per_iter_time_cuda = 0.020899

iter 61: slack_cuda = 0.006639
iter 61: cpu_time_cuda = 0.012495
iter 61: gpu_time_cuda = 0.005856
iter 61: download_copy_time_cuda = 0.000597
iter 61: upload_copy_time_cuda = 0.000625
iter 61: per_iter_time_cuda = 0.020011

iter 62: slack_cuda = 0.006740
iter 62: cpu_time_cuda = 0.012302
iter 62: gpu_time_cuda = 0.005562
iter 62: download_copy_time_cuda = 0.000578
iter 62: upload_copy_time_cuda = 0.000610
iter 62: per_iter_time_cuda = 0.019531

iter 63: slack_cuda = 0.006896
iter 63: cpu_time_cuda = 0.012000
iter 63: gpu_time_cuda = 0.005103
iter 63: download_copy_time_cuda = 0.000573
iter 63: upload_copy_time_cuda = 0.000599
iter 63: per_iter_time_cuda = 0.018701

iter 64: slack_cuda = 0.006649
iter 64: cpu_time_cuda = 0.011687
iter 64: gpu_time_cuda = 0.005038
iter 64: download_copy_time_cuda = 0.000565
iter 64: upload_copy_time_cuda = 0.000575
iter 64: per_iter_time_cuda = 0.018317

iter 65: slack_cuda = 0.006655
iter 65: cpu_time_cuda = 0.011463
iter 65: gpu_time_cuda = 0.004808
iter 65: download_copy_time_cuda = 0.000552
iter 65: upload_copy_time_cuda = 0.000571
iter 65: per_iter_time_cuda = 0.017815

iter 66: slack_cuda = 0.006452
iter 66: cpu_time_cuda = 0.011071
iter 66: gpu_time_cuda = 0.004619
iter 66: download_copy_time_cuda = 0.000534
iter 66: upload_copy_time_cuda = 0.000556
iter 66: per_iter_time_cuda = 0.017226

iter 67: slack_cuda = 0.006411
iter 67: cpu_time_cuda = 0.010741
iter 67: gpu_time_cuda = 0.004329
iter 67: download_copy_time_cuda = 0.000518
iter 67: upload_copy_time_cuda = 0.000540
iter 67: per_iter_time_cuda = 0.016528

iter 68: slack_cuda = 0.006257
iter 68: cpu_time_cuda = 0.010496
iter 68: gpu_time_cuda = 0.004239
iter 68: download_copy_time_cuda = 0.000497
iter 68: upload_copy_time_cuda = 0.000519
iter 68: per_iter_time_cuda = 0.016165

iter 69: slack_cuda = 0.006266
iter 69: cpu_time_cuda = 0.010239
iter 69: gpu_time_cuda = 0.003973
iter 69: download_copy_time_cuda = 0.000500
iter 69: upload_copy_time_cuda = 0.000511
iter 69: per_iter_time_cuda = 0.015609

iter 70: slack_cuda = 0.006254
iter 70: cpu_time_cuda = 0.009926
iter 70: gpu_time_cuda = 0.003672
iter 70: download_copy_time_cuda = 0.000481
iter 70: upload_copy_time_cuda = 0.000501
iter 70: per_iter_time_cuda = 0.014985

iter 71: slack_cuda = 0.006188
iter 71: cpu_time_cuda = 0.009626
iter 71: gpu_time_cuda = 0.003437
iter 71: download_copy_time_cuda = 0.000465
iter 71: upload_copy_time_cuda = 0.000484
iter 71: per_iter_time_cuda = 0.014384

iter 72: slack_cuda = 0.006079
iter 72: cpu_time_cuda = 0.009489
iter 72: gpu_time_cuda = 0.003410
iter 72: download_copy_time_cuda = 0.000448
iter 72: upload_copy_time_cuda = 0.000469
iter 72: per_iter_time_cuda = 0.014210

iter 73: slack_cuda = 0.005832
iter 73: cpu_time_cuda = 0.009042
iter 73: gpu_time_cuda = 0.003209
iter 73: download_copy_time_cuda = 0.000445
iter 73: upload_copy_time_cuda = 0.000463
iter 73: per_iter_time_cuda = 0.013529

iter 74: slack_cuda = 0.005766
iter 74: cpu_time_cuda = 0.008810
iter 74: gpu_time_cuda = 0.003044
iter 74: download_copy_time_cuda = 0.000425
iter 74: upload_copy_time_cuda = 0.000453
iter 74: per_iter_time_cuda = 0.013119

iter 75: slack_cuda = 0.005456
iter 75: cpu_time_cuda = 0.008325
iter 75: gpu_time_cuda = 0.002869
iter 75: download_copy_time_cuda = 0.000421
iter 75: upload_copy_time_cuda = 0.000441
iter 75: per_iter_time_cuda = 0.012418

iter 76: slack_cuda = 0.005525
iter 76: cpu_time_cuda = 0.008157
iter 76: gpu_time_cuda = 0.002632
iter 76: download_copy_time_cuda = 0.000389
iter 76: upload_copy_time_cuda = 0.000434
iter 76: per_iter_time_cuda = 0.011986

iter 77: slack_cuda = 0.005348
iter 77: cpu_time_cuda = 0.007864
iter 77: gpu_time_cuda = 0.002516
iter 77: download_copy_time_cuda = 0.000385
iter 77: upload_copy_time_cuda = 0.000445
iter 77: per_iter_time_cuda = 0.011581

iter 78: slack_cuda = 0.005152
iter 78: cpu_time_cuda = 0.007525
iter 78: gpu_time_cuda = 0.002374
iter 78: download_copy_time_cuda = 0.000370
iter 78: upload_copy_time_cuda = 0.000435
iter 78: per_iter_time_cuda = 0.011073

iter 79: slack_cuda = 0.004882
iter 79: cpu_time_cuda = 0.007083
iter 79: gpu_time_cuda = 0.002201
iter 79: download_copy_time_cuda = 0.000366
iter 79: upload_copy_time_cuda = 0.000432
iter 79: per_iter_time_cuda = 0.010426

iter 80: slack_cuda = 0.004992
iter 80: cpu_time_cuda = 0.007036
iter 80: gpu_time_cuda = 0.002045
iter 80: download_copy_time_cuda = 0.000351
iter 80: upload_copy_time_cuda = 0.000424
iter 80: per_iter_time_cuda = 0.010207

iter 81: slack_cuda = 0.004857
iter 81: cpu_time_cuda = 0.006705
iter 81: gpu_time_cuda = 0.001848
iter 81: download_copy_time_cuda = 0.000327
iter 81: upload_copy_time_cuda = 0.000432
iter 81: per_iter_time_cuda = 0.009650

iter 82: slack_cuda = 0.004627
iter 82: cpu_time_cuda = 0.006346
iter 82: gpu_time_cuda = 0.001720
iter 82: download_copy_time_cuda = 0.000315
iter 82: upload_copy_time_cuda = 0.000430
iter 82: per_iter_time_cuda = 0.009153

iter 83: slack_cuda = 0.004495
iter 83: cpu_time_cuda = 0.006149
iter 83: gpu_time_cuda = 0.001654
iter 83: download_copy_time_cuda = 0.000301
iter 83: upload_copy_time_cuda = 0.000422
iter 83: per_iter_time_cuda = 0.008853

iter 84: slack_cuda = 0.004261
iter 84: cpu_time_cuda = 0.005772
iter 84: gpu_time_cuda = 0.001511
iter 84: download_copy_time_cuda = 0.000287
iter 84: upload_copy_time_cuda = 0.000422
iter 84: per_iter_time_cuda = 0.008328

iter 85: slack_cuda = 0.004129
iter 85: cpu_time_cuda = 0.005525
iter 85: gpu_time_cuda = 0.001395
iter 85: download_copy_time_cuda = 0.000277
iter 85: upload_copy_time_cuda = 0.000422
iter 85: per_iter_time_cuda = 0.007917

iter 86: slack_cuda = 0.003901
iter 86: cpu_time_cuda = 0.005162
iter 86: gpu_time_cuda = 0.001262
iter 86: download_copy_time_cuda = 0.000272
iter 86: upload_copy_time_cuda = 0.000414
iter 86: per_iter_time_cuda = 0.007427

iter 87: slack_cuda = 0.003674
iter 87: cpu_time_cuda = 0.004830
iter 87: gpu_time_cuda = 0.001155
iter 87: download_copy_time_cuda = 0.000244
iter 87: upload_copy_time_cuda = 0.000410
iter 87: per_iter_time_cuda = 0.006935

iter 88: slack_cuda = 0.003557
iter 88: cpu_time_cuda = 0.004596
iter 88: gpu_time_cuda = 0.001039
iter 88: download_copy_time_cuda = 0.000234
iter 88: upload_copy_time_cuda = 0.000409
iter 88: per_iter_time_cuda = 0.006581

iter 89: slack_cuda = 0.003355
iter 89: cpu_time_cuda = 0.004282
iter 89: gpu_time_cuda = 0.000927
iter 89: download_copy_time_cuda = 0.000228
iter 89: upload_copy_time_cuda = 0.000418
iter 89: per_iter_time_cuda = 0.006142

iter 90: slack_cuda = 0.003089
iter 90: cpu_time_cuda = 0.003960
iter 90: gpu_time_cuda = 0.000871
iter 90: download_copy_time_cuda = 0.000216
iter 90: upload_copy_time_cuda = 0.000408
iter 90: per_iter_time_cuda = 0.005747

iter 91: slack_cuda = 0.002972
iter 91: cpu_time_cuda = 0.003653
iter 91: gpu_time_cuda = 0.000681
iter 91: download_copy_time_cuda = 0.000191
iter 91: upload_copy_time_cuda = 0.000403
iter 91: per_iter_time_cuda = 0.005214

iter 92: slack_cuda = 0.002707
iter 92: cpu_time_cuda = 0.003349
iter 92: gpu_time_cuda = 0.000642
iter 92: download_copy_time_cuda = 0.000171
iter 92: upload_copy_time_cuda = 0.000402
iter 92: per_iter_time_cuda = 0.004853

iter 93: slack_cuda = 0.002546
iter 93: cpu_time_cuda = 0.003109
iter 93: gpu_time_cuda = 0.000563
iter 93: download_copy_time_cuda = 0.000169
iter 93: upload_copy_time_cuda = 0.000392
iter 93: per_iter_time_cuda = 0.004502

iter 94: slack_cuda = 0.002324
iter 94: cpu_time_cuda = 0.002831
iter 94: gpu_time_cuda = 0.000507
iter 94: download_copy_time_cuda = 0.000155
iter 94: upload_copy_time_cuda = 0.000397
iter 94: per_iter_time_cuda = 0.004168

iter 95: slack_cuda = 0.002188
iter 95: cpu_time_cuda = 0.002632
iter 95: gpu_time_cuda = 0.000444
iter 95: download_copy_time_cuda = 0.000156
iter 95: upload_copy_time_cuda = 0.000388
iter 95: per_iter_time_cuda = 0.003880

iter 96: slack_cuda = 0.001903
iter 96: cpu_time_cuda = 0.002271
iter 96: gpu_time_cuda = 0.000368
iter 96: download_copy_time_cuda = 0.000142
iter 96: upload_copy_time_cuda = 0.000393
iter 96: per_iter_time_cuda = 0.003434

iter 97: slack_cuda = 0.001617
iter 97: cpu_time_cuda = 0.001933
iter 97: gpu_time_cuda = 0.000315
iter 97: download_copy_time_cuda = 0.000138
iter 97: upload_copy_time_cuda = 0.000382
iter 97: per_iter_time_cuda = 0.003020

iter 98: slack_cuda = 0.001396
iter 98: cpu_time_cuda = 0.001661
iter 98: gpu_time_cuda = 0.000265
iter 98: download_copy_time_cuda = 0.000121
iter 98: upload_copy_time_cuda = 0.000382
iter 98: per_iter_time_cuda = 0.002687

iter 99: slack_cuda = 0.001159
iter 99: cpu_time_cuda = 0.001382
iter 99: gpu_time_cuda = 0.000223
iter 99: download_copy_time_cuda = 0.000112
iter 99: upload_copy_time_cuda = 0.000384
iter 99: per_iter_time_cuda = 0.002355

iter 100: slack_cuda = 0.000914
iter 100: cpu_time_cuda = 0.001129
iter 100: gpu_time_cuda = 0.000215
iter 100: download_copy_time_cuda = 0.000108
iter 100: upload_copy_time_cuda = 0.000392
iter 100: per_iter_time_cuda = 0.002098

iter 101: slack_cuda = 0.000420
iter 101: cpu_time_cuda = 0.000611
iter 101: gpu_time_cuda = 0.000191
iter 101: download_copy_time_cuda = 0.000093
iter 101: upload_copy_time_cuda = 0.000382
iter 101: per_iter_time_cuda = 0.001518

total_slack_overflow = -0.004054
total_cpu_time_cuda = 1.562449
total_gpu_time_cuda = 1.111258
total_copy_time_cuda = 0.158395
main_loop_time_cuda = 2.889253
Normalized difference of predicted CPU runtime per iteration is: 0.000000%
Normalized difference of predicted GPU runtime per iteration is: 0.000000%
Normalized difference of predicted slack per iteration is: 0.000000%
10240 10240     ---   (  ---  )    224.19 (   3.19)     ---   
total_time = 7.017440
6.20user 1.15system 0:08.56elapsed 85%CPU (0avgtext+0avgdata 972908maxresident)k
3920inputs+0outputs (1major+225539minor)pagefaults 0swaps
send out message: 22 3 log
