send out message: 24 37 /home/lchen/MAGMA/magma-1.6.1/results
send out message: 20 26 MAGMA_LU_GPUDVFS.total.pwr
MAGMA 1.6.1  compiled for CUDA capability >= 3.0
CUDA runtime 5000, driver 6050. MAGMA not compiled with OpenMP. 
ndevices 1
device 0: Tesla K20c, 705.5 MHz clock, 4799.6 MB memory, capability 3.5
Usage: /home/lchen/MAGMA/magma-1.6.1/testing/testing_dgetrf [options] [-h|--help]

ngpu 1
    M     N   CPU GFlop/s (sec)   GPU GFlop/s (sec)   |PA-LU|/(N*|A|)
=========================================================================
init_time = 0.824700
iter 0: slack_cuda = 0.000000
iter 0: cpu_time_cuda = 0.000000
iter 0: gpu_time_cuda = 0.000000
iter 0: download_copy_time_cuda = 0.000000
iter 0: upload_copy_time_cuda = 0.000779
iter 0: per_iter_time_cuda = 0.001252

iter 1: cpu_time_pred = 0.000000
iter 1: gpu_time_pred = 0.000000
iter 1: slack_pred = 0.000000
iter 1: ratio_split_freq = -nan
iter 1: seconds_until_interrupt = -nan
iter 1: slack_cuda = 0.003607
iter 1: cpu_time_cuda = 0.014992
iter 1: gpu_time_cuda = 0.011385
iter 1: download_copy_time_cuda = 0.000733
iter 1: upload_copy_time_cuda = 0.000752
iter 1: per_iter_time_cuda = 0.028392

iter 2: cpu_time_pred = 0.014670
iter 2: gpu_time_pred = 0.007835
iter 2: slack_pred = 0.006835
iter 2: ratio_split_freq = 6.643343
iter 2: seconds_until_interrupt = 0.056560
iter 2: slack_cuda = 0.014608
iter 2: cpu_time_cuda = 0.023466
iter 2: gpu_time_cuda = 0.008858
iter 2: download_copy_time_cuda = 0.000704
iter 2: upload_copy_time_cuda = 0.000733
iter 2: per_iter_time_cuda = 0.034238

iter 3: cpu_time_pred = 0.014365
iter 3: gpu_time_pred = 0.007513
iter 3: slack_pred = 0.006852
iter 3: ratio_split_freq = 6.945421
iter 3: seconds_until_interrupt = 0.056704
iter 3: slack_cuda = 0.006543
iter 3: cpu_time_cuda = 0.017153
iter 3: gpu_time_cuda = 0.010610
iter 3: download_copy_time_cuda = 0.000680
iter 3: upload_copy_time_cuda = 0.000718
iter 3: per_iter_time_cuda = 0.029618

iter 4: cpu_time_pred = 0.014061
iter 4: gpu_time_pred = 0.007198
iter 4: slack_pred = 0.006863
iter 4: ratio_split_freq = 7.260576
iter 4: seconds_until_interrupt = 0.056792
iter 4: slack_cuda = 0.006559
iter 4: cpu_time_cuda = 0.016913
iter 4: gpu_time_cuda = 0.010354
iter 4: download_copy_time_cuda = 0.000667
iter 4: upload_copy_time_cuda = 0.000703
iter 4: per_iter_time_cuda = 0.029115

iter 5: cpu_time_pred = 0.013757
iter 5: gpu_time_pred = 0.006890
iter 5: slack_pred = 0.006867
iter 5: ratio_split_freq = 7.589676
iter 5: seconds_until_interrupt = 0.056824
iter 5: slack_cuda = 0.006774
iter 5: cpu_time_cuda = 0.016794
iter 5: gpu_time_cuda = 0.010019
iter 5: download_copy_time_cuda = 0.000663
iter 5: upload_copy_time_cuda = 0.000691
iter 5: per_iter_time_cuda = 0.028625

iter 6: cpu_time_pred = 0.013452
iter 6: gpu_time_pred = 0.006588
iter 6: slack_pred = 0.006864
iter 6: ratio_split_freq = 7.933667
iter 6: seconds_until_interrupt = 0.056800
iter 6: slack_cuda = 0.005968
iter 6: cpu_time_cuda = 0.016177
iter 6: gpu_time_cuda = 0.010209
iter 6: download_copy_time_cuda = 0.000647
iter 6: upload_copy_time_cuda = 0.000682
iter 6: per_iter_time_cuda = 0.028184

iter 7: cpu_time_pred = 0.013148
iter 7: gpu_time_pred = 0.006293
iter 7: slack_pred = 0.006854
iter 7: ratio_split_freq = 8.293584
iter 7: seconds_until_interrupt = 0.056720
iter 7: slack_cuda = 0.006470
iter 7: cpu_time_cuda = 0.015865
iter 7: gpu_time_cuda = 0.009395
iter 7: download_copy_time_cuda = 0.000629
iter 7: upload_copy_time_cuda = 0.000666
iter 7: per_iter_time_cuda = 0.027001

iter 8: cpu_time_pred = 0.012844
iter 8: gpu_time_pred = 0.006005
iter 8: slack_pred = 0.006838
iter 8: ratio_split_freq = 8.670559
iter 8: seconds_until_interrupt = 0.056585
iter 8: slack_cuda = 0.006427
iter 8: cpu_time_cuda = 0.015566
iter 8: gpu_time_cuda = 0.009139
iter 8: download_copy_time_cuda = 0.000611
iter 8: upload_copy_time_cuda = 0.000643
iter 8: per_iter_time_cuda = 0.026421

iter 9: cpu_time_pred = 0.012539
iter 9: gpu_time_pred = 0.005724
iter 9: slack_pred = 0.006815
iter 9: ratio_split_freq = 9.065833
iter 9: seconds_until_interrupt = 0.056394
iter 9: slack_cuda = 0.006521
iter 9: cpu_time_cuda = 0.015302
iter 9: gpu_time_cuda = 0.008781
iter 9: download_copy_time_cuda = 0.000612
iter 9: upload_copy_time_cuda = 0.000631
iter 9: per_iter_time_cuda = 0.025762

iter 10: cpu_time_pred = 0.012235
iter 10: gpu_time_pred = 0.005450
iter 10: slack_pred = 0.006785
iter 10: ratio_split_freq = 9.480772
iter 10: seconds_until_interrupt = 0.056147
iter 10: slack_cuda = 0.006592
iter 10: cpu_time_cuda = 0.015089
iter 10: gpu_time_cuda = 0.008497
iter 10: download_copy_time_cuda = 0.000593
iter 10: upload_copy_time_cuda = 0.000622
iter 10: per_iter_time_cuda = 0.025268

iter 11: cpu_time_pred = 0.011931
iter 11: gpu_time_pred = 0.005182
iter 11: slack_pred = 0.006749
iter 11: ratio_split_freq = 9.916882
iter 11: seconds_until_interrupt = 0.055844
iter 11: slack_cuda = 0.006482
iter 11: cpu_time_cuda = 0.014853
iter 11: gpu_time_cuda = 0.008371
iter 11: download_copy_time_cuda = 0.000577
iter 11: upload_copy_time_cuda = 0.000614
iter 11: per_iter_time_cuda = 0.024856

iter 12: cpu_time_pred = 0.011626
iter 12: gpu_time_pred = 0.004921
iter 12: slack_pred = 0.006705
iter 12: ratio_split_freq = 10.375825
iter 12: seconds_until_interrupt = 0.055485
iter 12: slack_cuda = 0.006473
iter 12: cpu_time_cuda = 0.014655
iter 12: gpu_time_cuda = 0.008182
iter 12: download_copy_time_cuda = 0.000557
iter 12: upload_copy_time_cuda = 0.000583
iter 12: per_iter_time_cuda = 0.024439

iter 13: cpu_time_pred = 0.011322
iter 13: gpu_time_pred = 0.004667
iter 13: slack_pred = 0.006655
iter 13: ratio_split_freq = 10.859443
iter 13: seconds_until_interrupt = 0.055071
iter 13: slack_cuda = 0.006407
iter 13: cpu_time_cuda = 0.014280
iter 13: gpu_time_cuda = 0.007873
iter 13: download_copy_time_cuda = 0.000549
iter 13: upload_copy_time_cuda = 0.000578
iter 13: per_iter_time_cuda = 0.023702

iter 14: cpu_time_pred = 0.011017
iter 14: gpu_time_pred = 0.004419
iter 14: slack_pred = 0.006598
iter 14: ratio_split_freq = 11.369779
iter 14: seconds_until_interrupt = 0.054601
iter 14: slack_cuda = 0.007636
iter 14: cpu_time_cuda = 0.015301
iter 14: gpu_time_cuda = 0.007665
iter 14: download_copy_time_cuda = 0.000544
iter 14: upload_copy_time_cuda = 0.000566
iter 14: per_iter_time_cuda = 0.024508

iter 15: cpu_time_pred = 0.010713
iter 15: gpu_time_pred = 0.004178
iter 15: slack_pred = 0.006535
iter 15: ratio_split_freq = 11.909112
iter 15: seconds_until_interrupt = 0.054075
iter 15: slack_cuda = 0.002455
iter 15: cpu_time_cuda = 0.013494
iter 15: gpu_time_cuda = 0.011039
iter 15: download_copy_time_cuda = 0.000526
iter 15: upload_copy_time_cuda = 0.000553
iter 15: per_iter_time_cuda = 0.026023

iter 16: cpu_time_pred = 0.010409
iter 16: gpu_time_pred = 0.003944
iter 16: slack_pred = 0.006464
iter 16: ratio_split_freq = 12.479985
iter 16: seconds_until_interrupt = 0.053493
iter 16: slack_cuda = 0.006280
iter 16: cpu_time_cuda = 0.013342
iter 16: gpu_time_cuda = 0.007061
iter 16: download_copy_time_cuda = 0.000506
iter 16: upload_copy_time_cuda = 0.000534
iter 16: per_iter_time_cuda = 0.021872

iter 17: cpu_time_pred = 0.010104
iter 17: gpu_time_pred = 0.003717
iter 17: slack_pred = 0.006387
iter 17: ratio_split_freq = 13.085248
iter 17: seconds_until_interrupt = 0.052855
iter 17: slack_cuda = 0.006305
iter 17: cpu_time_cuda = 0.013171
iter 17: gpu_time_cuda = 0.006867
iter 17: download_copy_time_cuda = 0.000495
iter 17: upload_copy_time_cuda = 0.000521
iter 17: per_iter_time_cuda = 0.021440

iter 18: cpu_time_pred = 0.009800
iter 18: gpu_time_pred = 0.003496
iter 18: slack_pred = 0.006304
iter 18: ratio_split_freq = 13.728104
iter 18: seconds_until_interrupt = 0.052162
iter 18: slack_cuda = 0.006117
iter 18: cpu_time_cuda = 0.012767
iter 18: gpu_time_cuda = 0.006650
iter 18: download_copy_time_cuda = 0.000490
iter 18: upload_copy_time_cuda = 0.000506
iter 18: per_iter_time_cuda = 0.020804

iter 19: cpu_time_pred = 0.009496
iter 19: gpu_time_pred = 0.003283
iter 19: slack_pred = 0.006213
iter 19: ratio_split_freq = 14.412170
iter 19: seconds_until_interrupt = 0.051412
iter 19: slack_cuda = 0.005954
iter 19: cpu_time_cuda = 0.012519
iter 19: gpu_time_cuda = 0.006565
iter 19: download_copy_time_cuda = 0.000473
iter 19: upload_copy_time_cuda = 0.000496
iter 19: per_iter_time_cuda = 0.020429

iter 20: cpu_time_pred = 0.009191
iter 20: gpu_time_pred = 0.003076
iter 20: slack_pred = 0.006116
iter 20: ratio_split_freq = 15.141538
iter 20: seconds_until_interrupt = 0.050607
iter 20: slack_cuda = -0.000648
iter 20: cpu_time_cuda = 0.012041
iter 20: gpu_time_cuda = 0.012688
iter 20: download_copy_time_cuda = 0.000452
iter 20: upload_copy_time_cuda = 0.000474
iter 20: per_iter_time_cuda = 0.026044

iter 21: cpu_time_pred = 0.008887
iter 21: gpu_time_pred = 0.002875
iter 21: slack_pred = 0.006012
iter 21: ratio_split_freq = 15.920862
iter 21: seconds_until_interrupt = 0.049746
iter 21: slack_cuda = 0.005796
iter 21: cpu_time_cuda = 0.011843
iter 21: gpu_time_cuda = 0.006047
iter 21: download_copy_time_cuda = 0.000441
iter 21: upload_copy_time_cuda = 0.000462
iter 21: per_iter_time_cuda = 0.019172

iter 22: cpu_time_pred = 0.008583
iter 22: gpu_time_pred = 0.002682
iter 22: slack_pred = 0.005901
iter 22: ratio_split_freq = 16.755458
iter 22: seconds_until_interrupt = 0.048830
iter 22: slack_cuda = 0.005703
iter 22: cpu_time_cuda = 0.011632
iter 22: gpu_time_cuda = 0.005929
iter 22: download_copy_time_cuda = 0.000429
iter 22: upload_copy_time_cuda = 0.000451
iter 22: per_iter_time_cuda = 0.018834

iter 23: cpu_time_pred = 0.008278
iter 23: gpu_time_pred = 0.002495
iter 23: slack_pred = 0.005783
iter 23: ratio_split_freq = 17.651421
iter 23: seconds_until_interrupt = 0.047857
iter 23: slack_cuda = 0.005533
iter 23: cpu_time_cuda = 0.011300
iter 23: gpu_time_cuda = 0.005767
iter 23: download_copy_time_cuda = 0.000422
iter 23: upload_copy_time_cuda = 0.000436
iter 23: per_iter_time_cuda = 0.018295

iter 24: cpu_time_pred = 0.007974
iter 24: gpu_time_pred = 0.002315
iter 24: slack_pred = 0.005659
iter 24: ratio_split_freq = 18.615778
iter 24: seconds_until_interrupt = 0.046829
iter 24: slack_cuda = 0.005490
iter 24: cpu_time_cuda = 0.010985
iter 24: gpu_time_cuda = 0.005495
iter 24: download_copy_time_cuda = 0.000403
iter 24: upload_copy_time_cuda = 0.000415
iter 24: per_iter_time_cuda = 0.017677

iter 25: cpu_time_pred = 0.007670
iter 25: gpu_time_pred = 0.002142
iter 25: slack_pred = 0.005528
iter 25: ratio_split_freq = 19.656672
iter 25: seconds_until_interrupt = 0.045745
iter 25: slack_cuda = 0.014575
iter 25: cpu_time_cuda = 0.019885
iter 25: gpu_time_cuda = 0.005310
iter 25: download_copy_time_cuda = 0.000388
iter 25: upload_copy_time_cuda = 0.000404
iter 25: per_iter_time_cuda = 0.026352

iter 26: cpu_time_pred = 0.007365
iter 26: gpu_time_pred = 0.001975
iter 26: slack_pred = 0.005390
iter 26: ratio_split_freq = 20.783590
iter 26: seconds_until_interrupt = 0.044605
iter 26: slack_cuda = 0.005120
iter 26: cpu_time_cuda = 0.010290
iter 26: gpu_time_cuda = 0.005169
iter 26: download_copy_time_cuda = 0.000372
iter 26: upload_copy_time_cuda = 0.000390
iter 26: per_iter_time_cuda = 0.016583

iter 27: cpu_time_pred = 0.007061
iter 27: gpu_time_pred = 0.001815
iter 27: slack_pred = 0.005246
iter 27: ratio_split_freq = 22.007656
iter 27: seconds_until_interrupt = 0.043409
iter 27: slack_cuda = 0.005226
iter 27: cpu_time_cuda = 0.010356
iter 27: gpu_time_cuda = 0.005131
iter 27: download_copy_time_cuda = 0.000361
iter 27: upload_copy_time_cuda = 0.000378
iter 27: per_iter_time_cuda = 0.016565

iter 28: cpu_time_pred = 0.006757
iter 28: gpu_time_pred = 0.001662
iter 28: slack_pred = 0.005095
iter 28: ratio_split_freq = 23.341998
iter 28: seconds_until_interrupt = 0.042157
iter 28: slack_cuda = 0.004965
iter 28: cpu_time_cuda = 0.010017
iter 28: gpu_time_cuda = 0.005052
iter 28: download_copy_time_cuda = 0.000348
iter 28: upload_copy_time_cuda = 0.000361
iter 28: per_iter_time_cuda = 0.016135

iter 29: cpu_time_pred = 0.006452
iter 29: gpu_time_pred = 0.001516
iter 29: slack_pred = 0.004937
iter 29: ratio_split_freq = 24.802221
iter 29: seconds_until_interrupt = 0.040850
iter 29: slack_cuda = 0.004793
iter 29: cpu_time_cuda = 0.009796
iter 29: gpu_time_cuda = 0.005003
iter 29: download_copy_time_cuda = 0.000335
iter 29: upload_copy_time_cuda = 0.000349
iter 29: per_iter_time_cuda = 0.015830

iter 30: cpu_time_pred = 0.006148
iter 30: gpu_time_pred = 0.001376
iter 30: slack_pred = 0.004772
iter 30: ratio_split_freq = 26.407021
iter 30: seconds_until_interrupt = 0.039487
iter 30: slack_cuda = 0.004650
iter 30: cpu_time_cuda = 0.009432
iter 30: gpu_time_cuda = 0.004782
iter 30: download_copy_time_cuda = 0.000322
iter 30: upload_copy_time_cuda = 0.000336
iter 30: per_iter_time_cuda = 0.015224

iter 31: cpu_time_pred = 0.005844
iter 31: gpu_time_pred = 0.001243
iter 31: slack_pred = 0.004600
iter 31: ratio_split_freq = 28.178988
iter 31: seconds_until_interrupt = 0.038068
iter 31: slack_cuda = 0.004630
iter 31: cpu_time_cuda = 0.009223
iter 31: gpu_time_cuda = 0.004594
iter 31: download_copy_time_cuda = 0.000305
iter 31: upload_copy_time_cuda = 0.000320
iter 31: per_iter_time_cuda = 0.014782

iter 32: cpu_time_pred = 0.005539
iter 32: gpu_time_pred = 0.001117
iter 32: slack_pred = 0.004422
iter 32: ratio_split_freq = 30.145676
iter 32: seconds_until_interrupt = 0.036593
iter 32: slack_cuda = 0.008469
iter 32: cpu_time_cuda = 0.013496
iter 32: gpu_time_cuda = 0.005028
iter 32: download_copy_time_cuda = 0.000293
iter 32: upload_copy_time_cuda = 0.000302
iter 32: per_iter_time_cuda = 0.019464

iter 33: cpu_time_pred = 0.005235
iter 33: gpu_time_pred = 0.000998
iter 33: slack_pred = 0.004237
iter 33: ratio_split_freq = 32.341049
iter 33: seconds_until_interrupt = 0.035062
iter 33: slack_cuda = 0.004477
iter 33: cpu_time_cuda = 0.008897
iter 33: gpu_time_cuda = 0.004420
iter 33: download_copy_time_cuda = 0.000284
iter 33: upload_copy_time_cuda = 0.000291
iter 33: per_iter_time_cuda = 0.014213

iter 34: cpu_time_pred = 0.004930
iter 34: gpu_time_pred = 0.000885
iter 34: slack_pred = 0.004045
iter 34: ratio_split_freq = 34.807456
iter 34: seconds_until_interrupt = 0.033476
iter 34: slack_cuda = 0.004112
iter 34: cpu_time_cuda = 0.008358
iter 34: gpu_time_cuda = 0.004246
iter 34: download_copy_time_cuda = 0.000268
iter 34: upload_copy_time_cuda = 0.000276
iter 34: per_iter_time_cuda = 0.013455

iter 35: cpu_time_pred = 0.004626
iter 35: gpu_time_pred = 0.000779
iter 35: slack_pred = 0.003847
iter 35: ratio_split_freq = 37.598390
iter 35: seconds_until_interrupt = 0.031834
iter 35: slack_cuda = 0.003862
iter 35: cpu_time_cuda = 0.008006
iter 35: gpu_time_cuda = 0.004145
iter 35: download_copy_time_cuda = 0.000253
iter 35: upload_copy_time_cuda = 0.000280
iter 35: per_iter_time_cuda = 0.012982

iter 36: cpu_time_pred = 0.004322
iter 36: gpu_time_pred = 0.000680
iter 36: slack_pred = 0.003642
iter 36: ratio_split_freq = 40.782413
iter 36: seconds_until_interrupt = 0.030136
iter 36: slack_cuda = 0.003628
iter 36: cpu_time_cuda = 0.007748
iter 36: gpu_time_cuda = 0.004120
iter 36: download_copy_time_cuda = 0.000237
iter 36: upload_copy_time_cuda = 0.000274
iter 36: per_iter_time_cuda = 0.012680

iter 37: cpu_time_pred = 0.004017
iter 37: gpu_time_pred = 0.000588
iter 37: slack_pred = 0.003430
iter 37: ratio_split_freq = 44.448864
iter 37: seconds_until_interrupt = 0.028382
iter 37: slack_cuda = 0.003389
iter 37: cpu_time_cuda = 0.007405
iter 37: gpu_time_cuda = 0.004016
iter 37: download_copy_time_cuda = 0.000229
iter 37: upload_copy_time_cuda = 0.000281
iter 37: per_iter_time_cuda = 0.012221

iter 38: cpu_time_pred = 0.003713
iter 38: gpu_time_pred = 0.000502
iter 38: slack_pred = 0.003211
iter 38: ratio_split_freq = 48.716372
iter 38: seconds_until_interrupt = 0.026572
iter 38: slack_cuda = 0.003167
iter 38: cpu_time_cuda = 0.007073
iter 38: gpu_time_cuda = 0.003907
iter 38: download_copy_time_cuda = 0.000213
iter 38: upload_copy_time_cuda = 0.000270
iter 38: per_iter_time_cuda = 0.011761

iter 39: cpu_time_pred = 0.003409
iter 39: gpu_time_pred = 0.000423
iter 39: slack_pred = 0.002986
iter 39: ratio_split_freq = 53.745936
iter 39: seconds_until_interrupt = 0.024706
iter 39: slack_cuda = 0.003162
iter 39: cpu_time_cuda = 0.006894
iter 39: gpu_time_cuda = 0.003732
iter 39: download_copy_time_cuda = 0.000200
iter 39: upload_copy_time_cuda = 0.000273
iter 39: per_iter_time_cuda = 0.011392

iter 40: cpu_time_pred = 0.003104
iter 40: gpu_time_pred = 0.000351
iter 40: slack_pred = 0.002754
iter 40: ratio_split_freq = 59.761688
iter 40: seconds_until_interrupt = 0.022785
iter 40: slack_cuda = 0.003483
iter 40: cpu_time_cuda = 0.007175
iter 40: gpu_time_cuda = 0.003692
iter 40: download_copy_time_cuda = 0.000185
iter 40: upload_copy_time_cuda = 0.000265
iter 40: per_iter_time_cuda = 0.011601

iter 41: cpu_time_pred = 0.002800
iter 41: gpu_time_pred = 0.000285
iter 41: slack_pred = 0.002515
iter 41: ratio_split_freq = 67.085213
iter 41: seconds_until_interrupt = 0.020808
iter 41: slack_cuda = -0.006180
iter 41: cpu_time_cuda = 0.006091
iter 41: gpu_time_cuda = 0.012270
iter 41: download_copy_time_cuda = 0.000175
iter 41: upload_copy_time_cuda = 0.000263
iter 41: per_iter_time_cuda = 0.019081

iter 42: cpu_time_pred = 0.002496
iter 42: gpu_time_pred = 0.000227
iter 42: slack_pred = 0.002269
iter 42: ratio_split_freq = 76.194963
iter 42: seconds_until_interrupt = 0.018775
iter 42: slack_cuda = 0.002339
iter 42: cpu_time_cuda = 0.005806
iter 42: gpu_time_cuda = 0.003467
iter 42: download_copy_time_cuda = 0.000160
iter 42: upload_copy_time_cuda = 0.000259
iter 42: per_iter_time_cuda = 0.009970

iter 43: cpu_time_pred = 0.002191
iter 43: gpu_time_pred = 0.000175
iter 43: slack_pred = 0.002016
iter 43: ratio_split_freq = 87.835199
iter 43: seconds_until_interrupt = 0.016686
iter 43: slack_cuda = 0.002158
iter 43: cpu_time_cuda = 0.005617
iter 43: gpu_time_cuda = 0.003459
iter 43: download_copy_time_cuda = 0.000144
iter 43: upload_copy_time_cuda = 0.000266
iter 43: per_iter_time_cuda = 0.009750

iter 44: cpu_time_pred = 0.001887
iter 44: gpu_time_pred = 0.000130
iter 44: slack_pred = 0.001757
iter 44: ratio_split_freq = 103.230350
iter 44: seconds_until_interrupt = 0.014542
iter 44: slack_cuda = 0.001821
iter 44: cpu_time_cuda = 0.005338
iter 44: gpu_time_cuda = 0.003517
iter 44: download_copy_time_cuda = 0.000131
iter 44: upload_copy_time_cuda = 0.000257
iter 44: per_iter_time_cuda = 0.009513

iter 45: cpu_time_pred = 0.001583
iter 45: gpu_time_pred = 0.000091
iter 45: slack_pred = 0.001491
iter 45: ratio_split_freq = 124.546714
iter 45: seconds_until_interrupt = 0.012342
iter 45: slack_cuda = 0.001677
iter 45: cpu_time_cuda = 0.005019
iter 45: gpu_time_cuda = 0.003342
iter 45: download_copy_time_cuda = 0.000126
iter 45: upload_copy_time_cuda = 0.000247
iter 45: per_iter_time_cuda = 0.008997

iter 46: cpu_time_pred = 0.001278
iter 46: gpu_time_pred = 0.000059
iter 46: slack_pred = 0.001219
iter 46: ratio_split_freq = 156.013726
iter 46: seconds_until_interrupt = 0.010085
iter 46: slack_cuda = 0.001344
iter 46: cpu_time_cuda = 0.004742
iter 46: gpu_time_cuda = 0.003398
iter 46: download_copy_time_cuda = 0.000107
iter 46: upload_copy_time_cuda = 0.000247
iter 46: per_iter_time_cuda = 0.008759

iter 47: cpu_time_pred = 0.000974
iter 47: gpu_time_pred = 0.000035
iter 47: slack_pred = 0.000939
iter 47: ratio_split_freq = 207.147621
iter 47: seconds_until_interrupt = 0.007773
iter 47: slack_cuda = 0.001206
iter 47: cpu_time_cuda = 0.004471
iter 47: gpu_time_cuda = 0.003265
iter 47: download_copy_time_cuda = 0.000098
iter 47: upload_copy_time_cuda = 0.000244
iter 47: per_iter_time_cuda = 0.008340

iter 48: cpu_time_pred = 0.000670
iter 48: gpu_time_pred = 0.000016
iter 48: slack_pred = 0.000653
iter 48: ratio_split_freq = 304.766876
iter 48: seconds_until_interrupt = 0.005406
iter 48: slack_cuda = 0.000927
iter 48: cpu_time_cuda = 0.004158
iter 48: gpu_time_cuda = 0.003232
iter 48: download_copy_time_cuda = 0.000084
iter 48: upload_copy_time_cuda = 0.000252
iter 48: per_iter_time_cuda = 0.007986

iter 49: cpu_time_pred = 0.000365
iter 49: gpu_time_pred = 0.000005
iter 49: slack_pred = 0.000360
iter 49: ratio_split_freq = 565.084888
iter 49: seconds_until_interrupt = 0.002982
iter 49: slack_cuda = 0.000717
iter 49: cpu_time_cuda = 0.003963
iter 49: gpu_time_cuda = 0.003246
iter 49: download_copy_time_cuda = 0.000079
iter 49: upload_copy_time_cuda = 0.000255
iter 49: per_iter_time_cuda = 0.007807

iter 50: cpu_time_pred = 0.000061
iter 50: gpu_time_pred = 0.000000
iter 50: slack_pred = 0.000061
iter 50: ratio_split_freq = 3428.583022
iter 50: seconds_until_interrupt = 0.000503
iter 50: slack_cuda = -0.002811
iter 50: cpu_time_cuda = 0.000402
iter 50: gpu_time_cuda = 0.003214
iter 50: download_copy_time_cuda = 0.000071
iter 50: upload_copy_time_cuda = 0.000237
iter 50: per_iter_time_cuda = 0.006950

total_slack_overflow = -0.009639
total_cpu_time_cuda = 0.549159
total_gpu_time_cuda = 0.318201
total_copy_time_cuda = 0.041560
main_loop_time_cuda = 0.934452
Normalized difference of predicted CPU runtime per iteration is: 0.000000%
Normalized difference of predicted GPU runtime per iteration is: 0.000000%
Normalized difference of predicted slack per iteration is: 0.000000%
 5120  5120     ---   (  ---  )     87.81 (   1.02)     ---   
total_time = 1.978160
1.55user 0.66system 0:03.53elapsed 62%CPU (0avgtext+0avgdata 358528maxresident)k
3928inputs+0outputs (1major+71939minor)pagefaults 0swaps
send out message: 22 3 log
