send out message: 24 37 /home/lchen/MAGMA/magma-1.6.1/results
send out message: 20 26 MAGMA_LU_GPUDVFS.total.pwr
MAGMA 1.6.1  compiled for CUDA capability >= 3.0
CUDA runtime 5000, driver 6050. MAGMA not compiled with OpenMP. 
ndevices 1
device 0: Tesla K20c, 705.5 MHz clock, 4799.6 MB memory, capability 3.5
Usage: /home/lchen/MAGMA/magma-1.6.1/testing/testing_dgetrf [options] [-h|--help]

ngpu 1
    M     N   CPU GFlop/s (sec)   GPU GFlop/s (sec)   |PA-LU|/(N*|A|)
=========================================================================
init_time = 0.622892
iter 0: slack_cuda = 0.000000
iter 0: cpu_time_cuda = 0.000000
iter 0: gpu_time_cuda = 0.000000
iter 0: download_copy_time_cuda = 0.000000
iter 0: upload_copy_time_cuda = 0.000763
iter 0: per_iter_time_cuda = 0.001202

iter 1: cpu_time_pred = 0.000000
iter 1: gpu_time_pred = 0.000000
iter 1: slack_pred = 0.000000
iter 1: slack_cuda = 0.004578
iter 1: cpu_time_cuda = 0.011530
iter 1: gpu_time_cuda = 0.006952
iter 1: download_copy_time_cuda = 0.000742
iter 1: upload_copy_time_cuda = 0.000744
iter 1: per_iter_time_cuda = 0.021216

iter 2: cpu_time_pred = 0.011296
iter 2: gpu_time_pred = 0.006672
iter 2: slack_pred = 0.004624
iter 2: slack_cuda = 0.004634
iter 2: cpu_time_cuda = 0.011305
iter 2: gpu_time_cuda = 0.006671
iter 2: download_copy_time_cuda = 0.000710
iter 2: upload_copy_time_cuda = 0.000729
iter 2: per_iter_time_cuda = 0.020664

iter 3: cpu_time_pred = 0.011062
iter 3: gpu_time_pred = 0.006398
iter 3: slack_pred = 0.004663
iter 3: slack_cuda = 0.004773
iter 3: cpu_time_cuda = 0.011086
iter 3: gpu_time_cuda = 0.006313
iter 3: download_copy_time_cuda = 0.000710
iter 3: upload_copy_time_cuda = 0.000716
iter 3: per_iter_time_cuda = 0.020001

iter 4: cpu_time_pred = 0.010827
iter 4: gpu_time_pred = 0.006130
iter 4: slack_pred = 0.004697
iter 4: slack_cuda = 0.004682
iter 4: cpu_time_cuda = 0.010854
iter 4: gpu_time_cuda = 0.006172
iter 4: download_copy_time_cuda = 0.000698
iter 4: upload_copy_time_cuda = 0.000694
iter 4: per_iter_time_cuda = 0.019639

iter 5: cpu_time_pred = 0.010593
iter 5: gpu_time_pred = 0.005867
iter 5: slack_pred = 0.004725
iter 5: slack_cuda = 0.004639
iter 5: cpu_time_cuda = 0.010588
iter 5: gpu_time_cuda = 0.005949
iter 5: download_copy_time_cuda = 0.000684
iter 5: upload_copy_time_cuda = 0.000688
iter 5: per_iter_time_cuda = 0.019080

iter 6: cpu_time_pred = 0.010359
iter 6: gpu_time_pred = 0.005611
iter 6: slack_pred = 0.004748
iter 6: slack_cuda = 0.004732
iter 6: cpu_time_cuda = 0.010456
iter 6: gpu_time_cuda = 0.005724
iter 6: download_copy_time_cuda = 0.000681
iter 6: upload_copy_time_cuda = 0.000675
iter 6: per_iter_time_cuda = 0.018748

iter 7: cpu_time_pred = 0.010124
iter 7: gpu_time_pred = 0.005360
iter 7: slack_pred = 0.004765
iter 7: slack_cuda = 0.004879
iter 7: cpu_time_cuda = 0.010263
iter 7: gpu_time_cuda = 0.005385
iter 7: download_copy_time_cuda = 0.000643
iter 7: upload_copy_time_cuda = 0.000659
iter 7: per_iter_time_cuda = 0.018100

iter 8: cpu_time_pred = 0.009890
iter 8: gpu_time_pred = 0.005114
iter 8: slack_pred = 0.004775
iter 8: slack_cuda = 0.004771
iter 8: cpu_time_cuda = 0.009974
iter 8: gpu_time_cuda = 0.005203
iter 8: download_copy_time_cuda = 0.000629
iter 8: upload_copy_time_cuda = 0.000637
iter 8: per_iter_time_cuda = 0.017612

iter 9: cpu_time_pred = 0.009656
iter 9: gpu_time_pred = 0.004875
iter 9: slack_pred = 0.004781
iter 9: slack_cuda = 0.004838
iter 9: cpu_time_cuda = 0.009796
iter 9: gpu_time_cuda = 0.004958
iter 9: download_copy_time_cuda = 0.000631
iter 9: upload_copy_time_cuda = 0.000633
iter 9: per_iter_time_cuda = 0.017129

iter 10: cpu_time_pred = 0.009421
iter 10: gpu_time_pred = 0.004641
iter 10: slack_pred = 0.004780
iter 10: slack_cuda = 0.004752
iter 10: cpu_time_cuda = 0.009494
iter 10: gpu_time_cuda = 0.004742
iter 10: download_copy_time_cuda = 0.000608
iter 10: upload_copy_time_cuda = 0.000619
iter 10: per_iter_time_cuda = 0.016643

iter 11: cpu_time_pred = 0.009187
iter 11: gpu_time_pred = 0.004413
iter 11: slack_pred = 0.004774
iter 11: slack_cuda = 0.004686
iter 11: cpu_time_cuda = 0.009158
iter 11: gpu_time_cuda = 0.004472
iter 11: download_copy_time_cuda = 0.000596
iter 11: upload_copy_time_cuda = 0.000604
iter 11: per_iter_time_cuda = 0.015886

iter 12: cpu_time_pred = 0.008952
iter 12: gpu_time_pred = 0.004191
iter 12: slack_pred = 0.004762
iter 12: slack_cuda = 0.004684
iter 12: cpu_time_cuda = 0.008993
iter 12: gpu_time_cuda = 0.004308
iter 12: download_copy_time_cuda = 0.000585
iter 12: upload_copy_time_cuda = 0.000582
iter 12: per_iter_time_cuda = 0.015543

iter 13: cpu_time_pred = 0.008718
iter 13: gpu_time_pred = 0.003974
iter 13: slack_pred = 0.004744
iter 13: slack_cuda = 0.004674
iter 13: cpu_time_cuda = 0.008794
iter 13: gpu_time_cuda = 0.004119
iter 13: download_copy_time_cuda = 0.000581
iter 13: upload_copy_time_cuda = 0.000573
iter 13: per_iter_time_cuda = 0.015103

iter 14: cpu_time_pred = 0.008484
iter 14: gpu_time_pred = 0.003764
iter 14: slack_pred = 0.004720
iter 14: slack_cuda = 0.004675
iter 14: cpu_time_cuda = 0.008574
iter 14: gpu_time_cuda = 0.003899
iter 14: download_copy_time_cuda = 0.000548
iter 14: upload_copy_time_cuda = 0.000558
iter 14: per_iter_time_cuda = 0.014615

iter 15: cpu_time_pred = 0.008249
iter 15: gpu_time_pred = 0.003558
iter 15: slack_pred = 0.004691
iter 15: slack_cuda = 0.004669
iter 15: cpu_time_cuda = 0.008352
iter 15: gpu_time_cuda = 0.003683
iter 15: download_copy_time_cuda = 0.000544
iter 15: upload_copy_time_cuda = 0.000547
iter 15: per_iter_time_cuda = 0.014113

iter 16: cpu_time_pred = 0.008015
iter 16: gpu_time_pred = 0.003359
iter 16: slack_pred = 0.004656
iter 16: slack_cuda = 0.004735
iter 16: cpu_time_cuda = 0.008222
iter 16: gpu_time_cuda = 0.003488
iter 16: download_copy_time_cuda = 0.000529
iter 16: upload_copy_time_cuda = 0.000532
iter 16: per_iter_time_cuda = 0.013760

iter 17: cpu_time_pred = 0.007781
iter 17: gpu_time_pred = 0.003166
iter 17: slack_pred = 0.004615
iter 17: slack_cuda = 0.004558
iter 17: cpu_time_cuda = 0.007883
iter 17: gpu_time_cuda = 0.003325
iter 17: download_copy_time_cuda = 0.000521
iter 17: upload_copy_time_cuda = 0.000515
iter 17: per_iter_time_cuda = 0.013175

iter 18: cpu_time_pred = 0.007546
iter 18: gpu_time_pred = 0.002978
iter 18: slack_pred = 0.004569
iter 18: slack_cuda = 0.004540
iter 18: cpu_time_cuda = 0.007658
iter 18: gpu_time_cuda = 0.003118
iter 18: download_copy_time_cuda = 0.000509
iter 18: upload_copy_time_cuda = 0.000500
iter 18: per_iter_time_cuda = 0.012716

iter 19: cpu_time_pred = 0.007312
iter 19: gpu_time_pred = 0.002796
iter 19: slack_pred = 0.004516
iter 19: slack_cuda = 0.004515
iter 19: cpu_time_cuda = 0.007420
iter 19: gpu_time_cuda = 0.002905
iter 19: download_copy_time_cuda = 0.000487
iter 19: upload_copy_time_cuda = 0.000487
iter 19: per_iter_time_cuda = 0.012191

iter 20: cpu_time_pred = 0.007078
iter 20: gpu_time_pred = 0.002619
iter 20: slack_pred = 0.004458
iter 20: slack_cuda = 0.004458
iter 20: cpu_time_cuda = 0.007250
iter 20: gpu_time_cuda = 0.002791
iter 20: download_copy_time_cuda = 0.000467
iter 20: upload_copy_time_cuda = 0.000470
iter 20: per_iter_time_cuda = 0.011882

iter 21: cpu_time_pred = 0.006843
iter 21: gpu_time_pred = 0.002449
iter 21: slack_pred = 0.004395
iter 21: slack_cuda = 0.004306
iter 21: cpu_time_cuda = 0.006964
iter 21: gpu_time_cuda = 0.002659
iter 21: download_copy_time_cuda = 0.000464
iter 21: upload_copy_time_cuda = 0.000458
iter 21: per_iter_time_cuda = 0.011426

iter 22: cpu_time_pred = 0.006609
iter 22: gpu_time_pred = 0.002284
iter 22: slack_pred = 0.004325
iter 22: slack_cuda = 0.004332
iter 22: cpu_time_cuda = 0.006794
iter 22: gpu_time_cuda = 0.002463
iter 22: download_copy_time_cuda = 0.000444
iter 22: upload_copy_time_cuda = 0.000445
iter 22: per_iter_time_cuda = 0.011042

iter 23: cpu_time_pred = 0.006375
iter 23: gpu_time_pred = 0.002125
iter 23: slack_pred = 0.004250
iter 23: slack_cuda = 0.004180
iter 23: cpu_time_cuda = 0.006487
iter 23: gpu_time_cuda = 0.002307
iter 23: download_copy_time_cuda = 0.000436
iter 23: upload_copy_time_cuda = 0.000432
iter 23: per_iter_time_cuda = 0.010498

iter 24: cpu_time_pred = 0.006140
iter 24: gpu_time_pred = 0.001971
iter 24: slack_pred = 0.004169
iter 24: slack_cuda = 0.004030
iter 24: cpu_time_cuda = 0.006247
iter 24: gpu_time_cuda = 0.002216
iter 24: download_copy_time_cuda = 0.000418
iter 24: upload_copy_time_cuda = 0.000411
iter 24: per_iter_time_cuda = 0.010138

iter 25: cpu_time_pred = 0.005906
iter 25: gpu_time_pred = 0.001824
iter 25: slack_pred = 0.004082
iter 25: slack_cuda = 0.004053
iter 25: cpu_time_cuda = 0.006069
iter 25: gpu_time_cuda = 0.002017
iter 25: download_copy_time_cuda = 0.000432
iter 25: upload_copy_time_cuda = 0.000399
iter 25: per_iter_time_cuda = 0.009713

iter 26: cpu_time_pred = 0.005671
iter 26: gpu_time_pred = 0.001682
iter 26: slack_pred = 0.003990
iter 26: slack_cuda = 0.003908
iter 26: cpu_time_cuda = 0.005802
iter 26: gpu_time_cuda = 0.001894
iter 26: download_copy_time_cuda = 0.000390
iter 26: upload_copy_time_cuda = 0.000386
iter 26: per_iter_time_cuda = 0.009269

iter 27: cpu_time_pred = 0.005437
iter 27: gpu_time_pred = 0.001546
iter 27: slack_pred = 0.003891
iter 27: slack_cuda = 0.003821
iter 27: cpu_time_cuda = 0.005570
iter 27: gpu_time_cuda = 0.001749
iter 27: download_copy_time_cuda = 0.000376
iter 27: upload_copy_time_cuda = 0.000372
iter 27: per_iter_time_cuda = 0.008836

iter 28: cpu_time_pred = 0.005203
iter 28: gpu_time_pred = 0.001415
iter 28: slack_pred = 0.003787
iter 28: slack_cuda = 0.003757
iter 28: cpu_time_cuda = 0.005372
iter 28: gpu_time_cuda = 0.001615
iter 28: download_copy_time_cuda = 0.000371
iter 28: upload_copy_time_cuda = 0.000353
iter 28: per_iter_time_cuda = 0.008496

iter 29: cpu_time_pred = 0.004968
iter 29: gpu_time_pred = 0.001291
iter 29: slack_pred = 0.003678
iter 29: slack_cuda = 0.003518
iter 29: cpu_time_cuda = 0.005030
iter 29: gpu_time_cuda = 0.001511
iter 29: download_copy_time_cuda = 0.000337
iter 29: upload_copy_time_cuda = 0.000352
iter 29: per_iter_time_cuda = 0.007960

iter 30: cpu_time_pred = 0.004734
iter 30: gpu_time_pred = 0.001172
iter 30: slack_pred = 0.003562
iter 30: slack_cuda = 0.003415
iter 30: cpu_time_cuda = 0.004891
iter 30: gpu_time_cuda = 0.001476
iter 30: download_copy_time_cuda = 0.000325
iter 30: upload_copy_time_cuda = 0.000330
iter 30: per_iter_time_cuda = 0.007765

iter 31: cpu_time_pred = 0.004500
iter 31: gpu_time_pred = 0.001059
iter 31: slack_pred = 0.003441
iter 31: slack_cuda = 0.003446
iter 31: cpu_time_cuda = 0.004666
iter 31: gpu_time_cuda = 0.001220
iter 31: download_copy_time_cuda = 0.000299
iter 31: upload_copy_time_cuda = 0.000313
iter 31: per_iter_time_cuda = 0.007182

iter 32: cpu_time_pred = 0.004265
iter 32: gpu_time_pred = 0.000951
iter 32: slack_pred = 0.003314
iter 32: slack_cuda = 0.003373
iter 32: cpu_time_cuda = 0.004493
iter 32: gpu_time_cuda = 0.001120
iter 32: download_copy_time_cuda = 0.000291
iter 32: upload_copy_time_cuda = 0.000295
iter 32: per_iter_time_cuda = 0.006902

iter 33: cpu_time_pred = 0.004031
iter 33: gpu_time_pred = 0.000850
iter 33: slack_pred = 0.003181
iter 33: slack_cuda = 0.003189
iter 33: cpu_time_cuda = 0.004233
iter 33: gpu_time_cuda = 0.001043
iter 33: download_copy_time_cuda = 0.000275
iter 33: upload_copy_time_cuda = 0.000284
iter 33: per_iter_time_cuda = 0.006481

iter 34: cpu_time_pred = 0.003797
iter 34: gpu_time_pred = 0.000754
iter 34: slack_pred = 0.003043
iter 34: slack_cuda = 0.003049
iter 34: cpu_time_cuda = 0.004008
iter 34: gpu_time_cuda = 0.000959
iter 34: download_copy_time_cuda = 0.000260
iter 34: upload_copy_time_cuda = 0.000271
iter 34: per_iter_time_cuda = 0.006134

iter 35: cpu_time_pred = 0.003562
iter 35: gpu_time_pred = 0.000664
iter 35: slack_pred = 0.002899
iter 35: slack_cuda = 0.003007
iter 35: cpu_time_cuda = 0.003854
iter 35: gpu_time_cuda = 0.000847
iter 35: download_copy_time_cuda = 0.000246
iter 35: upload_copy_time_cuda = 0.000269
iter 35: per_iter_time_cuda = 0.005790

iter 36: cpu_time_pred = 0.003328
iter 36: gpu_time_pred = 0.000579
iter 36: slack_pred = 0.002749
iter 36: slack_cuda = 0.002771
iter 36: cpu_time_cuda = 0.003561
iter 36: gpu_time_cuda = 0.000791
iter 36: download_copy_time_cuda = 0.000238
iter 36: upload_copy_time_cuda = 0.000251
iter 36: per_iter_time_cuda = 0.005431

iter 37: cpu_time_pred = 0.003094
iter 37: gpu_time_pred = 0.000500
iter 37: slack_pred = 0.002593
iter 37: slack_cuda = 0.002623
iter 37: cpu_time_cuda = 0.003312
iter 37: gpu_time_cuda = 0.000689
iter 37: download_copy_time_cuda = 0.000222
iter 37: upload_copy_time_cuda = 0.000263
iter 37: per_iter_time_cuda = 0.005052

iter 38: cpu_time_pred = 0.002859
iter 38: gpu_time_pred = 0.000427
iter 38: slack_pred = 0.002432
iter 38: slack_cuda = 0.002508
iter 38: cpu_time_cuda = 0.003136
iter 38: gpu_time_cuda = 0.000627
iter 38: download_copy_time_cuda = 0.000206
iter 38: upload_copy_time_cuda = 0.000257
iter 38: per_iter_time_cuda = 0.004795

iter 39: cpu_time_pred = 0.002625
iter 39: gpu_time_pred = 0.000360
iter 39: slack_pred = 0.002265
iter 39: slack_cuda = 0.002428
iter 39: cpu_time_cuda = 0.002941
iter 39: gpu_time_cuda = 0.000513
iter 39: download_copy_time_cuda = 0.000192
iter 39: upload_copy_time_cuda = 0.000258
iter 39: per_iter_time_cuda = 0.004411

iter 40: cpu_time_pred = 0.002390
iter 40: gpu_time_pred = 0.000299
iter 40: slack_pred = 0.002092
iter 40: slack_cuda = 0.002143
iter 40: cpu_time_cuda = 0.002605
iter 40: gpu_time_cuda = 0.000461
iter 40: download_copy_time_cuda = 0.000188
iter 40: upload_copy_time_cuda = 0.000253
iter 40: per_iter_time_cuda = 0.004023

iter 41: cpu_time_pred = 0.002156
iter 41: gpu_time_pred = 0.000243
iter 41: slack_pred = 0.001913
iter 41: slack_cuda = 0.001978
iter 41: cpu_time_cuda = 0.002375
iter 41: gpu_time_cuda = 0.000396
iter 41: download_copy_time_cuda = 0.000173
iter 41: upload_copy_time_cuda = 0.000244
iter 41: per_iter_time_cuda = 0.003679

iter 42: cpu_time_pred = 0.001922
iter 42: gpu_time_pred = 0.000193
iter 42: slack_pred = 0.001729
iter 42: slack_cuda = 0.001829
iter 42: cpu_time_cuda = 0.002163
iter 42: gpu_time_cuda = 0.000334
iter 42: download_copy_time_cuda = 0.000157
iter 42: upload_copy_time_cuda = 0.000249
iter 42: per_iter_time_cuda = 0.003357

iter 43: cpu_time_pred = 0.001687
iter 43: gpu_time_pred = 0.000149
iter 43: slack_pred = 0.001538
iter 43: slack_cuda = 0.001675
iter 43: cpu_time_cuda = 0.001955
iter 43: gpu_time_cuda = 0.000279
iter 43: download_copy_time_cuda = 0.000144
iter 43: upload_copy_time_cuda = 0.000251
iter 43: per_iter_time_cuda = 0.003068

iter 44: cpu_time_pred = 0.001453
iter 44: gpu_time_pred = 0.000110
iter 44: slack_pred = 0.001343
iter 44: slack_cuda = 0.001481
iter 44: cpu_time_cuda = 0.001732
iter 44: gpu_time_cuda = 0.000252
iter 44: download_copy_time_cuda = 0.000130
iter 44: upload_copy_time_cuda = 0.000247
iter 44: per_iter_time_cuda = 0.002782

iter 45: cpu_time_pred = 0.001219
iter 45: gpu_time_pred = 0.000078
iter 45: slack_pred = 0.001141
iter 45: slack_cuda = 0.001349
iter 45: cpu_time_cuda = 0.001525
iter 45: gpu_time_cuda = 0.000177
iter 45: download_copy_time_cuda = 0.000128
iter 45: upload_copy_time_cuda = 0.000248
iter 45: per_iter_time_cuda = 0.002490

iter 46: cpu_time_pred = 0.000984
iter 46: gpu_time_pred = 0.000051
iter 46: slack_pred = 0.000934
iter 46: slack_cuda = 0.001166
iter 46: cpu_time_cuda = 0.001303
iter 46: gpu_time_cuda = 0.000137
iter 46: download_copy_time_cuda = 0.000110
iter 46: upload_copy_time_cuda = 0.000232
iter 46: per_iter_time_cuda = 0.002186

iter 47: cpu_time_pred = 0.000750
iter 47: gpu_time_pred = 0.000029
iter 47: slack_pred = 0.000721
iter 47: slack_cuda = 0.001008
iter 47: cpu_time_cuda = 0.001096
iter 47: gpu_time_cuda = 0.000088
iter 47: download_copy_time_cuda = 0.000095
iter 47: upload_copy_time_cuda = 0.000224
iter 47: per_iter_time_cuda = 0.001890

iter 48: cpu_time_pred = 0.000516
iter 48: gpu_time_pred = 0.000014
iter 48: slack_pred = 0.000502
iter 48: slack_cuda = 0.000825
iter 48: cpu_time_cuda = 0.000894
iter 48: gpu_time_cuda = 0.000069
iter 48: download_copy_time_cuda = 0.000088
iter 48: upload_copy_time_cuda = 0.000237
iter 48: per_iter_time_cuda = 0.001664

iter 49: cpu_time_pred = 0.000281
iter 49: gpu_time_pred = 0.000004
iter 49: slack_pred = 0.000277
iter 49: slack_cuda = 0.000616
iter 49: cpu_time_cuda = 0.000678
iter 49: gpu_time_cuda = 0.000063
iter 49: download_copy_time_cuda = 0.000072
iter 49: upload_copy_time_cuda = 0.000231
iter 49: per_iter_time_cuda = 0.001419

iter 50: cpu_time_pred = 0.000047
iter 50: gpu_time_pred = 0.000000
iter 50: slack_pred = 0.000047
iter 50: slack_cuda = 0.000473
iter 50: cpu_time_cuda = 0.000524
iter 50: gpu_time_cuda = 0.000052
iter 50: download_copy_time_cuda = 0.000073
iter 50: upload_copy_time_cuda = 0.000220
iter 50: per_iter_time_cuda = 0.001214

total_cpu_time_cuda = 0.297933
total_gpu_time_cuda = 0.124204
total_copy_time_cuda = 0.041646
main_loop_time_cuda = 0.507636
Normalized difference of predicted CPU runtime per iteration is: -8.363335%
Normalized difference of predicted GPU runtime per iteration is: -20.464377%
Normalized difference of predicted slack per iteration is: -5.280648%
 5120  5120     ---   (  ---  )    152.13 (   0.59)     ---   
total_time = 1.323038
1.22user 0.40system 0:02.63elapsed 61%CPU (0avgtext+0avgdata 358512maxresident)k
0inputs+0outputs (0major+71935minor)pagefaults 0swaps
send out message: 22 3 log
