send out message: 24 37 /home/lchen/MAGMA/magma-1.6.1/results
send out message: 20 26 MAGMA_LU_GPUDVFS.total.pwr
MAGMA 1.6.1  compiled for CUDA capability >= 3.0
CUDA runtime 5000, driver 6050. MAGMA not compiled with OpenMP. 
ndevices 1
device 0: Tesla K20c, 705.5 MHz clock, 4799.6 MB memory, capability 3.5
Usage: /home/lchen/MAGMA/magma-1.6.1/testing/testing_dgetrf [options] [-h|--help]

ngpu 1
    M     N   CPU GFlop/s (sec)   GPU GFlop/s (sec)   |PA-LU|/(N*|A|)
=========================================================================
init_time = 0.815684
iter 0: slack_cuda = 0.000000
iter 0: cpu_time_cuda = 0.000000
iter 0: gpu_time_cuda = 0.000000
iter 0: download_copy_time_cuda = 0.000000
iter 0: upload_copy_time_cuda = 0.000770
iter 0: per_iter_time_cuda = 0.001249

iter 1: cpu_time_pred = 0.000000
iter 1: gpu_time_pred = 0.000000
iter 1: slack_pred = 0.000000
iter 1: ratio_split_freq = -nan
iter 1: seconds_until_interrupt = -nan
iter 1: slack_cuda = 0.005755
iter 1: cpu_time_cuda = 0.013938
iter 1: gpu_time_cuda = 0.008183
iter 1: download_copy_time_cuda = 0.000002
iter 1: upload_copy_time_cuda = 0.000760
iter 1: per_iter_time_cuda = 0.023342

iter 2: cpu_time_pred = 0.014616
iter 2: gpu_time_pred = 0.007652
iter 2: slack_pred = 0.006964
iter 2: ratio_split_freq = 0.207683
iter 2: seconds_until_interrupt = 0.008057
iter 2: slack_cuda = -0.007817
iter 2: cpu_time_cuda = 0.013630
iter 2: gpu_time_cuda = 0.021447
iter 2: download_copy_time_cuda = 0.000003
iter 2: upload_copy_time_cuda = 0.000741
iter 2: per_iter_time_cuda = 0.036299

iter 3: cpu_time_pred = 0.014313
iter 3: gpu_time_pred = 0.007190
iter 3: slack_pred = 0.007123
iter 3: ratio_split_freq = 0.226056
iter 3: seconds_until_interrupt = 0.008240
iter 3: slack_cuda = -0.007757
iter 3: cpu_time_cuda = 0.013343
iter 3: gpu_time_cuda = 0.021100
iter 3: download_copy_time_cuda = 0.000002
iter 3: upload_copy_time_cuda = 0.000720
iter 3: per_iter_time_cuda = 0.035627

iter 4: cpu_time_pred = 0.014009
iter 4: gpu_time_pred = 0.006747
iter 4: slack_pred = 0.007262
iter 4: ratio_split_freq = 0.245618
iter 4: seconds_until_interrupt = 0.008402
iter 4: slack_cuda = -0.008108
iter 4: cpu_time_cuda = 0.013063
iter 4: gpu_time_cuda = 0.021172
iter 4: download_copy_time_cuda = 0.000003
iter 4: upload_copy_time_cuda = 0.000703
iter 4: per_iter_time_cuda = 0.035415

iter 5: cpu_time_pred = 0.013706
iter 5: gpu_time_pred = 0.006323
iter 5: slack_pred = 0.007383
iter 5: ratio_split_freq = 0.266474
iter 5: seconds_until_interrupt = 0.008542
iter 5: slack_cuda = -0.008232
iter 5: cpu_time_cuda = 0.012780
iter 5: gpu_time_cuda = 0.021012
iter 5: download_copy_time_cuda = 0.000002
iter 5: upload_copy_time_cuda = 0.000691
iter 5: per_iter_time_cuda = 0.034947

iter 6: cpu_time_pred = 0.013403
iter 6: gpu_time_pred = 0.005917
iter 6: slack_pred = 0.007486
iter 6: ratio_split_freq = 0.288741
iter 6: seconds_until_interrupt = 0.008661
iter 6: slack_cuda = -0.008300
iter 6: cpu_time_cuda = 0.012511
iter 6: gpu_time_cuda = 0.020812
iter 6: download_copy_time_cuda = 0.000003
iter 6: upload_copy_time_cuda = 0.000683
iter 6: per_iter_time_cuda = 0.034484

iter 7: cpu_time_pred = 0.013100
iter 7: gpu_time_pred = 0.005528
iter 7: slack_pred = 0.007571
iter 7: ratio_split_freq = 0.312548
iter 7: seconds_until_interrupt = 0.008760
iter 7: slack_cuda = -0.008242
iter 7: cpu_time_cuda = 0.012236
iter 7: gpu_time_cuda = 0.020478
iter 7: download_copy_time_cuda = 0.000002
iter 7: upload_copy_time_cuda = 0.000664
iter 7: per_iter_time_cuda = 0.033828

iter 8: cpu_time_pred = 0.012796
iter 8: gpu_time_pred = 0.005157
iter 8: slack_pred = 0.007639
iter 8: ratio_split_freq = 0.338042
iter 8: seconds_until_interrupt = 0.008838
iter 8: slack_cuda = -0.008524
iter 8: cpu_time_cuda = 0.011948
iter 8: gpu_time_cuda = 0.020472
iter 8: download_copy_time_cuda = 0.000002
iter 8: upload_copy_time_cuda = 0.000639
iter 8: per_iter_time_cuda = 0.033520

iter 9: cpu_time_pred = 0.012493
iter 9: gpu_time_pred = 0.004803
iter 9: slack_pred = 0.007690
iter 9: ratio_split_freq = 0.365385
iter 9: seconds_until_interrupt = 0.008897
iter 9: slack_cuda = -0.012436
iter 9: cpu_time_cuda = 0.011701
iter 9: gpu_time_cuda = 0.024138
iter 9: download_copy_time_cuda = 0.000002
iter 9: upload_copy_time_cuda = 0.000635
iter 9: per_iter_time_cuda = 0.036916

iter 10: cpu_time_pred = 0.012190
iter 10: gpu_time_pred = 0.004465
iter 10: slack_pred = 0.007725
iter 10: ratio_split_freq = 0.394762
iter 10: seconds_until_interrupt = 0.008937
iter 10: slack_cuda = -0.008716
iter 10: cpu_time_cuda = 0.011333
iter 10: gpu_time_cuda = 0.020049
iter 10: download_copy_time_cuda = 0.000002
iter 10: upload_copy_time_cuda = 0.000623
iter 10: per_iter_time_cuda = 0.032471

iter 11: cpu_time_pred = 0.011887
iter 11: gpu_time_pred = 0.004144
iter 11: slack_pred = 0.007743
iter 11: ratio_split_freq = 0.426378
iter 11: seconds_until_interrupt = 0.008958
iter 11: slack_cuda = -0.008468
iter 11: cpu_time_cuda = 0.011055
iter 11: gpu_time_cuda = 0.019523
iter 11: download_copy_time_cuda = 0.000002
iter 11: upload_copy_time_cuda = 0.000612
iter 11: per_iter_time_cuda = 0.031637

iter 12: cpu_time_pred = 0.011583
iter 12: gpu_time_pred = 0.003838
iter 12: slack_pred = 0.007745
iter 12: ratio_split_freq = 0.460469
iter 12: seconds_until_interrupt = 0.008961
iter 12: slack_cuda = -0.009519
iter 12: cpu_time_cuda = 0.010773
iter 12: gpu_time_cuda = 0.020292
iter 12: download_copy_time_cuda = 0.000002
iter 12: upload_copy_time_cuda = 0.000587
iter 12: per_iter_time_cuda = 0.032106

iter 13: cpu_time_pred = 0.011280
iter 13: gpu_time_pred = 0.003548
iter 13: slack_pred = 0.007732
iter 13: ratio_split_freq = 0.497299
iter 13: seconds_until_interrupt = 0.008946
iter 13: slack_cuda = -0.008824
iter 13: cpu_time_cuda = 0.010484
iter 13: gpu_time_cuda = 0.019308
iter 13: download_copy_time_cuda = 0.000002
iter 13: upload_copy_time_cuda = 0.000576
iter 13: per_iter_time_cuda = 0.030790

iter 14: cpu_time_pred = 0.010977
iter 14: gpu_time_pred = 0.003273
iter 14: slack_pred = 0.007704
iter 14: ratio_split_freq = 0.537170
iter 14: seconds_until_interrupt = 0.008913
iter 14: slack_cuda = -0.008853
iter 14: cpu_time_cuda = 0.010205
iter 14: gpu_time_cuda = 0.019059
iter 14: download_copy_time_cuda = 0.000003
iter 14: upload_copy_time_cuda = 0.000561
iter 14: per_iter_time_cuda = 0.030260

iter 15: cpu_time_pred = 0.010674
iter 15: gpu_time_pred = 0.003012
iter 15: slack_pred = 0.007662
iter 15: ratio_split_freq = 0.580428
iter 15: seconds_until_interrupt = 0.008864
iter 15: slack_cuda = -0.008898
iter 15: cpu_time_cuda = 0.009942
iter 15: gpu_time_cuda = 0.018840
iter 15: download_copy_time_cuda = 0.000002
iter 15: upload_copy_time_cuda = 0.000551
iter 15: per_iter_time_cuda = 0.029747

iter 16: cpu_time_pred = 0.010371
iter 16: gpu_time_pred = 0.002766
iter 16: slack_pred = 0.007605
iter 16: ratio_split_freq = 0.627466
iter 16: seconds_until_interrupt = 0.008798
iter 16: slack_cuda = -0.012962
iter 16: cpu_time_cuda = 0.009675
iter 16: gpu_time_cuda = 0.022637
iter 16: download_copy_time_cuda = 0.000002
iter 16: upload_copy_time_cuda = 0.000528
iter 16: per_iter_time_cuda = 0.033269

iter 17: cpu_time_pred = 0.010067
iter 17: gpu_time_pred = 0.002533
iter 17: slack_pred = 0.007534
iter 17: ratio_split_freq = 0.678738
iter 17: seconds_until_interrupt = 0.008717
iter 17: slack_cuda = -0.008911
iter 17: cpu_time_cuda = 0.009408
iter 17: gpu_time_cuda = 0.018318
iter 17: download_copy_time_cuda = 0.000002
iter 17: upload_copy_time_cuda = 0.000520
iter 17: per_iter_time_cuda = 0.028632

iter 18: cpu_time_pred = 0.009764
iter 18: gpu_time_pred = 0.002314
iter 18: slack_pred = 0.007450
iter 18: ratio_split_freq = 0.734771
iter 18: seconds_until_interrupt = 0.008620
iter 18: slack_cuda = -0.008808
iter 18: cpu_time_cuda = 0.009150
iter 18: gpu_time_cuda = 0.017958
iter 18: download_copy_time_cuda = 0.000002
iter 18: upload_copy_time_cuda = 0.000508
iter 18: per_iter_time_cuda = 0.028195

iter 19: cpu_time_pred = 0.009461
iter 19: gpu_time_pred = 0.002108
iter 19: slack_pred = 0.007353
iter 19: ratio_split_freq = 0.796171
iter 19: seconds_until_interrupt = 0.008507
iter 19: slack_cuda = -0.008597
iter 19: cpu_time_cuda = 0.008856
iter 19: gpu_time_cuda = 0.017452
iter 19: download_copy_time_cuda = 0.000002
iter 19: upload_copy_time_cuda = 0.000494
iter 19: per_iter_time_cuda = 0.027781

iter 20: cpu_time_pred = 0.009158
iter 20: gpu_time_pred = 0.001914
iter 20: slack_pred = 0.007244
iter 20: ratio_split_freq = 0.863649
iter 20: seconds_until_interrupt = 0.008381
iter 20: slack_cuda = -0.009243
iter 20: cpu_time_cuda = 0.008564
iter 20: gpu_time_cuda = 0.017807
iter 20: download_copy_time_cuda = 0.000002
iter 20: upload_copy_time_cuda = 0.000473
iter 20: per_iter_time_cuda = 0.027736

iter 21: cpu_time_pred = 0.008854
iter 21: gpu_time_pred = 0.001733
iter 21: slack_pred = 0.007122
iter 21: ratio_split_freq = 0.938034
iter 21: seconds_until_interrupt = 0.008240
iter 21: slack_cuda = -0.008909
iter 21: cpu_time_cuda = 0.008124
iter 21: gpu_time_cuda = 0.017033
iter 21: download_copy_time_cuda = 0.000002
iter 21: upload_copy_time_cuda = 0.000467
iter 21: per_iter_time_cuda = 0.027086

iter 22: cpu_time_pred = 0.008551
iter 22: gpu_time_pred = 0.001563
iter 22: slack_pred = 0.006988
iter 22: ratio_split_freq = 1.020302
iter 22: seconds_until_interrupt = 0.008085
iter 22: slack_cuda = -0.009269
iter 22: cpu_time_cuda = 0.007998
iter 22: gpu_time_cuda = 0.017267
iter 22: download_copy_time_cuda = 0.000002
iter 22: upload_copy_time_cuda = 0.000451
iter 22: per_iter_time_cuda = 0.027350

iter 23: cpu_time_pred = 0.008248
iter 23: gpu_time_pred = 0.001405
iter 23: slack_pred = 0.006843
iter 23: ratio_split_freq = 1.111611
iter 23: seconds_until_interrupt = 0.007917
iter 23: slack_cuda = -0.008904
iter 23: cpu_time_cuda = 0.007728
iter 23: gpu_time_cuda = 0.016632
iter 23: download_copy_time_cuda = 0.000002
iter 23: upload_copy_time_cuda = 0.000443
iter 23: per_iter_time_cuda = 0.026716

iter 24: cpu_time_pred = 0.007945
iter 24: gpu_time_pred = 0.001258
iter 24: slack_pred = 0.006687
iter 24: ratio_split_freq = 1.213337
iter 24: seconds_until_interrupt = 0.007737
iter 24: slack_cuda = -0.010643
iter 24: cpu_time_cuda = 0.007426
iter 24: gpu_time_cuda = 0.018069
iter 24: download_copy_time_cuda = 0.000002
iter 24: upload_copy_time_cuda = 0.000417
iter 24: per_iter_time_cuda = 0.027541

iter 25: cpu_time_pred = 0.007641
iter 25: gpu_time_pred = 0.001121
iter 25: slack_pred = 0.006520
iter 25: ratio_split_freq = 1.327127
iter 25: seconds_until_interrupt = 0.007544
iter 25: slack_cuda = -0.008898
iter 25: cpu_time_cuda = 0.007132
iter 25: gpu_time_cuda = 0.016029
iter 25: download_copy_time_cuda = 0.000002
iter 25: upload_copy_time_cuda = 0.000411
iter 25: per_iter_time_cuda = 0.025431

iter 26: cpu_time_pred = 0.007338
iter 26: gpu_time_pred = 0.000995
iter 26: slack_pred = 0.006343
iter 26: ratio_split_freq = 1.454971
iter 26: seconds_until_interrupt = 0.007339
iter 26: slack_cuda = -0.008785
iter 26: cpu_time_cuda = 0.006857
iter 26: gpu_time_cuda = 0.015642
iter 26: download_copy_time_cuda = 0.000002
iter 26: upload_copy_time_cuda = 0.000398
iter 26: per_iter_time_cuda = 0.024913

iter 27: cpu_time_pred = 0.007035
iter 27: gpu_time_pred = 0.000878
iter 27: slack_pred = 0.006157
iter 27: ratio_split_freq = 1.599284
iter 27: seconds_until_interrupt = 0.007123
iter 27: slack_cuda = -0.008479
iter 27: cpu_time_cuda = 0.006608
iter 27: gpu_time_cuda = 0.015087
iter 27: download_copy_time_cuda = 0.000002
iter 27: upload_copy_time_cuda = 0.000379
iter 27: per_iter_time_cuda = 0.024267

iter 28: cpu_time_pred = 0.006732
iter 28: gpu_time_pred = 0.000771
iter 28: slack_pred = 0.005960
iter 28: ratio_split_freq = 1.763025
iter 28: seconds_until_interrupt = 0.006896
iter 28: slack_cuda = -0.009605
iter 28: cpu_time_cuda = 0.006325
iter 28: gpu_time_cuda = 0.015930
iter 28: download_copy_time_cuda = 0.000003
iter 28: upload_copy_time_cuda = 0.000363
iter 28: per_iter_time_cuda = 0.027815

iter 29: cpu_time_pred = 0.006429
iter 29: gpu_time_pred = 0.000674
iter 29: slack_pred = 0.005755
iter 29: ratio_split_freq = 1.949849
iter 29: seconds_until_interrupt = 0.006658
iter 29: slack_cuda = -0.008356
iter 29: cpu_time_cuda = 0.006076
iter 29: gpu_time_cuda = 0.014432
iter 29: download_copy_time_cuda = 0.000002
iter 29: upload_copy_time_cuda = 0.000350
iter 29: per_iter_time_cuda = 0.022968

iter 30: cpu_time_pred = 0.006125
iter 30: gpu_time_pred = 0.000584
iter 30: slack_pred = 0.005541
iter 30: ratio_split_freq = 2.164313
iter 30: seconds_until_interrupt = 0.006411
iter 30: slack_cuda = -0.008081
iter 30: cpu_time_cuda = 0.005852
iter 30: gpu_time_cuda = 0.013933
iter 30: download_copy_time_cuda = 0.000002
iter 30: upload_copy_time_cuda = 0.000341
iter 30: per_iter_time_cuda = 0.022380

iter 31: cpu_time_pred = 0.005822
iter 31: gpu_time_pred = 0.000503
iter 31: slack_pred = 0.005319
iter 31: ratio_split_freq = 2.412158
iter 31: seconds_until_interrupt = 0.006154
iter 31: slack_cuda = -0.006511
iter 31: cpu_time_cuda = 0.005521
iter 31: gpu_time_cuda = 0.012032
iter 31: download_copy_time_cuda = 0.000002
iter 31: upload_copy_time_cuda = 0.000322
iter 31: per_iter_time_cuda = 0.021771

iter 32: cpu_time_pred = 0.005519
iter 32: gpu_time_pred = 0.000430
iter 32: slack_pred = 0.005089
iter 32: ratio_split_freq = 2.700697
iter 32: seconds_until_interrupt = 0.005888
iter 32: slack_cuda = -0.006894
iter 32: cpu_time_cuda = 0.005253
iter 32: gpu_time_cuda = 0.012147
iter 32: download_copy_time_cuda = 0.000002
iter 32: upload_copy_time_cuda = 0.000304
iter 32: per_iter_time_cuda = 0.021100

iter 33: cpu_time_pred = 0.005216
iter 33: gpu_time_pred = 0.000364
iter 33: slack_pred = 0.004851
iter 33: ratio_split_freq = 3.039367
iter 33: seconds_until_interrupt = 0.005613
iter 33: slack_cuda = -0.006789
iter 33: cpu_time_cuda = 0.005000
iter 33: gpu_time_cuda = 0.011788
iter 33: download_copy_time_cuda = 0.000002
iter 33: upload_copy_time_cuda = 0.000294
iter 33: per_iter_time_cuda = 0.026975

iter 34: cpu_time_pred = 0.004912
iter 34: gpu_time_pred = 0.000306
iter 34: slack_pred = 0.004607
iter 34: ratio_split_freq = 3.440505
iter 34: seconds_until_interrupt = 0.005330
iter 34: slack_cuda = -0.006197
iter 34: cpu_time_cuda = 0.004702
iter 34: gpu_time_cuda = 0.010899
iter 34: download_copy_time_cuda = 0.000002
iter 34: upload_copy_time_cuda = 0.000278
iter 34: per_iter_time_cuda = 0.020013

iter 35: cpu_time_pred = 0.004609
iter 35: gpu_time_pred = 0.000254
iter 35: slack_pred = 0.004356
iter 35: ratio_split_freq = 3.920500
iter 35: seconds_until_interrupt = 0.005039
iter 35: slack_cuda = -0.005454
iter 35: cpu_time_cuda = 0.004482
iter 35: gpu_time_cuda = 0.009936
iter 35: download_copy_time_cuda = 0.000002
iter 35: upload_copy_time_cuda = 0.000284
iter 35: per_iter_time_cuda = 0.019744

iter 36: cpu_time_pred = 0.004306
iter 36: gpu_time_pred = 0.000208
iter 36: slack_pred = 0.004098
iter 36: ratio_split_freq = 4.501493
iter 36: seconds_until_interrupt = 0.004741
iter 36: slack_cuda = -0.005737
iter 36: cpu_time_cuda = 0.004161
iter 36: gpu_time_cuda = 0.009898
iter 36: download_copy_time_cuda = 0.000002
iter 36: upload_copy_time_cuda = 0.000252
iter 36: per_iter_time_cuda = 0.018869

iter 37: cpu_time_pred = 0.004003
iter 37: gpu_time_pred = 0.000168
iter 37: slack_pred = 0.003835
iter 37: ratio_split_freq = 5.213990
iter 37: seconds_until_interrupt = 0.004437
iter 37: slack_cuda = -0.005426
iter 37: cpu_time_cuda = 0.003835
iter 37: gpu_time_cuda = 0.009261
iter 37: download_copy_time_cuda = 0.000002
iter 37: upload_copy_time_cuda = 0.000239
iter 37: per_iter_time_cuda = 0.018188

iter 38: cpu_time_pred = 0.003699
iter 38: gpu_time_pred = 0.000133
iter 38: slack_pred = 0.003566
iter 38: ratio_split_freq = 6.100965
iter 38: seconds_until_interrupt = 0.004126
iter 38: slack_cuda = -0.005138
iter 38: cpu_time_cuda = 0.003550
iter 38: gpu_time_cuda = 0.008687
iter 38: download_copy_time_cuda = 0.000002
iter 38: upload_copy_time_cuda = 0.000231
iter 38: per_iter_time_cuda = 0.017669

iter 39: cpu_time_pred = 0.003396
iter 39: gpu_time_pred = 0.000104
iter 39: slack_pred = 0.003292
iter 39: ratio_split_freq = 7.224518
iter 39: seconds_until_interrupt = 0.003809
iter 39: slack_cuda = -0.014380
iter 39: cpu_time_cuda = 0.003277
iter 39: gpu_time_cuda = 0.017657
iter 39: download_copy_time_cuda = 0.000002
iter 39: upload_copy_time_cuda = 0.000228
iter 39: per_iter_time_cuda = 0.026732

iter 40: cpu_time_pred = 0.003093
iter 40: gpu_time_pred = 0.000079
iter 40: slack_pred = 0.003014
iter 40: ratio_split_freq = 8.677104
iter 40: seconds_until_interrupt = 0.003487
iter 40: slack_cuda = -0.004636
iter 40: cpu_time_cuda = 0.003089
iter 40: gpu_time_cuda = 0.007724
iter 40: download_copy_time_cuda = 0.000002
iter 40: upload_copy_time_cuda = 0.000223
iter 40: per_iter_time_cuda = 0.016586

iter 41: cpu_time_pred = 0.002790
iter 41: gpu_time_pred = 0.000059
iter 41: slack_pred = 0.002731
iter 41: ratio_split_freq = 10.601269
iter 41: seconds_until_interrupt = 0.003160
iter 41: slack_cuda = -0.004844
iter 41: cpu_time_cuda = 0.002712
iter 41: gpu_time_cuda = 0.007556
iter 41: download_copy_time_cuda = 0.000002
iter 41: upload_copy_time_cuda = 0.000229
iter 41: per_iter_time_cuda = 0.016089

iter 42: cpu_time_pred = 0.002487
iter 42: gpu_time_pred = 0.000042
iter 42: slack_pred = 0.002444
iter 42: ratio_split_freq = 13.226194
iter 42: seconds_until_interrupt = 0.002828
iter 42: slack_cuda = 0.000956
iter 42: cpu_time_cuda = 0.007920
iter 42: gpu_time_cuda = 0.006964
iter 42: download_copy_time_cuda = 0.000002
iter 42: upload_copy_time_cuda = 0.000230
iter 42: per_iter_time_cuda = 0.015413

iter 43: cpu_time_pred = 0.002183
iter 43: gpu_time_pred = 0.000029
iter 43: slack_pred = 0.002154
iter 43: ratio_split_freq = 16.939682
iter 43: seconds_until_interrupt = 0.002492
iter 43: slack_cuda = 0.000763
iter 43: cpu_time_cuda = 0.007401
iter 43: gpu_time_cuda = 0.006639
iter 43: download_copy_time_cuda = 0.000002
iter 43: upload_copy_time_cuda = 0.000217
iter 43: per_iter_time_cuda = 0.014530

iter 44: cpu_time_pred = 0.001880
iter 44: gpu_time_pred = 0.000019
iter 44: slack_pred = 0.001861
iter 44: ratio_split_freq = 22.441144
iter 44: seconds_until_interrupt = 0.002153
iter 44: slack_cuda = 0.000857
iter 44: cpu_time_cuda = 0.007230
iter 44: gpu_time_cuda = 0.006373
iter 44: download_copy_time_cuda = 0.000002
iter 44: upload_copy_time_cuda = 0.000223
iter 44: per_iter_time_cuda = 0.014098

iter 45: cpu_time_pred = 0.001577
iter 45: gpu_time_pred = 0.000011
iter 45: slack_pred = 0.001565
iter 45: ratio_split_freq = 31.099876
iter 45: seconds_until_interrupt = 0.001811
iter 45: slack_cuda = 0.000895
iter 45: cpu_time_cuda = 0.006887
iter 45: gpu_time_cuda = 0.005993
iter 45: download_copy_time_cuda = 0.000002
iter 45: upload_copy_time_cuda = 0.000218
iter 45: per_iter_time_cuda = 0.013366

iter 46: cpu_time_pred = 0.001274
iter 46: gpu_time_pred = 0.000006
iter 46: slack_pred = 0.001267
iter 46: ratio_split_freq = 45.908158
iter 46: seconds_until_interrupt = 0.001466
iter 46: slack_cuda = -0.012985
iter 46: cpu_time_cuda = 0.001449
iter 46: gpu_time_cuda = 0.014434
iter 46: download_copy_time_cuda = 0.000002
iter 46: upload_copy_time_cuda = 0.000215
iter 46: per_iter_time_cuda = 0.021607

iter 47: cpu_time_pred = 0.000970
iter 47: gpu_time_pred = 0.000003
iter 47: slack_pred = 0.000967
iter 47: ratio_split_freq = 74.509824
iter 47: seconds_until_interrupt = 0.001119
iter 47: slack_cuda = -0.004378
iter 47: cpu_time_cuda = 0.001179
iter 47: gpu_time_cuda = 0.005557
iter 47: download_copy_time_cuda = 0.000002
iter 47: upload_copy_time_cuda = 0.000209
iter 47: per_iter_time_cuda = 0.012554

iter 48: cpu_time_pred = 0.000667
iter 48: gpu_time_pred = 0.000001
iter 48: slack_pred = 0.000666
iter 48: ratio_split_freq = 141.807863
iter 48: seconds_until_interrupt = 0.000771
iter 48: slack_cuda = -0.004699
iter 48: cpu_time_cuda = 0.000926
iter 48: gpu_time_cuda = 0.005624
iter 48: download_copy_time_cuda = 0.000002
iter 48: upload_copy_time_cuda = 0.000214
iter 48: per_iter_time_cuda = 0.011965

iter 49: cpu_time_pred = 0.000364
iter 49: gpu_time_pred = 0.000000
iter 49: slack_pred = 0.000364
iter 49: ratio_split_freq = 375.404361
iter 49: seconds_until_interrupt = 0.000421
iter 49: slack_cuda = -0.004753
iter 49: cpu_time_cuda = 0.000737
iter 49: gpu_time_cuda = 0.005489
iter 49: download_copy_time_cuda = 0.000002
iter 49: upload_copy_time_cuda = 0.000217
iter 49: per_iter_time_cuda = 0.011431

iter 50: cpu_time_pred = 0.000061
iter 50: gpu_time_pred = 0.000000
iter 50: slack_pred = 0.000061
iter 50: ratio_split_freq = 3934.970048
iter 50: seconds_until_interrupt = 0.000070
iter 50: slack_cuda = -0.005234
iter 50: cpu_time_cuda = 0.000253
iter 50: gpu_time_cuda = 0.005488
iter 50: download_copy_time_cuda = 0.000002
iter 50: upload_copy_time_cuda = 0.000212
iter 50: per_iter_time_cuda = 0.010603

total_slack_overflow = -0.365197
total_cpu_time_cuda = 0.374286
total_gpu_time_cuda = 0.730259
total_copy_time_cuda = 0.022005
main_loop_time_cuda = 1.248078
Normalized difference of predicted CPU runtime per iteration is: 0.000000%
Normalized difference of predicted GPU runtime per iteration is: 0.000000%
Normalized difference of predicted slack per iteration is: 0.000000%
 5120  5120     ---   (  ---  )     67.17 (   1.33)     ---   
total_time = 2.281422
1.67user 0.81system 0:03.83elapsed 64%CPU (0avgtext+0avgdata 358532maxresident)k
3928inputs+0outputs (1major+71940minor)pagefaults 0swaps
send out message: 22 3 log
