send out message: 24 37 /home/lchen/MAGMA/magma-1.6.1/results
send out message: 20 26 MAGMA_LU_GPUDVFS.total.pwr
MAGMA 1.6.1  compiled for CUDA capability >= 3.0
CUDA runtime 5000, driver 6050. MAGMA not compiled with OpenMP. 
ndevices 1
device 0: Tesla K20c, 705.5 MHz clock, 4799.6 MB memory, capability 3.5
Usage: /home/lchen/MAGMA/magma-1.6.1/testing/testing_dgetrf [options] [-h|--help]

ngpu 1
    M     N   CPU GFlop/s (sec)   GPU GFlop/s (sec)   |PA-LU|/(N*|A|)
=========================================================================
init_time = 0.815215
iter 0: slack_cuda = 0.000000
iter 0: cpu_time_cuda = 0.000000
iter 0: gpu_time_cuda = 0.000000
iter 0: download_copy_time_cuda = 0.000000
iter 0: upload_copy_time_cuda = 0.000777
iter 0: per_iter_time_cuda = 0.001245

iter 1: cpu_time_pred = 0.000000
iter 1: gpu_time_pred = 0.000000
iter 1: slack_pred = 0.000000
iter 1: slack_cuda = 0.006840
iter 1: cpu_time_cuda = 0.015014
iter 1: gpu_time_cuda = 0.008174
iter 1: download_copy_time_cuda = 0.000732
iter 1: upload_copy_time_cuda = 0.000754
iter 1: per_iter_time_cuda = 0.025131

iter 2: cpu_time_pred = 0.014709
iter 2: gpu_time_pred = 0.007845
iter 2: slack_pred = 0.006864
iter 2: slack_cuda = 0.006749
iter 2: cpu_time_cuda = 0.014683
iter 2: gpu_time_cuda = 0.007934
iter 2: download_copy_time_cuda = 0.000709
iter 2: upload_copy_time_cuda = 0.000738
iter 2: per_iter_time_cuda = 0.024539

iter 3: cpu_time_pred = 0.014379
iter 3: gpu_time_pred = 0.007523
iter 3: slack_pred = 0.006856
iter 3: slack_cuda = 0.006942
iter 3: cpu_time_cuda = 0.014447
iter 3: gpu_time_cuda = 0.007506
iter 3: download_copy_time_cuda = 0.000688
iter 3: upload_copy_time_cuda = 0.000723
iter 3: per_iter_time_cuda = 0.023816

iter 4: cpu_time_pred = 0.014141
iter 4: gpu_time_pred = 0.007207
iter 4: slack_pred = 0.006934
iter 4: slack_cuda = 0.006836
iter 4: cpu_time_cuda = 0.014157
iter 4: gpu_time_cuda = 0.007322
iter 4: download_copy_time_cuda = 0.000682
iter 4: upload_copy_time_cuda = 0.000701
iter 4: per_iter_time_cuda = 0.023335

iter 5: cpu_time_pred = 0.013851
iter 5: gpu_time_pred = 0.006899
iter 5: slack_pred = 0.006952
iter 5: slack_cuda = 0.006801
iter 5: cpu_time_cuda = 0.013840
iter 5: gpu_time_cuda = 0.007038
iter 5: download_copy_time_cuda = 0.000676
iter 5: upload_copy_time_cuda = 0.000696
iter 5: per_iter_time_cuda = 0.022701

iter 6: cpu_time_pred = 0.013534
iter 6: gpu_time_pred = 0.006597
iter 6: slack_pred = 0.006937
iter 6: slack_cuda = 0.006811
iter 6: cpu_time_cuda = 0.013640
iter 6: gpu_time_cuda = 0.006830
iter 6: download_copy_time_cuda = 0.000651
iter 6: upload_copy_time_cuda = 0.000681
iter 6: per_iter_time_cuda = 0.022270

iter 7: cpu_time_pred = 0.013332
iter 7: gpu_time_pred = 0.006302
iter 7: slack_pred = 0.007030
iter 7: slack_cuda = 0.006899
iter 7: cpu_time_cuda = 0.013318
iter 7: gpu_time_cuda = 0.006419
iter 7: download_copy_time_cuda = 0.000635
iter 7: upload_copy_time_cuda = 0.000668
iter 7: per_iter_time_cuda = 0.021480

iter 8: cpu_time_pred = 0.013009
iter 8: gpu_time_pred = 0.006013
iter 8: slack_pred = 0.006996
iter 8: slack_cuda = 0.006679
iter 8: cpu_time_cuda = 0.012980
iter 8: gpu_time_cuda = 0.006302
iter 8: download_copy_time_cuda = 0.000619
iter 8: upload_copy_time_cuda = 0.000645
iter 8: per_iter_time_cuda = 0.020999

iter 9: cpu_time_pred = 0.012673
iter 9: gpu_time_pred = 0.005732
iter 9: slack_pred = 0.006941
iter 9: slack_cuda = 0.006819
iter 9: cpu_time_cuda = 0.012709
iter 9: gpu_time_cuda = 0.005889
iter 9: download_copy_time_cuda = 0.000618
iter 9: upload_copy_time_cuda = 0.000635
iter 9: per_iter_time_cuda = 0.020298

iter 10: cpu_time_pred = 0.012400
iter 10: gpu_time_pred = 0.005457
iter 10: slack_pred = 0.006943
iter 10: slack_cuda = 0.006761
iter 10: cpu_time_cuda = 0.012393
iter 10: gpu_time_cuda = 0.005633
iter 10: download_copy_time_cuda = 0.000600
iter 10: upload_copy_time_cuda = 0.000622
iter 10: per_iter_time_cuda = 0.019707

iter 11: cpu_time_pred = 0.012085
iter 11: gpu_time_pred = 0.005189
iter 11: slack_pred = 0.006896
iter 11: slack_cuda = 0.006702
iter 11: cpu_time_cuda = 0.012021
iter 11: gpu_time_cuda = 0.005319
iter 11: download_copy_time_cuda = 0.000580
iter 11: upload_copy_time_cuda = 0.000611
iter 11: per_iter_time_cuda = 0.018958

iter 12: cpu_time_pred = 0.011714
iter 12: gpu_time_pred = 0.004928
iter 12: slack_pred = 0.006787
iter 12: slack_cuda = 0.006448
iter 12: cpu_time_cuda = 0.011720
iter 12: gpu_time_cuda = 0.005272
iter 12: download_copy_time_cuda = 0.000565
iter 12: upload_copy_time_cuda = 0.000589
iter 12: per_iter_time_cuda = 0.018584

iter 13: cpu_time_pred = 0.011413
iter 13: gpu_time_pred = 0.004673
iter 13: slack_pred = 0.006740
iter 13: slack_cuda = 0.006424
iter 13: cpu_time_cuda = 0.011490
iter 13: gpu_time_cuda = 0.005065
iter 13: download_copy_time_cuda = 0.000569
iter 13: upload_copy_time_cuda = 0.000581
iter 13: per_iter_time_cuda = 0.018131

iter 14: cpu_time_pred = 0.011181
iter 14: gpu_time_pred = 0.004425
iter 14: slack_pred = 0.006756
iter 14: slack_cuda = 0.006402
iter 14: cpu_time_cuda = 0.011198
iter 14: gpu_time_cuda = 0.004796
iter 14: download_copy_time_cuda = 0.000542
iter 14: upload_copy_time_cuda = 0.000564
iter 14: per_iter_time_cuda = 0.017530

iter 15: cpu_time_pred = 0.010889
iter 15: gpu_time_pred = 0.004184
iter 15: slack_pred = 0.006705
iter 15: slack_cuda = 0.006365
iter 15: cpu_time_cuda = 0.010833
iter 15: gpu_time_cuda = 0.004468
iter 15: download_copy_time_cuda = 0.000534
iter 15: upload_copy_time_cuda = 0.000551
iter 15: per_iter_time_cuda = 0.016791

iter 16: cpu_time_pred = 0.010525
iter 16: gpu_time_pred = 0.003950
iter 16: slack_pred = 0.006575
iter 16: slack_cuda = 0.006258
iter 16: cpu_time_cuda = 0.010601
iter 16: gpu_time_cuda = 0.004343
iter 16: download_copy_time_cuda = 0.000513
iter 16: upload_copy_time_cuda = 0.000530
iter 16: per_iter_time_cuda = 0.016403

iter 17: cpu_time_pred = 0.010291
iter 17: gpu_time_pred = 0.003722
iter 17: slack_pred = 0.006569
iter 17: slack_cuda = 0.006179
iter 17: cpu_time_cuda = 0.010288
iter 17: gpu_time_cuda = 0.004109
iter 17: download_copy_time_cuda = 0.000499
iter 17: upload_copy_time_cuda = 0.000522
iter 17: per_iter_time_cuda = 0.015791

iter 18: cpu_time_pred = 0.009978
iter 18: gpu_time_pred = 0.003501
iter 18: slack_pred = 0.006477
iter 18: slack_cuda = 0.006128
iter 18: cpu_time_cuda = 0.009988
iter 18: gpu_time_cuda = 0.003860
iter 18: download_copy_time_cuda = 0.000493
iter 18: upload_copy_time_cuda = 0.000505
iter 18: per_iter_time_cuda = 0.015234

iter 19: cpu_time_pred = 0.009678
iter 19: gpu_time_pred = 0.003287
iter 19: slack_pred = 0.006391
iter 19: slack_cuda = 0.005992
iter 19: cpu_time_cuda = 0.009665
iter 19: gpu_time_cuda = 0.003673
iter 19: download_copy_time_cuda = 0.000486
iter 19: upload_copy_time_cuda = 0.000490
iter 19: per_iter_time_cuda = 0.014684

iter 20: cpu_time_pred = 0.009355
iter 20: gpu_time_pred = 0.003080
iter 20: slack_pred = 0.006276
iter 20: slack_cuda = 0.005907
iter 20: cpu_time_cuda = 0.009380
iter 20: gpu_time_cuda = 0.003473
iter 20: download_copy_time_cuda = 0.000459
iter 20: upload_copy_time_cuda = 0.000475
iter 20: per_iter_time_cuda = 0.014168

iter 21: cpu_time_pred = 0.009070
iter 21: gpu_time_pred = 0.002879
iter 21: slack_pred = 0.006191
iter 21: slack_cuda = 0.005780
iter 21: cpu_time_cuda = 0.009097
iter 21: gpu_time_cuda = 0.003317
iter 21: download_copy_time_cuda = 0.000446
iter 21: upload_copy_time_cuda = 0.000464
iter 21: per_iter_time_cuda = 0.013705

iter 22: cpu_time_pred = 0.008785
iter 22: gpu_time_pred = 0.002685
iter 22: slack_pred = 0.006100
iter 22: slack_cuda = 0.005736
iter 22: cpu_time_cuda = 0.008909
iter 22: gpu_time_cuda = 0.003173
iter 22: download_copy_time_cuda = 0.000442
iter 22: upload_copy_time_cuda = 0.000449
iter 22: per_iter_time_cuda = 0.013363

iter 23: cpu_time_pred = 0.008593
iter 23: gpu_time_pred = 0.002498
iter 23: slack_pred = 0.006095
iter 23: slack_cuda = 0.005484
iter 23: cpu_time_cuda = 0.008491
iter 23: gpu_time_cuda = 0.003007
iter 23: download_copy_time_cuda = 0.000430
iter 23: upload_copy_time_cuda = 0.000436
iter 23: per_iter_time_cuda = 0.012724

iter 24: cpu_time_pred = 0.008178
iter 24: gpu_time_pred = 0.002318
iter 24: slack_pred = 0.005861
iter 24: slack_cuda = 0.005400
iter 24: cpu_time_cuda = 0.008172
iter 24: gpu_time_cuda = 0.002773
iter 24: download_copy_time_cuda = 0.000410
iter 24: upload_copy_time_cuda = 0.000417
iter 24: per_iter_time_cuda = 0.012145

iter 25: cpu_time_pred = 0.007860
iter 25: gpu_time_pred = 0.002144
iter 25: slack_pred = 0.005716
iter 25: slack_cuda = 0.005333
iter 25: cpu_time_cuda = 0.007885
iter 25: gpu_time_cuda = 0.002553
iter 25: download_copy_time_cuda = 0.000394
iter 25: upload_copy_time_cuda = 0.000406
iter 25: per_iter_time_cuda = 0.011589

iter 26: cpu_time_pred = 0.007572
iter 26: gpu_time_pred = 0.001978
iter 26: slack_pred = 0.005595
iter 26: slack_cuda = 0.005139
iter 26: cpu_time_cuda = 0.007552
iter 26: gpu_time_cuda = 0.002413
iter 26: download_copy_time_cuda = 0.000382
iter 26: upload_copy_time_cuda = 0.000389
iter 26: per_iter_time_cuda = 0.011103

iter 27: cpu_time_pred = 0.007240
iter 27: gpu_time_pred = 0.001818
iter 27: slack_pred = 0.005423
iter 27: slack_cuda = 0.005030
iter 27: cpu_time_cuda = 0.007324
iter 27: gpu_time_cuda = 0.002294
iter 27: download_copy_time_cuda = 0.000367
iter 27: upload_copy_time_cuda = 0.000377
iter 27: per_iter_time_cuda = 0.010705

iter 28: cpu_time_pred = 0.007008
iter 28: gpu_time_pred = 0.001664
iter 28: slack_pred = 0.005344
iter 28: slack_cuda = 0.004845
iter 28: cpu_time_cuda = 0.007001
iter 28: gpu_time_cuda = 0.002155
iter 28: download_copy_time_cuda = 0.000356
iter 28: upload_copy_time_cuda = 0.000355
iter 28: per_iter_time_cuda = 0.010217

iter 29: cpu_time_pred = 0.006685
iter 29: gpu_time_pred = 0.001518
iter 29: slack_pred = 0.005168
iter 29: slack_cuda = 0.004702
iter 29: cpu_time_cuda = 0.006707
iter 29: gpu_time_cuda = 0.002005
iter 29: download_copy_time_cuda = 0.000349
iter 29: upload_copy_time_cuda = 0.000351
iter 29: per_iter_time_cuda = 0.009749

iter 30: cpu_time_pred = 0.006391
iter 30: gpu_time_pred = 0.001378
iter 30: slack_pred = 0.005013
iter 30: slack_cuda = 0.004639
iter 30: cpu_time_cuda = 0.006453
iter 30: gpu_time_cuda = 0.001814
iter 30: download_copy_time_cuda = 0.000328
iter 30: upload_copy_time_cuda = 0.000333
iter 30: per_iter_time_cuda = 0.009287

iter 31: cpu_time_pred = 0.006133
iter 31: gpu_time_pred = 0.001245
iter 31: slack_pred = 0.004888
iter 31: slack_cuda = 0.004432
iter 31: cpu_time_cuda = 0.006118
iter 31: gpu_time_cuda = 0.001687
iter 31: download_copy_time_cuda = 0.000328
iter 31: upload_copy_time_cuda = 0.000316
iter 31: per_iter_time_cuda = 0.008781

iter 32: cpu_time_pred = 0.005800
iter 32: gpu_time_pred = 0.001119
iter 32: slack_pred = 0.004681
iter 32: slack_cuda = 0.004239
iter 32: cpu_time_cuda = 0.005837
iter 32: gpu_time_cuda = 0.001598
iter 32: download_copy_time_cuda = 0.000298
iter 32: upload_copy_time_cuda = 0.000301
iter 32: per_iter_time_cuda = 0.008367

iter 33: cpu_time_pred = 0.005516
iter 33: gpu_time_pred = 0.000999
iter 33: slack_pred = 0.004518
iter 33: slack_cuda = 0.004055
iter 33: cpu_time_cuda = 0.005547
iter 33: gpu_time_cuda = 0.001493
iter 33: download_copy_time_cuda = 0.000289
iter 33: upload_copy_time_cuda = 0.000288
iter 33: per_iter_time_cuda = 0.007932

iter 34: cpu_time_pred = 0.005225
iter 34: gpu_time_pred = 0.000886
iter 34: slack_pred = 0.004339
iter 34: slack_cuda = 0.003916
iter 34: cpu_time_cuda = 0.005241
iter 34: gpu_time_cuda = 0.001324
iter 34: download_copy_time_cuda = 0.000282
iter 34: upload_copy_time_cuda = 0.000272
iter 34: per_iter_time_cuda = 0.007420

iter 35: cpu_time_pred = 0.004917
iter 35: gpu_time_pred = 0.000780
iter 35: slack_pred = 0.004137
iter 35: slack_cuda = 0.003792
iter 35: cpu_time_cuda = 0.004951
iter 35: gpu_time_cuda = 0.001159
iter 35: download_copy_time_cuda = 0.000258
iter 35: upload_copy_time_cuda = 0.000270
iter 35: per_iter_time_cuda = 0.006923

iter 36: cpu_time_pred = 0.004625
iter 36: gpu_time_pred = 0.000681
iter 36: slack_pred = 0.003944
iter 36: slack_cuda = 0.003606
iter 36: cpu_time_cuda = 0.004654
iter 36: gpu_time_cuda = 0.001048
iter 36: download_copy_time_cuda = 0.000252
iter 36: upload_copy_time_cuda = 0.000272
iter 36: per_iter_time_cuda = 0.006522

iter 37: cpu_time_pred = 0.004326
iter 37: gpu_time_pred = 0.000588
iter 37: slack_pred = 0.003738
iter 37: slack_cuda = 0.003360
iter 37: cpu_time_cuda = 0.004388
iter 37: gpu_time_cuda = 0.001027
iter 37: download_copy_time_cuda = 0.000231
iter 37: upload_copy_time_cuda = 0.000271
iter 37: per_iter_time_cuda = 0.006200

iter 38: cpu_time_pred = 0.004055
iter 38: gpu_time_pred = 0.000503
iter 38: slack_pred = 0.003553
iter 38: slack_cuda = 0.003074
iter 38: cpu_time_cuda = 0.004010
iter 38: gpu_time_cuda = 0.000936
iter 38: download_copy_time_cuda = 0.000219
iter 38: upload_copy_time_cuda = 0.000264
iter 38: per_iter_time_cuda = 0.005725

iter 39: cpu_time_pred = 0.003681
iter 39: gpu_time_pred = 0.000424
iter 39: slack_pred = 0.003258
iter 39: slack_cuda = 0.002914
iter 39: cpu_time_cuda = 0.003722
iter 39: gpu_time_cuda = 0.000808
iter 39: download_copy_time_cuda = 0.000197
iter 39: upload_copy_time_cuda = 0.000263
iter 39: per_iter_time_cuda = 0.005277

iter 40: cpu_time_pred = 0.003390
iter 40: gpu_time_pred = 0.000351
iter 40: slack_pred = 0.003038
iter 40: slack_cuda = 0.002685
iter 40: cpu_time_cuda = 0.003405
iter 40: gpu_time_cuda = 0.000720
iter 40: download_copy_time_cuda = 0.000193
iter 40: upload_copy_time_cuda = 0.000253
iter 40: per_iter_time_cuda = 0.004865

iter 41: cpu_time_pred = 0.003071
iter 41: gpu_time_pred = 0.000286
iter 41: slack_pred = 0.002785
iter 41: slack_cuda = 0.002467
iter 41: cpu_time_cuda = 0.003112
iter 41: gpu_time_cuda = 0.000645
iter 41: download_copy_time_cuda = 0.000173
iter 41: upload_copy_time_cuda = 0.000258
iter 41: per_iter_time_cuda = 0.004472

iter 42: cpu_time_pred = 0.002774
iter 42: gpu_time_pred = 0.000227
iter 42: slack_pred = 0.002547
iter 42: slack_cuda = 0.002268
iter 42: cpu_time_cuda = 0.002822
iter 42: gpu_time_cuda = 0.000554
iter 42: download_copy_time_cuda = 0.000157
iter 42: upload_copy_time_cuda = 0.000249
iter 42: per_iter_time_cuda = 0.004070

iter 43: cpu_time_pred = 0.002478
iter 43: gpu_time_pred = 0.000175
iter 43: slack_pred = 0.002303
iter 43: slack_cuda = 0.002075
iter 43: cpu_time_cuda = 0.002552
iter 43: gpu_time_cuda = 0.000477
iter 43: download_copy_time_cuda = 0.000144
iter 43: upload_copy_time_cuda = 0.000256
iter 43: per_iter_time_cuda = 0.003688

iter 44: cpu_time_pred = 0.002198
iter 44: gpu_time_pred = 0.000130
iter 44: slack_pred = 0.002068
iter 44: slack_cuda = 0.001820
iter 44: cpu_time_cuda = 0.002256
iter 44: gpu_time_cuda = 0.000436
iter 44: download_copy_time_cuda = 0.000134
iter 44: upload_copy_time_cuda = 0.000260
iter 44: per_iter_time_cuda = 0.003345

iter 45: cpu_time_pred = 0.001892
iter 45: gpu_time_pred = 0.000091
iter 45: slack_pred = 0.001801
iter 45: slack_cuda = 0.001609
iter 45: cpu_time_cuda = 0.001969
iter 45: gpu_time_cuda = 0.000361
iter 45: download_copy_time_cuda = 0.000133
iter 45: upload_copy_time_cuda = 0.000246
iter 45: per_iter_time_cuda = 0.002973

iter 46: cpu_time_pred = 0.001591
iter 46: gpu_time_pred = 0.000060
iter 46: slack_pred = 0.001531
iter 46: slack_cuda = 0.001341
iter 46: cpu_time_cuda = 0.001669
iter 46: gpu_time_cuda = 0.000329
iter 46: download_copy_time_cuda = 0.000108
iter 46: upload_copy_time_cuda = 0.000237
iter 46: per_iter_time_cuda = 0.002601

iter 47: cpu_time_pred = 0.001272
iter 47: gpu_time_pred = 0.000035
iter 47: slack_pred = 0.001237
iter 47: slack_cuda = 0.001151
iter 47: cpu_time_cuda = 0.001397
iter 47: gpu_time_cuda = 0.000246
iter 47: download_copy_time_cuda = 0.000093
iter 47: upload_copy_time_cuda = 0.000236
iter 47: per_iter_time_cuda = 0.002231

iter 48: cpu_time_pred = 0.000961
iter 48: gpu_time_pred = 0.000016
iter 48: slack_pred = 0.000944
iter 48: slack_cuda = 0.000914
iter 48: cpu_time_cuda = 0.001134
iter 48: gpu_time_cuda = 0.000220
iter 48: download_copy_time_cuda = 0.000090
iter 48: upload_copy_time_cuda = 0.000236
iter 48: per_iter_time_cuda = 0.001934

iter 49: cpu_time_pred = 0.000619
iter 49: gpu_time_pred = 0.000005
iter 49: slack_pred = 0.000614
iter 49: slack_cuda = 0.000661
iter 49: cpu_time_cuda = 0.000857
iter 49: gpu_time_cuda = 0.000196
iter 49: download_copy_time_cuda = 0.000086
iter 49: upload_copy_time_cuda = 0.000234
iter 49: per_iter_time_cuda = 0.001624

iter 50: cpu_time_pred = 0.000143
iter 50: gpu_time_pred = 0.000000
iter 50: slack_pred = 0.000143
iter 50: slack_cuda = 0.000458
iter 50: cpu_time_cuda = 0.000639
iter 50: gpu_time_cuda = 0.000181
iter 50: download_copy_time_cuda = 0.000076
iter 50: upload_copy_time_cuda = 0.000229
iter 50: per_iter_time_cuda = 0.001364

total_slack_overflow = 0.000000
total_cpu_time_cuda = 0.388237
total_gpu_time_cuda = 0.154373
total_copy_time_cuda = 0.041740
main_loop_time_cuda = 0.605884
Normalized difference of predicted CPU runtime per iteration is: -3.054340%
Normalized difference of predicted GPU runtime per iteration is: -28.371683%
Normalized difference of predicted slack per iteration is: 5.604856%
 5120  5120     ---   (  ---  )    129.61 (   0.69)     ---   
total_time = 1.639825
1.51user 0.48system 0:03.20elapsed 62%CPU (0avgtext+0avgdata 358492maxresident)k
3920inputs+0outputs (1major+71930minor)pagefaults 0swaps
send out message: 22 3 log
