send out message: 24 37 /home/lchen/MAGMA/magma-1.6.1/results
send out message: 20 26 MAGMA_LU_GPUDVFS.total.pwr
MAGMA 1.6.1  compiled for CUDA capability >= 3.0
CUDA runtime 5000, driver 6050. MAGMA not compiled with OpenMP. 
ndevices 1
device 0: Tesla K20c, 705.5 MHz clock, 4799.6 MB memory, capability 3.5
Usage: /home/lchen/MAGMA/magma-1.6.1/testing/testing_dgetrf [options] [-h|--help]

ngpu 1
    M     N   CPU GFlop/s (sec)   GPU GFlop/s (sec)   |PA-LU|/(N*|A|)
=========================================================================
init_time = 0.817515
iter 0: slack_cuda = 0.000000
iter 0: cpu_time_cuda = 0.000000
iter 0: gpu_time_cuda = 0.000000
iter 0: download_copy_time_cuda = 0.000000
iter 0: upload_copy_time_cuda = 0.000773
iter 0: per_iter_time_cuda = 0.001241

iter 1: cpu_time_pred = 0.000000
iter 1: gpu_time_pred = 0.000000
iter 1: slack_pred = 0.000000
iter 1: slack_cuda = 0.007531
iter 1: cpu_time_cuda = 0.015036
iter 1: gpu_time_cuda = 0.007505
iter 1: download_copy_time_cuda = 0.000740
iter 1: upload_copy_time_cuda = 0.000746
iter 1: per_iter_time_cuda = 0.025369

iter 2: cpu_time_pred = 0.014731
iter 2: gpu_time_pred = 0.007203
iter 2: slack_pred = 0.007527
iter 2: slack_cuda = 0.007604
iter 2: cpu_time_cuda = 0.014691
iter 2: gpu_time_cuda = 0.007087
iter 2: download_copy_time_cuda = 0.000710
iter 2: upload_copy_time_cuda = 0.000734
iter 2: per_iter_time_cuda = 0.024561

iter 3: cpu_time_pred = 0.014386
iter 3: gpu_time_pred = 0.006796
iter 3: slack_pred = 0.007591
iter 3: slack_cuda = 0.007724
iter 3: cpu_time_cuda = 0.014420
iter 3: gpu_time_cuda = 0.006696
iter 3: download_copy_time_cuda = 0.000696
iter 3: upload_copy_time_cuda = 0.000716
iter 3: per_iter_time_cuda = 0.023829

iter 4: cpu_time_pred = 0.014114
iter 4: gpu_time_pred = 0.006415
iter 4: slack_pred = 0.007700
iter 4: slack_cuda = 0.007579
iter 4: cpu_time_cuda = 0.014107
iter 4: gpu_time_cuda = 0.006528
iter 4: download_copy_time_cuda = 0.000664
iter 4: upload_copy_time_cuda = 0.000696
iter 4: per_iter_time_cuda = 0.023305

iter 5: cpu_time_pred = 0.013802
iter 5: gpu_time_pred = 0.006249
iter 5: slack_pred = 0.007553
iter 5: slack_cuda = 0.007613
iter 5: cpu_time_cuda = 0.013902
iter 5: gpu_time_cuda = 0.006289
iter 5: download_copy_time_cuda = 0.000664
iter 5: upload_copy_time_cuda = 0.000687
iter 5: per_iter_time_cuda = 0.022813

iter 6: cpu_time_pred = 0.013594
iter 6: gpu_time_pred = 0.006014
iter 6: slack_pred = 0.007580
iter 6: slack_cuda = 0.007529
iter 6: cpu_time_cuda = 0.013559
iter 6: gpu_time_cuda = 0.006030
iter 6: download_copy_time_cuda = 0.000652
iter 6: upload_copy_time_cuda = 0.000674
iter 6: per_iter_time_cuda = 0.022208

iter 7: cpu_time_pred = 0.013252
iter 7: gpu_time_pred = 0.005760
iter 7: slack_pred = 0.007492
iter 7: slack_cuda = 0.007508
iter 7: cpu_time_cuda = 0.013259
iter 7: gpu_time_cuda = 0.005751
iter 7: download_copy_time_cuda = 0.000635
iter 7: upload_copy_time_cuda = 0.000661
iter 7: per_iter_time_cuda = 0.021529

iter 8: cpu_time_pred = 0.012952
iter 8: gpu_time_pred = 0.005488
iter 8: slack_pred = 0.007464
iter 8: slack_cuda = 0.007440
iter 8: cpu_time_cuda = 0.012977
iter 8: gpu_time_cuda = 0.005537
iter 8: download_copy_time_cuda = 0.000619
iter 8: upload_copy_time_cuda = 0.000635
iter 8: per_iter_time_cuda = 0.021023

iter 9: cpu_time_pred = 0.012670
iter 9: gpu_time_pred = 0.005277
iter 9: slack_pred = 0.007392
iter 9: slack_cuda = 0.007404
iter 9: cpu_time_cuda = 0.012661
iter 9: gpu_time_cuda = 0.005257
iter 9: download_copy_time_cuda = 0.000611
iter 9: upload_copy_time_cuda = 0.000632
iter 9: per_iter_time_cuda = 0.020335

iter 10: cpu_time_pred = 0.012353
iter 10: gpu_time_pred = 0.005005
iter 10: slack_pred = 0.007348
iter 10: slack_cuda = 0.007305
iter 10: cpu_time_cuda = 0.012303
iter 10: gpu_time_cuda = 0.004998
iter 10: download_copy_time_cuda = 0.000599
iter 10: upload_copy_time_cuda = 0.000619
iter 10: per_iter_time_cuda = 0.019690

iter 11: cpu_time_pred = 0.011997
iter 11: gpu_time_pred = 0.004752
iter 11: slack_pred = 0.007245
iter 11: slack_cuda = 0.007272
iter 11: cpu_time_cuda = 0.011987
iter 11: gpu_time_cuda = 0.004715
iter 11: download_copy_time_cuda = 0.000592
iter 11: upload_copy_time_cuda = 0.000605
iter 11: per_iter_time_cuda = 0.019053

iter 12: cpu_time_pred = 0.011681
iter 12: gpu_time_pred = 0.004478
iter 12: slack_pred = 0.007203
iter 12: slack_cuda = 0.007125
iter 12: cpu_time_cuda = 0.011715
iter 12: gpu_time_cuda = 0.004590
iter 12: download_copy_time_cuda = 0.000562
iter 12: upload_copy_time_cuda = 0.000582
iter 12: per_iter_time_cuda = 0.018588

iter 13: cpu_time_pred = 0.011409
iter 13: gpu_time_pred = 0.004353
iter 13: slack_pred = 0.007056
iter 13: slack_cuda = 0.007108
iter 13: cpu_time_cuda = 0.011446
iter 13: gpu_time_cuda = 0.004338
iter 13: download_copy_time_cuda = 0.000560
iter 13: upload_copy_time_cuda = 0.000592
iter 13: per_iter_time_cuda = 0.018038

iter 14: cpu_time_pred = 0.011138
iter 14: gpu_time_pred = 0.004108
iter 14: slack_pred = 0.007030
iter 14: slack_cuda = 0.006875
iter 14: cpu_time_cuda = 0.011016
iter 14: gpu_time_cuda = 0.004141
iter 14: download_copy_time_cuda = 0.000549
iter 14: upload_copy_time_cuda = 0.000560
iter 14: per_iter_time_cuda = 0.017385

iter 15: cpu_time_pred = 0.010711
iter 15: gpu_time_pred = 0.003915
iter 15: slack_pred = 0.006796
iter 15: slack_cuda = 0.007043
iter 15: cpu_time_cuda = 0.010886
iter 15: gpu_time_cuda = 0.003843
iter 15: download_copy_time_cuda = 0.000523
iter 15: upload_copy_time_cuda = 0.000549
iter 15: per_iter_time_cuda = 0.016863

iter 16: cpu_time_pred = 0.010577
iter 16: gpu_time_pred = 0.003627
iter 16: slack_pred = 0.006949
iter 16: slack_cuda = 0.006840
iter 16: cpu_time_cuda = 0.010536
iter 16: gpu_time_cuda = 0.003696
iter 16: download_copy_time_cuda = 0.000520
iter 16: upload_copy_time_cuda = 0.000522
iter 16: per_iter_time_cuda = 0.016342

iter 17: cpu_time_pred = 0.010228
iter 17: gpu_time_pred = 0.003483
iter 17: slack_pred = 0.006745
iter 17: slack_cuda = 0.006773
iter 17: cpu_time_cuda = 0.010274
iter 17: gpu_time_cuda = 0.003501
iter 17: download_copy_time_cuda = 0.000506
iter 17: upload_copy_time_cuda = 0.000517
iter 17: per_iter_time_cuda = 0.015776

iter 18: cpu_time_pred = 0.009964
iter 18: gpu_time_pred = 0.003293
iter 18: slack_pred = 0.006671
iter 18: slack_cuda = 0.006729
iter 18: cpu_time_cuda = 0.010059
iter 18: gpu_time_cuda = 0.003330
iter 18: download_copy_time_cuda = 0.000491
iter 18: upload_copy_time_cuda = 0.000504
iter 18: per_iter_time_cuda = 0.015379

iter 19: cpu_time_pred = 0.009746
iter 19: gpu_time_pred = 0.003126
iter 19: slack_pred = 0.006620
iter 19: slack_cuda = 0.006713
iter 19: cpu_time_cuda = 0.009794
iter 19: gpu_time_cuda = 0.003081
iter 19: download_copy_time_cuda = 0.000473
iter 19: upload_copy_time_cuda = 0.000487
iter 19: per_iter_time_cuda = 0.014806

iter 20: cpu_time_pred = 0.009480
iter 20: gpu_time_pred = 0.002887
iter 20: slack_pred = 0.006593
iter 20: slack_cuda = 0.006383
iter 20: cpu_time_cuda = 0.009351
iter 20: gpu_time_cuda = 0.002968
iter 20: download_copy_time_cuda = 0.000459
iter 20: upload_copy_time_cuda = 0.000469
iter 20: per_iter_time_cuda = 0.014216

iter 21: cpu_time_pred = 0.009041
iter 21: gpu_time_pred = 0.002775
iter 21: slack_pred = 0.006267
iter 21: slack_cuda = 0.006150
iter 21: cpu_time_cuda = 0.008990
iter 21: gpu_time_cuda = 0.002839
iter 21: download_copy_time_cuda = 0.000446
iter 21: upload_copy_time_cuda = 0.000459
iter 21: per_iter_time_cuda = 0.013683

iter 22: cpu_time_pred = 0.008682
iter 22: gpu_time_pred = 0.002648
iter 22: slack_pred = 0.006034
iter 22: slack_cuda = 0.006190
iter 22: cpu_time_cuda = 0.008798
iter 22: gpu_time_cuda = 0.002608
iter 22: download_copy_time_cuda = 0.000426
iter 22: upload_copy_time_cuda = 0.000447
iter 22: per_iter_time_cuda = 0.013226

iter 23: cpu_time_pred = 0.008486
iter 23: gpu_time_pred = 0.002427
iter 23: slack_pred = 0.006060
iter 23: slack_cuda = 0.006054
iter 23: cpu_time_cuda = 0.008507
iter 23: gpu_time_cuda = 0.002452
iter 23: download_copy_time_cuda = 0.000422
iter 23: upload_copy_time_cuda = 0.000433
iter 23: per_iter_time_cuda = 0.012708

iter 24: cpu_time_pred = 0.008194
iter 24: gpu_time_pred = 0.002275
iter 24: slack_pred = 0.005918
iter 24: slack_cuda = 0.005940
iter 24: cpu_time_cuda = 0.008197
iter 24: gpu_time_cuda = 0.002257
iter 24: download_copy_time_cuda = 0.000406
iter 24: upload_copy_time_cuda = 0.000415
iter 24: per_iter_time_cuda = 0.012163

iter 25: cpu_time_pred = 0.007885
iter 25: gpu_time_pred = 0.002088
iter 25: slack_pred = 0.005796
iter 25: slack_cuda = 0.005702
iter 25: cpu_time_cuda = 0.007848
iter 25: gpu_time_cuda = 0.002147
iter 25: download_copy_time_cuda = 0.000393
iter 25: upload_copy_time_cuda = 0.000401
iter 25: per_iter_time_cuda = 0.011666

iter 26: cpu_time_pred = 0.007537
iter 26: gpu_time_pred = 0.001980
iter 26: slack_pred = 0.005557
iter 26: slack_cuda = 0.005606
iter 26: cpu_time_cuda = 0.007593
iter 26: gpu_time_cuda = 0.001986
iter 26: download_copy_time_cuda = 0.000386
iter 26: upload_copy_time_cuda = 0.000388
iter 26: per_iter_time_cuda = 0.011194

iter 27: cpu_time_pred = 0.007279
iter 27: gpu_time_pred = 0.001825
iter 27: slack_pred = 0.005453
iter 27: slack_cuda = 0.005421
iter 27: cpu_time_cuda = 0.007283
iter 27: gpu_time_cuda = 0.001862
iter 27: download_copy_time_cuda = 0.000368
iter 27: upload_copy_time_cuda = 0.000376
iter 27: per_iter_time_cuda = 0.010689

iter 28: cpu_time_pred = 0.006969
iter 28: gpu_time_pred = 0.001705
iter 28: slack_pred = 0.005264
iter 28: slack_cuda = 0.005259
iter 28: cpu_time_cuda = 0.006979
iter 28: gpu_time_cuda = 0.001720
iter 28: download_copy_time_cuda = 0.000351
iter 28: upload_copy_time_cuda = 0.000354
iter 28: per_iter_time_cuda = 0.010213

iter 29: cpu_time_pred = 0.006664
iter 29: gpu_time_pred = 0.001568
iter 29: slack_pred = 0.005096
iter 29: slack_cuda = 0.005089
iter 29: cpu_time_cuda = 0.006686
iter 29: gpu_time_cuda = 0.001597
iter 29: download_copy_time_cuda = 0.000341
iter 29: upload_copy_time_cuda = 0.000347
iter 29: per_iter_time_cuda = 0.009756

iter 30: cpu_time_pred = 0.006371
iter 30: gpu_time_pred = 0.001450
iter 30: slack_pred = 0.004921
iter 30: slack_cuda = 0.004849
iter 30: cpu_time_cuda = 0.006370
iter 30: gpu_time_cuda = 0.001521
iter 30: download_copy_time_cuda = 0.000334
iter 30: upload_copy_time_cuda = 0.000331
iter 30: per_iter_time_cuda = 0.009340

iter 31: cpu_time_pred = 0.006055
iter 31: gpu_time_pred = 0.001374
iter 31: slack_pred = 0.004681
iter 31: slack_cuda = 0.004741
iter 31: cpu_time_cuda = 0.006034
iter 31: gpu_time_cuda = 0.001293
iter 31: download_copy_time_cuda = 0.000313
iter 31: upload_copy_time_cuda = 0.000314
iter 31: per_iter_time_cuda = 0.008701

iter 32: cpu_time_pred = 0.005720
iter 32: gpu_time_pred = 0.001162
iter 32: slack_pred = 0.004558
iter 32: slack_cuda = 0.004599
iter 32: cpu_time_cuda = 0.005791
iter 32: gpu_time_cuda = 0.001192
iter 32: download_copy_time_cuda = 0.000296
iter 32: upload_copy_time_cuda = 0.000299
iter 32: per_iter_time_cuda = 0.008332

iter 33: cpu_time_pred = 0.005473
iter 33: gpu_time_pred = 0.001064
iter 33: slack_pred = 0.004409
iter 33: slack_cuda = 0.004418
iter 33: cpu_time_cuda = 0.005523
iter 33: gpu_time_cuda = 0.001105
iter 33: download_copy_time_cuda = 0.000289
iter 33: upload_copy_time_cuda = 0.000287
iter 33: per_iter_time_cuda = 0.007900

iter 34: cpu_time_pred = 0.005202
iter 34: gpu_time_pred = 0.000980
iter 34: slack_pred = 0.004222
iter 34: slack_cuda = 0.004203
iter 34: cpu_time_cuda = 0.005231
iter 34: gpu_time_cuda = 0.001029
iter 34: download_copy_time_cuda = 0.000282
iter 34: upload_copy_time_cuda = 0.000282
iter 34: per_iter_time_cuda = 0.007477

iter 35: cpu_time_pred = 0.004908
iter 35: gpu_time_pred = 0.000906
iter 35: slack_pred = 0.004003
iter 35: slack_cuda = 0.004038
iter 35: cpu_time_cuda = 0.004924
iter 35: gpu_time_cuda = 0.000885
iter 35: download_copy_time_cuda = 0.000267
iter 35: upload_copy_time_cuda = 0.000261
iter 35: per_iter_time_cuda = 0.006967

iter 36: cpu_time_pred = 0.004600
iter 36: gpu_time_pred = 0.000773
iter 36: slack_pred = 0.003827
iter 36: slack_cuda = 0.003809
iter 36: cpu_time_cuda = 0.004619
iter 36: gpu_time_cuda = 0.000811
iter 36: download_copy_time_cuda = 0.000243
iter 36: upload_copy_time_cuda = 0.000267
iter 36: per_iter_time_cuda = 0.006558

iter 37: cpu_time_pred = 0.004294
iter 37: gpu_time_pred = 0.000701
iter 37: slack_pred = 0.003594
iter 37: slack_cuda = 0.003577
iter 37: cpu_time_cuda = 0.004306
iter 37: gpu_time_cuda = 0.000729
iter 37: download_copy_time_cuda = 0.000231
iter 37: upload_copy_time_cuda = 0.000271
iter 37: per_iter_time_cuda = 0.006133

iter 38: cpu_time_pred = 0.003980
iter 38: gpu_time_pred = 0.000623
iter 38: slack_pred = 0.003357
iter 38: slack_cuda = 0.003353
iter 38: cpu_time_cuda = 0.003996
iter 38: gpu_time_cuda = 0.000643
iter 38: download_copy_time_cuda = 0.000225
iter 38: upload_copy_time_cuda = 0.000261
iter 38: per_iter_time_cuda = 0.005717

iter 39: cpu_time_pred = 0.003668
iter 39: gpu_time_pred = 0.000542
iter 39: slack_pred = 0.003126
iter 39: slack_cuda = 0.003162
iter 39: cpu_time_cuda = 0.003698
iter 39: gpu_time_cuda = 0.000536
iter 39: download_copy_time_cuda = 0.000198
iter 39: upload_copy_time_cuda = 0.000263
iter 39: per_iter_time_cuda = 0.005260

iter 40: cpu_time_pred = 0.003368
iter 40: gpu_time_pred = 0.000445
iter 40: slack_pred = 0.002923
iter 40: slack_cuda = 0.002912
iter 40: cpu_time_cuda = 0.003390
iter 40: gpu_time_cuda = 0.000478
iter 40: download_copy_time_cuda = 0.000183
iter 40: upload_copy_time_cuda = 0.000251
iter 40: per_iter_time_cuda = 0.004862

iter 41: cpu_time_pred = 0.003058
iter 41: gpu_time_pred = 0.000389
iter 41: slack_pred = 0.002669
iter 41: slack_cuda = 0.002664
iter 41: cpu_time_cuda = 0.003086
iter 41: gpu_time_cuda = 0.000423
iter 41: download_copy_time_cuda = 0.000174
iter 41: upload_copy_time_cuda = 0.000249
iter 41: per_iter_time_cuda = 0.004484

iter 42: cpu_time_pred = 0.002751
iter 42: gpu_time_pred = 0.000336
iter 42: slack_pred = 0.002415
iter 42: slack_cuda = 0.002452
iter 42: cpu_time_cuda = 0.002810
iter 42: gpu_time_cuda = 0.000358
iter 42: download_copy_time_cuda = 0.000161
iter 42: upload_copy_time_cuda = 0.000249
iter 42: per_iter_time_cuda = 0.004086

iter 43: cpu_time_pred = 0.002468
iter 43: gpu_time_pred = 0.000276
iter 43: slack_pred = 0.002192
iter 43: slack_cuda = 0.002256
iter 43: cpu_time_cuda = 0.002543
iter 43: gpu_time_cuda = 0.000288
iter 43: download_copy_time_cuda = 0.000143
iter 43: upload_copy_time_cuda = 0.000252
iter 43: per_iter_time_cuda = 0.003698

iter 44: cpu_time_pred = 0.002190
iter 44: gpu_time_pred = 0.000213
iter 44: slack_pred = 0.001977
iter 44: slack_cuda = 0.002001
iter 44: cpu_time_cuda = 0.002257
iter 44: gpu_time_cuda = 0.000256
iter 44: download_copy_time_cuda = 0.000128
iter 44: upload_copy_time_cuda = 0.000253
iter 44: per_iter_time_cuda = 0.003350

iter 45: cpu_time_pred = 0.001893
iter 45: gpu_time_pred = 0.000180
iter 45: slack_pred = 0.001713
iter 45: slack_cuda = 0.001775
iter 45: cpu_time_cuda = 0.001971
iter 45: gpu_time_cuda = 0.000196
iter 45: download_copy_time_cuda = 0.000124
iter 45: upload_copy_time_cuda = 0.000244
iter 45: per_iter_time_cuda = 0.002969

iter 46: cpu_time_pred = 0.001592
iter 46: gpu_time_pred = 0.000128
iter 46: slack_pred = 0.001464
iter 46: slack_cuda = 0.001512
iter 46: cpu_time_cuda = 0.001665
iter 46: gpu_time_cuda = 0.000154
iter 46: download_copy_time_cuda = 0.000106
iter 46: upload_copy_time_cuda = 0.000237
iter 46: per_iter_time_cuda = 0.002590

iter 47: cpu_time_pred = 0.001269
iter 47: gpu_time_pred = 0.000089
iter 47: slack_pred = 0.001180
iter 47: slack_cuda = 0.001297
iter 47: cpu_time_cuda = 0.001393
iter 47: gpu_time_cuda = 0.000096
iter 47: download_copy_time_cuda = 0.000097
iter 47: upload_copy_time_cuda = 0.000238
iter 47: per_iter_time_cuda = 0.002234

iter 48: cpu_time_pred = 0.000958
iter 48: gpu_time_pred = 0.000045
iter 48: slack_pred = 0.000912
iter 48: slack_cuda = 0.001052
iter 48: cpu_time_cuda = 0.001128
iter 48: gpu_time_cuda = 0.000076
iter 48: download_copy_time_cuda = 0.000088
iter 48: upload_copy_time_cuda = 0.000234
iter 48: per_iter_time_cuda = 0.001926

iter 49: cpu_time_pred = 0.000615
iter 49: gpu_time_pred = 0.000022
iter 49: slack_pred = 0.000593
iter 49: slack_cuda = 0.000784
iter 49: cpu_time_cuda = 0.000850
iter 49: gpu_time_cuda = 0.000066
iter 49: download_copy_time_cuda = 0.000081
iter 49: upload_copy_time_cuda = 0.000234
iter 49: per_iter_time_cuda = 0.001615

iter 50: cpu_time_pred = 0.000142
iter 50: gpu_time_pred = 0.000002
iter 50: slack_pred = 0.000140
iter 50: slack_cuda = 0.000572
iter 50: cpu_time_cuda = 0.000630
iter 50: gpu_time_cuda = 0.000058
iter 50: download_copy_time_cuda = 0.000085
iter 50: upload_copy_time_cuda = 0.000228
iter 50: per_iter_time_cuda = 0.001365

total_slack_overflow = 0.000000
total_cpu_time_cuda = 0.387077
total_gpu_time_cuda = 0.131542
total_copy_time_cuda = 0.041501
main_loop_time_cuda = 0.606440
Normalized difference of predicted CPU runtime per iteration is: -3.096446%
Normalized difference of predicted GPU runtime per iteration is: -6.153666%
Normalized difference of predicted slack per iteration is: -3.428669%
 5120  5120     ---   (  ---  )    129.58 (   0.69)     ---   
total_time = 1.641114
1.51user 0.48system 0:03.32elapsed 60%CPU (0avgtext+0avgdata 358512maxresident)k
3920inputs+0outputs (1major+71934minor)pagefaults 0swaps
send out message: 22 3 log
