send out message: 24 37 /home/lchen/MAGMA/magma-1.6.1/results
send out message: 20 26 MAGMA_LU_GPUDVFS.total.pwr
MAGMA 1.6.1  compiled for CUDA capability >= 3.0
CUDA runtime 5000, driver 6050. MAGMA not compiled with OpenMP. 
ndevices 1
device 0: Tesla K20c, 705.5 MHz clock, 4799.6 MB memory, capability 3.5
Usage: /home/lchen/MAGMA/magma-1.6.1/testing/testing_dgetrf [options] [-h|--help]

ngpu 1
    M     N   CPU GFlop/s (sec)   GPU GFlop/s (sec)   |PA-LU|/(N*|A|)
=========================================================================
init_time = 2.499809
iter 0: slack_cuda = 0.000000
iter 0: cpu_time_cuda = 0.000000
iter 0: gpu_time_cuda = 0.000000
iter 0: download_copy_time_cuda = 0.000000
iter 0: upload_copy_time_cuda = 0.001683
iter 0: per_iter_time_cuda = 0.002400

iter 1: slack_cuda = -0.006576
iter 1: cpu_time_cuda = 0.022869
iter 1: gpu_time_cuda = 0.029444
iter 1: download_copy_time_cuda = 0.001617
iter 1: upload_copy_time_cuda = 0.001712
iter 1: per_iter_time_cuda = 0.056313

iter 2: slack_cuda = -0.005989
iter 2: cpu_time_cuda = 0.022894
iter 2: gpu_time_cuda = 0.028883
iter 2: download_copy_time_cuda = 0.001616
iter 2: upload_copy_time_cuda = 0.001664
iter 2: per_iter_time_cuda = 0.055777

iter 3: slack_cuda = -0.005491
iter 3: cpu_time_cuda = 0.022349
iter 3: gpu_time_cuda = 0.027840
iter 3: download_copy_time_cuda = 0.001575
iter 3: upload_copy_time_cuda = 0.001720
iter 3: per_iter_time_cuda = 0.054144

iter 4: slack_cuda = -0.005638
iter 4: cpu_time_cuda = 0.022347
iter 4: gpu_time_cuda = 0.027985
iter 4: download_copy_time_cuda = 0.001635
iter 4: upload_copy_time_cuda = 0.001624
iter 4: per_iter_time_cuda = 0.054311

iter 5: slack_cuda = -0.005254
iter 5: cpu_time_cuda = 0.021974
iter 5: gpu_time_cuda = 0.027229
iter 5: download_copy_time_cuda = 0.001553
iter 5: upload_copy_time_cuda = 0.001650
iter 5: per_iter_time_cuda = 0.053057

iter 6: slack_cuda = -0.004905
iter 6: cpu_time_cuda = 0.022001
iter 6: gpu_time_cuda = 0.026906
iter 6: download_copy_time_cuda = 0.001570
iter 6: upload_copy_time_cuda = 0.001635
iter 6: per_iter_time_cuda = 0.052829

iter 7: slack_cuda = -0.004245
iter 7: cpu_time_cuda = 0.021561
iter 7: gpu_time_cuda = 0.025806
iter 7: download_copy_time_cuda = 0.001542
iter 7: upload_copy_time_cuda = 0.001626
iter 7: per_iter_time_cuda = 0.051174

iter 8: slack_cuda = -0.004350
iter 8: cpu_time_cuda = 0.021481
iter 8: gpu_time_cuda = 0.025832
iter 8: download_copy_time_cuda = 0.001540
iter 8: upload_copy_time_cuda = 0.001569
iter 8: per_iter_time_cuda = 0.051111

iter 9: slack_cuda = -0.003978
iter 9: cpu_time_cuda = 0.021287
iter 9: gpu_time_cuda = 0.025266
iter 9: download_copy_time_cuda = 0.001505
iter 9: upload_copy_time_cuda = 0.001614
iter 9: per_iter_time_cuda = 0.050301

iter 10: slack_cuda = -0.003594
iter 10: cpu_time_cuda = 0.020975
iter 10: gpu_time_cuda = 0.024569
iter 10: download_copy_time_cuda = 0.001486
iter 10: upload_copy_time_cuda = 0.001554
iter 10: per_iter_time_cuda = 0.049275

iter 11: slack_cuda = -0.002841
iter 11: cpu_time_cuda = 0.020802
iter 11: gpu_time_cuda = 0.023643
iter 11: download_copy_time_cuda = 0.001502
iter 11: upload_copy_time_cuda = 0.001547
iter 11: per_iter_time_cuda = 0.048119

iter 12: slack_cuda = -0.003154
iter 12: cpu_time_cuda = 0.020630
iter 12: gpu_time_cuda = 0.023784
iter 12: download_copy_time_cuda = 0.001461
iter 12: upload_copy_time_cuda = 0.001511
iter 12: per_iter_time_cuda = 0.048063

iter 13: slack_cuda = -0.002654
iter 13: cpu_time_cuda = 0.020516
iter 13: gpu_time_cuda = 0.023170
iter 13: download_copy_time_cuda = 0.001494
iter 13: upload_copy_time_cuda = 0.001511
iter 13: per_iter_time_cuda = 0.047305

iter 14: slack_cuda = -0.002641
iter 14: cpu_time_cuda = 0.020135
iter 14: gpu_time_cuda = 0.022776
iter 14: download_copy_time_cuda = 0.001442
iter 14: upload_copy_time_cuda = 0.001495
iter 14: per_iter_time_cuda = 0.046513

iter 15: slack_cuda = -0.001670
iter 15: cpu_time_cuda = 0.019933
iter 15: gpu_time_cuda = 0.021604
iter 15: download_copy_time_cuda = 0.001428
iter 15: upload_copy_time_cuda = 0.001486
iter 15: per_iter_time_cuda = 0.045060

iter 16: slack_cuda = -0.002014
iter 16: cpu_time_cuda = 0.019738
iter 16: gpu_time_cuda = 0.021752
iter 16: download_copy_time_cuda = 0.001412
iter 16: upload_copy_time_cuda = 0.001455
iter 16: per_iter_time_cuda = 0.045014

iter 17: slack_cuda = -0.001786
iter 17: cpu_time_cuda = 0.019553
iter 17: gpu_time_cuda = 0.021340
iter 17: download_copy_time_cuda = 0.001428
iter 17: upload_copy_time_cuda = 0.001478
iter 17: per_iter_time_cuda = 0.044392

iter 18: slack_cuda = -0.001394
iter 18: cpu_time_cuda = 0.019319
iter 18: gpu_time_cuda = 0.020712
iter 18: download_copy_time_cuda = 0.001382
iter 18: upload_copy_time_cuda = 0.001242
iter 18: per_iter_time_cuda = 0.043290

iter 19: slack_cuda = -0.000791
iter 19: cpu_time_cuda = 0.018989
iter 19: gpu_time_cuda = 0.019780
iter 19: download_copy_time_cuda = 0.001171
iter 19: upload_copy_time_cuda = 0.001226
iter 19: per_iter_time_cuda = 0.041755

iter 20: slack_cuda = -0.000864
iter 20: cpu_time_cuda = 0.018997
iter 20: gpu_time_cuda = 0.019860
iter 20: download_copy_time_cuda = 0.001152
iter 20: upload_copy_time_cuda = 0.001208
iter 20: per_iter_time_cuda = 0.041855

iter 21: slack_cuda = -0.000869
iter 21: cpu_time_cuda = 0.018627
iter 21: gpu_time_cuda = 0.019496
iter 21: download_copy_time_cuda = 0.001160
iter 21: upload_copy_time_cuda = 0.001215
iter 21: per_iter_time_cuda = 0.041080

iter 22: slack_cuda = -0.000568
iter 22: cpu_time_cuda = 0.018385
iter 22: gpu_time_cuda = 0.018953
iter 22: download_copy_time_cuda = 0.001136
iter 22: upload_copy_time_cuda = 0.001185
iter 22: per_iter_time_cuda = 0.040300

iter 23: slack_cuda = 0.000203
iter 23: cpu_time_cuda = 0.018204
iter 23: gpu_time_cuda = 0.018001
iter 23: download_copy_time_cuda = 0.001115
iter 23: upload_copy_time_cuda = 0.001172
iter 23: per_iter_time_cuda = 0.039060

iter 24: slack_cuda = -0.000210
iter 24: cpu_time_cuda = 0.017808
iter 24: gpu_time_cuda = 0.018018
iter 24: download_copy_time_cuda = 0.001105
iter 24: upload_copy_time_cuda = 0.001138
iter 24: per_iter_time_cuda = 0.038693

iter 25: slack_cuda = 0.000044
iter 25: cpu_time_cuda = 0.017787
iter 25: gpu_time_cuda = 0.017743
iter 25: download_copy_time_cuda = 0.001105
iter 25: upload_copy_time_cuda = 0.001138
iter 25: per_iter_time_cuda = 0.038337

iter 26: slack_cuda = 0.000280
iter 26: cpu_time_cuda = 0.017498
iter 26: gpu_time_cuda = 0.017218
iter 26: download_copy_time_cuda = 0.001084
iter 26: upload_copy_time_cuda = 0.001125
iter 26: per_iter_time_cuda = 0.037537

iter 27: slack_cuda = 0.000929
iter 27: cpu_time_cuda = 0.017232
iter 27: gpu_time_cuda = 0.016303
iter 27: download_copy_time_cuda = 0.001064
iter 27: upload_copy_time_cuda = 0.001112
iter 27: per_iter_time_cuda = 0.036268

iter 28: slack_cuda = 0.000742
iter 28: cpu_time_cuda = 0.017075
iter 28: gpu_time_cuda = 0.016333
iter 28: download_copy_time_cuda = 0.001047
iter 28: upload_copy_time_cuda = 0.001082
iter 28: per_iter_time_cuda = 0.036148

iter 29: slack_cuda = 0.001039
iter 29: cpu_time_cuda = 0.016950
iter 29: gpu_time_cuda = 0.015911
iter 29: download_copy_time_cuda = 0.001046
iter 29: upload_copy_time_cuda = 0.001084
iter 29: per_iter_time_cuda = 0.035550

iter 30: slack_cuda = 0.000872
iter 30: cpu_time_cuda = 0.016508
iter 30: gpu_time_cuda = 0.015636
iter 30: download_copy_time_cuda = 0.001037
iter 30: upload_copy_time_cuda = 0.001066
iter 30: per_iter_time_cuda = 0.034854

iter 31: slack_cuda = 0.001623
iter 31: cpu_time_cuda = 0.016372
iter 31: gpu_time_cuda = 0.014749
iter 31: download_copy_time_cuda = 0.001016
iter 31: upload_copy_time_cuda = 0.001058
iter 31: per_iter_time_cuda = 0.033736

iter 32: slack_cuda = 0.001576
iter 32: cpu_time_cuda = 0.016183
iter 32: gpu_time_cuda = 0.014606
iter 32: download_copy_time_cuda = 0.001006
iter 32: upload_copy_time_cuda = 0.001024
iter 32: per_iter_time_cuda = 0.033400

iter 33: slack_cuda = 0.001618
iter 33: cpu_time_cuda = 0.015924
iter 33: gpu_time_cuda = 0.014306
iter 33: download_copy_time_cuda = 0.000992
iter 33: upload_copy_time_cuda = 0.001029
iter 33: per_iter_time_cuda = 0.032780

iter 34: slack_cuda = 0.001833
iter 34: cpu_time_cuda = 0.015760
iter 34: gpu_time_cuda = 0.013927
iter 34: download_copy_time_cuda = 0.000973
iter 34: upload_copy_time_cuda = 0.001013
iter 34: per_iter_time_cuda = 0.032240

iter 35: slack_cuda = 0.002372
iter 35: cpu_time_cuda = 0.015547
iter 35: gpu_time_cuda = 0.013176
iter 35: download_copy_time_cuda = 0.000963
iter 35: upload_copy_time_cuda = 0.000997
iter 35: per_iter_time_cuda = 0.031205

iter 36: slack_cuda = 0.002100
iter 36: cpu_time_cuda = 0.015289
iter 36: gpu_time_cuda = 0.013190
iter 36: download_copy_time_cuda = 0.000943
iter 36: upload_copy_time_cuda = 0.000969
iter 36: per_iter_time_cuda = 0.030938

iter 37: slack_cuda = 0.002344
iter 37: cpu_time_cuda = 0.015076
iter 37: gpu_time_cuda = 0.012733
iter 37: download_copy_time_cuda = 0.000933
iter 37: upload_copy_time_cuda = 0.000967
iter 37: per_iter_time_cuda = 0.030218

iter 38: slack_cuda = 0.002377
iter 38: cpu_time_cuda = 0.014855
iter 38: gpu_time_cuda = 0.012477
iter 38: download_copy_time_cuda = 0.000923
iter 38: upload_copy_time_cuda = 0.000954
iter 38: per_iter_time_cuda = 0.029760

iter 39: slack_cuda = 0.002643
iter 39: cpu_time_cuda = 0.014592
iter 39: gpu_time_cuda = 0.011948
iter 39: download_copy_time_cuda = 0.000913
iter 39: upload_copy_time_cuda = 0.000937
iter 39: per_iter_time_cuda = 0.028899

iter 40: slack_cuda = 0.002758
iter 40: cpu_time_cuda = 0.014528
iter 40: gpu_time_cuda = 0.011771
iter 40: download_copy_time_cuda = 0.000890
iter 40: upload_copy_time_cuda = 0.000921
iter 40: per_iter_time_cuda = 0.028636

iter 41: slack_cuda = 0.002880
iter 41: cpu_time_cuda = 0.014183
iter 41: gpu_time_cuda = 0.011303
iter 41: download_copy_time_cuda = 0.000888
iter 41: upload_copy_time_cuda = 0.000909
iter 41: per_iter_time_cuda = 0.027773

iter 42: slack_cuda = 0.003030
iter 42: cpu_time_cuda = 0.013944
iter 42: gpu_time_cuda = 0.010914
iter 42: download_copy_time_cuda = 0.000876
iter 42: upload_copy_time_cuda = 0.000894
iter 42: per_iter_time_cuda = 0.027151

iter 43: slack_cuda = 0.003413
iter 43: cpu_time_cuda = 0.013739
iter 43: gpu_time_cuda = 0.010326
iter 43: download_copy_time_cuda = 0.000858
iter 43: upload_copy_time_cuda = 0.000882
iter 43: per_iter_time_cuda = 0.026294

iter 44: slack_cuda = 0.003238
iter 44: cpu_time_cuda = 0.013584
iter 44: gpu_time_cuda = 0.010346
iter 44: download_copy_time_cuda = 0.000836
iter 44: upload_copy_time_cuda = 0.000855
iter 44: per_iter_time_cuda = 0.026148

iter 45: slack_cuda = 0.003277
iter 45: cpu_time_cuda = 0.013341
iter 45: gpu_time_cuda = 0.010064
iter 45: download_copy_time_cuda = 0.000823
iter 45: upload_copy_time_cuda = 0.000849
iter 45: per_iter_time_cuda = 0.025558

iter 46: slack_cuda = 0.003281
iter 46: cpu_time_cuda = 0.013025
iter 46: gpu_time_cuda = 0.009744
iter 46: download_copy_time_cuda = 0.000807
iter 46: upload_copy_time_cuda = 0.000836
iter 46: per_iter_time_cuda = 0.024916

iter 47: slack_cuda = 0.003684
iter 47: cpu_time_cuda = 0.012790
iter 47: gpu_time_cuda = 0.009106
iter 47: download_copy_time_cuda = 0.000805
iter 47: upload_copy_time_cuda = 0.000822
iter 47: per_iter_time_cuda = 0.023996

iter 48: slack_cuda = 0.003661
iter 48: cpu_time_cuda = 0.012605
iter 48: gpu_time_cuda = 0.008944
iter 48: download_copy_time_cuda = 0.000784
iter 48: upload_copy_time_cuda = 0.000798
iter 48: per_iter_time_cuda = 0.023618

iter 49: slack_cuda = 0.003496
iter 49: cpu_time_cuda = 0.012214
iter 49: gpu_time_cuda = 0.008719
iter 49: download_copy_time_cuda = 0.000784
iter 49: upload_copy_time_cuda = 0.000793
iter 49: per_iter_time_cuda = 0.022958

iter 50: slack_cuda = 0.003816
iter 50: cpu_time_cuda = 0.012203
iter 50: gpu_time_cuda = 0.008388
iter 50: download_copy_time_cuda = 0.000753
iter 50: upload_copy_time_cuda = 0.000780
iter 50: per_iter_time_cuda = 0.022592

iter 51: slack_cuda = 0.003829
iter 51: cpu_time_cuda = 0.011963
iter 51: gpu_time_cuda = 0.008134
iter 51: download_copy_time_cuda = 0.000756
iter 51: upload_copy_time_cuda = 0.000766
iter 51: per_iter_time_cuda = 0.022058

iter 52: slack_cuda = 0.003978
iter 52: cpu_time_cuda = 0.011787
iter 52: gpu_time_cuda = 0.007809
iter 52: download_copy_time_cuda = 0.000734
iter 52: upload_copy_time_cuda = 0.000740
iter 52: per_iter_time_cuda = 0.021532

iter 53: slack_cuda = 0.004052
iter 53: cpu_time_cuda = 0.011548
iter 53: gpu_time_cuda = 0.007496
iter 53: download_copy_time_cuda = 0.000701
iter 53: upload_copy_time_cuda = 0.000735
iter 53: per_iter_time_cuda = 0.020910

iter 54: slack_cuda = 0.003669
iter 54: cpu_time_cuda = 0.011110
iter 54: gpu_time_cuda = 0.007441
iter 54: download_copy_time_cuda = 0.000710
iter 54: upload_copy_time_cuda = 0.000723
iter 54: per_iter_time_cuda = 0.020439

iter 55: slack_cuda = 0.004301
iter 55: cpu_time_cuda = 0.011124
iter 55: gpu_time_cuda = 0.006823
iter 55: download_copy_time_cuda = 0.000695
iter 55: upload_copy_time_cuda = 0.000708
iter 55: per_iter_time_cuda = 0.019775

iter 56: slack_cuda = 0.004126
iter 56: cpu_time_cuda = 0.010833
iter 56: gpu_time_cuda = 0.006707
iter 56: download_copy_time_cuda = 0.000668
iter 56: upload_copy_time_cuda = 0.000683
iter 56: per_iter_time_cuda = 0.019341

iter 57: slack_cuda = 0.004107
iter 57: cpu_time_cuda = 0.010614
iter 57: gpu_time_cuda = 0.006507
iter 57: download_copy_time_cuda = 0.000666
iter 57: upload_copy_time_cuda = 0.000679
iter 57: per_iter_time_cuda = 0.018888

iter 58: slack_cuda = 0.004121
iter 58: cpu_time_cuda = 0.010416
iter 58: gpu_time_cuda = 0.006295
iter 58: download_copy_time_cuda = 0.000642
iter 58: upload_copy_time_cuda = 0.000662
iter 58: per_iter_time_cuda = 0.018454

iter 59: slack_cuda = 0.004458
iter 59: cpu_time_cuda = 0.010230
iter 59: gpu_time_cuda = 0.005773
iter 59: download_copy_time_cuda = 0.000649
iter 59: upload_copy_time_cuda = 0.000650
iter 59: per_iter_time_cuda = 0.017708

iter 60: slack_cuda = 0.004174
iter 60: cpu_time_cuda = 0.009913
iter 60: gpu_time_cuda = 0.005739
iter 60: download_copy_time_cuda = 0.000618
iter 60: upload_copy_time_cuda = 0.000626
iter 60: per_iter_time_cuda = 0.017340

iter 61: slack_cuda = 0.004176
iter 61: cpu_time_cuda = 0.009697
iter 61: gpu_time_cuda = 0.005520
iter 61: download_copy_time_cuda = 0.000603
iter 61: upload_copy_time_cuda = 0.000621
iter 61: per_iter_time_cuda = 0.016852

iter 62: slack_cuda = 0.004094
iter 62: cpu_time_cuda = 0.009464
iter 62: gpu_time_cuda = 0.005371
iter 62: download_copy_time_cuda = 0.000594
iter 62: upload_copy_time_cuda = 0.000605
iter 62: per_iter_time_cuda = 0.016473

iter 63: slack_cuda = 0.004582
iter 63: cpu_time_cuda = 0.009369
iter 63: gpu_time_cuda = 0.004786
iter 63: download_copy_time_cuda = 0.000592
iter 63: upload_copy_time_cuda = 0.000591
iter 63: per_iter_time_cuda = 0.015730

iter 64: slack_cuda = 0.004237
iter 64: cpu_time_cuda = 0.009005
iter 64: gpu_time_cuda = 0.004768
iter 64: download_copy_time_cuda = 0.000580
iter 64: upload_copy_time_cuda = 0.000571
iter 64: per_iter_time_cuda = 0.015343

iter 65: slack_cuda = 0.004230
iter 65: cpu_time_cuda = 0.008790
iter 65: gpu_time_cuda = 0.004559
iter 65: download_copy_time_cuda = 0.000553
iter 65: upload_copy_time_cuda = 0.000564
iter 65: per_iter_time_cuda = 0.014851

iter 66: slack_cuda = 0.004274
iter 66: cpu_time_cuda = 0.008604
iter 66: gpu_time_cuda = 0.004330
iter 66: download_copy_time_cuda = 0.000543
iter 66: upload_copy_time_cuda = 0.000549
iter 66: per_iter_time_cuda = 0.014434

iter 67: slack_cuda = 0.004152
iter 67: cpu_time_cuda = 0.008280
iter 67: gpu_time_cuda = 0.004128
iter 67: download_copy_time_cuda = 0.000532
iter 67: upload_copy_time_cuda = 0.000534
iter 67: per_iter_time_cuda = 0.013848

iter 68: slack_cuda = 0.004160
iter 68: cpu_time_cuda = 0.008136
iter 68: gpu_time_cuda = 0.003976
iter 68: download_copy_time_cuda = 0.000521
iter 68: upload_copy_time_cuda = 0.000515
iter 68: per_iter_time_cuda = 0.013533

iter 69: slack_cuda = 0.004143
iter 69: cpu_time_cuda = 0.007900
iter 69: gpu_time_cuda = 0.003757
iter 69: download_copy_time_cuda = 0.000496
iter 69: upload_copy_time_cuda = 0.000506
iter 69: per_iter_time_cuda = 0.013019

iter 70: slack_cuda = 0.004242
iter 70: cpu_time_cuda = 0.007826
iter 70: gpu_time_cuda = 0.003585
iter 70: download_copy_time_cuda = 0.000485
iter 70: upload_copy_time_cuda = 0.000490
iter 70: per_iter_time_cuda = 0.012755

iter 71: slack_cuda = 0.004078
iter 71: cpu_time_cuda = 0.007420
iter 71: gpu_time_cuda = 0.003342
iter 71: download_copy_time_cuda = 0.000487
iter 71: upload_copy_time_cuda = 0.000482
iter 71: per_iter_time_cuda = 0.012081

iter 72: slack_cuda = 0.004088
iter 72: cpu_time_cuda = 0.007228
iter 72: gpu_time_cuda = 0.003141
iter 72: download_copy_time_cuda = 0.000467
iter 72: upload_copy_time_cuda = 0.000458
iter 72: per_iter_time_cuda = 0.011663

iter 73: slack_cuda = 0.003913
iter 73: cpu_time_cuda = 0.006957
iter 73: gpu_time_cuda = 0.003044
iter 73: download_copy_time_cuda = 0.000447
iter 73: upload_copy_time_cuda = 0.000452
iter 73: per_iter_time_cuda = 0.011243

iter 74: slack_cuda = 0.003902
iter 74: cpu_time_cuda = 0.006725
iter 74: gpu_time_cuda = 0.002823
iter 74: download_copy_time_cuda = 0.000448
iter 74: upload_copy_time_cuda = 0.000439
iter 74: per_iter_time_cuda = 0.010807

iter 75: slack_cuda = 0.003995
iter 75: cpu_time_cuda = 0.006546
iter 75: gpu_time_cuda = 0.002551
iter 75: download_copy_time_cuda = 0.000421
iter 75: upload_copy_time_cuda = 0.000441
iter 75: per_iter_time_cuda = 0.010297

iter 76: slack_cuda = 0.003681
iter 76: cpu_time_cuda = 0.006229
iter 76: gpu_time_cuda = 0.002549
iter 76: download_copy_time_cuda = 0.000405
iter 76: upload_copy_time_cuda = 0.000441
iter 76: per_iter_time_cuda = 0.009976

iter 77: slack_cuda = 0.003669
iter 77: cpu_time_cuda = 0.006066
iter 77: gpu_time_cuda = 0.002398
iter 77: download_copy_time_cuda = 0.000390
iter 77: upload_copy_time_cuda = 0.000435
iter 77: per_iter_time_cuda = 0.009641

iter 78: slack_cuda = 0.003860
iter 78: cpu_time_cuda = 0.006108
iter 78: gpu_time_cuda = 0.002248
iter 78: download_copy_time_cuda = 0.000383
iter 78: upload_copy_time_cuda = 0.000432
iter 78: per_iter_time_cuda = 0.009513

iter 79: slack_cuda = 0.003632
iter 79: cpu_time_cuda = 0.005629
iter 79: gpu_time_cuda = 0.001997
iter 79: download_copy_time_cuda = 0.000364
iter 79: upload_copy_time_cuda = 0.000433
iter 79: per_iter_time_cuda = 0.008742

iter 80: slack_cuda = 0.003558
iter 80: cpu_time_cuda = 0.005468
iter 80: gpu_time_cuda = 0.001909
iter 80: download_copy_time_cuda = 0.000348
iter 80: upload_copy_time_cuda = 0.000426
iter 80: per_iter_time_cuda = 0.008489

iter 81: slack_cuda = 0.003322
iter 81: cpu_time_cuda = 0.005143
iter 81: gpu_time_cuda = 0.001821
iter 81: download_copy_time_cuda = 0.000343
iter 81: upload_copy_time_cuda = 0.000430
iter 81: per_iter_time_cuda = 0.008050

iter 82: slack_cuda = 0.003286
iter 82: cpu_time_cuda = 0.004921
iter 82: gpu_time_cuda = 0.001635
iter 82: download_copy_time_cuda = 0.000313
iter 82: upload_copy_time_cuda = 0.000430
iter 82: per_iter_time_cuda = 0.007629

iter 83: slack_cuda = 0.003119
iter 83: cpu_time_cuda = 0.004687
iter 83: gpu_time_cuda = 0.001568
iter 83: download_copy_time_cuda = 0.000289
iter 83: upload_copy_time_cuda = 0.000416
iter 83: per_iter_time_cuda = 0.007264

iter 84: slack_cuda = 0.003037
iter 84: cpu_time_cuda = 0.004489
iter 84: gpu_time_cuda = 0.001452
iter 84: download_copy_time_cuda = 0.000275
iter 84: upload_copy_time_cuda = 0.000414
iter 84: per_iter_time_cuda = 0.006945

iter 85: slack_cuda = 0.002989
iter 85: cpu_time_cuda = 0.004276
iter 85: gpu_time_cuda = 0.001287
iter 85: download_copy_time_cuda = 0.000263
iter 85: upload_copy_time_cuda = 0.000413
iter 85: per_iter_time_cuda = 0.006517

iter 86: slack_cuda = 0.002832
iter 86: cpu_time_cuda = 0.004031
iter 86: gpu_time_cuda = 0.001199
iter 86: download_copy_time_cuda = 0.000258
iter 86: upload_copy_time_cuda = 0.000411
iter 86: per_iter_time_cuda = 0.006182

iter 87: slack_cuda = 0.002782
iter 87: cpu_time_cuda = 0.003831
iter 87: gpu_time_cuda = 0.001049
iter 87: download_copy_time_cuda = 0.000238
iter 87: upload_copy_time_cuda = 0.000412
iter 87: per_iter_time_cuda = 0.005803

iter 88: slack_cuda = 0.002511
iter 88: cpu_time_cuda = 0.003522
iter 88: gpu_time_cuda = 0.001011
iter 88: download_copy_time_cuda = 0.000222
iter 88: upload_copy_time_cuda = 0.000405
iter 88: per_iter_time_cuda = 0.005443

iter 89: slack_cuda = 0.002458
iter 89: cpu_time_cuda = 0.003351
iter 89: gpu_time_cuda = 0.000893
iter 89: download_copy_time_cuda = 0.000211
iter 89: upload_copy_time_cuda = 0.000395
iter 89: per_iter_time_cuda = 0.005115

iter 90: slack_cuda = 0.002189
iter 90: cpu_time_cuda = 0.003009
iter 90: gpu_time_cuda = 0.000820
iter 90: download_copy_time_cuda = 0.000203
iter 90: upload_copy_time_cuda = 0.000419
iter 90: per_iter_time_cuda = 0.004723

iter 91: slack_cuda = 0.002106
iter 91: cpu_time_cuda = 0.002782
iter 91: gpu_time_cuda = 0.000676
iter 91: download_copy_time_cuda = 0.000186
iter 91: upload_copy_time_cuda = 0.000403
iter 91: per_iter_time_cuda = 0.004315

iter 92: slack_cuda = 0.001961
iter 92: cpu_time_cuda = 0.002600
iter 92: gpu_time_cuda = 0.000639
iter 92: download_copy_time_cuda = 0.000172
iter 92: upload_copy_time_cuda = 0.000398
iter 92: per_iter_time_cuda = 0.004085

iter 93: slack_cuda = 0.001805
iter 93: cpu_time_cuda = 0.002396
iter 93: gpu_time_cuda = 0.000592
iter 93: download_copy_time_cuda = 0.000159
iter 93: upload_copy_time_cuda = 0.000400
iter 93: per_iter_time_cuda = 0.003807

iter 94: slack_cuda = 0.001685
iter 94: cpu_time_cuda = 0.002173
iter 94: gpu_time_cuda = 0.000489
iter 94: download_copy_time_cuda = 0.000148
iter 94: upload_copy_time_cuda = 0.000391
iter 94: per_iter_time_cuda = 0.003449

iter 95: slack_cuda = 0.001539
iter 95: cpu_time_cuda = 0.001955
iter 95: gpu_time_cuda = 0.000416
iter 95: download_copy_time_cuda = 0.000136
iter 95: upload_copy_time_cuda = 0.000395
iter 95: per_iter_time_cuda = 0.003150

iter 96: slack_cuda = 0.001232
iter 96: cpu_time_cuda = 0.001582
iter 96: gpu_time_cuda = 0.000350
iter 96: download_copy_time_cuda = 0.000135
iter 96: upload_copy_time_cuda = 0.000386
iter 96: per_iter_time_cuda = 0.002699

iter 97: slack_cuda = 0.001005
iter 97: cpu_time_cuda = 0.001315
iter 97: gpu_time_cuda = 0.000310
iter 97: download_copy_time_cuda = 0.000123
iter 97: upload_copy_time_cuda = 0.000380
iter 97: per_iter_time_cuda = 0.002366

iter 98: slack_cuda = 0.000850
iter 98: cpu_time_cuda = 0.001101
iter 98: gpu_time_cuda = 0.000251
iter 98: download_copy_time_cuda = 0.000116
iter 98: upload_copy_time_cuda = 0.000375
iter 98: per_iter_time_cuda = 0.002084

iter 99: slack_cuda = 0.000702
iter 99: cpu_time_cuda = 0.000913
iter 99: gpu_time_cuda = 0.000212
iter 99: download_copy_time_cuda = 0.000109
iter 99: upload_copy_time_cuda = 0.000385
iter 99: per_iter_time_cuda = 0.001856

iter 100: slack_cuda = 0.000507
iter 100: cpu_time_cuda = 0.000703
iter 100: gpu_time_cuda = 0.000196
iter 100: download_copy_time_cuda = 0.000099
iter 100: upload_copy_time_cuda = 0.000371
iter 100: per_iter_time_cuda = 0.001607

iter 101: slack_cuda = 0.000316
iter 101: cpu_time_cuda = 0.000492
iter 101: gpu_time_cuda = 0.000176
iter 101: download_copy_time_cuda = 0.000092
iter 101: upload_copy_time_cuda = 0.000362
iter 101: per_iter_time_cuda = 0.001339

total_cpu_time_cuda = 1.200442
total_gpu_time_cuda = 1.049078
total_copy_time_cuda = 0.165930
main_loop_time_cuda = 2.469849
Normalized difference of predicted CPU runtime per iteration is: 0.000000%
Normalized difference of predicted GPU runtime per iteration is: 0.000000%
Normalized difference of predicted slack per iteration is: 0.000000%
10240 10240     ---   (  ---  )    258.75 (   2.77)     ---   
total_time = 5.690502
4.98user 1.01system 0:07.12elapsed 84%CPU (0avgtext+0avgdata 972932maxresident)k
3920inputs+0outputs (1major+225545minor)pagefaults 0swaps
send out message: 22 3 log
