send out message: 24 37 /home/lchen/MAGMA/magma-1.6.1/results
send out message: 20 26 MAGMA_LU_GPUDVFS.total.pwr
MAGMA 1.6.1  compiled for CUDA capability >= 3.0
CUDA runtime 5000, driver 6050. MAGMA not compiled with OpenMP. 
ndevices 1
device 0: Tesla K20c, 705.5 MHz clock, 4799.6 MB memory, capability 3.5
Usage: /home/lchen/MAGMA/magma-1.6.1/testing/testing_dgetrf [options] [-h|--help]

ngpu 1
    M     N   CPU GFlop/s (sec)   GPU GFlop/s (sec)   |PA-LU|/(N*|A|)
=========================================================================
init_time = 0.816620
iter 0: slack_cuda = 0.000000
iter 0: cpu_time_cuda = 0.000000
iter 0: gpu_time_cuda = 0.000000
iter 0: download_copy_time_cuda = 0.000000
iter 0: upload_copy_time_cuda = 0.002255
iter 0: per_iter_time_cuda = 0.003942

iter 1: slack_cuda = -0.028919
iter 1: cpu_time_cuda = 0.014854
iter 1: gpu_time_cuda = 0.043773
iter 1: download_copy_time_cuda = 0.001833
iter 1: upload_copy_time_cuda = 0.002227
iter 1: per_iter_time_cuda = 0.064253

iter 2: slack_cuda = -0.027176
iter 2: cpu_time_cuda = 0.014617
iter 2: gpu_time_cuda = 0.041793
iter 2: download_copy_time_cuda = 0.001785
iter 2: upload_copy_time_cuda = 0.002228
iter 2: per_iter_time_cuda = 0.062079

iter 3: slack_cuda = -0.022188
iter 3: cpu_time_cuda = 0.014296
iter 3: gpu_time_cuda = 0.036484
iter 3: download_copy_time_cuda = 0.001727
iter 3: upload_copy_time_cuda = 0.002158
iter 3: per_iter_time_cuda = 0.056180

iter 4: slack_cuda = -0.024837
iter 4: cpu_time_cuda = 0.014048
iter 4: gpu_time_cuda = 0.038885
iter 4: download_copy_time_cuda = 0.001686
iter 4: upload_copy_time_cuda = 0.002110
iter 4: per_iter_time_cuda = 0.058350

iter 5: slack_cuda = -0.023430
iter 5: cpu_time_cuda = 0.013721
iter 5: gpu_time_cuda = 0.037151
iter 5: download_copy_time_cuda = 0.001666
iter 5: upload_copy_time_cuda = 0.002158
iter 5: per_iter_time_cuda = 0.056174

iter 6: slack_cuda = -0.022023
iter 6: cpu_time_cuda = 0.013468
iter 6: gpu_time_cuda = 0.035491
iter 6: download_copy_time_cuda = 0.001652
iter 6: upload_copy_time_cuda = 0.002124
iter 6: per_iter_time_cuda = 0.054353

iter 7: slack_cuda = -0.017834
iter 7: cpu_time_cuda = 0.013036
iter 7: gpu_time_cuda = 0.030871
iter 7: download_copy_time_cuda = 0.001603
iter 7: upload_copy_time_cuda = 0.002117
iter 7: per_iter_time_cuda = 0.049051

iter 8: slack_cuda = -0.020082
iter 8: cpu_time_cuda = 0.012878
iter 8: gpu_time_cuda = 0.032960
iter 8: download_copy_time_cuda = 0.001555
iter 8: upload_copy_time_cuda = 0.002036
iter 8: per_iter_time_cuda = 0.050998

iter 9: slack_cuda = -0.018644
iter 9: cpu_time_cuda = 0.012605
iter 9: gpu_time_cuda = 0.031248
iter 9: download_copy_time_cuda = 0.001552
iter 9: upload_copy_time_cuda = 0.002061
iter 9: per_iter_time_cuda = 0.048906

iter 10: slack_cuda = -0.017435
iter 10: cpu_time_cuda = 0.012237
iter 10: gpu_time_cuda = 0.029672
iter 10: download_copy_time_cuda = 0.001493
iter 10: upload_copy_time_cuda = 0.002055
iter 10: per_iter_time_cuda = 0.046980

iter 11: slack_cuda = -0.013627
iter 11: cpu_time_cuda = 0.011946
iter 11: gpu_time_cuda = 0.025573
iter 11: download_copy_time_cuda = 0.001459
iter 11: upload_copy_time_cuda = 0.002037
iter 11: per_iter_time_cuda = 0.042368

iter 12: slack_cuda = -0.015815
iter 12: cpu_time_cuda = 0.011664
iter 12: gpu_time_cuda = 0.027479
iter 12: download_copy_time_cuda = 0.001376
iter 12: upload_copy_time_cuda = 0.001967
iter 12: per_iter_time_cuda = 0.043953

iter 13: slack_cuda = -0.014498
iter 13: cpu_time_cuda = 0.011369
iter 13: gpu_time_cuda = 0.025868
iter 13: download_copy_time_cuda = 0.001387
iter 13: upload_copy_time_cuda = 0.001992
iter 13: per_iter_time_cuda = 0.041926

iter 14: slack_cuda = -0.012942
iter 14: cpu_time_cuda = 0.011604
iter 14: gpu_time_cuda = 0.024545
iter 14: download_copy_time_cuda = 0.001340
iter 14: upload_copy_time_cuda = 0.001992
iter 14: per_iter_time_cuda = 0.040886

iter 15: slack_cuda = -0.010000
iter 15: cpu_time_cuda = 0.011242
iter 15: gpu_time_cuda = 0.021242
iter 15: download_copy_time_cuda = 0.001623
iter 15: upload_copy_time_cuda = 0.001955
iter 15: per_iter_time_cuda = 0.037367

iter 16: slack_cuda = -0.011491
iter 16: cpu_time_cuda = 0.010862
iter 16: gpu_time_cuda = 0.022352
iter 16: download_copy_time_cuda = 0.001583
iter 16: upload_copy_time_cuda = 0.001906
iter 16: per_iter_time_cuda = 0.038058

iter 17: slack_cuda = -0.010814
iter 17: cpu_time_cuda = 0.010638
iter 17: gpu_time_cuda = 0.021452
iter 17: download_copy_time_cuda = 0.001544
iter 17: upload_copy_time_cuda = 0.001921
iter 17: per_iter_time_cuda = 0.036751

iter 18: slack_cuda = -0.009397
iter 18: cpu_time_cuda = 0.010325
iter 18: gpu_time_cuda = 0.019722
iter 18: download_copy_time_cuda = 0.001511
iter 18: upload_copy_time_cuda = 0.001916
iter 18: per_iter_time_cuda = 0.034725

iter 19: slack_cuda = -0.006845
iter 19: cpu_time_cuda = 0.010038
iter 19: gpu_time_cuda = 0.016883
iter 19: download_copy_time_cuda = 0.001460
iter 19: upload_copy_time_cuda = 0.001884
iter 19: per_iter_time_cuda = 0.031417

iter 20: slack_cuda = -0.007716
iter 20: cpu_time_cuda = 0.009745
iter 20: gpu_time_cuda = 0.017461
iter 20: download_copy_time_cuda = 0.001443
iter 20: upload_copy_time_cuda = 0.001842
iter 20: per_iter_time_cuda = 0.031722

iter 21: slack_cuda = -0.007153
iter 21: cpu_time_cuda = 0.009451
iter 21: gpu_time_cuda = 0.016604
iter 21: download_copy_time_cuda = 0.001396
iter 21: upload_copy_time_cuda = 0.001852
iter 21: per_iter_time_cuda = 0.030417

iter 22: slack_cuda = -0.006361
iter 22: cpu_time_cuda = 0.009210
iter 22: gpu_time_cuda = 0.015571
iter 22: download_copy_time_cuda = 0.001386
iter 22: upload_copy_time_cuda = 0.001868
iter 22: per_iter_time_cuda = 0.029225

iter 23: slack_cuda = -0.004255
iter 23: cpu_time_cuda = 0.008832
iter 23: gpu_time_cuda = 0.013087
iter 23: download_copy_time_cuda = 0.001344
iter 23: upload_copy_time_cuda = 0.001805
iter 23: per_iter_time_cuda = 0.026144

iter 24: slack_cuda = -0.005282
iter 24: cpu_time_cuda = 0.008512
iter 24: gpu_time_cuda = 0.013794
iter 24: download_copy_time_cuda = 0.001271
iter 24: upload_copy_time_cuda = 0.001741
iter 24: per_iter_time_cuda = 0.026470

iter 25: slack_cuda = -0.004444
iter 25: cpu_time_cuda = 0.008208
iter 25: gpu_time_cuda = 0.012651
iter 25: download_copy_time_cuda = 0.001288
iter 25: upload_copy_time_cuda = 0.001775
iter 25: per_iter_time_cuda = 0.024962

iter 26: slack_cuda = -0.003883
iter 26: cpu_time_cuda = 0.007909
iter 26: gpu_time_cuda = 0.011792
iter 26: download_copy_time_cuda = 0.001228
iter 26: upload_copy_time_cuda = 0.001754
iter 26: per_iter_time_cuda = 0.023777

iter 27: slack_cuda = -0.002271
iter 27: cpu_time_cuda = 0.007663
iter 27: gpu_time_cuda = 0.009933
iter 27: download_copy_time_cuda = 0.001188
iter 27: upload_copy_time_cuda = 0.001727
iter 27: per_iter_time_cuda = 0.021488

iter 28: slack_cuda = -0.002845
iter 28: cpu_time_cuda = 0.007365
iter 28: gpu_time_cuda = 0.010210
iter 28: download_copy_time_cuda = 0.001129
iter 28: upload_copy_time_cuda = 0.001706
iter 28: per_iter_time_cuda = 0.021468

iter 29: slack_cuda = -0.002388
iter 29: cpu_time_cuda = 0.007066
iter 29: gpu_time_cuda = 0.009454
iter 29: download_copy_time_cuda = 0.001118
iter 29: upload_copy_time_cuda = 0.001719
iter 29: per_iter_time_cuda = 0.020324

iter 30: slack_cuda = -0.001927
iter 30: cpu_time_cuda = 0.006735
iter 30: gpu_time_cuda = 0.008662
iter 30: download_copy_time_cuda = 0.001186
iter 30: upload_copy_time_cuda = 0.001662
iter 30: per_iter_time_cuda = 0.019287

iter 31: slack_cuda = -0.000587
iter 31: cpu_time_cuda = 0.006573
iter 31: gpu_time_cuda = 0.007159
iter 31: download_copy_time_cuda = 0.001044
iter 31: upload_copy_time_cuda = 0.001669
iter 31: per_iter_time_cuda = 0.017384

iter 32: slack_cuda = -0.001023
iter 32: cpu_time_cuda = 0.006212
iter 32: gpu_time_cuda = 0.007235
iter 32: download_copy_time_cuda = 0.001006
iter 32: upload_copy_time_cuda = 0.001622
iter 32: per_iter_time_cuda = 0.017047

iter 33: slack_cuda = -0.000719
iter 33: cpu_time_cuda = 0.005910
iter 33: gpu_time_cuda = 0.006628
iter 33: download_copy_time_cuda = 0.000970
iter 33: upload_copy_time_cuda = 0.001621
iter 33: per_iter_time_cuda = 0.016005

iter 34: slack_cuda = -0.000113
iter 34: cpu_time_cuda = 0.005685
iter 34: gpu_time_cuda = 0.005798
iter 34: download_copy_time_cuda = 0.000907
iter 34: upload_copy_time_cuda = 0.001617
iter 34: per_iter_time_cuda = 0.014842

iter 35: slack_cuda = 0.000409
iter 35: cpu_time_cuda = 0.005313
iter 35: gpu_time_cuda = 0.004905
iter 35: download_copy_time_cuda = 0.000872
iter 35: upload_copy_time_cuda = 0.001601
iter 35: per_iter_time_cuda = 0.013453

iter 36: slack_cuda = 0.000299
iter 36: cpu_time_cuda = 0.005076
iter 36: gpu_time_cuda = 0.004776
iter 36: download_copy_time_cuda = 0.000821
iter 36: upload_copy_time_cuda = 0.001571
iter 36: per_iter_time_cuda = 0.013041

iter 37: slack_cuda = 0.000506
iter 37: cpu_time_cuda = 0.004659
iter 37: gpu_time_cuda = 0.004153
iter 37: download_copy_time_cuda = 0.000799
iter 37: upload_copy_time_cuda = 0.001553
iter 37: per_iter_time_cuda = 0.011896

iter 38: slack_cuda = 0.000749
iter 38: cpu_time_cuda = 0.004396
iter 38: gpu_time_cuda = 0.003647
iter 38: download_copy_time_cuda = 0.000758
iter 38: upload_copy_time_cuda = 0.001532
iter 38: per_iter_time_cuda = 0.011083

iter 39: slack_cuda = 0.001159
iter 39: cpu_time_cuda = 0.004101
iter 39: gpu_time_cuda = 0.002942
iter 39: download_copy_time_cuda = 0.000738
iter 39: upload_copy_time_cuda = 0.001544
iter 39: per_iter_time_cuda = 0.010009

iter 40: slack_cuda = 0.001127
iter 40: cpu_time_cuda = 0.003830
iter 40: gpu_time_cuda = 0.002702
iter 40: download_copy_time_cuda = 0.000684
iter 40: upload_copy_time_cuda = 0.001482
iter 40: per_iter_time_cuda = 0.009414

iter 41: slack_cuda = 0.001113
iter 41: cpu_time_cuda = 0.003478
iter 41: gpu_time_cuda = 0.002365
iter 41: download_copy_time_cuda = 0.000670
iter 41: upload_copy_time_cuda = 0.001517
iter 41: per_iter_time_cuda = 0.008697

iter 42: slack_cuda = 0.001304
iter 42: cpu_time_cuda = 0.003233
iter 42: gpu_time_cuda = 0.001929
iter 42: download_copy_time_cuda = 0.000652
iter 42: upload_copy_time_cuda = 0.001473
iter 42: per_iter_time_cuda = 0.007955

iter 43: slack_cuda = 0.001357
iter 43: cpu_time_cuda = 0.002964
iter 43: gpu_time_cuda = 0.001607
iter 43: download_copy_time_cuda = 0.000651
iter 43: upload_copy_time_cuda = 0.001454
iter 43: per_iter_time_cuda = 0.007277

iter 44: slack_cuda = 0.001277
iter 44: cpu_time_cuda = 0.002664
iter 44: gpu_time_cuda = 0.001386
iter 44: download_copy_time_cuda = 0.000621
iter 44: upload_copy_time_cuda = 0.001423
iter 44: per_iter_time_cuda = 0.006718

iter 45: slack_cuda = 0.001281
iter 45: cpu_time_cuda = 0.002387
iter 45: gpu_time_cuda = 0.001106
iter 45: download_copy_time_cuda = 0.000607
iter 45: upload_copy_time_cuda = 0.001405
iter 45: per_iter_time_cuda = 0.006085

iter 46: slack_cuda = 0.001136
iter 46: cpu_time_cuda = 0.002081
iter 46: gpu_time_cuda = 0.000945
iter 46: download_copy_time_cuda = 0.000620
iter 46: upload_copy_time_cuda = 0.001361
iter 46: per_iter_time_cuda = 0.005588

iter 47: slack_cuda = 0.001193
iter 47: cpu_time_cuda = 0.001815
iter 47: gpu_time_cuda = 0.000622
iter 47: download_copy_time_cuda = 0.000611
iter 47: upload_copy_time_cuda = 0.001377
iter 47: per_iter_time_cuda = 0.004972

iter 48: slack_cuda = 0.000994
iter 48: cpu_time_cuda = 0.001548
iter 48: gpu_time_cuda = 0.000554
iter 48: download_copy_time_cuda = 0.000606
iter 48: upload_copy_time_cuda = 0.001387
iter 48: per_iter_time_cuda = 0.004658

iter 49: slack_cuda = 0.000776
iter 49: cpu_time_cuda = 0.001271
iter 49: gpu_time_cuda = 0.000495
iter 49: download_copy_time_cuda = 0.000585
iter 49: upload_copy_time_cuda = 0.001351
iter 49: per_iter_time_cuda = 0.004260

iter 50: slack_cuda = 0.000633
iter 50: cpu_time_cuda = 0.001046
iter 50: gpu_time_cuda = 0.000413
iter 50: download_copy_time_cuda = 0.000584
iter 50: upload_copy_time_cuda = 0.001279
iter 50: per_iter_time_cuda = 0.003813

total_slack_overflow = -0.378962
total_cpu_time_cuda = 0.400387
total_gpu_time_cuda = 0.764033
total_copy_time_cuda = 0.149003
main_loop_time_cuda = 1.376908
Normalized difference of predicted CPU runtime per iteration is: 0.000000%
Normalized difference of predicted GPU runtime per iteration is: 0.000000%
Normalized difference of predicted slack per iteration is: 0.000000%
 5120  5120     ---   (  ---  )     58.94 (   1.52)     ---   
total_time = 2.467770
2.15user 0.66system 0:04.00elapsed 70%CPU (0avgtext+0avgdata 358488maxresident)k
3920inputs+0outputs (1major+71927minor)pagefaults 0swaps
send out message: 22 3 log
