send out message: 24 37 /home/lchen/MAGMA/magma-1.6.1/results
send out message: 20 26 MAGMA_LU_GPUDVFS.total.pwr
MAGMA 1.6.1  compiled for CUDA capability >= 3.0
CUDA runtime 5000, driver 6050. MAGMA not compiled with OpenMP. 
ndevices 1
device 0: Tesla K20c, 705.5 MHz clock, 4799.6 MB memory, capability 3.5
Usage: /home/lchen/MAGMA/magma-1.6.1/testing/testing_dgetrf [options] [-h|--help]

ngpu 1
    M     N   CPU GFlop/s (sec)   GPU GFlop/s (sec)   |PA-LU|/(N*|A|)
=========================================================================
init_time = 2.502428
iter 0: slack_cuda = 0.000000
iter 0: cpu_time_cuda = 0.000000
iter 0: gpu_time_cuda = 0.000000
iter 0: download_copy_time_cuda = 0.000000
iter 0: upload_copy_time_cuda = 0.001677
iter 0: per_iter_time_cuda = 0.002398

iter 1: cpu_time_pred = 0.000000
iter 1: gpu_time_pred = 0.000000
iter 1: slack_pred = 0.000000
iter 1: slack_cuda = -0.005164
iter 1: cpu_time_cuda = 0.022922
iter 1: gpu_time_cuda = 0.028086
iter 1: download_copy_time_cuda = 0.001645
iter 1: upload_copy_time_cuda = 0.001719
iter 1: per_iter_time_cuda = 0.056579

iter 2: cpu_time_pred = 0.022694
iter 2: gpu_time_pred = 0.027530
iter 2: slack_pred = -0.004836
iter 2: slack_cuda = -0.004551
iter 2: cpu_time_cuda = 0.022839
iter 2: gpu_time_cuda = 0.027390
iter 2: download_copy_time_cuda = 0.001697
iter 2: upload_copy_time_cuda = 0.001667
iter 2: per_iter_time_cuda = 0.055856

iter 3: cpu_time_pred = 0.022465
iter 3: gpu_time_pred = 0.026978
iter 3: slack_pred = -0.004513
iter 3: slack_cuda = -0.003980
iter 3: cpu_time_cuda = 0.022397
iter 3: gpu_time_cuda = 0.026377
iter 3: download_copy_time_cuda = 0.001576
iter 3: upload_copy_time_cuda = 0.001660
iter 3: per_iter_time_cuda = 0.054155

iter 4: cpu_time_pred = 0.022237
iter 4: gpu_time_pred = 0.026433
iter 4: slack_pred = -0.004196
iter 4: slack_cuda = -0.004137
iter 4: cpu_time_cuda = 0.022347
iter 4: gpu_time_cuda = 0.026484
iter 4: download_copy_time_cuda = 0.001575
iter 4: upload_copy_time_cuda = 0.001621
iter 4: per_iter_time_cuda = 0.054262

iter 5: cpu_time_pred = 0.022009
iter 5: gpu_time_pred = 0.025893
iter 5: slack_pred = -0.003884
iter 5: slack_cuda = -0.002799
iter 5: cpu_time_cuda = 0.023194
iter 5: gpu_time_cuda = 0.025993
iter 5: download_copy_time_cuda = 0.001547
iter 5: upload_copy_time_cuda = 0.001653
iter 5: per_iter_time_cuda = 0.054524

iter 6: cpu_time_pred = 0.021780
iter 6: gpu_time_pred = 0.025359
iter 6: slack_pred = -0.003578
iter 6: slack_cuda = -0.003295
iter 6: cpu_time_cuda = 0.022212
iter 6: gpu_time_cuda = 0.025508
iter 6: download_copy_time_cuda = 0.001533
iter 6: upload_copy_time_cuda = 0.001616
iter 6: per_iter_time_cuda = 0.053066

iter 7: cpu_time_pred = 0.021552
iter 7: gpu_time_pred = 0.024830
iter 7: slack_pred = -0.003278
iter 7: slack_cuda = -0.002598
iter 7: cpu_time_cuda = 0.021694
iter 7: gpu_time_cuda = 0.024292
iter 7: download_copy_time_cuda = 0.001549
iter 7: upload_copy_time_cuda = 0.001623
iter 7: per_iter_time_cuda = 0.051226

iter 8: cpu_time_pred = 0.021324
iter 8: gpu_time_pred = 0.024306
iter 8: slack_pred = -0.002983
iter 8: slack_cuda = -0.002994
iter 8: cpu_time_cuda = 0.021474
iter 8: gpu_time_cuda = 0.024467
iter 8: download_copy_time_cuda = 0.001518
iter 8: upload_copy_time_cuda = 0.001577
iter 8: per_iter_time_cuda = 0.051205

iter 9: cpu_time_pred = 0.021095
iter 9: gpu_time_pred = 0.023789
iter 9: slack_pred = -0.002693
iter 9: slack_cuda = -0.002535
iter 9: cpu_time_cuda = 0.021319
iter 9: gpu_time_cuda = 0.023854
iter 9: download_copy_time_cuda = 0.001509
iter 9: upload_copy_time_cuda = 0.001572
iter 9: per_iter_time_cuda = 0.050306

iter 10: cpu_time_pred = 0.020867
iter 10: gpu_time_pred = 0.023277
iter 10: slack_pred = -0.002410
iter 10: slack_cuda = -0.002202
iter 10: cpu_time_cuda = 0.021023
iter 10: gpu_time_cuda = 0.023226
iter 10: download_copy_time_cuda = 0.001498
iter 10: upload_copy_time_cuda = 0.001550
iter 10: per_iter_time_cuda = 0.049408

iter 11: cpu_time_pred = 0.020639
iter 11: gpu_time_pred = 0.022770
iter 11: slack_pred = -0.002131
iter 11: slack_cuda = -0.001400
iter 11: cpu_time_cuda = 0.020879
iter 11: gpu_time_cuda = 0.022279
iter 11: download_copy_time_cuda = 0.001490
iter 11: upload_copy_time_cuda = 0.001568
iter 11: per_iter_time_cuda = 0.048228

iter 12: cpu_time_pred = 0.020410
iter 12: gpu_time_pred = 0.022269
iter 12: slack_pred = -0.001859
iter 12: slack_cuda = -0.001764
iter 12: cpu_time_cuda = 0.020610
iter 12: gpu_time_cuda = 0.022374
iter 12: download_copy_time_cuda = 0.001483
iter 12: upload_copy_time_cuda = 0.001507
iter 12: per_iter_time_cuda = 0.048025

iter 13: cpu_time_pred = 0.020182
iter 13: gpu_time_pred = 0.021774
iter 13: slack_pred = -0.001592
iter 13: slack_cuda = -0.001593
iter 13: cpu_time_cuda = 0.020429
iter 13: gpu_time_cuda = 0.022022
iter 13: download_copy_time_cuda = 0.001473
iter 13: upload_copy_time_cuda = 0.001513
iter 13: per_iter_time_cuda = 0.047421

iter 14: cpu_time_pred = 0.019954
iter 14: gpu_time_pred = 0.021284
iter 14: slack_pred = -0.001330
iter 14: slack_cuda = -0.001271
iter 14: cpu_time_cuda = 0.020077
iter 14: gpu_time_cuda = 0.021348
iter 14: download_copy_time_cuda = 0.001460
iter 14: upload_copy_time_cuda = 0.001518
iter 14: per_iter_time_cuda = 0.046458

iter 15: cpu_time_pred = 0.019726
iter 15: gpu_time_pred = 0.020800
iter 15: slack_pred = -0.001074
iter 15: slack_cuda = -0.000371
iter 15: cpu_time_cuda = 0.019979
iter 15: gpu_time_cuda = 0.020350
iter 15: download_copy_time_cuda = 0.001418
iter 15: upload_copy_time_cuda = 0.001486
iter 15: per_iter_time_cuda = 0.045150

iter 16: cpu_time_pred = 0.019497
iter 16: gpu_time_pred = 0.020321
iter 16: slack_pred = -0.000824
iter 16: slack_cuda = -0.000760
iter 16: cpu_time_cuda = 0.019639
iter 16: gpu_time_cuda = 0.020399
iter 16: download_copy_time_cuda = 0.001427
iter 16: upload_copy_time_cuda = 0.001494
iter 16: per_iter_time_cuda = 0.044968

iter 17: cpu_time_pred = 0.019269
iter 17: gpu_time_pred = 0.019848
iter 17: slack_pred = -0.000579
iter 17: slack_cuda = -0.000679
iter 17: cpu_time_cuda = 0.019366
iter 17: gpu_time_cuda = 0.020045
iter 17: download_copy_time_cuda = 0.001402
iter 17: upload_copy_time_cuda = 0.001255
iter 17: per_iter_time_cuda = 0.043971

iter 18: cpu_time_pred = 0.019041
iter 18: gpu_time_pred = 0.019380
iter 18: slack_pred = -0.000340
iter 18: slack_cuda = -0.000214
iter 18: cpu_time_cuda = 0.019282
iter 18: gpu_time_cuda = 0.019496
iter 18: download_copy_time_cuda = 0.001191
iter 18: upload_copy_time_cuda = 0.001240
iter 18: per_iter_time_cuda = 0.043167

iter 19: cpu_time_pred = 0.018812
iter 19: gpu_time_pred = 0.018918
iter 19: slack_pred = -0.000106
iter 19: slack_cuda = 0.000301
iter 19: cpu_time_cuda = 0.019075
iter 19: gpu_time_cuda = 0.018774
iter 19: download_copy_time_cuda = 0.001183
iter 19: upload_copy_time_cuda = 0.001247
iter 19: per_iter_time_cuda = 0.042105

iter 20: cpu_time_pred = 0.018584
iter 20: gpu_time_pred = 0.018462
iter 20: slack_pred = 0.000122
iter 20: slack_cuda = 0.000158
iter 20: cpu_time_cuda = 0.018815
iter 20: gpu_time_cuda = 0.018657
iter 20: download_copy_time_cuda = 0.001168
iter 20: upload_copy_time_cuda = 0.001219
iter 20: per_iter_time_cuda = 0.041780

iter 21: cpu_time_pred = 0.018356
iter 21: gpu_time_pred = 0.018011
iter 21: slack_pred = 0.000345
iter 21: slack_cuda = 0.000303
iter 21: cpu_time_cuda = 0.018606
iter 21: gpu_time_cuda = 0.018303
iter 21: download_copy_time_cuda = 0.001151
iter 21: upload_copy_time_cuda = 0.001198
iter 21: per_iter_time_cuda = 0.041091

iter 22: cpu_time_pred = 0.018127
iter 22: gpu_time_pred = 0.017566
iter 22: slack_pred = 0.000562
iter 22: slack_cuda = 0.000627
iter 22: cpu_time_cuda = 0.018423
iter 22: gpu_time_cuda = 0.017796
iter 22: download_copy_time_cuda = 0.001134
iter 22: upload_copy_time_cuda = 0.001185
iter 22: per_iter_time_cuda = 0.040410

iter 23: cpu_time_pred = 0.017899
iter 23: gpu_time_pred = 0.017126
iter 23: slack_pred = 0.000773
iter 23: slack_cuda = 0.001458
iter 23: cpu_time_cuda = 0.018293
iter 23: gpu_time_cuda = 0.016834
iter 23: download_copy_time_cuda = 0.001121
iter 23: upload_copy_time_cuda = 0.001172
iter 23: per_iter_time_cuda = 0.039217

iter 24: cpu_time_pred = 0.017671
iter 24: gpu_time_pred = 0.016692
iter 24: slack_pred = 0.000979
iter 24: slack_cuda = 0.001050
iter 24: cpu_time_cuda = 0.017826
iter 24: gpu_time_cuda = 0.016776
iter 24: download_copy_time_cuda = 0.001097
iter 24: upload_copy_time_cuda = 0.001139
iter 24: per_iter_time_cuda = 0.038688

iter 25: cpu_time_pred = 0.017443
iter 25: gpu_time_pred = 0.016263
iter 25: slack_pred = 0.001179
iter 25: slack_cuda = 0.001388
iter 25: cpu_time_cuda = 0.017809
iter 25: gpu_time_cuda = 0.016421
iter 25: download_copy_time_cuda = 0.001093
iter 25: upload_copy_time_cuda = 0.001138
iter 25: per_iter_time_cuda = 0.038236

iter 26: cpu_time_pred = 0.017214
iter 26: gpu_time_pred = 0.015841
iter 26: slack_pred = 0.001374
iter 26: slack_cuda = 0.001485
iter 26: cpu_time_cuda = 0.017518
iter 26: gpu_time_cuda = 0.016033
iter 26: download_copy_time_cuda = 0.001085
iter 26: upload_copy_time_cuda = 0.001126
iter 26: per_iter_time_cuda = 0.037578

iter 27: cpu_time_pred = 0.016986
iter 27: gpu_time_pred = 0.015423
iter 27: slack_pred = 0.001563
iter 27: slack_cuda = 0.001968
iter 27: cpu_time_cuda = 0.017226
iter 27: gpu_time_cuda = 0.015258
iter 27: download_copy_time_cuda = 0.001078
iter 27: upload_copy_time_cuda = 0.001115
iter 27: per_iter_time_cuda = 0.036412

iter 28: cpu_time_pred = 0.016758
iter 28: gpu_time_pred = 0.015011
iter 28: slack_pred = 0.001746
iter 28: slack_cuda = 0.001945
iter 28: cpu_time_cuda = 0.017138
iter 28: gpu_time_cuda = 0.015193
iter 28: download_copy_time_cuda = 0.001052
iter 28: upload_copy_time_cuda = 0.001081
iter 28: per_iter_time_cuda = 0.036219

iter 29: cpu_time_pred = 0.016529
iter 29: gpu_time_pred = 0.014605
iter 29: slack_pred = 0.001924
iter 29: slack_cuda = 0.002222
iter 29: cpu_time_cuda = 0.017052
iter 29: gpu_time_cuda = 0.014830
iter 29: download_copy_time_cuda = 0.001044
iter 29: upload_copy_time_cuda = 0.001085
iter 29: per_iter_time_cuda = 0.035674

iter 30: cpu_time_pred = 0.016301
iter 30: gpu_time_pred = 0.014204
iter 30: slack_pred = 0.002097
iter 30: slack_cuda = 0.002185
iter 30: cpu_time_cuda = 0.016715
iter 30: gpu_time_cuda = 0.014530
iter 30: download_copy_time_cuda = 0.001021
iter 30: upload_copy_time_cuda = 0.001066
iter 30: per_iter_time_cuda = 0.035082

iter 31: cpu_time_pred = 0.016073
iter 31: gpu_time_pred = 0.013809
iter 31: slack_pred = 0.002263
iter 31: slack_cuda = 0.002778
iter 31: cpu_time_cuda = 0.016423
iter 31: gpu_time_cuda = 0.013645
iter 31: download_copy_time_cuda = 0.001014
iter 31: upload_copy_time_cuda = 0.001058
iter 31: per_iter_time_cuda = 0.033786

iter 32: cpu_time_pred = 0.015844
iter 32: gpu_time_pred = 0.013420
iter 32: slack_pred = 0.002425
iter 32: slack_cuda = 0.002897
iter 32: cpu_time_cuda = 0.016357
iter 32: gpu_time_cuda = 0.013460
iter 32: download_copy_time_cuda = 0.000991
iter 32: upload_copy_time_cuda = 0.001026
iter 32: per_iter_time_cuda = 0.033520

iter 33: cpu_time_pred = 0.015616
iter 33: gpu_time_pred = 0.013036
iter 33: slack_pred = 0.002580
iter 33: slack_cuda = 0.002881
iter 33: cpu_time_cuda = 0.016072
iter 33: gpu_time_cuda = 0.013191
iter 33: download_copy_time_cuda = 0.000982
iter 33: upload_copy_time_cuda = 0.001027
iter 33: per_iter_time_cuda = 0.032892

iter 34: cpu_time_pred = 0.015388
iter 34: gpu_time_pred = 0.012657
iter 34: slack_pred = 0.002730
iter 34: slack_cuda = 0.002903
iter 34: cpu_time_cuda = 0.015736
iter 34: gpu_time_cuda = 0.012833
iter 34: download_copy_time_cuda = 0.000983
iter 34: upload_copy_time_cuda = 0.001013
iter 34: per_iter_time_cuda = 0.032222

iter 35: cpu_time_pred = 0.015159
iter 35: gpu_time_pred = 0.012285
iter 35: slack_pred = 0.002875
iter 35: slack_cuda = 0.003218
iter 35: cpu_time_cuda = 0.015592
iter 35: gpu_time_cuda = 0.012375
iter 35: download_copy_time_cuda = 0.000961
iter 35: upload_copy_time_cuda = 0.000996
iter 35: per_iter_time_cuda = 0.031491

iter 36: cpu_time_pred = 0.014931
iter 36: gpu_time_pred = 0.011917
iter 36: slack_pred = 0.003014
iter 36: slack_cuda = 0.003158
iter 36: cpu_time_cuda = 0.015330
iter 36: gpu_time_cuda = 0.012171
iter 36: download_copy_time_cuda = 0.000941
iter 36: upload_copy_time_cuda = 0.000971
iter 36: per_iter_time_cuda = 0.030994

iter 37: cpu_time_pred = 0.014703
iter 37: gpu_time_pred = 0.011556
iter 37: slack_pred = 0.003147
iter 37: slack_cuda = 0.003296
iter 37: cpu_time_cuda = 0.015118
iter 37: gpu_time_cuda = 0.011822
iter 37: download_copy_time_cuda = 0.000938
iter 37: upload_copy_time_cuda = 0.000966
iter 37: per_iter_time_cuda = 0.030379

iter 38: cpu_time_pred = 0.014475
iter 38: gpu_time_pred = 0.011200
iter 38: slack_pred = 0.003275
iter 38: slack_cuda = 0.003500
iter 38: cpu_time_cuda = 0.014955
iter 38: gpu_time_cuda = 0.011454
iter 38: download_copy_time_cuda = 0.000924
iter 38: upload_copy_time_cuda = 0.000953
iter 38: per_iter_time_cuda = 0.029852

iter 39: cpu_time_pred = 0.014246
iter 39: gpu_time_pred = 0.010849
iter 39: slack_pred = 0.003397
iter 39: slack_cuda = 0.003812
iter 39: cpu_time_cuda = 0.014746
iter 39: gpu_time_cuda = 0.010934
iter 39: download_copy_time_cuda = 0.000912
iter 39: upload_copy_time_cuda = 0.000941
iter 39: per_iter_time_cuda = 0.029020

iter 40: cpu_time_pred = 0.014018
iter 40: gpu_time_pred = 0.010504
iter 40: slack_pred = 0.003514
iter 40: slack_cuda = 0.003644
iter 40: cpu_time_cuda = 0.014450
iter 40: gpu_time_cuda = 0.010806
iter 40: download_copy_time_cuda = 0.000893
iter 40: upload_copy_time_cuda = 0.000911
iter 40: per_iter_time_cuda = 0.028601

iter 41: cpu_time_pred = 0.013790
iter 41: gpu_time_pred = 0.010165
iter 41: slack_pred = 0.003625
iter 41: slack_cuda = 0.003874
iter 41: cpu_time_cuda = 0.014230
iter 41: gpu_time_cuda = 0.010357
iter 41: download_copy_time_cuda = 0.000881
iter 41: upload_copy_time_cuda = 0.000909
iter 41: per_iter_time_cuda = 0.027836

iter 42: cpu_time_pred = 0.013561
iter 42: gpu_time_pred = 0.009831
iter 42: slack_pred = 0.003730
iter 42: slack_cuda = 0.003999
iter 42: cpu_time_cuda = 0.014029
iter 42: gpu_time_cuda = 0.010031
iter 42: download_copy_time_cuda = 0.000872
iter 42: upload_copy_time_cuda = 0.000893
iter 42: per_iter_time_cuda = 0.027346

iter 43: cpu_time_pred = 0.013333
iter 43: gpu_time_pred = 0.009503
iter 43: slack_pred = 0.003830
iter 43: slack_cuda = 0.004265
iter 43: cpu_time_cuda = 0.013855
iter 43: gpu_time_cuda = 0.009590
iter 43: download_copy_time_cuda = 0.000855
iter 43: upload_copy_time_cuda = 0.000880
iter 43: per_iter_time_cuda = 0.026582

iter 44: cpu_time_pred = 0.013105
iter 44: gpu_time_pred = 0.009180
iter 44: slack_pred = 0.003925
iter 44: slack_cuda = 0.004052
iter 44: cpu_time_cuda = 0.013538
iter 44: gpu_time_cuda = 0.009486
iter 44: download_copy_time_cuda = 0.000830
iter 44: upload_copy_time_cuda = 0.000858
iter 44: per_iter_time_cuda = 0.026178

iter 45: cpu_time_pred = 0.012876
iter 45: gpu_time_pred = 0.008863
iter 45: slack_pred = 0.004013
iter 45: slack_cuda = 0.004190
iter 45: cpu_time_cuda = 0.013349
iter 45: gpu_time_cuda = 0.009160
iter 45: download_copy_time_cuda = 0.000832
iter 45: upload_copy_time_cuda = 0.000851
iter 45: per_iter_time_cuda = 0.025570

iter 46: cpu_time_pred = 0.012648
iter 46: gpu_time_pred = 0.008552
iter 46: slack_pred = 0.004097
iter 46: slack_cuda = 0.004299
iter 46: cpu_time_cuda = 0.013147
iter 46: gpu_time_cuda = 0.008848
iter 46: download_copy_time_cuda = 0.000816
iter 46: upload_copy_time_cuda = 0.000836
iter 46: per_iter_time_cuda = 0.025056

iter 47: cpu_time_pred = 0.012420
iter 47: gpu_time_pred = 0.008246
iter 47: slack_pred = 0.004174
iter 47: slack_cuda = 0.004612
iter 47: cpu_time_cuda = 0.012964
iter 47: gpu_time_cuda = 0.008351
iter 47: download_copy_time_cuda = 0.000799
iter 47: upload_copy_time_cuda = 0.000820
iter 47: per_iter_time_cuda = 0.024258

iter 48: cpu_time_pred = 0.012191
iter 48: gpu_time_pred = 0.007945
iter 48: slack_pred = 0.004246
iter 48: slack_cuda = 0.004485
iter 48: cpu_time_cuda = 0.012700
iter 48: gpu_time_cuda = 0.008215
iter 48: download_copy_time_cuda = 0.000783
iter 48: upload_copy_time_cuda = 0.000799
iter 48: per_iter_time_cuda = 0.023887

iter 49: cpu_time_pred = 0.011963
iter 49: gpu_time_pred = 0.007650
iter 49: slack_pred = 0.004313
iter 49: slack_cuda = 0.004460
iter 49: cpu_time_cuda = 0.012407
iter 49: gpu_time_cuda = 0.007947
iter 49: download_copy_time_cuda = 0.000772
iter 49: upload_copy_time_cuda = 0.000803
iter 49: per_iter_time_cuda = 0.023252

iter 50: cpu_time_pred = 0.011735
iter 50: gpu_time_pred = 0.007361
iter 50: slack_pred = 0.004374
iter 50: slack_cuda = 0.004713
iter 50: cpu_time_cuda = 0.012297
iter 50: gpu_time_cuda = 0.007584
iter 50: download_copy_time_cuda = 0.000757
iter 50: upload_copy_time_cuda = 0.000781
iter 50: per_iter_time_cuda = 0.022769

iter 51: cpu_time_pred = 0.011507
iter 51: gpu_time_pred = 0.007078
iter 51: slack_pred = 0.004429
iter 51: slack_cuda = 0.004780
iter 51: cpu_time_cuda = 0.011991
iter 51: gpu_time_cuda = 0.007210
iter 51: download_copy_time_cuda = 0.000739
iter 51: upload_copy_time_cuda = 0.000767
iter 51: per_iter_time_cuda = 0.021975

iter 52: cpu_time_pred = 0.011278
iter 52: gpu_time_pred = 0.006800
iter 52: slack_pred = 0.004479
iter 52: slack_cuda = 0.004790
iter 52: cpu_time_cuda = 0.011854
iter 52: gpu_time_cuda = 0.007063
iter 52: download_copy_time_cuda = 0.000728
iter 52: upload_copy_time_cuda = 0.000742
iter 52: per_iter_time_cuda = 0.021685

iter 53: cpu_time_pred = 0.011050
iter 53: gpu_time_pred = 0.006527
iter 53: slack_pred = 0.004523
iter 53: slack_cuda = 0.004758
iter 53: cpu_time_cuda = 0.011579
iter 53: gpu_time_cuda = 0.006821
iter 53: download_copy_time_cuda = 0.000725
iter 53: upload_copy_time_cuda = 0.000735
iter 53: per_iter_time_cuda = 0.021091

iter 54: cpu_time_pred = 0.010822
iter 54: gpu_time_pred = 0.006260
iter 54: slack_pred = 0.004562
iter 54: slack_cuda = 0.004619
iter 54: cpu_time_cuda = 0.011261
iter 54: gpu_time_cuda = 0.006642
iter 54: download_copy_time_cuda = 0.000704
iter 54: upload_copy_time_cuda = 0.000723
iter 54: per_iter_time_cuda = 0.020586

iter 55: cpu_time_pred = 0.010593
iter 55: gpu_time_pred = 0.005999
iter 55: slack_pred = 0.004595
iter 55: slack_cuda = 0.004979
iter 55: cpu_time_cuda = 0.011135
iter 55: gpu_time_cuda = 0.006156
iter 55: download_copy_time_cuda = 0.000714
iter 55: upload_copy_time_cuda = 0.000707
iter 55: per_iter_time_cuda = 0.019891

iter 56: cpu_time_pred = 0.010365
iter 56: gpu_time_pred = 0.005743
iter 56: slack_pred = 0.004622
iter 56: slack_cuda = 0.004912
iter 56: cpu_time_cuda = 0.010865
iter 56: gpu_time_cuda = 0.005953
iter 56: download_copy_time_cuda = 0.000671
iter 56: upload_copy_time_cuda = 0.000682
iter 56: per_iter_time_cuda = 0.019381

iter 57: cpu_time_pred = 0.010137
iter 57: gpu_time_pred = 0.005493
iter 57: slack_pred = 0.004644
iter 57: slack_cuda = 0.004935
iter 57: cpu_time_cuda = 0.010673
iter 57: gpu_time_cuda = 0.005738
iter 57: download_copy_time_cuda = 0.000661
iter 57: upload_copy_time_cuda = 0.000678
iter 57: per_iter_time_cuda = 0.018925

iter 58: cpu_time_pred = 0.009908
iter 58: gpu_time_pred = 0.005248
iter 58: slack_pred = 0.004660
iter 58: slack_cuda = 0.004884
iter 58: cpu_time_cuda = 0.010460
iter 58: gpu_time_cuda = 0.005576
iter 58: download_copy_time_cuda = 0.000644
iter 58: upload_copy_time_cuda = 0.000665
iter 58: per_iter_time_cuda = 0.018542

iter 59: cpu_time_pred = 0.009680
iter 59: gpu_time_pred = 0.005009
iter 59: slack_pred = 0.004671
iter 59: slack_cuda = 0.004891
iter 59: cpu_time_cuda = 0.010144
iter 59: gpu_time_cuda = 0.005254
iter 59: download_copy_time_cuda = 0.000635
iter 59: upload_copy_time_cuda = 0.000652
iter 59: per_iter_time_cuda = 0.017814

iter 60: cpu_time_pred = 0.009452
iter 60: gpu_time_pred = 0.004776
iter 60: slack_pred = 0.004676
iter 60: slack_cuda = 0.004929
iter 60: cpu_time_cuda = 0.009976
iter 60: gpu_time_cuda = 0.005047
iter 60: download_copy_time_cuda = 0.000617
iter 60: upload_copy_time_cuda = 0.000627
iter 60: per_iter_time_cuda = 0.017420

iter 61: cpu_time_pred = 0.009224
iter 61: gpu_time_pred = 0.004548
iter 61: slack_pred = 0.004676
iter 61: slack_cuda = 0.004912
iter 61: cpu_time_cuda = 0.009741
iter 61: gpu_time_cuda = 0.004829
iter 61: download_copy_time_cuda = 0.000609
iter 61: upload_copy_time_cuda = 0.000619
iter 61: per_iter_time_cuda = 0.016880

iter 62: cpu_time_pred = 0.008995
iter 62: gpu_time_pred = 0.004325
iter 62: slack_pred = 0.004670
iter 62: slack_cuda = 0.004869
iter 62: cpu_time_cuda = 0.009541
iter 62: gpu_time_cuda = 0.004672
iter 62: download_copy_time_cuda = 0.000597
iter 62: upload_copy_time_cuda = 0.000604
iter 62: per_iter_time_cuda = 0.016526

iter 63: cpu_time_pred = 0.008767
iter 63: gpu_time_pred = 0.004109
iter 63: slack_pred = 0.004658
iter 63: slack_cuda = 0.004923
iter 63: cpu_time_cuda = 0.009236
iter 63: gpu_time_cuda = 0.004313
iter 63: download_copy_time_cuda = 0.000586
iter 63: upload_copy_time_cuda = 0.000594
iter 63: per_iter_time_cuda = 0.015760

iter 64: cpu_time_pred = 0.008539
iter 64: gpu_time_pred = 0.003897
iter 64: slack_pred = 0.004641
iter 64: slack_cuda = 0.004887
iter 64: cpu_time_cuda = 0.009005
iter 64: gpu_time_cuda = 0.004118
iter 64: download_copy_time_cuda = 0.000563
iter 64: upload_copy_time_cuda = 0.000570
iter 64: per_iter_time_cuda = 0.015303

iter 65: cpu_time_pred = 0.008310
iter 65: gpu_time_pred = 0.003692
iter 65: slack_pred = 0.004619
iter 65: slack_cuda = 0.004862
iter 65: cpu_time_cuda = 0.008830
iter 65: gpu_time_cuda = 0.003969
iter 65: download_copy_time_cuda = 0.000571
iter 65: upload_copy_time_cuda = 0.000565
iter 65: per_iter_time_cuda = 0.014944

iter 66: cpu_time_pred = 0.008082
iter 66: gpu_time_pred = 0.003492
iter 66: slack_pred = 0.004590
iter 66: slack_cuda = 0.004745
iter 66: cpu_time_cuda = 0.008478
iter 66: gpu_time_cuda = 0.003733
iter 66: download_copy_time_cuda = 0.000537
iter 66: upload_copy_time_cuda = 0.000553
iter 66: per_iter_time_cuda = 0.014335

iter 67: cpu_time_pred = 0.007854
iter 67: gpu_time_pred = 0.003297
iter 67: slack_pred = 0.004557
iter 67: slack_cuda = 0.004820
iter 67: cpu_time_cuda = 0.008352
iter 67: gpu_time_cuda = 0.003532
iter 67: download_copy_time_cuda = 0.000523
iter 67: upload_copy_time_cuda = 0.000536
iter 67: per_iter_time_cuda = 0.013896

iter 68: cpu_time_pred = 0.007625
iter 68: gpu_time_pred = 0.003108
iter 68: slack_pred = 0.004517
iter 68: slack_cuda = 0.004693
iter 68: cpu_time_cuda = 0.008129
iter 68: gpu_time_cuda = 0.003436
iter 68: download_copy_time_cuda = 0.000519
iter 68: upload_copy_time_cuda = 0.000512
iter 68: per_iter_time_cuda = 0.013588

iter 69: cpu_time_pred = 0.007397
iter 69: gpu_time_pred = 0.002925
iter 69: slack_pred = 0.004472
iter 69: slack_cuda = 0.004797
iter 69: cpu_time_cuda = 0.007997
iter 69: gpu_time_cuda = 0.003200
iter 69: download_copy_time_cuda = 0.000506
iter 69: upload_copy_time_cuda = 0.000508
iter 69: per_iter_time_cuda = 0.013130

iter 70: cpu_time_pred = 0.007169
iter 70: gpu_time_pred = 0.002747
iter 70: slack_pred = 0.004422
iter 70: slack_cuda = 0.004718
iter 70: cpu_time_cuda = 0.007737
iter 70: gpu_time_cuda = 0.003018
iter 70: download_copy_time_cuda = 0.000495
iter 70: upload_copy_time_cuda = 0.000491
iter 70: per_iter_time_cuda = 0.012674

iter 71: cpu_time_pred = 0.006940
iter 71: gpu_time_pred = 0.002575
iter 71: slack_pred = 0.004365
iter 71: slack_cuda = 0.004532
iter 71: cpu_time_cuda = 0.007452
iter 71: gpu_time_cuda = 0.002920
iter 71: download_copy_time_cuda = 0.000471
iter 71: upload_copy_time_cuda = 0.000478
iter 71: per_iter_time_cuda = 0.012198

iter 72: cpu_time_pred = 0.006712
iter 72: gpu_time_pred = 0.002408
iter 72: slack_pred = 0.004304
iter 72: slack_cuda = 0.004516
iter 72: cpu_time_cuda = 0.007202
iter 72: gpu_time_cuda = 0.002686
iter 72: download_copy_time_cuda = 0.000456
iter 72: upload_copy_time_cuda = 0.000457
iter 72: per_iter_time_cuda = 0.011694

iter 73: cpu_time_pred = 0.006484
iter 73: gpu_time_pred = 0.002247
iter 73: slack_pred = 0.004237
iter 73: slack_cuda = 0.004495
iter 73: cpu_time_cuda = 0.006999
iter 73: gpu_time_cuda = 0.002504
iter 73: download_copy_time_cuda = 0.000444
iter 73: upload_copy_time_cuda = 0.000452
iter 73: per_iter_time_cuda = 0.011234

iter 74: cpu_time_pred = 0.006256
iter 74: gpu_time_pred = 0.002092
iter 74: slack_pred = 0.004164
iter 74: slack_cuda = 0.004502
iter 74: cpu_time_cuda = 0.006857
iter 74: gpu_time_cuda = 0.002355
iter 74: download_copy_time_cuda = 0.000431
iter 74: upload_copy_time_cuda = 0.000438
iter 74: per_iter_time_cuda = 0.010953

iter 75: cpu_time_pred = 0.006027
iter 75: gpu_time_pred = 0.001942
iter 75: slack_pred = 0.004085
iter 75: slack_cuda = 0.004208
iter 75: cpu_time_cuda = 0.006396
iter 75: gpu_time_cuda = 0.002188
iter 75: download_copy_time_cuda = 0.000421
iter 75: upload_copy_time_cuda = 0.000439
iter 75: per_iter_time_cuda = 0.010273

iter 76: cpu_time_pred = 0.005799
iter 76: gpu_time_pred = 0.001798
iter 76: slack_pred = 0.004001
iter 76: slack_cuda = 0.004227
iter 76: cpu_time_cuda = 0.006330
iter 76: gpu_time_cuda = 0.002103
iter 76: download_copy_time_cuda = 0.000417
iter 76: upload_copy_time_cuda = 0.000429
iter 76: per_iter_time_cuda = 0.010135

iter 77: cpu_time_pred = 0.005571
iter 77: gpu_time_pred = 0.001659
iter 77: slack_pred = 0.003912
iter 77: slack_cuda = 0.004145
iter 77: cpu_time_cuda = 0.006066
iter 77: gpu_time_cuda = 0.001921
iter 77: download_copy_time_cuda = 0.000414
iter 77: upload_copy_time_cuda = 0.000448
iter 77: per_iter_time_cuda = 0.009626

iter 78: cpu_time_pred = 0.005342
iter 78: gpu_time_pred = 0.001526
iter 78: slack_pred = 0.003817
iter 78: slack_cuda = 0.004125
iter 78: cpu_time_cuda = 0.005907
iter 78: gpu_time_cuda = 0.001781
iter 78: download_copy_time_cuda = 0.000386
iter 78: upload_copy_time_cuda = 0.000433
iter 78: per_iter_time_cuda = 0.009287

iter 79: cpu_time_pred = 0.005114
iter 79: gpu_time_pred = 0.001398
iter 79: slack_pred = 0.003716
iter 79: slack_cuda = 0.003928
iter 79: cpu_time_cuda = 0.005618
iter 79: gpu_time_cuda = 0.001690
iter 79: download_copy_time_cuda = 0.000352
iter 79: upload_copy_time_cuda = 0.000444
iter 79: per_iter_time_cuda = 0.008840

iter 80: cpu_time_pred = 0.004886
iter 80: gpu_time_pred = 0.001276
iter 80: slack_pred = 0.003610
iter 80: slack_cuda = 0.003946
iter 80: cpu_time_cuda = 0.005480
iter 80: gpu_time_cuda = 0.001535
iter 80: download_copy_time_cuda = 0.000356
iter 80: upload_copy_time_cuda = 0.000428
iter 80: per_iter_time_cuda = 0.008556

iter 81: cpu_time_pred = 0.004657
iter 81: gpu_time_pred = 0.001160
iter 81: slack_pred = 0.003498
iter 81: slack_cuda = 0.003740
iter 81: cpu_time_cuda = 0.005179
iter 81: gpu_time_cuda = 0.001439
iter 81: download_copy_time_cuda = 0.000332
iter 81: upload_copy_time_cuda = 0.000421
iter 81: per_iter_time_cuda = 0.008077

iter 82: cpu_time_pred = 0.004429
iter 82: gpu_time_pred = 0.001049
iter 82: slack_pred = 0.003380
iter 82: slack_cuda = 0.003597
iter 82: cpu_time_cuda = 0.004914
iter 82: gpu_time_cuda = 0.001317
iter 82: download_copy_time_cuda = 0.000311
iter 82: upload_copy_time_cuda = 0.000428
iter 82: per_iter_time_cuda = 0.007699

iter 83: cpu_time_pred = 0.004201
iter 83: gpu_time_pred = 0.000943
iter 83: slack_pred = 0.003257
iter 83: slack_cuda = 0.003535
iter 83: cpu_time_cuda = 0.004705
iter 83: gpu_time_cuda = 0.001170
iter 83: download_copy_time_cuda = 0.000292
iter 83: upload_copy_time_cuda = 0.000431
iter 83: per_iter_time_cuda = 0.007288

iter 84: cpu_time_pred = 0.003973
iter 84: gpu_time_pred = 0.000844
iter 84: slack_pred = 0.003129
iter 84: slack_cuda = 0.003398
iter 84: cpu_time_cuda = 0.004482
iter 84: gpu_time_cuda = 0.001084
iter 84: download_copy_time_cuda = 0.000276
iter 84: upload_copy_time_cuda = 0.000409
iter 84: per_iter_time_cuda = 0.006930

iter 85: cpu_time_pred = 0.003744
iter 85: gpu_time_pred = 0.000749
iter 85: slack_pred = 0.002995
iter 85: slack_cuda = 0.003242
iter 85: cpu_time_cuda = 0.004265
iter 85: gpu_time_cuda = 0.001023
iter 85: download_copy_time_cuda = 0.000263
iter 85: upload_copy_time_cuda = 0.000415
iter 85: per_iter_time_cuda = 0.006577

iter 86: cpu_time_pred = 0.003516
iter 86: gpu_time_pred = 0.000661
iter 86: slack_pred = 0.002855
iter 86: slack_cuda = 0.003138
iter 86: cpu_time_cuda = 0.004022
iter 86: gpu_time_cuda = 0.000884
iter 86: download_copy_time_cuda = 0.000256
iter 86: upload_copy_time_cuda = 0.000412
iter 86: per_iter_time_cuda = 0.006183

iter 87: cpu_time_pred = 0.003288
iter 87: gpu_time_pred = 0.000578
iter 87: slack_pred = 0.002710
iter 87: slack_cuda = 0.002969
iter 87: cpu_time_cuda = 0.003798
iter 87: gpu_time_cuda = 0.000829
iter 87: download_copy_time_cuda = 0.000238
iter 87: upload_copy_time_cuda = 0.000411
iter 87: per_iter_time_cuda = 0.005856

iter 88: cpu_time_pred = 0.003059
iter 88: gpu_time_pred = 0.000500
iter 88: slack_pred = 0.002559
iter 88: slack_cuda = 0.002844
iter 88: cpu_time_cuda = 0.003544
iter 88: gpu_time_cuda = 0.000701
iter 88: download_copy_time_cuda = 0.000221
iter 88: upload_copy_time_cuda = 0.000413
iter 88: per_iter_time_cuda = 0.005457

iter 89: cpu_time_pred = 0.002831
iter 89: gpu_time_pred = 0.000428
iter 89: slack_pred = 0.002403
iter 89: slack_cuda = 0.002631
iter 89: cpu_time_cuda = 0.003255
iter 89: gpu_time_cuda = 0.000624
iter 89: download_copy_time_cuda = 0.000211
iter 89: upload_copy_time_cuda = 0.000408
iter 89: per_iter_time_cuda = 0.005037

iter 90: cpu_time_pred = 0.002603
iter 90: gpu_time_pred = 0.000362
iter 90: slack_pred = 0.002241
iter 90: slack_cuda = 0.002538
iter 90: cpu_time_cuda = 0.003106
iter 90: gpu_time_cuda = 0.000568
iter 90: download_copy_time_cuda = 0.000204
iter 90: upload_copy_time_cuda = 0.000416
iter 90: per_iter_time_cuda = 0.004846

iter 91: cpu_time_pred = 0.002374
iter 91: gpu_time_pred = 0.000301
iter 91: slack_pred = 0.002073
iter 91: slack_cuda = 0.002390
iter 91: cpu_time_cuda = 0.002841
iter 91: gpu_time_cuda = 0.000451
iter 91: download_copy_time_cuda = 0.000189
iter 91: upload_copy_time_cuda = 0.000403
iter 91: per_iter_time_cuda = 0.004390

iter 92: cpu_time_pred = 0.002146
iter 92: gpu_time_pred = 0.000246
iter 92: slack_pred = 0.001900
iter 92: slack_cuda = 0.002217
iter 92: cpu_time_cuda = 0.002632
iter 92: gpu_time_cuda = 0.000415
iter 92: download_copy_time_cuda = 0.000171
iter 92: upload_copy_time_cuda = 0.000404
iter 92: per_iter_time_cuda = 0.004149

iter 93: cpu_time_pred = 0.001918
iter 93: gpu_time_pred = 0.000197
iter 93: slack_pred = 0.001721
iter 93: slack_cuda = 0.002052
iter 93: cpu_time_cuda = 0.002421
iter 93: gpu_time_cuda = 0.000368
iter 93: download_copy_time_cuda = 0.000159
iter 93: upload_copy_time_cuda = 0.000387
iter 93: per_iter_time_cuda = 0.003827

iter 94: cpu_time_pred = 0.001689
iter 94: gpu_time_pred = 0.000153
iter 94: slack_pred = 0.001537
iter 94: slack_cuda = 0.002081
iter 94: cpu_time_cuda = 0.002396
iter 94: gpu_time_cuda = 0.000315
iter 94: download_copy_time_cuda = 0.000149
iter 94: upload_copy_time_cuda = 0.000393
iter 94: per_iter_time_cuda = 0.003691

iter 95: cpu_time_pred = 0.001461
iter 95: gpu_time_pred = 0.000114
iter 95: slack_pred = 0.001347
iter 95: slack_cuda = 0.001805
iter 95: cpu_time_cuda = 0.002037
iter 95: gpu_time_cuda = 0.000231
iter 95: download_copy_time_cuda = 0.000140
iter 95: upload_copy_time_cuda = 0.000388
iter 95: per_iter_time_cuda = 0.003216

iter 96: cpu_time_pred = 0.001233
iter 96: gpu_time_pred = 0.000081
iter 96: slack_pred = 0.001152
iter 96: slack_cuda = 0.001380
iter 96: cpu_time_cuda = 0.001561
iter 96: gpu_time_cuda = 0.000181
iter 96: download_copy_time_cuda = 0.000138
iter 96: upload_copy_time_cuda = 0.000388
iter 96: per_iter_time_cuda = 0.002703

iter 97: cpu_time_pred = 0.001005
iter 97: gpu_time_pred = 0.000054
iter 97: slack_pred = 0.000951
iter 97: slack_cuda = 0.001221
iter 97: cpu_time_cuda = 0.001355
iter 97: gpu_time_cuda = 0.000134
iter 97: download_copy_time_cuda = 0.000125
iter 97: upload_copy_time_cuda = 0.000382
iter 97: per_iter_time_cuda = 0.002401

iter 98: cpu_time_pred = 0.000776
iter 98: gpu_time_pred = 0.000032
iter 98: slack_pred = 0.000744
iter 98: slack_cuda = 0.001041
iter 98: cpu_time_cuda = 0.001140
iter 98: gpu_time_cuda = 0.000098
iter 98: download_copy_time_cuda = 0.000123
iter 98: upload_copy_time_cuda = 0.000382
iter 98: per_iter_time_cuda = 0.002128

iter 99: cpu_time_pred = 0.000548
iter 99: gpu_time_pred = 0.000016
iter 99: slack_pred = 0.000532
iter 99: slack_cuda = 0.000876
iter 99: cpu_time_cuda = 0.000945
iter 99: gpu_time_cuda = 0.000069
iter 99: download_copy_time_cuda = 0.000109
iter 99: upload_copy_time_cuda = 0.000380
iter 99: per_iter_time_cuda = 0.001873

iter 100: cpu_time_pred = 0.000320
iter 100: gpu_time_pred = 0.000005
iter 100: slack_pred = 0.000314
iter 100: slack_cuda = 0.000658
iter 100: cpu_time_cuda = 0.000727
iter 100: gpu_time_cuda = 0.000069
iter 100: download_copy_time_cuda = 0.000107
iter 100: upload_copy_time_cuda = 0.000375
iter 100: per_iter_time_cuda = 0.001649

iter 101: cpu_time_pred = 0.000091
iter 101: gpu_time_pred = 0.000000
iter 101: slack_pred = 0.000091
iter 101: slack_cuda = 0.000452
iter 101: cpu_time_cuda = 0.000507
iter 101: gpu_time_cuda = 0.000056
iter 101: download_copy_time_cuda = 0.000095
iter 101: upload_copy_time_cuda = 0.000380
iter 101: per_iter_time_cuda = 0.001381

total_cpu_time_cuda = 1.204597
total_gpu_time_cuda = 0.969643
total_copy_time_cuda = 0.165536
main_loop_time_cuda = 2.477827
Normalized difference of predicted CPU runtime per iteration is: -7.726684%
Normalized difference of predicted GPU runtime per iteration is: -11.953295%
Normalized difference of predicted slack per iteration is: -5.843818%
10240 10240     ---   (  ---  )    258.02 (   2.77)     ---   
total_time = 5.702348
5.00user 1.00system 0:07.16elapsed 83%CPU (0avgtext+0avgdata 972912maxresident)k
3920inputs+0outputs (1major+225539minor)pagefaults 0swaps
send out message: 22 3 log
