send out message: 24 37 /home/lchen/MAGMA/magma-1.6.1/results
send out message: 20 26 MAGMA_LU_GPUDVFS.total.pwr
MAGMA 1.6.1  compiled for CUDA capability >= 3.0
CUDA runtime 5000, driver 6050. MAGMA not compiled with OpenMP. 
ndevices 1
device 0: Tesla K20c, 705.5 MHz clock, 4799.6 MB memory, capability 3.5
Usage: /home/lchen/MAGMA/magma-1.6.1/testing/testing_dgetrf [options] [-h|--help]

ngpu 1
    M     N   CPU GFlop/s (sec)   GPU GFlop/s (sec)   |PA-LU|/(N*|A|)
=========================================================================
init_time = 3.298218
iter 0: slack_cuda = 0.000000
iter 0: cpu_time_cuda = 0.000000
iter 0: gpu_time_cuda = 0.000000
iter 0: download_copy_time_cuda = 0.000000
iter 0: upload_copy_time_cuda = 0.001514
iter 0: per_iter_time_cuda = 0.002275

iter 1: slack_cuda = -0.001532
iter 1: cpu_time_cuda = 0.029797
iter 1: gpu_time_cuda = 0.031330
iter 1: download_copy_time_cuda = 0.001421
iter 1: upload_copy_time_cuda = 0.001494
iter 1: per_iter_time_cuda = 0.064766

iter 2: slack_cuda = -0.001321
iter 2: cpu_time_cuda = 0.029393
iter 2: gpu_time_cuda = 0.030715
iter 2: download_copy_time_cuda = 0.001392
iter 2: upload_copy_time_cuda = 0.001478
iter 2: per_iter_time_cuda = 0.063738

iter 3: slack_cuda = -0.000242
iter 3: cpu_time_cuda = 0.029253
iter 3: gpu_time_cuda = 0.029496
iter 3: download_copy_time_cuda = 0.001373
iter 3: upload_copy_time_cuda = 0.001462
iter 3: per_iter_time_cuda = 0.062279

iter 4: slack_cuda = -0.000693
iter 4: cpu_time_cuda = 0.028936
iter 4: gpu_time_cuda = 0.029629
iter 4: download_copy_time_cuda = 0.001356
iter 4: upload_copy_time_cuda = 0.001432
iter 4: per_iter_time_cuda = 0.062108

iter 5: slack_cuda = -0.000224
iter 5: cpu_time_cuda = 0.028765
iter 5: gpu_time_cuda = 0.028989
iter 5: download_copy_time_cuda = 0.001345
iter 5: upload_copy_time_cuda = 0.001433
iter 5: per_iter_time_cuda = 0.061232

iter 6: slack_cuda = -0.000205
iter 6: cpu_time_cuda = 0.028217
iter 6: gpu_time_cuda = 0.028422
iter 6: download_copy_time_cuda = 0.001331
iter 6: upload_copy_time_cuda = 0.001420
iter 6: per_iter_time_cuda = 0.060159

iter 7: slack_cuda = 0.000548
iter 7: cpu_time_cuda = 0.028005
iter 7: gpu_time_cuda = 0.027458
iter 7: download_copy_time_cuda = 0.001321
iter 7: upload_copy_time_cuda = 0.001405
iter 7: per_iter_time_cuda = 0.058883

iter 8: slack_cuda = 0.000278
iter 8: cpu_time_cuda = 0.027700
iter 8: gpu_time_cuda = 0.027422
iter 8: download_copy_time_cuda = 0.001316
iter 8: upload_copy_time_cuda = 0.001374
iter 8: per_iter_time_cuda = 0.058569

iter 9: slack_cuda = 0.000827
iter 9: cpu_time_cuda = 0.027456
iter 9: gpu_time_cuda = 0.026629
iter 9: download_copy_time_cuda = 0.001293
iter 9: upload_copy_time_cuda = 0.001377
iter 9: per_iter_time_cuda = 0.057443

iter 10: slack_cuda = 0.001202
iter 10: cpu_time_cuda = 0.027219
iter 10: gpu_time_cuda = 0.026017
iter 10: download_copy_time_cuda = 0.001280
iter 10: upload_copy_time_cuda = 0.001361
iter 10: per_iter_time_cuda = 0.056615

iter 11: slack_cuda = 0.001525
iter 11: cpu_time_cuda = 0.026844
iter 11: gpu_time_cuda = 0.025319
iter 11: download_copy_time_cuda = 0.001268
iter 11: upload_copy_time_cuda = 0.001348
iter 11: per_iter_time_cuda = 0.055451

iter 12: slack_cuda = 0.001442
iter 12: cpu_time_cuda = 0.026597
iter 12: gpu_time_cuda = 0.025156
iter 12: download_copy_time_cuda = 0.001248
iter 12: upload_copy_time_cuda = 0.001316
iter 12: per_iter_time_cuda = 0.055047

iter 13: slack_cuda = 0.001701
iter 13: cpu_time_cuda = 0.026352
iter 13: gpu_time_cuda = 0.024651
iter 13: download_copy_time_cuda = 0.001239
iter 13: upload_copy_time_cuda = 0.001335
iter 13: per_iter_time_cuda = 0.054230

iter 14: slack_cuda = 0.002233
iter 14: cpu_time_cuda = 0.026292
iter 14: gpu_time_cuda = 0.024059
iter 14: download_copy_time_cuda = 0.001232
iter 14: upload_copy_time_cuda = 0.001313
iter 14: per_iter_time_cuda = 0.053600

iter 15: slack_cuda = 0.003014
iter 15: cpu_time_cuda = 0.025918
iter 15: gpu_time_cuda = 0.022904
iter 15: download_copy_time_cuda = 0.001218
iter 15: upload_copy_time_cuda = 0.001294
iter 15: per_iter_time_cuda = 0.051976

iter 16: slack_cuda = 0.002765
iter 16: cpu_time_cuda = 0.025678
iter 16: gpu_time_cuda = 0.022913
iter 16: download_copy_time_cuda = 0.001196
iter 16: upload_copy_time_cuda = 0.001264
iter 16: per_iter_time_cuda = 0.051736

iter 17: slack_cuda = 0.002936
iter 17: cpu_time_cuda = 0.025363
iter 17: gpu_time_cuda = 0.022427
iter 17: download_copy_time_cuda = 0.001184
iter 17: upload_copy_time_cuda = 0.001267
iter 17: per_iter_time_cuda = 0.050869

iter 18: slack_cuda = 0.003135
iter 18: cpu_time_cuda = 0.025062
iter 18: gpu_time_cuda = 0.021927
iter 18: download_copy_time_cuda = 0.001177
iter 18: upload_copy_time_cuda = 0.001254
iter 18: per_iter_time_cuda = 0.050109

iter 19: slack_cuda = 0.003718
iter 19: cpu_time_cuda = 0.024810
iter 19: gpu_time_cuda = 0.021092
iter 19: download_copy_time_cuda = 0.001161
iter 19: upload_copy_time_cuda = 0.001241
iter 19: per_iter_time_cuda = 0.048937

iter 20: slack_cuda = 0.003287
iter 20: cpu_time_cuda = 0.024361
iter 20: gpu_time_cuda = 0.021074
iter 20: download_copy_time_cuda = 0.001144
iter 20: upload_copy_time_cuda = 0.001210
iter 20: per_iter_time_cuda = 0.048459

iter 21: slack_cuda = 0.003625
iter 21: cpu_time_cuda = 0.024251
iter 21: gpu_time_cuda = 0.020627
iter 21: download_copy_time_cuda = 0.001133
iter 21: upload_copy_time_cuda = 0.001207
iter 21: per_iter_time_cuda = 0.047841

iter 22: slack_cuda = 0.003828
iter 22: cpu_time_cuda = 0.023922
iter 22: gpu_time_cuda = 0.020094
iter 22: download_copy_time_cuda = 0.001120
iter 22: upload_copy_time_cuda = 0.001201
iter 22: per_iter_time_cuda = 0.047004

iter 23: slack_cuda = 0.004418
iter 23: cpu_time_cuda = 0.023646
iter 23: gpu_time_cuda = 0.019227
iter 23: download_copy_time_cuda = 0.001109
iter 23: upload_copy_time_cuda = 0.001180
iter 23: per_iter_time_cuda = 0.045770

iter 24: slack_cuda = 0.004231
iter 24: cpu_time_cuda = 0.023359
iter 24: gpu_time_cuda = 0.019129
iter 24: download_copy_time_cuda = 0.001091
iter 24: upload_copy_time_cuda = 0.001150
iter 24: per_iter_time_cuda = 0.045392

iter 25: slack_cuda = 0.004506
iter 25: cpu_time_cuda = 0.023025
iter 25: gpu_time_cuda = 0.018519
iter 25: download_copy_time_cuda = 0.001082
iter 25: upload_copy_time_cuda = 0.001151
iter 25: per_iter_time_cuda = 0.044375

iter 26: slack_cuda = 0.004623
iter 26: cpu_time_cuda = 0.022836
iter 26: gpu_time_cuda = 0.018213
iter 26: download_copy_time_cuda = 0.001063
iter 26: upload_copy_time_cuda = 0.001134
iter 26: per_iter_time_cuda = 0.043899

iter 27: slack_cuda = 0.005161
iter 27: cpu_time_cuda = 0.022482
iter 27: gpu_time_cuda = 0.017321
iter 27: download_copy_time_cuda = 0.001048
iter 27: upload_copy_time_cuda = 0.001125
iter 27: per_iter_time_cuda = 0.042562

iter 28: slack_cuda = 0.005112
iter 28: cpu_time_cuda = 0.022310
iter 28: gpu_time_cuda = 0.017198
iter 28: download_copy_time_cuda = 0.001039
iter 28: upload_copy_time_cuda = 0.001093
iter 28: per_iter_time_cuda = 0.042293

iter 29: slack_cuda = 0.005196
iter 29: cpu_time_cuda = 0.021973
iter 29: gpu_time_cuda = 0.016777
iter 29: download_copy_time_cuda = 0.001028
iter 29: upload_copy_time_cuda = 0.001097
iter 29: per_iter_time_cuda = 0.041451

iter 30: slack_cuda = 0.004957
iter 30: cpu_time_cuda = 0.021481
iter 30: gpu_time_cuda = 0.016524
iter 30: download_copy_time_cuda = 0.001018
iter 30: upload_copy_time_cuda = 0.001077
iter 30: per_iter_time_cuda = 0.040722

iter 31: slack_cuda = 0.005789
iter 31: cpu_time_cuda = 0.021363
iter 31: gpu_time_cuda = 0.015573
iter 31: download_copy_time_cuda = 0.000996
iter 31: upload_copy_time_cuda = 0.001066
iter 31: per_iter_time_cuda = 0.039573

iter 32: slack_cuda = 0.005684
iter 32: cpu_time_cuda = 0.021121
iter 32: gpu_time_cuda = 0.015437
iter 32: download_copy_time_cuda = 0.000979
iter 32: upload_copy_time_cuda = 0.001035
iter 32: per_iter_time_cuda = 0.039172

iter 33: slack_cuda = 0.005787
iter 33: cpu_time_cuda = 0.020885
iter 33: gpu_time_cuda = 0.015098
iter 33: download_copy_time_cuda = 0.000977
iter 33: upload_copy_time_cuda = 0.001039
iter 33: per_iter_time_cuda = 0.038562

iter 34: slack_cuda = 0.005702
iter 34: cpu_time_cuda = 0.020503
iter 34: gpu_time_cuda = 0.014801
iter 34: download_copy_time_cuda = 0.000958
iter 34: upload_copy_time_cuda = 0.001022
iter 34: per_iter_time_cuda = 0.037875

iter 35: slack_cuda = 0.006228
iter 35: cpu_time_cuda = 0.020202
iter 35: gpu_time_cuda = 0.013974
iter 35: download_copy_time_cuda = 0.000942
iter 35: upload_copy_time_cuda = 0.001003
iter 35: per_iter_time_cuda = 0.036679

iter 36: slack_cuda = 0.005969
iter 36: cpu_time_cuda = 0.019841
iter 36: gpu_time_cuda = 0.013872
iter 36: download_copy_time_cuda = 0.000925
iter 36: upload_copy_time_cuda = 0.000980
iter 36: per_iter_time_cuda = 0.036196

iter 37: slack_cuda = 0.006094
iter 37: cpu_time_cuda = 0.019566
iter 37: gpu_time_cuda = 0.013472
iter 37: download_copy_time_cuda = 0.000923
iter 37: upload_copy_time_cuda = 0.000974
iter 37: per_iter_time_cuda = 0.035491

iter 38: slack_cuda = 0.006177
iter 38: cpu_time_cuda = 0.019291
iter 38: gpu_time_cuda = 0.013113
iter 38: download_copy_time_cuda = 0.000907
iter 38: upload_copy_time_cuda = 0.000961
iter 38: per_iter_time_cuda = 0.034864

iter 39: slack_cuda = 0.006240
iter 39: cpu_time_cuda = 0.018904
iter 39: gpu_time_cuda = 0.012664
iter 39: download_copy_time_cuda = 0.000892
iter 39: upload_copy_time_cuda = 0.000948
iter 39: per_iter_time_cuda = 0.033953

iter 40: slack_cuda = 0.006258
iter 40: cpu_time_cuda = 0.018701
iter 40: gpu_time_cuda = 0.012443
iter 40: download_copy_time_cuda = 0.000868
iter 40: upload_copy_time_cuda = 0.000921
iter 40: per_iter_time_cuda = 0.033515

iter 41: slack_cuda = 0.006462
iter 41: cpu_time_cuda = 0.018407
iter 41: gpu_time_cuda = 0.011945
iter 41: download_copy_time_cuda = 0.000862
iter 41: upload_copy_time_cuda = 0.000920
iter 41: per_iter_time_cuda = 0.032656

iter 42: slack_cuda = 0.006669
iter 42: cpu_time_cuda = 0.018259
iter 42: gpu_time_cuda = 0.011589
iter 42: download_copy_time_cuda = 0.000856
iter 42: upload_copy_time_cuda = 0.000902
iter 42: per_iter_time_cuda = 0.032157

iter 43: slack_cuda = 0.006887
iter 43: cpu_time_cuda = 0.017864
iter 43: gpu_time_cuda = 0.010977
iter 43: download_copy_time_cuda = 0.000833
iter 43: upload_copy_time_cuda = 0.000890
iter 43: per_iter_time_cuda = 0.031078

iter 44: slack_cuda = 0.006582
iter 44: cpu_time_cuda = 0.017588
iter 44: gpu_time_cuda = 0.011006
iter 44: download_copy_time_cuda = 0.000819
iter 44: upload_copy_time_cuda = 0.000863
iter 44: per_iter_time_cuda = 0.030833

iter 45: slack_cuda = 0.006704
iter 45: cpu_time_cuda = 0.017349
iter 45: gpu_time_cuda = 0.010645
iter 45: download_copy_time_cuda = 0.000807
iter 45: upload_copy_time_cuda = 0.000857
iter 45: per_iter_time_cuda = 0.030177

iter 46: slack_cuda = 0.006717
iter 46: cpu_time_cuda = 0.016907
iter 46: gpu_time_cuda = 0.010190
iter 46: download_copy_time_cuda = 0.000800
iter 46: upload_copy_time_cuda = 0.000848
iter 46: per_iter_time_cuda = 0.029287

iter 47: slack_cuda = 0.006979
iter 47: cpu_time_cuda = 0.016650
iter 47: gpu_time_cuda = 0.009671
iter 47: download_copy_time_cuda = 0.000785
iter 47: upload_copy_time_cuda = 0.000830
iter 47: per_iter_time_cuda = 0.028435

iter 48: slack_cuda = 0.006827
iter 48: cpu_time_cuda = 0.016398
iter 48: gpu_time_cuda = 0.009571
iter 48: download_copy_time_cuda = 0.000765
iter 48: upload_copy_time_cuda = 0.000807
iter 48: per_iter_time_cuda = 0.028059

iter 49: slack_cuda = 0.006934
iter 49: cpu_time_cuda = 0.016206
iter 49: gpu_time_cuda = 0.009272
iter 49: download_copy_time_cuda = 0.000755
iter 49: upload_copy_time_cuda = 0.000822
iter 49: per_iter_time_cuda = 0.027552

iter 50: slack_cuda = 0.006773
iter 50: cpu_time_cuda = 0.015685
iter 50: gpu_time_cuda = 0.008912
iter 50: download_copy_time_cuda = 0.000740
iter 50: upload_copy_time_cuda = 0.000789
iter 50: per_iter_time_cuda = 0.026641

iter 51: slack_cuda = 0.006996
iter 51: cpu_time_cuda = 0.015476
iter 51: gpu_time_cuda = 0.008480
iter 51: download_copy_time_cuda = 0.000733
iter 51: upload_copy_time_cuda = 0.000772
iter 51: per_iter_time_cuda = 0.025931

iter 52: slack_cuda = 0.007034
iter 52: cpu_time_cuda = 0.015365
iter 52: gpu_time_cuda = 0.008331
iter 52: download_copy_time_cuda = 0.000715
iter 52: upload_copy_time_cuda = 0.000747
iter 52: per_iter_time_cuda = 0.025658

iter 53: slack_cuda = 0.007060
iter 53: cpu_time_cuda = 0.015050
iter 53: gpu_time_cuda = 0.007989
iter 53: download_copy_time_cuda = 0.000700
iter 53: upload_copy_time_cuda = 0.000749
iter 53: per_iter_time_cuda = 0.024952

iter 54: slack_cuda = 0.006876
iter 54: cpu_time_cuda = 0.014655
iter 54: gpu_time_cuda = 0.007779
iter 54: download_copy_time_cuda = 0.000687
iter 54: upload_copy_time_cuda = 0.000729
iter 54: per_iter_time_cuda = 0.024329

iter 55: slack_cuda = 0.007173
iter 55: cpu_time_cuda = 0.014360
iter 55: gpu_time_cuda = 0.007187
iter 55: download_copy_time_cuda = 0.000681
iter 55: upload_copy_time_cuda = 0.000717
iter 55: per_iter_time_cuda = 0.023404

iter 56: slack_cuda = 0.007016
iter 56: cpu_time_cuda = 0.014068
iter 56: gpu_time_cuda = 0.007051
iter 56: download_copy_time_cuda = 0.000659
iter 56: upload_copy_time_cuda = 0.000691
iter 56: per_iter_time_cuda = 0.022959

iter 57: slack_cuda = 0.006941
iter 57: cpu_time_cuda = 0.013789
iter 57: gpu_time_cuda = 0.006848
iter 57: download_copy_time_cuda = 0.000646
iter 57: upload_copy_time_cuda = 0.000688
iter 57: per_iter_time_cuda = 0.022418

iter 58: slack_cuda = 0.006828
iter 58: cpu_time_cuda = 0.013476
iter 58: gpu_time_cuda = 0.006648
iter 58: download_copy_time_cuda = 0.000631
iter 58: upload_copy_time_cuda = 0.000670
iter 58: per_iter_time_cuda = 0.021907

iter 59: slack_cuda = 0.007193
iter 59: cpu_time_cuda = 0.013323
iter 59: gpu_time_cuda = 0.006131
iter 59: download_copy_time_cuda = 0.000620
iter 59: upload_copy_time_cuda = 0.000656
iter 59: per_iter_time_cuda = 0.021163

iter 60: slack_cuda = 0.006837
iter 60: cpu_time_cuda = 0.012895
iter 60: gpu_time_cuda = 0.006058
iter 60: download_copy_time_cuda = 0.000608
iter 60: upload_copy_time_cuda = 0.000636
iter 60: per_iter_time_cuda = 0.020675

iter 61: slack_cuda = 0.006749
iter 61: cpu_time_cuda = 0.012581
iter 61: gpu_time_cuda = 0.005831
iter 61: download_copy_time_cuda = 0.000595
iter 61: upload_copy_time_cuda = 0.000630
iter 61: per_iter_time_cuda = 0.020086

iter 62: slack_cuda = 0.006668
iter 62: cpu_time_cuda = 0.012257
iter 62: gpu_time_cuda = 0.005590
iter 62: download_copy_time_cuda = 0.000579
iter 62: upload_copy_time_cuda = 0.000613
iter 62: per_iter_time_cuda = 0.019487

iter 63: slack_cuda = 0.006740
iter 63: cpu_time_cuda = 0.011981
iter 63: gpu_time_cuda = 0.005242
iter 63: download_copy_time_cuda = 0.000565
iter 63: upload_copy_time_cuda = 0.000606
iter 63: per_iter_time_cuda = 0.018839

iter 64: slack_cuda = 0.006555
iter 64: cpu_time_cuda = 0.011644
iter 64: gpu_time_cuda = 0.005089
iter 64: download_copy_time_cuda = 0.000558
iter 64: upload_copy_time_cuda = 0.000579
iter 64: per_iter_time_cuda = 0.018307

iter 65: slack_cuda = 0.006490
iter 65: cpu_time_cuda = 0.011334
iter 65: gpu_time_cuda = 0.004844
iter 65: download_copy_time_cuda = 0.000546
iter 65: upload_copy_time_cuda = 0.000578
iter 65: per_iter_time_cuda = 0.017718

iter 66: slack_cuda = 0.006500
iter 66: cpu_time_cuda = 0.011043
iter 66: gpu_time_cuda = 0.004543
iter 66: download_copy_time_cuda = 0.000526
iter 66: upload_copy_time_cuda = 0.000557
iter 66: per_iter_time_cuda = 0.017101

iter 67: slack_cuda = 0.006298
iter 67: cpu_time_cuda = 0.010748
iter 67: gpu_time_cuda = 0.004450
iter 67: download_copy_time_cuda = 0.000511
iter 67: upload_copy_time_cuda = 0.000541
iter 67: per_iter_time_cuda = 0.016652

iter 68: slack_cuda = 0.006297
iter 68: cpu_time_cuda = 0.010492
iter 68: gpu_time_cuda = 0.004194
iter 68: download_copy_time_cuda = 0.000495
iter 68: upload_copy_time_cuda = 0.000520
iter 68: per_iter_time_cuda = 0.016117

iter 69: slack_cuda = 0.006355
iter 69: cpu_time_cuda = 0.010328
iter 69: gpu_time_cuda = 0.003974
iter 69: download_copy_time_cuda = 0.000493
iter 69: upload_copy_time_cuda = 0.000515
iter 69: per_iter_time_cuda = 0.015688

iter 70: slack_cuda = 0.006105
iter 70: cpu_time_cuda = 0.009896
iter 70: gpu_time_cuda = 0.003791
iter 70: download_copy_time_cuda = 0.000474
iter 70: upload_copy_time_cuda = 0.000502
iter 70: per_iter_time_cuda = 0.015064

iter 71: slack_cuda = 0.006247
iter 71: cpu_time_cuda = 0.009732
iter 71: gpu_time_cuda = 0.003485
iter 71: download_copy_time_cuda = 0.000458
iter 71: upload_copy_time_cuda = 0.000487
iter 71: per_iter_time_cuda = 0.014540

iter 72: slack_cuda = 0.005854
iter 72: cpu_time_cuda = 0.009239
iter 72: gpu_time_cuda = 0.003385
iter 72: download_copy_time_cuda = 0.000450
iter 72: upload_copy_time_cuda = 0.000463
iter 72: per_iter_time_cuda = 0.013930

iter 73: slack_cuda = 0.005891
iter 73: cpu_time_cuda = 0.009089
iter 73: gpu_time_cuda = 0.003198
iter 73: download_copy_time_cuda = 0.000436
iter 73: upload_copy_time_cuda = 0.000454
iter 73: per_iter_time_cuda = 0.013547

iter 74: slack_cuda = 0.005770
iter 74: cpu_time_cuda = 0.008695
iter 74: gpu_time_cuda = 0.002925
iter 74: download_copy_time_cuda = 0.000421
iter 74: upload_copy_time_cuda = 0.000447
iter 74: per_iter_time_cuda = 0.012876

iter 75: slack_cuda = 0.005636
iter 75: cpu_time_cuda = 0.008448
iter 75: gpu_time_cuda = 0.002812
iter 75: download_copy_time_cuda = 0.000407
iter 75: upload_copy_time_cuda = 0.000445
iter 75: per_iter_time_cuda = 0.012487

iter 76: slack_cuda = 0.005406
iter 76: cpu_time_cuda = 0.008070
iter 76: gpu_time_cuda = 0.002663
iter 76: download_copy_time_cuda = 0.000389
iter 76: upload_copy_time_cuda = 0.000443
iter 76: per_iter_time_cuda = 0.011948

iter 77: slack_cuda = 0.005303
iter 77: cpu_time_cuda = 0.007778
iter 77: gpu_time_cuda = 0.002475
iter 77: download_copy_time_cuda = 0.000383
iter 77: upload_copy_time_cuda = 0.000447
iter 77: per_iter_time_cuda = 0.011437

iter 78: slack_cuda = 0.005181
iter 78: cpu_time_cuda = 0.007574
iter 78: gpu_time_cuda = 0.002394
iter 78: download_copy_time_cuda = 0.000368
iter 78: upload_copy_time_cuda = 0.000437
iter 78: per_iter_time_cuda = 0.011136

iter 79: slack_cuda = 0.005159
iter 79: cpu_time_cuda = 0.007234
iter 79: gpu_time_cuda = 0.002075
iter 79: download_copy_time_cuda = 0.000353
iter 79: upload_copy_time_cuda = 0.000436
iter 79: per_iter_time_cuda = 0.010443

iter 80: slack_cuda = 0.004925
iter 80: cpu_time_cuda = 0.006946
iter 80: gpu_time_cuda = 0.002021
iter 80: download_copy_time_cuda = 0.000337
iter 80: upload_copy_time_cuda = 0.000442
iter 80: per_iter_time_cuda = 0.010105

iter 81: slack_cuda = 0.004757
iter 81: cpu_time_cuda = 0.006656
iter 81: gpu_time_cuda = 0.001899
iter 81: download_copy_time_cuda = 0.000324
iter 81: upload_copy_time_cuda = 0.000433
iter 81: per_iter_time_cuda = 0.009664

iter 82: slack_cuda = 0.004604
iter 82: cpu_time_cuda = 0.006329
iter 82: gpu_time_cuda = 0.001725
iter 82: download_copy_time_cuda = 0.000313
iter 82: upload_copy_time_cuda = 0.000423
iter 82: per_iter_time_cuda = 0.009131

iter 83: slack_cuda = 0.004451
iter 83: cpu_time_cuda = 0.006075
iter 83: gpu_time_cuda = 0.001624
iter 83: download_copy_time_cuda = 0.000296
iter 83: upload_copy_time_cuda = 0.000430
iter 83: per_iter_time_cuda = 0.008754

iter 84: slack_cuda = 0.004210
iter 84: cpu_time_cuda = 0.005757
iter 84: gpu_time_cuda = 0.001547
iter 84: download_copy_time_cuda = 0.000280
iter 84: upload_copy_time_cuda = 0.000415
iter 84: per_iter_time_cuda = 0.008340

iter 85: slack_cuda = 0.004084
iter 85: cpu_time_cuda = 0.005491
iter 85: gpu_time_cuda = 0.001407
iter 85: download_copy_time_cuda = 0.000268
iter 85: upload_copy_time_cuda = 0.000422
iter 85: per_iter_time_cuda = 0.007891

iter 86: slack_cuda = 0.003956
iter 86: cpu_time_cuda = 0.005167
iter 86: gpu_time_cuda = 0.001211
iter 86: download_copy_time_cuda = 0.000263
iter 86: upload_copy_time_cuda = 0.000413
iter 86: per_iter_time_cuda = 0.007371

iter 87: slack_cuda = 0.003760
iter 87: cpu_time_cuda = 0.004885
iter 87: gpu_time_cuda = 0.001126
iter 87: download_copy_time_cuda = 0.000244
iter 87: upload_copy_time_cuda = 0.000411
iter 87: per_iter_time_cuda = 0.006962

iter 88: slack_cuda = 0.003509
iter 88: cpu_time_cuda = 0.004570
iter 88: gpu_time_cuda = 0.001060
iter 88: download_copy_time_cuda = 0.000226
iter 88: upload_copy_time_cuda = 0.000411
iter 88: per_iter_time_cuda = 0.006566

iter 89: slack_cuda = 0.003378
iter 89: cpu_time_cuda = 0.004311
iter 89: gpu_time_cuda = 0.000933
iter 89: download_copy_time_cuda = 0.000215
iter 89: upload_copy_time_cuda = 0.000402
iter 89: per_iter_time_cuda = 0.006153

iter 90: slack_cuda = 0.003086
iter 90: cpu_time_cuda = 0.003949
iter 90: gpu_time_cuda = 0.000863
iter 90: download_copy_time_cuda = 0.000208
iter 90: upload_copy_time_cuda = 0.000421
iter 90: per_iter_time_cuda = 0.005738

iter 91: slack_cuda = 0.002946
iter 91: cpu_time_cuda = 0.003648
iter 91: gpu_time_cuda = 0.000701
iter 91: download_copy_time_cuda = 0.000192
iter 91: upload_copy_time_cuda = 0.000400
iter 91: per_iter_time_cuda = 0.005226

iter 92: slack_cuda = 0.002682
iter 92: cpu_time_cuda = 0.003351
iter 92: gpu_time_cuda = 0.000668
iter 92: download_copy_time_cuda = 0.000172
iter 92: upload_copy_time_cuda = 0.000403
iter 92: per_iter_time_cuda = 0.004879

iter 93: slack_cuda = 0.002532
iter 93: cpu_time_cuda = 0.003100
iter 93: gpu_time_cuda = 0.000568
iter 93: download_copy_time_cuda = 0.000168
iter 93: upload_copy_time_cuda = 0.000395
iter 93: per_iter_time_cuda = 0.004510

iter 94: slack_cuda = 0.002261
iter 94: cpu_time_cuda = 0.002823
iter 94: gpu_time_cuda = 0.000561
iter 94: download_copy_time_cuda = 0.000160
iter 94: upload_copy_time_cuda = 0.000394
iter 94: per_iter_time_cuda = 0.004204

iter 95: slack_cuda = 0.002092
iter 95: cpu_time_cuda = 0.002544
iter 95: gpu_time_cuda = 0.000452
iter 95: download_copy_time_cuda = 0.000145
iter 95: upload_copy_time_cuda = 0.000399
iter 95: per_iter_time_cuda = 0.003804

iter 96: slack_cuda = 0.001864
iter 96: cpu_time_cuda = 0.002229
iter 96: gpu_time_cuda = 0.000366
iter 96: download_copy_time_cuda = 0.000138
iter 96: upload_copy_time_cuda = 0.000386
iter 96: per_iter_time_cuda = 0.003383

iter 97: slack_cuda = 0.001632
iter 97: cpu_time_cuda = 0.001950
iter 97: gpu_time_cuda = 0.000318
iter 97: download_copy_time_cuda = 0.000125
iter 97: upload_copy_time_cuda = 0.000396
iter 97: per_iter_time_cuda = 0.003051

iter 98: slack_cuda = 0.001392
iter 98: cpu_time_cuda = 0.001653
iter 98: gpu_time_cuda = 0.000262
iter 98: download_copy_time_cuda = 0.000121
iter 98: upload_copy_time_cuda = 0.000386
iter 98: per_iter_time_cuda = 0.002681

iter 99: slack_cuda = 0.001158
iter 99: cpu_time_cuda = 0.001379
iter 99: gpu_time_cuda = 0.000221
iter 99: download_copy_time_cuda = 0.000107
iter 99: upload_copy_time_cuda = 0.000379
iter 99: per_iter_time_cuda = 0.002340

iter 100: slack_cuda = 0.000942
iter 100: cpu_time_cuda = 0.001149
iter 100: gpu_time_cuda = 0.000207
iter 100: download_copy_time_cuda = 0.000102
iter 100: upload_copy_time_cuda = 0.000395
iter 100: per_iter_time_cuda = 0.002108

iter 101: slack_cuda = 0.000434
iter 101: cpu_time_cuda = 0.000619
iter 101: gpu_time_cuda = 0.000185
iter 101: download_copy_time_cuda = 0.000090
iter 101: upload_copy_time_cuda = 0.000374
iter 101: per_iter_time_cuda = 0.001505

total_slack_overflow = -0.004218
total_cpu_time_cuda = 1.558192
total_gpu_time_cuda = 1.110866
total_copy_time_cuda = 0.157964
main_loop_time_cuda = 2.884861
Normalized difference of predicted CPU runtime per iteration is: 0.000000%
Normalized difference of predicted GPU runtime per iteration is: 0.000000%
Normalized difference of predicted slack per iteration is: 0.000000%
10240 10240     ---   (  ---  )    224.46 (   3.19)     ---   
total_time = 7.008740
6.18user 1.18system 0:08.55elapsed 86%CPU (0avgtext+0avgdata 972904maxresident)k
3920inputs+0outputs (1major+225538minor)pagefaults 0swaps
send out message: 22 3 log
