send out message: 24 37 /home/lchen/MAGMA/magma-1.6.1/results
send out message: 20 26 MAGMA_LU_GPUDVFS.total.pwr
MAGMA 1.6.1  compiled for CUDA capability >= 3.0
CUDA runtime 5000, driver 6050. MAGMA not compiled with OpenMP. 
ndevices 1
device 0: Tesla K20c, 705.5 MHz clock, 4799.6 MB memory, capability 3.5
Usage: /home/lchen/MAGMA/test/magma-1.6.1/testing/testing_dgetrf [options] [-h|--help]

ngpu 1
    M     N   CPU GFlop/s (sec)   GPU GFlop/s (sec)   |PA-LU|/(N*|A|)
=========================================================================
init_time = 0.824825
iter 1: cpu_gpu_time_cuda = 0.014975
iter 2: cpu_gpu_time_cuda = 0.014664
iter 3: cpu_gpu_time_cuda = 0.014366
iter 4: cpu_gpu_time_cuda = 0.014096
iter 5: cpu_gpu_time_cuda = 0.013818
iter 6: cpu_gpu_time_cuda = 0.013513
iter 7: cpu_gpu_time_cuda = 0.013222
iter 8: cpu_gpu_time_cuda = 0.012923
iter 9: cpu_gpu_time_cuda = 0.012619
iter 10: cpu_gpu_time_cuda = 0.012270
iter 11: cpu_gpu_time_cuda = 0.011966
iter 12: cpu_gpu_time_cuda = 0.011695
iter 13: cpu_gpu_time_cuda = 0.011403
iter 14: cpu_gpu_time_cuda = 0.011078
iter 15: cpu_gpu_time_cuda = 0.010789
iter 16: cpu_gpu_time_cuda = 0.010504
iter 17: cpu_gpu_time_cuda = 0.010242
iter 18: cpu_gpu_time_cuda = 0.009950
iter 19: cpu_gpu_time_cuda = 0.009623
iter 20: cpu_gpu_time_cuda = 0.009341
iter 21: cpu_gpu_time_cuda = 0.009126
iter 22: cpu_gpu_time_cuda = 0.008831
iter 23: cpu_gpu_time_cuda = 0.008446
iter 24: cpu_gpu_time_cuda = 0.008134
iter 25: cpu_gpu_time_cuda = 0.007894
iter 26: cpu_gpu_time_cuda = 0.007514
iter 27: cpu_gpu_time_cuda = 0.007266
iter 28: cpu_gpu_time_cuda = 0.006972
iter 29: cpu_gpu_time_cuda = 0.006679
iter 30: cpu_gpu_time_cuda = 0.006366
iter 31: cpu_gpu_time_cuda = 0.006071
iter 32: cpu_gpu_time_cuda = 0.005828
iter 33: cpu_gpu_time_cuda = 0.005520
iter 34: cpu_gpu_time_cuda = 0.005219
iter 35: cpu_gpu_time_cuda = 0.004935
iter 36: cpu_gpu_time_cuda = 0.004680
iter 37: cpu_gpu_time_cuda = 0.004302
iter 38: cpu_gpu_time_cuda = 0.003992
iter 39: cpu_gpu_time_cuda = 0.003698
iter 40: cpu_gpu_time_cuda = 0.003376
iter 41: cpu_gpu_time_cuda = 0.003091
iter 42: cpu_gpu_time_cuda = 0.002812
iter 43: cpu_gpu_time_cuda = 0.002553
iter 44: cpu_gpu_time_cuda = 0.002297
iter 45: cpu_gpu_time_cuda = 0.001964
iter 46: cpu_gpu_time_cuda = 0.001714
iter 47: cpu_gpu_time_cuda = 0.001399
iter 48: cpu_gpu_time_cuda = 0.001125
iter 49: cpu_gpu_time_cuda = 0.000842
iter 50: cpu_gpu_time_cuda = 0.000631
 5120  5120     ---   (  ---  )    169.22 (   0.53)     ---   
total_time = 1.486705
1.41user 0.42system 0:03.04elapsed 60%CPU (0avgtext+0avgdata 358504maxresident)k
3912inputs+0outputs (1major+71926minor)pagefaults 0swaps
send out message: 22 3 log
