send out message: 24 37 /home/lchen/MAGMA/magma-1.6.1/results
send out message: 20 26 MAGMA_LU_GPUDVFS.total.pwr
MAGMA 1.6.1  compiled for CUDA capability >= 3.0
CUDA runtime 5000, driver 6050. MAGMA not compiled with OpenMP. 
ndevices 1
device 0: Tesla K20c, 705.5 MHz clock, 4799.6 MB memory, capability 3.5
Usage: /home/lchen/MAGMA/magma-1.6.1/testing/testing_dgetrf [options] [-h|--help]

ngpu 1
    M     N   CPU GFlop/s (sec)   GPU GFlop/s (sec)   |PA-LU|/(N*|A|)
=========================================================================
init_time = 3.269734
iter 0: slack_cuda = 0.000000
iter 0: cpu_time_cuda = 0.000000
iter 0: gpu_time_cuda = 0.000000
iter 0: download_copy_time_cuda = 0.000000
iter 0: upload_copy_time_cuda = 0.001513
iter 0: per_iter_time_cuda = 0.002273

iter 1: cpu_time_pred = 0.000000
iter 1: gpu_time_pred = 0.000000
iter 1: slack_pred = 0.000000
iter 1: slack_cuda = 0.000142
iter 1: cpu_time_cuda = 0.029779
iter 1: gpu_time_cuda = 0.029636
iter 1: download_copy_time_cuda = 0.001417
iter 1: upload_copy_time_cuda = 0.001499
iter 1: per_iter_time_cuda = 0.064723

iter 2: cpu_time_pred = 0.029482
iter 2: gpu_time_pred = 0.029049
iter 2: slack_pred = 0.000433
iter 2: slack_cuda = 0.000510
iter 2: cpu_time_cuda = 0.029530
iter 2: gpu_time_cuda = 0.029020
iter 2: download_copy_time_cuda = 0.001392
iter 2: upload_copy_time_cuda = 0.001483
iter 2: per_iter_time_cuda = 0.063874

iter 3: cpu_time_pred = 0.029233
iter 3: gpu_time_pred = 0.028439
iter 3: slack_pred = 0.000793
iter 3: slack_cuda = 0.001201
iter 3: cpu_time_cuda = 0.029236
iter 3: gpu_time_cuda = 0.028035
iter 3: download_copy_time_cuda = 0.001373
iter 3: upload_copy_time_cuda = 0.001473
iter 3: per_iter_time_cuda = 0.062425

iter 4: cpu_time_pred = 0.028939
iter 4: gpu_time_pred = 0.027468
iter 4: slack_pred = 0.001471
iter 4: slack_cuda = 0.000980
iter 4: cpu_time_cuda = 0.028917
iter 4: gpu_time_cuda = 0.027937
iter 4: download_copy_time_cuda = 0.001353
iter 4: upload_copy_time_cuda = 0.001437
iter 4: per_iter_time_cuda = 0.062061

iter 5: cpu_time_pred = 0.028620
iter 5: gpu_time_pred = 0.027366
iter 5: slack_pred = 0.001254
iter 5: slack_cuda = 0.001367
iter 5: cpu_time_cuda = 0.028750
iter 5: gpu_time_cuda = 0.027382
iter 5: download_copy_time_cuda = 0.001352
iter 5: upload_copy_time_cuda = 0.001443
iter 5: per_iter_time_cuda = 0.061240

iter 6: cpu_time_pred = 0.028451
iter 6: gpu_time_pred = 0.026817
iter 6: slack_pred = 0.001634
iter 6: slack_cuda = 0.001263
iter 6: cpu_time_cuda = 0.028163
iter 6: gpu_time_cuda = 0.026900
iter 6: download_copy_time_cuda = 0.001338
iter 6: upload_copy_time_cuda = 0.001428
iter 6: per_iter_time_cuda = 0.060195

iter 7: cpu_time_pred = 0.027868
iter 7: gpu_time_pred = 0.026339
iter 7: slack_pred = 0.001529
iter 7: slack_cuda = 0.002203
iter 7: cpu_time_cuda = 0.028047
iter 7: gpu_time_cuda = 0.025844
iter 7: download_copy_time_cuda = 0.001322
iter 7: upload_copy_time_cuda = 0.001415
iter 7: per_iter_time_cuda = 0.058874

iter 8: cpu_time_pred = 0.027750
iter 8: gpu_time_pred = 0.025300
iter 8: slack_pred = 0.002450
iter 8: slack_cuda = 0.001935
iter 8: cpu_time_cuda = 0.027752
iter 8: gpu_time_cuda = 0.025817
iter 8: download_copy_time_cuda = 0.001298
iter 8: upload_copy_time_cuda = 0.001381
iter 8: per_iter_time_cuda = 0.058588

iter 9: cpu_time_pred = 0.027455
iter 9: gpu_time_pred = 0.025268
iter 9: slack_pred = 0.002187
iter 9: slack_cuda = 0.002299
iter 9: cpu_time_cuda = 0.027459
iter 9: gpu_time_cuda = 0.025160
iter 9: download_copy_time_cuda = 0.001296
iter 9: upload_copy_time_cuda = 0.001389
iter 9: per_iter_time_cuda = 0.057548

iter 10: cpu_time_pred = 0.027162
iter 10: gpu_time_pred = 0.024618
iter 10: slack_pred = 0.002543
iter 10: slack_cuda = 0.002493
iter 10: cpu_time_cuda = 0.027110
iter 10: gpu_time_cuda = 0.024618
iter 10: download_copy_time_cuda = 0.001288
iter 10: upload_copy_time_cuda = 0.001370
iter 10: per_iter_time_cuda = 0.056686

iter 11: cpu_time_pred = 0.026814
iter 11: gpu_time_pred = 0.024082
iter 11: slack_pred = 0.002732
iter 11: slack_cuda = 0.003171
iter 11: cpu_time_cuda = 0.026890
iter 11: gpu_time_cuda = 0.023719
iter 11: download_copy_time_cuda = 0.001266
iter 11: upload_copy_time_cuda = 0.001357
iter 11: per_iter_time_cuda = 0.055413

iter 12: cpu_time_pred = 0.026592
iter 12: gpu_time_pred = 0.023197
iter 12: slack_pred = 0.003396
iter 12: slack_cuda = 0.002831
iter 12: cpu_time_cuda = 0.026571
iter 12: gpu_time_cuda = 0.023740
iter 12: download_copy_time_cuda = 0.001245
iter 12: upload_copy_time_cuda = 0.001323
iter 12: per_iter_time_cuda = 0.055132

iter 13: cpu_time_pred = 0.026274
iter 13: gpu_time_pred = 0.023212
iter 13: slack_pred = 0.003062
iter 13: slack_cuda = 0.003163
iter 13: cpu_time_cuda = 0.026347
iter 13: gpu_time_cuda = 0.023185
iter 13: download_copy_time_cuda = 0.001236
iter 13: upload_copy_time_cuda = 0.001328
iter 13: per_iter_time_cuda = 0.054242

iter 14: cpu_time_pred = 0.026049
iter 14: gpu_time_pred = 0.022663
iter 14: slack_pred = 0.003386
iter 14: slack_cuda = 0.003686
iter 14: cpu_time_cuda = 0.026268
iter 14: gpu_time_cuda = 0.022582
iter 14: download_copy_time_cuda = 0.001224
iter 14: upload_copy_time_cuda = 0.001319
iter 14: per_iter_time_cuda = 0.053599

iter 15: cpu_time_pred = 0.025967
iter 15: gpu_time_pred = 0.022068
iter 15: slack_pred = 0.003899
iter 15: slack_cuda = 0.004342
iter 15: cpu_time_cuda = 0.025953
iter 15: gpu_time_cuda = 0.021611
iter 15: download_copy_time_cuda = 0.001212
iter 15: upload_copy_time_cuda = 0.001304
iter 15: per_iter_time_cuda = 0.052143

iter 16: cpu_time_pred = 0.025652
iter 16: gpu_time_pred = 0.021113
iter 16: slack_pred = 0.004539
iter 16: slack_cuda = 0.004017
iter 16: cpu_time_cuda = 0.025532
iter 16: gpu_time_cuda = 0.021515
iter 16: download_copy_time_cuda = 0.001195
iter 16: upload_copy_time_cuda = 0.001277
iter 16: per_iter_time_cuda = 0.051671

iter 17: cpu_time_pred = 0.025233
iter 17: gpu_time_pred = 0.021014
iter 17: slack_pred = 0.004219
iter 17: slack_cuda = 0.004290
iter 17: cpu_time_cuda = 0.025446
iter 17: gpu_time_cuda = 0.021157
iter 17: download_copy_time_cuda = 0.001188
iter 17: upload_copy_time_cuda = 0.001273
iter 17: per_iter_time_cuda = 0.051104

iter 18: cpu_time_pred = 0.025145
iter 18: gpu_time_pred = 0.020659
iter 18: slack_pred = 0.004486
iter 18: slack_cuda = 0.004533
iter 18: cpu_time_cuda = 0.025117
iter 18: gpu_time_cuda = 0.020584
iter 18: download_copy_time_cuda = 0.001178
iter 18: upload_copy_time_cuda = 0.001259
iter 18: per_iter_time_cuda = 0.050251

iter 19: cpu_time_pred = 0.024816
iter 19: gpu_time_pred = 0.020093
iter 19: slack_pred = 0.004723
iter 19: slack_cuda = 0.005081
iter 19: cpu_time_cuda = 0.024840
iter 19: gpu_time_cuda = 0.019759
iter 19: download_copy_time_cuda = 0.001162
iter 19: upload_copy_time_cuda = 0.001244
iter 19: per_iter_time_cuda = 0.048987

iter 20: cpu_time_pred = 0.024539
iter 20: gpu_time_pred = 0.019282
iter 20: slack_pred = 0.005256
iter 20: slack_cuda = 0.004917
iter 20: cpu_time_cuda = 0.024579
iter 20: gpu_time_cuda = 0.019662
iter 20: download_copy_time_cuda = 0.001143
iter 20: upload_copy_time_cuda = 0.001216
iter 20: per_iter_time_cuda = 0.048654

iter 21: cpu_time_pred = 0.024277
iter 21: gpu_time_pred = 0.019182
iter 21: slack_pred = 0.005095
iter 21: slack_cuda = 0.005000
iter 21: cpu_time_cuda = 0.024227
iter 21: gpu_time_cuda = 0.019226
iter 21: download_copy_time_cuda = 0.001134
iter 21: upload_copy_time_cuda = 0.001215
iter 21: per_iter_time_cuda = 0.047786

iter 22: cpu_time_pred = 0.023925
iter 22: gpu_time_pred = 0.018751
iter 22: slack_pred = 0.005174
iter 22: slack_cuda = 0.005296
iter 22: cpu_time_cuda = 0.024018
iter 22: gpu_time_cuda = 0.018721
iter 22: download_copy_time_cuda = 0.001119
iter 22: upload_copy_time_cuda = 0.001201
iter 22: per_iter_time_cuda = 0.047090

iter 23: cpu_time_pred = 0.023715
iter 23: gpu_time_pred = 0.018253
iter 23: slack_pred = 0.005462
iter 23: slack_cuda = 0.005598
iter 23: cpu_time_cuda = 0.023601
iter 23: gpu_time_cuda = 0.018004
iter 23: download_copy_time_cuda = 0.001101
iter 23: upload_copy_time_cuda = 0.001185
iter 23: per_iter_time_cuda = 0.045797

iter 24: cpu_time_pred = 0.023300
iter 24: gpu_time_pred = 0.017547
iter 24: slack_pred = 0.005753
iter 24: slack_cuda = 0.005689
iter 24: cpu_time_cuda = 0.023453
iter 24: gpu_time_cuda = 0.017764
iter 24: download_copy_time_cuda = 0.001091
iter 24: upload_copy_time_cuda = 0.001155
iter 24: per_iter_time_cuda = 0.045459

iter 25: cpu_time_pred = 0.023150
iter 25: gpu_time_pred = 0.017308
iter 25: slack_pred = 0.005843
iter 25: slack_cuda = 0.005842
iter 25: cpu_time_cuda = 0.023111
iter 25: gpu_time_cuda = 0.017269
iter 25: download_copy_time_cuda = 0.001079
iter 25: upload_copy_time_cuda = 0.001156
iter 25: per_iter_time_cuda = 0.044512

iter 26: cpu_time_pred = 0.022809
iter 26: gpu_time_pred = 0.016820
iter 26: slack_pred = 0.005989
iter 26: slack_cuda = 0.005872
iter 26: cpu_time_cuda = 0.022842
iter 26: gpu_time_cuda = 0.016970
iter 26: download_copy_time_cuda = 0.001060
iter 26: upload_copy_time_cuda = 0.001143
iter 26: per_iter_time_cuda = 0.043955

iter 27: cpu_time_pred = 0.022539
iter 27: gpu_time_pred = 0.016523
iter 27: slack_pred = 0.006016
iter 27: slack_cuda = 0.006607
iter 27: cpu_time_cuda = 0.022765
iter 27: gpu_time_cuda = 0.016157
iter 27: download_copy_time_cuda = 0.001048
iter 27: upload_copy_time_cuda = 0.001149
iter 27: per_iter_time_cuda = 0.042971

iter 28: cpu_time_pred = 0.022459
iter 28: gpu_time_pred = 0.015726
iter 28: slack_pred = 0.006733
iter 28: slack_cuda = 0.006168
iter 28: cpu_time_cuda = 0.022243
iter 28: gpu_time_cuda = 0.016075
iter 28: download_copy_time_cuda = 0.001039
iter 28: upload_copy_time_cuda = 0.001096
iter 28: per_iter_time_cuda = 0.042361

iter 29: cpu_time_pred = 0.021940
iter 29: gpu_time_pred = 0.015640
iter 29: slack_pred = 0.006300
iter 29: slack_cuda = 0.006332
iter 29: cpu_time_cuda = 0.021978
iter 29: gpu_time_cuda = 0.015646
iter 29: download_copy_time_cuda = 0.001029
iter 29: upload_copy_time_cuda = 0.001101
iter 29: per_iter_time_cuda = 0.041536

iter 30: cpu_time_pred = 0.021674
iter 30: gpu_time_pred = 0.015217
iter 30: slack_pred = 0.006458
iter 30: slack_cuda = 0.006329
iter 30: cpu_time_cuda = 0.021658
iter 30: gpu_time_cuda = 0.015329
iter 30: download_copy_time_cuda = 0.001010
iter 30: upload_copy_time_cuda = 0.001082
iter 30: per_iter_time_cuda = 0.040966

iter 31: cpu_time_pred = 0.021355
iter 31: gpu_time_pred = 0.014903
iter 31: slack_pred = 0.006452
iter 31: slack_cuda = 0.007038
iter 31: cpu_time_cuda = 0.021459
iter 31: gpu_time_cuda = 0.014421
iter 31: download_copy_time_cuda = 0.000999
iter 31: upload_copy_time_cuda = 0.001069
iter 31: per_iter_time_cuda = 0.039692

iter 32: cpu_time_pred = 0.021154
iter 32: gpu_time_pred = 0.014014
iter 32: slack_pred = 0.007140
iter 32: slack_cuda = 0.006853
iter 32: cpu_time_cuda = 0.021151
iter 32: gpu_time_cuda = 0.014298
iter 32: download_copy_time_cuda = 0.000986
iter 32: upload_copy_time_cuda = 0.001042
iter 32: per_iter_time_cuda = 0.039310

iter 33: cpu_time_pred = 0.020847
iter 33: gpu_time_pred = 0.013889
iter 33: slack_pred = 0.006957
iter 33: slack_cuda = 0.006921
iter 33: cpu_time_cuda = 0.020869
iter 33: gpu_time_cuda = 0.013948
iter 33: download_copy_time_cuda = 0.000975
iter 33: upload_copy_time_cuda = 0.001045
iter 33: per_iter_time_cuda = 0.038561

iter 34: cpu_time_pred = 0.020564
iter 34: gpu_time_pred = 0.013543
iter 34: slack_pred = 0.007021
iter 34: slack_cuda = 0.006935
iter 34: cpu_time_cuda = 0.020511
iter 34: gpu_time_cuda = 0.013576
iter 34: download_copy_time_cuda = 0.000957
iter 34: upload_copy_time_cuda = 0.001027
iter 34: per_iter_time_cuda = 0.037861

iter 35: cpu_time_pred = 0.020207
iter 35: gpu_time_pred = 0.013176
iter 35: slack_pred = 0.007031
iter 35: slack_cuda = 0.007222
iter 35: cpu_time_cuda = 0.020247
iter 35: gpu_time_cuda = 0.013026
iter 35: download_copy_time_cuda = 0.000942
iter 35: upload_copy_time_cuda = 0.001013
iter 35: per_iter_time_cuda = 0.036922

iter 36: cpu_time_pred = 0.019942
iter 36: gpu_time_pred = 0.012636
iter 36: slack_pred = 0.007306
iter 36: slack_cuda = 0.007094
iter 36: cpu_time_cuda = 0.019958
iter 36: gpu_time_cuda = 0.012864
iter 36: download_copy_time_cuda = 0.000925
iter 36: upload_copy_time_cuda = 0.000982
iter 36: per_iter_time_cuda = 0.036460

iter 37: cpu_time_pred = 0.019653
iter 37: gpu_time_pred = 0.012474
iter 37: slack_pred = 0.007179
iter 37: slack_cuda = 0.007132
iter 37: cpu_time_cuda = 0.019627
iter 37: gpu_time_cuda = 0.012495
iter 37: download_copy_time_cuda = 0.000922
iter 37: upload_copy_time_cuda = 0.000982
iter 37: per_iter_time_cuda = 0.035681

iter 38: cpu_time_pred = 0.019322
iter 38: gpu_time_pred = 0.012110
iter 38: slack_pred = 0.007212
iter 38: slack_cuda = 0.007194
iter 38: cpu_time_cuda = 0.019354
iter 38: gpu_time_cuda = 0.012159
iter 38: download_copy_time_cuda = 0.000906
iter 38: upload_copy_time_cuda = 0.000965
iter 38: per_iter_time_cuda = 0.035073

iter 39: cpu_time_pred = 0.019049
iter 39: gpu_time_pred = 0.011779
iter 39: slack_pred = 0.007270
iter 39: slack_cuda = 0.007418
iter 39: cpu_time_cuda = 0.019094
iter 39: gpu_time_cuda = 0.011675
iter 39: download_copy_time_cuda = 0.000891
iter 39: upload_copy_time_cuda = 0.000954
iter 39: per_iter_time_cuda = 0.034237

iter 40: cpu_time_pred = 0.018788
iter 40: gpu_time_pred = 0.011304
iter 40: slack_pred = 0.007484
iter 40: slack_cuda = 0.007305
iter 40: cpu_time_cuda = 0.018763
iter 40: gpu_time_cuda = 0.011458
iter 40: download_copy_time_cuda = 0.000869
iter 40: upload_copy_time_cuda = 0.000923
iter 40: per_iter_time_cuda = 0.033678

iter 41: cpu_time_pred = 0.018457
iter 41: gpu_time_pred = 0.011088
iter 41: slack_pred = 0.007370
iter 41: slack_cuda = 0.007511
iter 41: cpu_time_cuda = 0.018474
iter 41: gpu_time_cuda = 0.010963
iter 41: download_copy_time_cuda = 0.000868
iter 41: upload_copy_time_cuda = 0.000923
iter 41: per_iter_time_cuda = 0.032806

iter 42: cpu_time_pred = 0.018168
iter 42: gpu_time_pred = 0.010603
iter 42: slack_pred = 0.007565
iter 42: slack_cuda = 0.007662
iter 42: cpu_time_cuda = 0.018236
iter 42: gpu_time_cuda = 0.010574
iter 42: download_copy_time_cuda = 0.000854
iter 42: upload_copy_time_cuda = 0.000908
iter 42: per_iter_time_cuda = 0.032206

iter 43: cpu_time_pred = 0.017929
iter 43: gpu_time_pred = 0.010221
iter 43: slack_pred = 0.007708
iter 43: slack_cuda = 0.007616
iter 43: cpu_time_cuda = 0.017782
iter 43: gpu_time_cuda = 0.010166
iter 43: download_copy_time_cuda = 0.000838
iter 43: upload_copy_time_cuda = 0.000893
iter 43: per_iter_time_cuda = 0.031186

iter 44: cpu_time_pred = 0.017477
iter 44: gpu_time_pred = 0.009821
iter 44: slack_pred = 0.007656
iter 44: slack_cuda = 0.007677
iter 44: cpu_time_cuda = 0.017714
iter 44: gpu_time_cuda = 0.010037
iter 44: download_copy_time_cuda = 0.000820
iter 44: upload_copy_time_cuda = 0.000870
iter 44: per_iter_time_cuda = 0.030988

iter 45: cpu_time_pred = 0.017405
iter 45: gpu_time_pred = 0.009690
iter 45: slack_pred = 0.007715
iter 45: slack_cuda = 0.007686
iter 45: cpu_time_cuda = 0.017338
iter 45: gpu_time_cuda = 0.009652
iter 45: download_copy_time_cuda = 0.000807
iter 45: upload_copy_time_cuda = 0.000863
iter 45: per_iter_time_cuda = 0.030150

iter 46: cpu_time_pred = 0.017031
iter 46: gpu_time_pred = 0.009313
iter 46: slack_pred = 0.007718
iter 46: slack_cuda = 0.007796
iter 46: cpu_time_cuda = 0.017123
iter 46: gpu_time_cuda = 0.009327
iter 46: download_copy_time_cuda = 0.000802
iter 46: upload_copy_time_cuda = 0.000846
iter 46: per_iter_time_cuda = 0.029618

iter 47: cpu_time_pred = 0.016814
iter 47: gpu_time_pred = 0.008994
iter 47: slack_pred = 0.007821
iter 47: slack_cuda = 0.007831
iter 47: cpu_time_cuda = 0.016679
iter 47: gpu_time_cuda = 0.008847
iter 47: download_copy_time_cuda = 0.000785
iter 47: upload_copy_time_cuda = 0.000841
iter 47: per_iter_time_cuda = 0.028577

iter 48: cpu_time_pred = 0.016372
iter 48: gpu_time_pred = 0.008525
iter 48: slack_pred = 0.007847
iter 48: slack_cuda = 0.007760
iter 48: cpu_time_cuda = 0.016400
iter 48: gpu_time_cuda = 0.008639
iter 48: download_copy_time_cuda = 0.000765
iter 48: upload_copy_time_cuda = 0.000812
iter 48: per_iter_time_cuda = 0.028102

iter 49: cpu_time_pred = 0.016092
iter 49: gpu_time_pred = 0.008319
iter 49: slack_pred = 0.007773
iter 49: slack_cuda = 0.007948
iter 49: cpu_time_cuda = 0.016328
iter 49: gpu_time_cuda = 0.008380
iter 49: download_copy_time_cuda = 0.000755
iter 49: upload_copy_time_cuda = 0.000805
iter 49: per_iter_time_cuda = 0.027682

iter 50: cpu_time_pred = 0.016016
iter 50: gpu_time_pred = 0.008063
iter 50: slack_pred = 0.007953
iter 50: slack_cuda = 0.007833
iter 50: cpu_time_cuda = 0.015846
iter 50: gpu_time_cuda = 0.008013
iter 50: download_copy_time_cuda = 0.000742
iter 50: upload_copy_time_cuda = 0.000791
iter 50: per_iter_time_cuda = 0.026836

iter 51: cpu_time_pred = 0.015537
iter 51: gpu_time_pred = 0.007704
iter 51: slack_pred = 0.007833
iter 51: slack_cuda = 0.007865
iter 51: cpu_time_cuda = 0.015524
iter 51: gpu_time_cuda = 0.007659
iter 51: download_copy_time_cuda = 0.000732
iter 51: upload_copy_time_cuda = 0.000781
iter 51: per_iter_time_cuda = 0.026066

iter 52: cpu_time_pred = 0.015216
iter 52: gpu_time_pred = 0.007358
iter 52: slack_pred = 0.007858
iter 52: slack_cuda = 0.007753
iter 52: cpu_time_cuda = 0.015250
iter 52: gpu_time_cuda = 0.007497
iter 52: download_copy_time_cuda = 0.000714
iter 52: upload_copy_time_cuda = 0.000751
iter 52: per_iter_time_cuda = 0.025592

iter 53: cpu_time_pred = 0.014942
iter 53: gpu_time_pred = 0.007197
iter 53: slack_pred = 0.007745
iter 53: slack_cuda = 0.007806
iter 53: cpu_time_cuda = 0.014995
iter 53: gpu_time_cuda = 0.007188
iter 53: download_copy_time_cuda = 0.000701
iter 53: upload_copy_time_cuda = 0.000747
iter 53: per_iter_time_cuda = 0.024951

iter 54: cpu_time_pred = 0.014685
iter 54: gpu_time_pred = 0.006894
iter 54: slack_pred = 0.007791
iter 54: slack_cuda = 0.007788
iter 54: cpu_time_cuda = 0.014753
iter 54: gpu_time_cuda = 0.006965
iter 54: download_copy_time_cuda = 0.000688
iter 54: upload_copy_time_cuda = 0.000734
iter 54: per_iter_time_cuda = 0.024495

iter 55: cpu_time_pred = 0.014442
iter 55: gpu_time_pred = 0.006674
iter 55: slack_pred = 0.007767
iter 55: slack_cuda = 0.007732
iter 55: cpu_time_cuda = 0.014314
iter 55: gpu_time_cuda = 0.006582
iter 55: download_copy_time_cuda = 0.000683
iter 55: upload_copy_time_cuda = 0.000715
iter 55: per_iter_time_cuda = 0.023560

iter 56: cpu_time_pred = 0.014005
iter 56: gpu_time_pred = 0.006301
iter 56: slack_pred = 0.007704
iter 56: slack_cuda = 0.007775
iter 56: cpu_time_cuda = 0.014111
iter 56: gpu_time_cuda = 0.006336
iter 56: download_copy_time_cuda = 0.000658
iter 56: upload_copy_time_cuda = 0.000695
iter 56: per_iter_time_cuda = 0.023118

iter 57: cpu_time_pred = 0.013800
iter 57: gpu_time_pred = 0.006060
iter 57: slack_pred = 0.007740
iter 57: slack_cuda = 0.007867
iter 57: cpu_time_cuda = 0.013924
iter 57: gpu_time_cuda = 0.006058
iter 57: download_copy_time_cuda = 0.000648
iter 57: upload_copy_time_cuda = 0.000688
iter 57: per_iter_time_cuda = 0.022549

iter 58: cpu_time_pred = 0.013611
iter 58: gpu_time_pred = 0.005788
iter 58: slack_pred = 0.007823
iter 58: slack_cuda = 0.007713
iter 58: cpu_time_cuda = 0.013550
iter 58: gpu_time_cuda = 0.005837
iter 58: download_copy_time_cuda = 0.000629
iter 58: upload_copy_time_cuda = 0.000674
iter 58: per_iter_time_cuda = 0.021962

iter 59: cpu_time_pred = 0.013238
iter 59: gpu_time_pred = 0.005571
iter 59: slack_pred = 0.007666
iter 59: slack_cuda = 0.007673
iter 59: cpu_time_cuda = 0.013210
iter 59: gpu_time_cuda = 0.005536
iter 59: download_copy_time_cuda = 0.000620
iter 59: upload_copy_time_cuda = 0.000659
iter 59: per_iter_time_cuda = 0.021228

iter 60: cpu_time_pred = 0.012898
iter 60: gpu_time_pred = 0.005278
iter 60: slack_pred = 0.007620
iter 60: slack_cuda = 0.007564
iter 60: cpu_time_cuda = 0.012877
iter 60: gpu_time_cuda = 0.005313
iter 60: download_copy_time_cuda = 0.000612
iter 60: upload_copy_time_cuda = 0.000638
iter 60: per_iter_time_cuda = 0.020689

iter 61: cpu_time_pred = 0.012566
iter 61: gpu_time_pred = 0.005059
iter 61: slack_pred = 0.007507
iter 61: slack_cuda = 0.007437
iter 61: cpu_time_cuda = 0.012559
iter 61: gpu_time_cuda = 0.005122
iter 61: download_copy_time_cuda = 0.000594
iter 61: upload_copy_time_cuda = 0.000630
iter 61: per_iter_time_cuda = 0.020081

iter 62: cpu_time_pred = 0.012248
iter 62: gpu_time_pred = 0.004872
iter 62: slack_pred = 0.007376
iter 62: slack_cuda = 0.007444
iter 62: cpu_time_cuda = 0.012380
iter 62: gpu_time_cuda = 0.004936
iter 62: download_copy_time_cuda = 0.000577
iter 62: upload_copy_time_cuda = 0.000614
iter 62: per_iter_time_cuda = 0.019708

iter 63: cpu_time_pred = 0.012066
iter 63: gpu_time_pred = 0.004689
iter 63: slack_pred = 0.007377
iter 63: slack_cuda = 0.007482
iter 63: cpu_time_cuda = 0.011979
iter 63: gpu_time_cuda = 0.004497
iter 63: download_copy_time_cuda = 0.000565
iter 63: upload_copy_time_cuda = 0.000605
iter 63: per_iter_time_cuda = 0.018767

iter 64: cpu_time_pred = 0.011667
iter 64: gpu_time_pred = 0.004266
iter 64: slack_pred = 0.007401
iter 64: slack_cuda = 0.007327
iter 64: cpu_time_cuda = 0.011673
iter 64: gpu_time_cuda = 0.004346
iter 64: download_copy_time_cuda = 0.000559
iter 64: upload_copy_time_cuda = 0.000578
iter 64: per_iter_time_cuda = 0.018302

iter 65: cpu_time_pred = 0.011361
iter 65: gpu_time_pred = 0.004117
iter 65: slack_pred = 0.007244
iter 65: slack_cuda = 0.007181
iter 65: cpu_time_cuda = 0.011399
iter 65: gpu_time_cuda = 0.004218
iter 65: download_copy_time_cuda = 0.000544
iter 65: upload_copy_time_cuda = 0.000570
iter 65: per_iter_time_cuda = 0.017826

iter 66: cpu_time_pred = 0.011086
iter 66: gpu_time_pred = 0.003990
iter 66: slack_pred = 0.007096
iter 66: slack_cuda = 0.007023
iter 66: cpu_time_cuda = 0.010986
iter 66: gpu_time_cuda = 0.003963
iter 66: download_copy_time_cuda = 0.000524
iter 66: upload_copy_time_cuda = 0.000558
iter 66: per_iter_time_cuda = 0.017146

iter 67: cpu_time_pred = 0.010676
iter 67: gpu_time_pred = 0.003742
iter 67: slack_pred = 0.006934
iter 67: slack_cuda = 0.007030
iter 67: cpu_time_cuda = 0.010797
iter 67: gpu_time_cuda = 0.003767
iter 67: download_copy_time_cuda = 0.000512
iter 67: upload_copy_time_cuda = 0.000543
iter 67: per_iter_time_cuda = 0.016653

iter 68: cpu_time_pred = 0.010483
iter 68: gpu_time_pred = 0.003551
iter 68: slack_pred = 0.006932
iter 68: slack_cuda = 0.006959
iter 68: cpu_time_cuda = 0.010534
iter 68: gpu_time_cuda = 0.003575
iter 68: download_copy_time_cuda = 0.000497
iter 68: upload_copy_time_cuda = 0.000525
iter 68: per_iter_time_cuda = 0.016177

iter 69: cpu_time_pred = 0.010219
iter 69: gpu_time_pred = 0.003364
iter 69: slack_pred = 0.006855
iter 69: slack_cuda = 0.006865
iter 69: cpu_time_cuda = 0.010239
iter 69: gpu_time_cuda = 0.003373
iter 69: download_copy_time_cuda = 0.000493
iter 69: upload_copy_time_cuda = 0.000516
iter 69: per_iter_time_cuda = 0.015617

iter 70: cpu_time_pred = 0.009923
iter 70: gpu_time_pred = 0.003168
iter 70: slack_pred = 0.006754
iter 70: slack_cuda = 0.006783
iter 70: cpu_time_cuda = 0.009990
iter 70: gpu_time_cuda = 0.003207
iter 70: download_copy_time_cuda = 0.000475
iter 70: upload_copy_time_cuda = 0.000504
iter 70: per_iter_time_cuda = 0.015185

iter 71: cpu_time_pred = 0.009672
iter 71: gpu_time_pred = 0.003006
iter 71: slack_pred = 0.006666
iter 71: slack_cuda = 0.006591
iter 71: cpu_time_cuda = 0.009623
iter 71: gpu_time_cuda = 0.003032
iter 71: download_copy_time_cuda = 0.000459
iter 71: upload_copy_time_cuda = 0.000486
iter 71: per_iter_time_cuda = 0.014543

iter 72: cpu_time_pred = 0.009307
iter 72: gpu_time_pred = 0.002836
iter 72: slack_pred = 0.006471
iter 72: slack_cuda = 0.006459
iter 72: cpu_time_cuda = 0.009327
iter 72: gpu_time_cuda = 0.002869
iter 72: download_copy_time_cuda = 0.000440
iter 72: upload_copy_time_cuda = 0.000467
iter 72: per_iter_time_cuda = 0.014076

iter 73: cpu_time_pred = 0.009010
iter 73: gpu_time_pred = 0.002677
iter 73: slack_pred = 0.006333
iter 73: slack_cuda = 0.006448
iter 73: cpu_time_cuda = 0.009080
iter 73: gpu_time_cuda = 0.002632
iter 73: download_copy_time_cuda = 0.000438
iter 73: upload_copy_time_cuda = 0.000465
iter 73: per_iter_time_cuda = 0.013545

iter 74: cpu_time_pred = 0.008760
iter 74: gpu_time_pred = 0.002450
iter 74: slack_pred = 0.006311
iter 74: slack_cuda = 0.006245
iter 74: cpu_time_cuda = 0.008718
iter 74: gpu_time_cuda = 0.002472
iter 74: download_copy_time_cuda = 0.000422
iter 74: upload_copy_time_cuda = 0.000447
iter 74: per_iter_time_cuda = 0.013021

iter 75: cpu_time_pred = 0.008400
iter 75: gpu_time_pred = 0.002295
iter 75: slack_pred = 0.006104
iter 75: slack_cuda = 0.006039
iter 75: cpu_time_cuda = 0.008479
iter 75: gpu_time_cuda = 0.002440
iter 75: download_copy_time_cuda = 0.000411
iter 75: upload_copy_time_cuda = 0.000447
iter 75: per_iter_time_cuda = 0.012686

iter 76: cpu_time_pred = 0.008158
iter 76: gpu_time_pred = 0.002259
iter 76: slack_pred = 0.005899
iter 76: slack_cuda = 0.005920
iter 76: cpu_time_cuda = 0.008104
iter 76: gpu_time_cuda = 0.002184
iter 76: download_copy_time_cuda = 0.000388
iter 76: upload_copy_time_cuda = 0.000439
iter 76: per_iter_time_cuda = 0.012018

iter 77: cpu_time_pred = 0.007785
iter 77: gpu_time_pred = 0.002016
iter 77: slack_pred = 0.005769
iter 77: slack_cuda = 0.005727
iter 77: cpu_time_cuda = 0.007814
iter 77: gpu_time_cuda = 0.002087
iter 77: download_copy_time_cuda = 0.000385
iter 77: upload_copy_time_cuda = 0.000442
iter 77: per_iter_time_cuda = 0.011588

iter 78: cpu_time_pred = 0.007494
iter 78: gpu_time_pred = 0.001920
iter 78: slack_pred = 0.005574
iter 78: slack_cuda = 0.005743
iter 78: cpu_time_cuda = 0.007620
iter 78: gpu_time_cuda = 0.001876
iter 78: download_copy_time_cuda = 0.000368
iter 78: upload_copy_time_cuda = 0.000437
iter 78: per_iter_time_cuda = 0.011145

iter 79: cpu_time_pred = 0.007294
iter 79: gpu_time_pred = 0.001719
iter 79: slack_pred = 0.005575
iter 79: slack_cuda = 0.005544
iter 79: cpu_time_cuda = 0.007264
iter 79: gpu_time_cuda = 0.001720
iter 79: download_copy_time_cuda = 0.000352
iter 79: upload_copy_time_cuda = 0.000440
iter 79: per_iter_time_cuda = 0.010580

iter 80: cpu_time_pred = 0.006940
iter 80: gpu_time_pred = 0.001570
iter 80: slack_pred = 0.005370
iter 80: slack_cuda = 0.005348
iter 80: cpu_time_cuda = 0.006947
iter 80: gpu_time_cuda = 0.001600
iter 80: download_copy_time_cuda = 0.000336
iter 80: upload_copy_time_cuda = 0.000428
iter 80: per_iter_time_cuda = 0.010127

iter 81: cpu_time_pred = 0.006622
iter 81: gpu_time_pred = 0.001454
iter 81: slack_pred = 0.005169
iter 81: slack_cuda = 0.005166
iter 81: cpu_time_cuda = 0.006657
iter 81: gpu_time_cuda = 0.001491
iter 81: download_copy_time_cuda = 0.000333
iter 81: upload_copy_time_cuda = 0.000442
iter 81: per_iter_time_cuda = 0.009677

iter 82: cpu_time_pred = 0.006331
iter 82: gpu_time_pred = 0.001349
iter 82: slack_pred = 0.004982
iter 82: slack_cuda = 0.004978
iter 82: cpu_time_cuda = 0.006369
iter 82: gpu_time_cuda = 0.001392
iter 82: download_copy_time_cuda = 0.000313
iter 82: upload_copy_time_cuda = 0.000430
iter 82: per_iter_time_cuda = 0.009281

iter 83: cpu_time_pred = 0.006041
iter 83: gpu_time_pred = 0.001252
iter 83: slack_pred = 0.004789
iter 83: slack_cuda = 0.004875
iter 83: cpu_time_cuda = 0.006115
iter 83: gpu_time_cuda = 0.001240
iter 83: download_copy_time_cuda = 0.000297
iter 83: upload_copy_time_cuda = 0.000429
iter 83: per_iter_time_cuda = 0.008817

iter 84: cpu_time_pred = 0.005783
iter 84: gpu_time_pred = 0.001109
iter 84: slack_pred = 0.004674
iter 84: slack_cuda = 0.004694
iter 84: cpu_time_cuda = 0.005829
iter 84: gpu_time_cuda = 0.001135
iter 84: download_copy_time_cuda = 0.000281
iter 84: upload_copy_time_cuda = 0.000424
iter 84: per_iter_time_cuda = 0.008394

iter 85: cpu_time_pred = 0.005494
iter 85: gpu_time_pred = 0.001008
iter 85: slack_pred = 0.004486
iter 85: slack_cuda = 0.004463
iter 85: cpu_time_cuda = 0.005509
iter 85: gpu_time_cuda = 0.001046
iter 85: download_copy_time_cuda = 0.000265
iter 85: upload_copy_time_cuda = 0.000419
iter 85: per_iter_time_cuda = 0.007884

iter 86: cpu_time_pred = 0.005173
iter 86: gpu_time_pred = 0.000922
iter 86: slack_pred = 0.004251
iter 86: slack_cuda = 0.004262
iter 86: cpu_time_cuda = 0.005191
iter 86: gpu_time_cuda = 0.000929
iter 86: download_copy_time_cuda = 0.000264
iter 86: upload_copy_time_cuda = 0.000408
iter 86: per_iter_time_cuda = 0.007466

iter 87: cpu_time_pred = 0.004854
iter 87: gpu_time_pred = 0.000812
iter 87: slack_pred = 0.004042
iter 87: slack_cuda = 0.004046
iter 87: cpu_time_cuda = 0.004889
iter 87: gpu_time_cuda = 0.000844
iter 87: download_copy_time_cuda = 0.000245
iter 87: upload_copy_time_cuda = 0.000411
iter 87: per_iter_time_cuda = 0.006998

iter 88: cpu_time_pred = 0.004550
iter 88: gpu_time_pred = 0.000731
iter 88: slack_pred = 0.003819
iter 88: slack_cuda = 0.003835
iter 88: cpu_time_cuda = 0.004572
iter 88: gpu_time_cuda = 0.000737
iter 88: download_copy_time_cuda = 0.000225
iter 88: upload_copy_time_cuda = 0.000410
iter 88: per_iter_time_cuda = 0.006579

iter 89: cpu_time_pred = 0.004230
iter 89: gpu_time_pred = 0.000631
iter 89: slack_pred = 0.003599
iter 89: slack_cuda = 0.003592
iter 89: cpu_time_cuda = 0.004256
iter 89: gpu_time_cuda = 0.000664
iter 89: download_copy_time_cuda = 0.000215
iter 89: upload_copy_time_cuda = 0.000413
iter 89: per_iter_time_cuda = 0.006127

iter 90: cpu_time_pred = 0.003913
iter 90: gpu_time_pred = 0.000561
iter 90: slack_pred = 0.003352
iter 90: slack_cuda = 0.003364
iter 90: cpu_time_cuda = 0.003965
iter 90: gpu_time_cuda = 0.000601
iter 90: download_copy_time_cuda = 0.000209
iter 90: upload_copy_time_cuda = 0.000407
iter 90: per_iter_time_cuda = 0.005762

iter 91: cpu_time_pred = 0.003617
iter 91: gpu_time_pred = 0.000500
iter 91: slack_pred = 0.003117
iter 91: slack_cuda = 0.003179
iter 91: cpu_time_cuda = 0.003647
iter 91: gpu_time_cuda = 0.000469
iter 91: download_copy_time_cuda = 0.000191
iter 91: upload_copy_time_cuda = 0.000404
iter 91: per_iter_time_cuda = 0.005250

iter 92: cpu_time_pred = 0.003297
iter 92: gpu_time_pred = 0.000383
iter 92: slack_pred = 0.002914
iter 92: slack_cuda = 0.002911
iter 92: cpu_time_cuda = 0.003342
iter 92: gpu_time_cuda = 0.000431
iter 92: download_copy_time_cuda = 0.000172
iter 92: upload_copy_time_cuda = 0.000402
iter 92: per_iter_time_cuda = 0.004896

iter 93: cpu_time_pred = 0.002987
iter 93: gpu_time_pred = 0.000344
iter 93: slack_pred = 0.002643
iter 93: slack_cuda = 0.002687
iter 93: cpu_time_cuda = 0.003073
iter 93: gpu_time_cuda = 0.000386
iter 93: download_copy_time_cuda = 0.000170
iter 93: upload_copy_time_cuda = 0.000408
iter 93: per_iter_time_cuda = 0.004571

iter 94: cpu_time_pred = 0.002707
iter 94: gpu_time_pred = 0.000300
iter 94: slack_pred = 0.002407
iter 94: slack_cuda = 0.002462
iter 94: cpu_time_cuda = 0.002797
iter 94: gpu_time_cuda = 0.000335
iter 94: download_copy_time_cuda = 0.000156
iter 94: upload_copy_time_cuda = 0.000402
iter 94: per_iter_time_cuda = 0.004176

iter 95: cpu_time_pred = 0.002419
iter 95: gpu_time_pred = 0.000251
iter 95: slack_pred = 0.002169
iter 95: slack_cuda = 0.002264
iter 95: cpu_time_cuda = 0.002512
iter 95: gpu_time_cuda = 0.000248
iter 95: download_copy_time_cuda = 0.000145
iter 95: upload_copy_time_cuda = 0.000390
iter 95: per_iter_time_cuda = 0.003768

iter 96: cpu_time_pred = 0.002119
iter 96: gpu_time_pred = 0.000176
iter 96: slack_pred = 0.001943
iter 96: slack_cuda = 0.002034
iter 96: cpu_time_cuda = 0.002222
iter 96: gpu_time_cuda = 0.000188
iter 96: download_copy_time_cuda = 0.000145
iter 96: upload_copy_time_cuda = 0.000399
iter 96: per_iter_time_cuda = 0.003412

iter 97: cpu_time_pred = 0.001810
iter 97: gpu_time_pred = 0.000125
iter 97: slack_pred = 0.001685
iter 97: slack_cuda = 0.001795
iter 97: cpu_time_cuda = 0.001939
iter 97: gpu_time_cuda = 0.000145
iter 97: download_copy_time_cuda = 0.000126
iter 97: upload_copy_time_cuda = 0.000391
iter 97: per_iter_time_cuda = 0.003030

iter 98: cpu_time_pred = 0.001498
iter 98: gpu_time_pred = 0.000086
iter 98: slack_pred = 0.001412
iter 98: slack_cuda = 0.001563
iter 98: cpu_time_cuda = 0.001667
iter 98: gpu_time_cuda = 0.000104
iter 98: download_copy_time_cuda = 0.000117
iter 98: upload_copy_time_cuda = 0.000385
iter 98: per_iter_time_cuda = 0.002695

iter 99: cpu_time_pred = 0.001177
iter 99: gpu_time_pred = 0.000052
iter 99: slack_pred = 0.001125
iter 99: slack_cuda = 0.001315
iter 99: cpu_time_cuda = 0.001391
iter 99: gpu_time_cuda = 0.000076
iter 99: download_copy_time_cuda = 0.000106
iter 99: upload_copy_time_cuda = 0.000380
iter 99: per_iter_time_cuda = 0.002358

iter 100: cpu_time_pred = 0.000811
iter 100: gpu_time_pred = 0.000026
iter 100: slack_pred = 0.000786
iter 100: slack_cuda = 0.001052
iter 100: cpu_time_cuda = 0.001128
iter 100: gpu_time_cuda = 0.000075
iter 100: download_copy_time_cuda = 0.000103
iter 100: upload_copy_time_cuda = 0.000386
iter 100: per_iter_time_cuda = 0.002100

iter 101: cpu_time_pred = 0.000322
iter 101: gpu_time_pred = 0.000006
iter 101: slack_pred = 0.000316
iter 101: slack_cuda = 0.000616
iter 101: cpu_time_cuda = 0.000676
iter 101: gpu_time_cuda = 0.000060
iter 101: download_copy_time_cuda = 0.000089
iter 101: upload_copy_time_cuda = 0.000379
iter 101: per_iter_time_cuda = 0.001592

total_slack_overflow = 0.000000
total_cpu_time_cuda = 1.560900
total_gpu_time_cuda = 1.025029
total_copy_time_cuda = 0.158296
main_loop_time_cuda = 2.892768
Normalized difference of predicted CPU runtime per iteration is: -1.420012%
Normalized difference of predicted GPU runtime per iteration is: -2.866795%
Normalized difference of predicted slack per iteration is: -1.730895%
10240 10240     ---   (  ---  )    223.23 (   3.21)     ---   
total_time = 6.998070
6.20user 1.13system 0:08.65elapsed 84%CPU (0avgtext+0avgdata 972912maxresident)k
3920inputs+0outputs (1major+225556minor)pagefaults 0swaps
send out message: 22 3 log
