send out message: 24 37 /home/lchen/MAGMA/magma-1.6.1/results
send out message: 20 26 MAGMA_LU_GPUDVFS.total.pwr
MAGMA 1.6.1  compiled for CUDA capability >= 3.0
CUDA runtime 5000, driver 6050. MAGMA not compiled with OpenMP. 
ndevices 1
device 0: Tesla K20c, 705.5 MHz clock, 4799.6 MB memory, capability 3.5
Usage: /home/lchen/MAGMA/magma-1.6.1/testing/testing_dgeqrf [options] [-h|--help]

ngpu 1
    M     N   CPU GFlop/s (sec)   GPU GFlop/s (sec)   |R - Q^H*A|   |I - Q^H*Q|
===============================================================================
init_time = 2.778582
iter 0: cpu_time_cuda = 0.000002
iter 0: gpu_time1_cuda = 0.000000
iter 0: gpu_time2_cuda = 0.003809
iter 0: upload_copy_time1_cuda = 0.001622
iter 0: download_copy_time_cuda = -2376863.750000
iter 0: upload_copy_time2_cuda = 0.000073
iter 0: download_copy_time_cuda = 0.000000

iter 1: cpu_time_cuda = 0.110038
iter 1: gpu_time1_cuda = 0.059030
iter 1: gpu_time2_cuda = 0.003748
iter 1: upload_copy_time1_cuda = 0.001586
iter 1: download_copy_time_cuda = 0.001509
iter 1: upload_copy_time2_cuda = 0.000068
iter 1: download_copy_time_cuda = 0.000070

iter 2: cpu_time_cuda = 0.108372
iter 2: gpu_time1_cuda = 0.055639
iter 2: gpu_time2_cuda = 0.003680
iter 2: upload_copy_time1_cuda = 0.001562
iter 2: download_copy_time_cuda = 0.001482
iter 2: upload_copy_time2_cuda = 0.000065
iter 2: download_copy_time_cuda = 0.000086

iter 3: cpu_time_cuda = 0.107344
iter 3: gpu_time1_cuda = 0.053872
iter 3: gpu_time2_cuda = 0.003638
iter 3: upload_copy_time1_cuda = 0.001548
iter 3: download_copy_time_cuda = 0.001475
iter 3: upload_copy_time2_cuda = 0.000066
iter 3: download_copy_time_cuda = 0.000098

iter 4: cpu_time_cuda = 0.105832
iter 4: gpu_time1_cuda = 0.053764
iter 4: gpu_time2_cuda = 0.003629
iter 4: upload_copy_time1_cuda = 0.001525
iter 4: download_copy_time_cuda = 0.001450
iter 4: upload_copy_time2_cuda = 0.000066
iter 4: download_copy_time_cuda = 0.000109

iter 5: cpu_time_cuda = 0.104430
iter 5: gpu_time1_cuda = 0.051479
iter 5: gpu_time2_cuda = 0.003568
iter 5: upload_copy_time1_cuda = 0.001508
iter 5: download_copy_time_cuda = 0.001428
iter 5: upload_copy_time2_cuda = 0.000065
iter 5: download_copy_time_cuda = 0.000115

iter 6: cpu_time_cuda = 0.103360
iter 6: gpu_time1_cuda = 0.051052
iter 6: gpu_time2_cuda = 0.003525
iter 6: upload_copy_time1_cuda = 0.001492
iter 6: download_copy_time_cuda = 0.001404
iter 6: upload_copy_time2_cuda = 0.000067
iter 6: download_copy_time_cuda = 0.000126

iter 7: cpu_time_cuda = 0.101675
iter 7: gpu_time1_cuda = 0.049621
iter 7: gpu_time2_cuda = 0.003492
iter 7: upload_copy_time1_cuda = 0.001467
iter 7: download_copy_time_cuda = 0.001393
iter 7: upload_copy_time2_cuda = 0.000065
iter 7: download_copy_time_cuda = 0.000137

iter 8: cpu_time_cuda = 0.100395
iter 8: gpu_time1_cuda = 0.050219
iter 8: gpu_time2_cuda = 0.003444
iter 8: upload_copy_time1_cuda = 0.001449
iter 8: download_copy_time_cuda = 0.001370
iter 8: upload_copy_time2_cuda = 0.000065
iter 8: download_copy_time_cuda = 0.000158

iter 9: cpu_time_cuda = 0.099470
iter 9: gpu_time1_cuda = 0.048091
iter 9: gpu_time2_cuda = 0.003397
iter 9: upload_copy_time1_cuda = 0.001438
iter 9: download_copy_time_cuda = 0.001352
iter 9: upload_copy_time2_cuda = 0.000066
iter 9: download_copy_time_cuda = 0.000174

iter 10: cpu_time_cuda = 0.097808
iter 10: gpu_time1_cuda = 0.047173
iter 10: gpu_time2_cuda = 0.003346
iter 10: upload_copy_time1_cuda = 0.001418
iter 10: download_copy_time_cuda = 0.001348
iter 10: upload_copy_time2_cuda = 0.000066
iter 10: download_copy_time_cuda = 0.000189

iter 11: cpu_time_cuda = 0.096661
iter 11: gpu_time1_cuda = 0.045562
iter 11: gpu_time2_cuda = 0.003311
iter 11: upload_copy_time1_cuda = 0.001398
iter 11: download_copy_time_cuda = 0.001321
iter 11: upload_copy_time2_cuda = 0.000064
iter 11: download_copy_time_cuda = 0.000206

iter 12: cpu_time_cuda = 0.095443
iter 12: gpu_time1_cuda = 0.045583
iter 12: gpu_time2_cuda = 0.003277
iter 12: upload_copy_time1_cuda = 0.001381
iter 12: download_copy_time_cuda = 0.001311
iter 12: upload_copy_time2_cuda = 0.000068
iter 12: download_copy_time_cuda = 0.000220

iter 13: cpu_time_cuda = 0.094237
iter 13: gpu_time1_cuda = 0.043405
iter 13: gpu_time2_cuda = 0.003229
iter 13: upload_copy_time1_cuda = 0.001365
iter 13: download_copy_time_cuda = 0.001285
iter 13: upload_copy_time2_cuda = 0.000070
iter 13: download_copy_time_cuda = 0.000236

iter 14: cpu_time_cuda = 0.092634
iter 14: gpu_time1_cuda = 0.043787
iter 14: gpu_time2_cuda = 0.003181
iter 14: upload_copy_time1_cuda = 0.001340
iter 14: download_copy_time_cuda = 0.001268
iter 14: upload_copy_time2_cuda = 0.000065
iter 14: download_copy_time_cuda = 0.000256

iter 15: cpu_time_cuda = 0.091466
iter 15: gpu_time1_cuda = 0.039274
iter 15: gpu_time2_cuda = 0.003139
iter 15: upload_copy_time1_cuda = 0.001318
iter 15: download_copy_time_cuda = 0.001263
iter 15: upload_copy_time2_cuda = 0.000064
iter 15: download_copy_time_cuda = 0.000270

iter 16: cpu_time_cuda = 0.090137
iter 16: gpu_time1_cuda = 0.039205
iter 16: gpu_time2_cuda = 0.003095
iter 16: upload_copy_time1_cuda = 0.001304
iter 16: download_copy_time_cuda = 0.001259
iter 16: upload_copy_time2_cuda = 0.000065
iter 16: download_copy_time_cuda = 0.000295

iter 17: cpu_time_cuda = 0.088610
iter 17: gpu_time1_cuda = 0.037544
iter 17: gpu_time2_cuda = 0.003059
iter 17: upload_copy_time1_cuda = 0.001282
iter 17: download_copy_time_cuda = 0.001231
iter 17: upload_copy_time2_cuda = 0.000061
iter 17: download_copy_time_cuda = 0.000315

iter 18: cpu_time_cuda = 0.087577
iter 18: gpu_time1_cuda = 0.037366
iter 18: gpu_time2_cuda = 0.003010
iter 18: upload_copy_time1_cuda = 0.001270
iter 18: download_copy_time_cuda = 0.001203
iter 18: upload_copy_time2_cuda = 0.000063
iter 18: download_copy_time_cuda = 0.000325

iter 19: cpu_time_cuda = 0.086242
iter 19: gpu_time1_cuda = 0.035755
iter 19: gpu_time2_cuda = 0.002972
iter 19: upload_copy_time1_cuda = 0.001252
iter 19: download_copy_time_cuda = 0.001186
iter 19: upload_copy_time2_cuda = 0.000066
iter 19: download_copy_time_cuda = 0.000346

iter 20: cpu_time_cuda = 0.085106
iter 20: gpu_time1_cuda = 0.035743
iter 20: gpu_time2_cuda = 0.002964
iter 20: upload_copy_time1_cuda = 0.001248
iter 20: download_copy_time_cuda = 0.001184
iter 20: upload_copy_time2_cuda = 0.000066
iter 20: download_copy_time_cuda = 0.000361

iter 21: cpu_time_cuda = 0.083912
iter 21: gpu_time1_cuda = 0.034380
iter 21: gpu_time2_cuda = 0.002892
iter 21: upload_copy_time1_cuda = 0.001217
iter 21: download_copy_time_cuda = 0.001155
iter 21: upload_copy_time2_cuda = 0.000065
iter 21: download_copy_time_cuda = 0.000373

iter 22: cpu_time_cuda = 0.082052
iter 22: gpu_time1_cuda = 0.033073
iter 22: gpu_time2_cuda = 0.002851
iter 22: upload_copy_time1_cuda = 0.001194
iter 22: download_copy_time_cuda = 0.001141
iter 22: upload_copy_time2_cuda = 0.000065
iter 22: download_copy_time_cuda = 0.000393

iter 23: cpu_time_cuda = 0.080859
iter 23: gpu_time1_cuda = 0.031881
iter 23: gpu_time2_cuda = 0.002809
iter 23: upload_copy_time1_cuda = 0.001178
iter 23: download_copy_time_cuda = 0.001121
iter 23: upload_copy_time2_cuda = 0.000066
iter 23: download_copy_time_cuda = 0.000410

iter 24: cpu_time_cuda = 0.079694
iter 24: gpu_time1_cuda = 0.031921
iter 24: gpu_time2_cuda = 0.002760
iter 24: upload_copy_time1_cuda = 0.001154
iter 24: download_copy_time_cuda = 0.001098
iter 24: upload_copy_time2_cuda = 0.000064
iter 24: download_copy_time_cuda = 0.000424

iter 25: cpu_time_cuda = 0.078285
iter 25: gpu_time1_cuda = 0.030655
iter 25: gpu_time2_cuda = 0.002729
iter 25: upload_copy_time1_cuda = 0.001138
iter 25: download_copy_time_cuda = 0.001079
iter 25: upload_copy_time2_cuda = 0.000060
iter 25: download_copy_time_cuda = 0.000450

iter 26: cpu_time_cuda = 0.077105
iter 26: gpu_time1_cuda = 0.030119
iter 26: gpu_time2_cuda = 0.002678
iter 26: upload_copy_time1_cuda = 0.001115
iter 26: download_copy_time_cuda = 0.001061
iter 26: upload_copy_time2_cuda = 0.000061
iter 26: download_copy_time_cuda = 0.000466

iter 27: cpu_time_cuda = 0.075754
iter 27: gpu_time1_cuda = 0.029024
iter 27: gpu_time2_cuda = 0.002642
iter 27: upload_copy_time1_cuda = 0.001097
iter 27: download_copy_time_cuda = 0.001065
iter 27: upload_copy_time2_cuda = 0.000060
iter 27: download_copy_time_cuda = 0.000481

iter 28: cpu_time_cuda = 0.074326
iter 28: gpu_time1_cuda = 0.028730
iter 28: gpu_time2_cuda = 0.002597
iter 28: upload_copy_time1_cuda = 0.001078
iter 28: download_copy_time_cuda = 0.001038
iter 28: upload_copy_time2_cuda = 0.000061
iter 28: download_copy_time_cuda = 0.000494

iter 29: cpu_time_cuda = 0.073987
iter 29: gpu_time1_cuda = 0.025472
iter 29: gpu_time2_cuda = 0.002566
iter 29: upload_copy_time1_cuda = 0.001069
iter 29: download_copy_time_cuda = 0.001014
iter 29: upload_copy_time2_cuda = 0.000067
iter 29: download_copy_time_cuda = 0.000513

iter 30: cpu_time_cuda = 0.071520
iter 30: gpu_time1_cuda = 0.025205
iter 30: gpu_time2_cuda = 0.002490
iter 30: upload_copy_time1_cuda = 0.001048
iter 30: download_copy_time_cuda = 0.001004
iter 30: upload_copy_time2_cuda = 0.000065
iter 30: download_copy_time_cuda = 0.000532

iter 31: cpu_time_cuda = 0.070137
iter 31: gpu_time1_cuda = 0.024008
iter 31: gpu_time2_cuda = 0.002464
iter 31: upload_copy_time1_cuda = 0.001062
iter 31: download_copy_time_cuda = 0.000980
iter 31: upload_copy_time2_cuda = 0.000064
iter 31: download_copy_time_cuda = 0.000545

iter 32: cpu_time_cuda = 0.068968
iter 32: gpu_time1_cuda = 0.023805
iter 32: gpu_time2_cuda = 0.002414
iter 32: upload_copy_time1_cuda = 0.001012
iter 32: download_copy_time_cuda = 0.000960
iter 32: upload_copy_time2_cuda = 0.000064
iter 32: download_copy_time_cuda = 0.000562

iter 33: cpu_time_cuda = 0.067893
iter 33: gpu_time1_cuda = 0.022696
iter 33: gpu_time2_cuda = 0.002395
iter 33: upload_copy_time1_cuda = 0.000994
iter 33: download_copy_time_cuda = 0.000948
iter 33: upload_copy_time2_cuda = 0.000065
iter 33: download_copy_time_cuda = 0.000586

iter 34: cpu_time_cuda = 0.066383
iter 34: gpu_time1_cuda = 0.022781
iter 34: gpu_time2_cuda = 0.002349
iter 34: upload_copy_time1_cuda = 0.000973
iter 34: download_copy_time_cuda = 0.000939
iter 34: upload_copy_time2_cuda = 0.000064
iter 34: download_copy_time_cuda = 0.000603

iter 35: cpu_time_cuda = 0.065186
iter 35: gpu_time1_cuda = 0.021458
iter 35: gpu_time2_cuda = 0.002310
iter 35: upload_copy_time1_cuda = 0.000949
iter 35: download_copy_time_cuda = 0.000909
iter 35: upload_copy_time2_cuda = 0.000064
iter 35: download_copy_time_cuda = 0.000619

iter 36: cpu_time_cuda = 0.063931
iter 36: gpu_time1_cuda = 0.021375
iter 36: gpu_time2_cuda = 0.002267
iter 36: upload_copy_time1_cuda = 0.000939
iter 36: download_copy_time_cuda = 0.000897
iter 36: upload_copy_time2_cuda = 0.000065
iter 36: download_copy_time_cuda = 0.000635

iter 37: cpu_time_cuda = 0.062815
iter 37: gpu_time1_cuda = 0.020096
iter 37: gpu_time2_cuda = 0.002226
iter 37: upload_copy_time1_cuda = 0.000913
iter 37: download_copy_time_cuda = 0.000873
iter 37: upload_copy_time2_cuda = 0.000067
iter 37: download_copy_time_cuda = 0.000652

iter 38: cpu_time_cuda = 0.061296
iter 38: gpu_time1_cuda = 0.019475
iter 38: gpu_time2_cuda = 0.002178
iter 38: upload_copy_time1_cuda = 0.000895
iter 38: download_copy_time_cuda = 0.000855
iter 38: upload_copy_time2_cuda = 0.000063
iter 38: download_copy_time_cuda = 0.000665

iter 39: cpu_time_cuda = 0.059878
iter 39: gpu_time1_cuda = 0.018471
iter 39: gpu_time2_cuda = 0.002152
iter 39: upload_copy_time1_cuda = 0.000885
iter 39: download_copy_time_cuda = 0.000839
iter 39: upload_copy_time2_cuda = 0.000065
iter 39: download_copy_time_cuda = 0.000682

iter 40: cpu_time_cuda = 0.058819
iter 40: gpu_time1_cuda = 0.018656
iter 40: gpu_time2_cuda = 0.002100
iter 40: upload_copy_time1_cuda = 0.000868
iter 40: download_copy_time_cuda = 0.000833
iter 40: upload_copy_time2_cuda = 0.000066
iter 40: download_copy_time_cuda = 0.000699

iter 41: cpu_time_cuda = 0.057301
iter 41: gpu_time1_cuda = 0.017551
iter 41: gpu_time2_cuda = 0.002034
iter 41: upload_copy_time1_cuda = 0.000847
iter 41: download_copy_time_cuda = 0.000813
iter 41: upload_copy_time2_cuda = 0.000064
iter 41: download_copy_time_cuda = 0.000725

iter 42: cpu_time_cuda = 0.056211
iter 42: gpu_time1_cuda = 0.017709
iter 42: gpu_time2_cuda = 0.001990
iter 42: upload_copy_time1_cuda = 0.000826
iter 42: download_copy_time_cuda = 0.000794
iter 42: upload_copy_time2_cuda = 0.000064
iter 42: download_copy_time_cuda = 0.000740

iter 43: cpu_time_cuda = 0.054763
iter 43: gpu_time1_cuda = 0.014570
iter 43: gpu_time2_cuda = 0.001962
iter 43: upload_copy_time1_cuda = 0.000807
iter 43: download_copy_time_cuda = 0.000777
iter 43: upload_copy_time2_cuda = 0.000068
iter 43: download_copy_time_cuda = 0.000756

iter 44: cpu_time_cuda = 0.053300
iter 44: gpu_time1_cuda = 0.014462
iter 44: gpu_time2_cuda = 0.001893
iter 44: upload_copy_time1_cuda = 0.000796
iter 44: download_copy_time_cuda = 0.000770
iter 44: upload_copy_time2_cuda = 0.000060
iter 44: download_copy_time_cuda = 0.000771

iter 45: cpu_time_cuda = 0.052079
iter 45: gpu_time1_cuda = 0.013811
iter 45: gpu_time2_cuda = 0.001868
iter 45: upload_copy_time1_cuda = 0.000767
iter 45: download_copy_time_cuda = 0.000745
iter 45: upload_copy_time2_cuda = 0.000065
iter 45: download_copy_time_cuda = 0.000787

iter 46: cpu_time_cuda = 0.051127
iter 46: gpu_time1_cuda = 0.013232
iter 46: gpu_time2_cuda = 0.001820
iter 46: upload_copy_time1_cuda = 0.000754
iter 46: download_copy_time_cuda = 0.000719
iter 46: upload_copy_time2_cuda = 0.000065
iter 46: download_copy_time_cuda = 0.000805

iter 47: cpu_time_cuda = 0.049422
iter 47: gpu_time1_cuda = 0.012992
iter 47: gpu_time2_cuda = 0.001786
iter 47: upload_copy_time1_cuda = 0.000730
iter 47: download_copy_time_cuda = 0.000703
iter 47: upload_copy_time2_cuda = 0.000067
iter 47: download_copy_time_cuda = 0.000820

iter 48: cpu_time_cuda = 0.048158
iter 48: gpu_time1_cuda = 0.012589
iter 48: gpu_time2_cuda = 0.001739
iter 48: upload_copy_time1_cuda = 0.000710
iter 48: download_copy_time_cuda = 0.000703
iter 48: upload_copy_time2_cuda = 0.000065
iter 48: download_copy_time_cuda = 0.000839

iter 49: cpu_time_cuda = 0.047029
iter 49: gpu_time1_cuda = 0.011897
iter 49: gpu_time2_cuda = 0.001712
iter 49: upload_copy_time1_cuda = 0.000711
iter 49: download_copy_time_cuda = 0.000671
iter 49: upload_copy_time2_cuda = 0.000061
iter 49: download_copy_time_cuda = 0.000853

iter 50: cpu_time_cuda = 0.045665
iter 50: gpu_time1_cuda = 0.011648
iter 50: gpu_time2_cuda = 0.001663
iter 50: upload_copy_time1_cuda = 0.000681
iter 50: download_copy_time_cuda = 0.000657
iter 50: upload_copy_time2_cuda = 0.000064
iter 50: download_copy_time_cuda = 0.000874

iter 51: cpu_time_cuda = 0.044191
iter 51: gpu_time1_cuda = 0.010339
iter 51: gpu_time2_cuda = 0.001635
iter 51: upload_copy_time1_cuda = 0.000672
iter 51: download_copy_time_cuda = 0.000643
iter 51: upload_copy_time2_cuda = 0.000064
iter 51: download_copy_time_cuda = 0.000896

iter 52: cpu_time_cuda = 0.042895
iter 52: gpu_time1_cuda = 0.010438
iter 52: gpu_time2_cuda = 0.001581
iter 52: upload_copy_time1_cuda = 0.000643
iter 52: download_copy_time_cuda = 0.000626
iter 52: upload_copy_time2_cuda = 0.000063
iter 52: download_copy_time_cuda = 0.000909

iter 53: cpu_time_cuda = 0.041648
iter 53: gpu_time1_cuda = 0.009716
iter 53: gpu_time2_cuda = 0.001530
iter 53: upload_copy_time1_cuda = 0.000621
iter 53: download_copy_time_cuda = 0.000624
iter 53: upload_copy_time2_cuda = 0.000064
iter 53: download_copy_time_cuda = 0.000927

iter 54: cpu_time_cuda = 0.040446
iter 54: gpu_time1_cuda = 0.009388
iter 54: gpu_time2_cuda = 0.001498
iter 54: upload_copy_time1_cuda = 0.000599
iter 54: download_copy_time_cuda = 0.000597
iter 54: upload_copy_time2_cuda = 0.000064
iter 54: download_copy_time_cuda = 0.000940

iter 55: cpu_time_cuda = 0.039312
iter 55: gpu_time1_cuda = 0.008676
iter 55: gpu_time2_cuda = 0.001452
iter 55: upload_copy_time1_cuda = 0.000613
iter 55: download_copy_time_cuda = 0.000565
iter 55: upload_copy_time2_cuda = 0.000061
iter 55: download_copy_time_cuda = 0.000976

iter 56: cpu_time_cuda = 0.037833
iter 56: gpu_time1_cuda = 0.008515
iter 56: gpu_time2_cuda = 0.001413
iter 56: upload_copy_time1_cuda = 0.000561
iter 56: download_copy_time_cuda = 0.000561
iter 56: upload_copy_time2_cuda = 0.000065
iter 56: download_copy_time_cuda = 0.000982

iter 57: cpu_time_cuda = 0.036637
iter 57: gpu_time1_cuda = 0.033251
iter 57: gpu_time2_cuda = 0.004071
iter 57: upload_copy_time1_cuda = 0.001071
iter 57: download_copy_time_cuda = 0.000531
iter 57: upload_copy_time2_cuda = 0.000087
iter 57: download_copy_time_cuda = 0.002320

iter 58: cpu_time_cuda = 0.035371
iter 58: gpu_time1_cuda = 0.032840
iter 58: gpu_time2_cuda = 0.003800
iter 58: upload_copy_time1_cuda = 0.001036
iter 58: download_copy_time_cuda = 0.000987
iter 58: upload_copy_time2_cuda = 0.000087
iter 58: download_copy_time_cuda = 0.002312

iter 59: cpu_time_cuda = 0.034058
iter 59: gpu_time1_cuda = 0.028946
iter 59: gpu_time2_cuda = 0.003695
iter 59: upload_copy_time1_cuda = 0.000991
iter 59: download_copy_time_cuda = 0.000966
iter 59: upload_copy_time2_cuda = 0.000088
iter 59: download_copy_time_cuda = 0.002379

iter 60: cpu_time_cuda = 0.032702
iter 60: gpu_time1_cuda = 0.028641
iter 60: gpu_time2_cuda = 0.003585
iter 60: upload_copy_time1_cuda = 0.000960
iter 60: download_copy_time_cuda = 0.000938
iter 60: upload_copy_time2_cuda = 0.000087
iter 60: download_copy_time_cuda = 0.002379

iter 61: cpu_time_cuda = 0.031440
iter 61: gpu_time1_cuda = 0.025388
iter 61: gpu_time2_cuda = 0.003481
iter 61: upload_copy_time1_cuda = 0.000926
iter 61: download_copy_time_cuda = 0.000887
iter 61: upload_copy_time2_cuda = 0.000086
iter 61: download_copy_time_cuda = 0.002426

iter 62: cpu_time_cuda = 0.030183
iter 62: gpu_time1_cuda = 0.025092
iter 62: gpu_time2_cuda = 0.003345
iter 62: upload_copy_time1_cuda = 0.000890
iter 62: download_copy_time_cuda = 0.000849
iter 62: upload_copy_time2_cuda = 0.000088
iter 62: download_copy_time_cuda = 0.002463

iter 63: cpu_time_cuda = 0.029022
iter 63: gpu_time1_cuda = 0.021604
iter 63: gpu_time2_cuda = 0.003231
iter 63: upload_copy_time1_cuda = 0.000861
iter 63: download_copy_time_cuda = 0.000823
iter 63: upload_copy_time2_cuda = 0.000083
iter 63: download_copy_time_cuda = 0.002517

iter 64: cpu_time_cuda = 0.027511
iter 64: gpu_time1_cuda = 0.021435
iter 64: gpu_time2_cuda = 0.003089
iter 64: upload_copy_time1_cuda = 0.000809
iter 64: download_copy_time_cuda = 0.000818
iter 64: upload_copy_time2_cuda = 0.000086
iter 64: download_copy_time_cuda = 0.002532

iter 65: cpu_time_cuda = 0.026288
iter 65: gpu_time1_cuda = 0.018492
iter 65: gpu_time2_cuda = 0.002979
iter 65: upload_copy_time1_cuda = 0.000778
iter 65: download_copy_time_cuda = 0.000765
iter 65: upload_copy_time2_cuda = 0.000082
iter 65: download_copy_time_cuda = 0.002579

iter 66: cpu_time_cuda = 0.025037
iter 66: gpu_time1_cuda = 0.018289
iter 66: gpu_time2_cuda = 0.002853
iter 66: upload_copy_time1_cuda = 0.000738
iter 66: download_copy_time_cuda = 0.000733
iter 66: upload_copy_time2_cuda = 0.000086
iter 66: download_copy_time_cuda = 0.002623

iter 67: cpu_time_cuda = 0.023906
iter 67: gpu_time1_cuda = 0.015728
iter 67: gpu_time2_cuda = 0.002732
iter 67: upload_copy_time1_cuda = 0.000704
iter 67: download_copy_time_cuda = 0.000700
iter 67: upload_copy_time2_cuda = 0.000087
iter 67: download_copy_time_cuda = 0.002662

iter 68: cpu_time_cuda = 0.022519
iter 68: gpu_time1_cuda = 0.015431
iter 68: gpu_time2_cuda = 0.002603
iter 68: upload_copy_time1_cuda = 0.000662
iter 68: download_copy_time_cuda = 0.000662
iter 68: upload_copy_time2_cuda = 0.000086
iter 68: download_copy_time_cuda = 0.002678

iter 69: cpu_time_cuda = 0.021177
iter 69: gpu_time1_cuda = 0.013136
iter 69: gpu_time2_cuda = 0.002505
iter 69: upload_copy_time1_cuda = 0.000633
iter 69: download_copy_time_cuda = 0.000637
iter 69: upload_copy_time2_cuda = 0.000085
iter 69: download_copy_time_cuda = 0.002699

iter 70: cpu_time_cuda = 0.019873
iter 70: gpu_time1_cuda = 0.012433
iter 70: gpu_time2_cuda = 0.002389
iter 70: upload_copy_time1_cuda = 0.000601
iter 70: download_copy_time_cuda = 0.000616
iter 70: upload_copy_time2_cuda = 0.000083
iter 70: download_copy_time_cuda = 0.002753

iter 71: cpu_time_cuda = 0.018640
iter 71: gpu_time1_cuda = 0.008994
iter 71: gpu_time2_cuda = 0.002042
iter 71: upload_copy_time1_cuda = 0.000566
iter 71: download_copy_time_cuda = 0.000588
iter 71: upload_copy_time2_cuda = 0.000087
iter 71: download_copy_time_cuda = 0.002792

iter 72: cpu_time_cuda = 0.017343
iter 72: gpu_time1_cuda = 0.008168
iter 72: gpu_time2_cuda = 0.001793
iter 72: upload_copy_time1_cuda = 0.000542
iter 72: download_copy_time_cuda = 0.000565
iter 72: upload_copy_time2_cuda = 0.000087
iter 72: download_copy_time_cuda = 0.002823

iter 73: cpu_time_cuda = 0.015889
iter 73: gpu_time1_cuda = 0.006815
iter 73: gpu_time2_cuda = 0.001690
iter 73: upload_copy_time1_cuda = 0.000515
iter 73: download_copy_time_cuda = 0.000538
iter 73: upload_copy_time2_cuda = 0.000086
iter 73: download_copy_time_cuda = 0.002854

iter 74: cpu_time_cuda = 0.014746
iter 74: gpu_time1_cuda = 0.006080
iter 74: gpu_time2_cuda = 0.001588
iter 74: upload_copy_time1_cuda = 0.000490
iter 74: download_copy_time_cuda = 0.000520
iter 74: upload_copy_time2_cuda = 0.000090
iter 74: download_copy_time_cuda = 0.002950

iter 75: cpu_time_cuda = 0.013378
iter 75: gpu_time1_cuda = 0.004924
iter 75: gpu_time2_cuda = 0.001470
iter 75: upload_copy_time1_cuda = 0.000471
iter 75: download_copy_time_cuda = 0.000487
iter 75: upload_copy_time2_cuda = 0.000087
iter 75: download_copy_time_cuda = 0.002907

iter 76: cpu_time_cuda = 0.012139
iter 76: gpu_time1_cuda = 0.004573
iter 76: gpu_time2_cuda = 0.001362
iter 76: upload_copy_time1_cuda = 0.000436
iter 76: download_copy_time_cuda = 0.000471
iter 76: upload_copy_time2_cuda = 0.000085
iter 76: download_copy_time_cuda = 0.002952

iter 77: cpu_time_cuda = 0.010804
iter 77: gpu_time1_cuda = 0.003613
iter 77: gpu_time2_cuda = 0.001262
iter 77: upload_copy_time1_cuda = 0.000416
iter 77: download_copy_time_cuda = 0.000436
iter 77: upload_copy_time2_cuda = 0.000086
iter 77: download_copy_time_cuda = 0.003012

iter 78: cpu_time_cuda = 0.009570
iter 78: gpu_time1_cuda = 0.002987
iter 78: gpu_time2_cuda = 0.001139
iter 78: upload_copy_time1_cuda = 0.000385
iter 78: download_copy_time_cuda = 0.000408
iter 78: upload_copy_time2_cuda = 0.000086
iter 78: download_copy_time_cuda = 0.003017

iter 79: cpu_time_cuda = 0.008310
iter 79: gpu_time1_cuda = 0.002276
iter 79: gpu_time2_cuda = 0.001010
iter 79: upload_copy_time1_cuda = 0.000360
iter 79: download_copy_time_cuda = 0.000378
iter 79: upload_copy_time2_cuda = 0.000086
iter 79: download_copy_time_cuda = 0.003049

iter 80: cpu_time_cuda = 0.007131
iter 80: gpu_time1_cuda = 0.001917
iter 80: gpu_time2_cuda = 0.000909
iter 80: upload_copy_time1_cuda = 0.000336
iter 80: download_copy_time_cuda = 0.000342
iter 80: upload_copy_time2_cuda = 0.000086
iter 80: download_copy_time_cuda = 0.003085

iter 81: cpu_time_cuda = 0.005871
iter 81: gpu_time1_cuda = 0.001384
iter 81: gpu_time2_cuda = 0.000819
iter 81: upload_copy_time1_cuda = 0.000308
iter 81: download_copy_time_cuda = 0.000316
iter 81: upload_copy_time2_cuda = 0.000085
iter 81: download_copy_time_cuda = 0.003134

iter 82: cpu_time_cuda = 0.004605
iter 82: gpu_time1_cuda = 0.000958
iter 82: gpu_time2_cuda = 0.000716
iter 82: upload_copy_time1_cuda = 0.000278
iter 82: download_copy_time_cuda = 0.000293
iter 82: upload_copy_time2_cuda = 0.000086
iter 82: download_copy_time_cuda = 0.003153

iter 83: cpu_time_cuda = 0.003340
iter 83: gpu_time1_cuda = 0.000764
iter 83: gpu_time2_cuda = 0.000584
iter 83: upload_copy_time1_cuda = 0.000245
iter 83: download_copy_time_cuda = 0.000266
iter 83: upload_copy_time2_cuda = 0.000086
iter 83: download_copy_time_cuda = 0.003208

iter 84: cpu_time_cuda = 0.002095
iter 84: gpu_time1_cuda = 0.000527
iter 84: gpu_time2_cuda = 0.000511
iter 84: upload_copy_time1_cuda = 0.000206
iter 84: download_copy_time_cuda = 0.000246
iter 84: upload_copy_time2_cuda = 0.000086
iter 84: download_copy_time_cuda = 0.003255

total_cpu_time_cuda = 4.670601
total_gpu_time_cuda = 2.207879
total_copy_time_cuda = 0.265460
main_loop_time_cuda = 7.330134
10240 10240     ---   (  ---  )    195.27 (   7.33)       ---
total_time = 10.427664
9.45user 1.37system 0:11.83elapsed 91%CPU (0avgtext+0avgdata 1792064maxresident)k
3856inputs+0outputs (1major+226450minor)pagefaults 0swaps
send out message: 22 3 log
