send out message: 24 37 /home/lchen/MAGMA/magma-1.6.1/results
send out message: 20 26 MAGMA_LU_GPUDVFS.total.pwr
MAGMA 1.6.1  compiled for CUDA capability >= 3.0
CUDA runtime 5000, driver 6050. MAGMA not compiled with OpenMP. 
ndevices 1
device 0: Tesla K20c, 705.5 MHz clock, 4799.6 MB memory, capability 3.5
Usage: /home/lchen/MAGMA/magma-1.6.1/testing/testing_dgetrf [options] [-h|--help]

ngpu 1
    M     N   CPU GFlop/s (sec)   GPU GFlop/s (sec)   |PA-LU|/(N*|A|)
=========================================================================
init_time = 0.824264
iter 0: slack_cuda = 0.000000
iter 0: cpu_time_cuda = 0.000000
iter 0: gpu_time_cuda = 0.000000
iter 0: download_copy_time_cuda = 0.000000
iter 0: upload_copy_time_cuda = 0.000775
iter 0: per_iter_time_cuda = 0.001244

iter 1: cpu_time_pred = 0.000000
iter 1: gpu_time_pred = 0.000000
iter 1: slack_pred = 0.000000
iter 1: ratio_split_freq = -nan
iter 1: seconds_until_interrupt = -nan
iter 1: slack_cuda = -0.031571
iter 1: cpu_time_cuda = 0.014941
iter 1: gpu_time_cuda = 0.046511
iter 1: download_copy_time_cuda = 0.000724
iter 1: upload_copy_time_cuda = 0.002246
iter 1: per_iter_time_cuda = 0.065995

iter 2: cpu_time_pred = 0.014670
iter 2: gpu_time_pred = 0.007835
iter 2: slack_pred = 0.006835
iter 2: ratio_split_freq = 0.201439
iter 2: seconds_until_interrupt = 0.008081
iter 2: slack_cuda = -0.008322
iter 2: cpu_time_cuda = 0.014554
iter 2: gpu_time_cuda = 0.022876
iter 2: download_copy_time_cuda = 0.001779
iter 2: upload_copy_time_cuda = 0.000733
iter 2: per_iter_time_cuda = 0.040426

iter 3: cpu_time_pred = 0.014365
iter 3: gpu_time_pred = 0.007513
iter 3: slack_pred = 0.006852
iter 3: ratio_split_freq = 0.210598
iter 3: seconds_until_interrupt = 0.008102
iter 3: slack_cuda = -0.006182
iter 3: cpu_time_cuda = 0.014341
iter 3: gpu_time_cuda = 0.020522
iter 3: download_copy_time_cuda = 0.000681
iter 3: upload_copy_time_cuda = 0.000722
iter 3: per_iter_time_cuda = 0.036730

iter 4: cpu_time_pred = 0.014061
iter 4: gpu_time_pred = 0.007198
iter 4: slack_pred = 0.006863
iter 4: ratio_split_freq = 0.220154
iter 4: seconds_until_interrupt = 0.008115
iter 4: slack_cuda = -0.006468
iter 4: cpu_time_cuda = 0.014075
iter 4: gpu_time_cuda = 0.020543
iter 4: download_copy_time_cuda = 0.000666
iter 4: upload_copy_time_cuda = 0.000696
iter 4: per_iter_time_cuda = 0.036459

iter 5: cpu_time_pred = 0.013757
iter 5: gpu_time_pred = 0.006890
iter 5: slack_pred = 0.006867
iter 5: ratio_split_freq = 0.230133
iter 5: seconds_until_interrupt = 0.008119
iter 5: slack_cuda = -0.011182
iter 5: cpu_time_cuda = 0.013807
iter 5: gpu_time_cuda = 0.024989
iter 5: download_copy_time_cuda = 0.000661
iter 5: upload_copy_time_cuda = 0.000698
iter 5: per_iter_time_cuda = 0.040611

iter 6: cpu_time_pred = 0.013452
iter 6: gpu_time_pred = 0.006588
iter 6: slack_pred = 0.006864
iter 6: ratio_split_freq = 0.240564
iter 6: seconds_until_interrupt = 0.008116
iter 6: slack_cuda = -0.006580
iter 6: cpu_time_cuda = 0.013497
iter 6: gpu_time_cuda = 0.020077
iter 6: download_copy_time_cuda = 0.000659
iter 6: upload_copy_time_cuda = 0.000679
iter 6: per_iter_time_cuda = 0.035385

iter 7: cpu_time_pred = 0.013148
iter 7: gpu_time_pred = 0.006293
iter 7: slack_pred = 0.006854
iter 7: ratio_split_freq = 0.251477
iter 7: seconds_until_interrupt = 0.008104
iter 7: slack_cuda = -0.006476
iter 7: cpu_time_cuda = 0.013188
iter 7: gpu_time_cuda = 0.019663
iter 7: download_copy_time_cuda = 0.000631
iter 7: upload_copy_time_cuda = 0.000668
iter 7: per_iter_time_cuda = 0.034603

iter 8: cpu_time_pred = 0.012844
iter 8: gpu_time_pred = 0.006005
iter 8: slack_pred = 0.006838
iter 8: ratio_split_freq = 0.262908
iter 8: seconds_until_interrupt = 0.008085
iter 8: slack_cuda = -0.006780
iter 8: cpu_time_cuda = 0.012752
iter 8: gpu_time_cuda = 0.019532
iter 8: download_copy_time_cuda = 0.000614
iter 8: upload_copy_time_cuda = 0.000650
iter 8: per_iter_time_cuda = 0.036768

iter 9: cpu_time_pred = 0.012539
iter 9: gpu_time_pred = 0.005724
iter 9: slack_pred = 0.006815
iter 9: ratio_split_freq = 0.274893
iter 9: seconds_until_interrupt = 0.008058
iter 9: slack_cuda = -0.006668
iter 9: cpu_time_cuda = 0.012500
iter 9: gpu_time_cuda = 0.019168
iter 9: download_copy_time_cuda = 0.000613
iter 9: upload_copy_time_cuda = 0.000640
iter 9: per_iter_time_cuda = 0.033364

iter 10: cpu_time_pred = 0.012235
iter 10: gpu_time_pred = 0.005450
iter 10: slack_pred = 0.006785
iter 10: ratio_split_freq = 0.287475
iter 10: seconds_until_interrupt = 0.008022
iter 10: slack_cuda = -0.006763
iter 10: cpu_time_cuda = 0.012116
iter 10: gpu_time_cuda = 0.018879
iter 10: download_copy_time_cuda = 0.000591
iter 10: upload_copy_time_cuda = 0.000619
iter 10: per_iter_time_cuda = 0.032662

iter 11: cpu_time_pred = 0.011931
iter 11: gpu_time_pred = 0.005182
iter 11: slack_pred = 0.006749
iter 11: ratio_split_freq = 0.300699
iter 11: seconds_until_interrupt = 0.007979
iter 11: slack_cuda = -0.006447
iter 11: cpu_time_cuda = 0.011953
iter 11: gpu_time_cuda = 0.018400
iter 11: download_copy_time_cuda = 0.000576
iter 11: upload_copy_time_cuda = 0.000608
iter 11: per_iter_time_cuda = 0.031954

iter 12: cpu_time_pred = 0.011626
iter 12: gpu_time_pred = 0.004921
iter 12: slack_pred = 0.006705
iter 12: ratio_split_freq = 0.314615
iter 12: seconds_until_interrupt = 0.007928
iter 12: slack_cuda = -0.013678
iter 12: cpu_time_cuda = 0.011523
iter 12: gpu_time_cuda = 0.025201
iter 12: download_copy_time_cuda = 0.000558
iter 12: upload_copy_time_cuda = 0.000582
iter 12: per_iter_time_cuda = 0.038329

iter 13: cpu_time_pred = 0.011322
iter 13: gpu_time_pred = 0.004667
iter 13: slack_pred = 0.006655
iter 13: ratio_split_freq = 0.329279
iter 13: seconds_until_interrupt = 0.007869
iter 13: slack_cuda = -0.006775
iter 13: cpu_time_cuda = 0.011458
iter 13: gpu_time_cuda = 0.018233
iter 13: download_copy_time_cuda = 0.000549
iter 13: upload_copy_time_cuda = 0.000579
iter 13: per_iter_time_cuda = 0.031242

iter 14: cpu_time_pred = 0.011017
iter 14: gpu_time_pred = 0.004419
iter 14: slack_pred = 0.006598
iter 14: ratio_split_freq = 0.344753
iter 14: seconds_until_interrupt = 0.007801
iter 14: slack_cuda = -0.006838
iter 14: cpu_time_cuda = 0.011093
iter 14: gpu_time_cuda = 0.017932
iter 14: download_copy_time_cuda = 0.000536
iter 14: upload_copy_time_cuda = 0.000566
iter 14: per_iter_time_cuda = 0.030567

iter 15: cpu_time_pred = 0.010713
iter 15: gpu_time_pred = 0.004178
iter 15: slack_pred = 0.006535
iter 15: ratio_split_freq = 0.361107
iter 15: seconds_until_interrupt = 0.007726
iter 15: slack_cuda = -0.014004
iter 15: cpu_time_cuda = 0.010653
iter 15: gpu_time_cuda = 0.024657
iter 15: download_copy_time_cuda = 0.000528
iter 15: upload_copy_time_cuda = 0.000554
iter 15: per_iter_time_cuda = 0.038905

iter 16: cpu_time_pred = 0.010409
iter 16: gpu_time_pred = 0.003944
iter 16: slack_pred = 0.006464
iter 16: ratio_split_freq = 0.378417
iter 16: seconds_until_interrupt = 0.007643
iter 16: slack_cuda = -0.006899
iter 16: cpu_time_cuda = 0.010384
iter 16: gpu_time_cuda = 0.017284
iter 16: download_copy_time_cuda = 0.000507
iter 16: upload_copy_time_cuda = 0.000528
iter 16: per_iter_time_cuda = 0.029121

iter 17: cpu_time_pred = 0.010104
iter 17: gpu_time_pred = 0.003717
iter 17: slack_pred = 0.006387
iter 17: ratio_split_freq = 0.396769
iter 17: seconds_until_interrupt = 0.007552
iter 17: slack_cuda = -0.006923
iter 17: cpu_time_cuda = 0.010237
iter 17: gpu_time_cuda = 0.017160
iter 17: download_copy_time_cuda = 0.000495
iter 17: upload_copy_time_cuda = 0.000526
iter 17: per_iter_time_cuda = 0.028856

iter 18: cpu_time_pred = 0.009800
iter 18: gpu_time_pred = 0.003496
iter 18: slack_pred = 0.006304
iter 18: ratio_split_freq = 0.416262
iter 18: seconds_until_interrupt = 0.007453
iter 18: slack_cuda = -0.006649
iter 18: cpu_time_cuda = 0.010202
iter 18: gpu_time_cuda = 0.016851
iter 18: download_copy_time_cuda = 0.000492
iter 18: upload_copy_time_cuda = 0.000509
iter 18: per_iter_time_cuda = 0.028704

iter 19: cpu_time_pred = 0.009496
iter 19: gpu_time_pred = 0.003283
iter 19: slack_pred = 0.006213
iter 19: ratio_split_freq = 0.437004
iter 19: seconds_until_interrupt = 0.007346
iter 19: slack_cuda = -0.010277
iter 19: cpu_time_cuda = 0.009488
iter 19: gpu_time_cuda = 0.019764
iter 19: download_copy_time_cuda = 0.000473
iter 19: upload_copy_time_cuda = 0.000490
iter 19: per_iter_time_cuda = 0.032363

iter 20: cpu_time_pred = 0.009191
iter 20: gpu_time_pred = 0.003076
iter 20: slack_pred = 0.006116
iter 20: ratio_split_freq = 0.459120
iter 20: seconds_until_interrupt = 0.007231
iter 20: slack_cuda = -0.006811
iter 20: cpu_time_cuda = 0.009448
iter 20: gpu_time_cuda = 0.016259
iter 20: download_copy_time_cuda = 0.000452
iter 20: upload_copy_time_cuda = 0.000475
iter 20: per_iter_time_cuda = 0.027458

iter 21: cpu_time_pred = 0.008887
iter 21: gpu_time_pred = 0.002875
iter 21: slack_pred = 0.006012
iter 21: ratio_split_freq = 0.482751
iter 21: seconds_until_interrupt = 0.007108
iter 21: slack_cuda = -0.006815
iter 21: cpu_time_cuda = 0.009264
iter 21: gpu_time_cuda = 0.016079
iter 21: download_copy_time_cuda = 0.000439
iter 21: upload_copy_time_cuda = 0.000465
iter 21: per_iter_time_cuda = 0.027270

iter 22: cpu_time_pred = 0.008583
iter 22: gpu_time_pred = 0.002682
iter 22: slack_pred = 0.005901
iter 22: ratio_split_freq = 0.508057
iter 22: seconds_until_interrupt = 0.006977
iter 22: slack_cuda = -0.006888
iter 22: cpu_time_cuda = 0.008946
iter 22: gpu_time_cuda = 0.015834
iter 22: download_copy_time_cuda = 0.000429
iter 22: upload_copy_time_cuda = 0.000453
iter 22: per_iter_time_cuda = 0.026874

iter 23: cpu_time_pred = 0.008278
iter 23: gpu_time_pred = 0.002495
iter 23: slack_pred = 0.005783
iter 23: ratio_split_freq = 0.535224
iter 23: seconds_until_interrupt = 0.006838
iter 23: slack_cuda = -0.009055
iter 23: cpu_time_cuda = 0.008452
iter 23: gpu_time_cuda = 0.017507
iter 23: download_copy_time_cuda = 0.000423
iter 23: upload_copy_time_cuda = 0.000438
iter 23: per_iter_time_cuda = 0.033638

iter 24: cpu_time_pred = 0.007974
iter 24: gpu_time_pred = 0.002315
iter 24: slack_pred = 0.005659
iter 24: ratio_split_freq = 0.564466
iter 24: seconds_until_interrupt = 0.006691
iter 24: slack_cuda = -0.007184
iter 24: cpu_time_cuda = 0.008012
iter 24: gpu_time_cuda = 0.015197
iter 24: download_copy_time_cuda = 0.000402
iter 24: upload_copy_time_cuda = 0.000419
iter 24: per_iter_time_cuda = 0.025716

iter 25: cpu_time_pred = 0.007670
iter 25: gpu_time_pred = 0.002142
iter 25: slack_pred = 0.005528
iter 25: ratio_split_freq = 0.596027
iter 25: seconds_until_interrupt = 0.006536
iter 25: slack_cuda = -0.007105
iter 25: cpu_time_cuda = 0.007829
iter 25: gpu_time_cuda = 0.014935
iter 25: download_copy_time_cuda = 0.000386
iter 25: upload_copy_time_cuda = 0.000407
iter 25: per_iter_time_cuda = 0.025394

iter 26: cpu_time_pred = 0.007365
iter 26: gpu_time_pred = 0.001975
iter 26: slack_pred = 0.005390
iter 26: ratio_split_freq = 0.630198
iter 26: seconds_until_interrupt = 0.006373
iter 26: slack_cuda = -0.007189
iter 26: cpu_time_cuda = 0.007458
iter 26: gpu_time_cuda = 0.014647
iter 26: download_copy_time_cuda = 0.000373
iter 26: upload_copy_time_cuda = 0.000395
iter 26: per_iter_time_cuda = 0.024752

iter 27: cpu_time_pred = 0.007061
iter 27: gpu_time_pred = 0.001815
iter 27: slack_pred = 0.005246
iter 27: ratio_split_freq = 0.667314
iter 27: seconds_until_interrupt = 0.006202
iter 27: slack_cuda = -0.007034
iter 27: cpu_time_cuda = 0.007153
iter 27: gpu_time_cuda = 0.014187
iter 27: download_copy_time_cuda = 0.000366
iter 27: upload_copy_time_cuda = 0.000377
iter 27: per_iter_time_cuda = 0.024790

iter 28: cpu_time_pred = 0.006757
iter 28: gpu_time_pred = 0.001662
iter 28: slack_pred = 0.005095
iter 28: ratio_split_freq = 0.707773
iter 28: seconds_until_interrupt = 0.006024
iter 28: slack_cuda = -0.008838
iter 28: cpu_time_cuda = 0.006796
iter 28: gpu_time_cuda = 0.015634
iter 28: download_copy_time_cuda = 0.000351
iter 28: upload_copy_time_cuda = 0.000360
iter 28: per_iter_time_cuda = 0.025333

iter 29: cpu_time_pred = 0.006452
iter 29: gpu_time_pred = 0.001516
iter 29: slack_pred = 0.004937
iter 29: ratio_split_freq = 0.752050
iter 29: seconds_until_interrupt = 0.005837
iter 29: slack_cuda = -0.006886
iter 29: cpu_time_cuda = 0.006571
iter 29: gpu_time_cuda = 0.013457
iter 29: download_copy_time_cuda = 0.000336
iter 29: upload_copy_time_cuda = 0.000349
iter 29: per_iter_time_cuda = 0.023217

iter 30: cpu_time_pred = 0.006148
iter 30: gpu_time_pred = 0.001376
iter 30: slack_pred = 0.004772
iter 30: ratio_split_freq = 0.800711
iter 30: seconds_until_interrupt = 0.005642
iter 30: slack_cuda = -0.006623
iter 30: cpu_time_cuda = 0.006257
iter 30: gpu_time_cuda = 0.012880
iter 30: download_copy_time_cuda = 0.000320
iter 30: upload_copy_time_cuda = 0.000333
iter 30: per_iter_time_cuda = 0.022632

iter 31: cpu_time_pred = 0.005844
iter 31: gpu_time_pred = 0.001243
iter 31: slack_pred = 0.004600
iter 31: ratio_split_freq = 0.854440
iter 31: seconds_until_interrupt = 0.005439
iter 31: slack_cuda = -0.005423
iter 31: cpu_time_cuda = 0.005997
iter 31: gpu_time_cuda = 0.011421
iter 31: download_copy_time_cuda = 0.000305
iter 31: upload_copy_time_cuda = 0.000322
iter 31: per_iter_time_cuda = 0.022176

iter 32: cpu_time_pred = 0.005539
iter 32: gpu_time_pred = 0.001117
iter 32: slack_pred = 0.004422
iter 32: ratio_split_freq = 0.914074
iter 32: seconds_until_interrupt = 0.005228
iter 32: slack_cuda = -0.005659
iter 32: cpu_time_cuda = 0.005707
iter 32: gpu_time_cuda = 0.011366
iter 32: download_copy_time_cuda = 0.000299
iter 32: upload_copy_time_cuda = 0.000302
iter 32: per_iter_time_cuda = 0.022088

iter 33: cpu_time_pred = 0.005235
iter 33: gpu_time_pred = 0.000998
iter 33: slack_pred = 0.004237
iter 33: ratio_split_freq = 0.980642
iter 33: seconds_until_interrupt = 0.005010
iter 33: slack_cuda = -0.007939
iter 33: cpu_time_cuda = 0.005492
iter 33: gpu_time_cuda = 0.013431
iter 33: download_copy_time_cuda = 0.000282
iter 33: upload_copy_time_cuda = 0.000294
iter 33: per_iter_time_cuda = 0.023974

iter 34: cpu_time_pred = 0.004930
iter 34: gpu_time_pred = 0.000885
iter 34: slack_pred = 0.004045
iter 34: ratio_split_freq = 1.055428
iter 34: seconds_until_interrupt = 0.004783
iter 34: slack_cuda = -0.005246
iter 34: cpu_time_cuda = 0.005125
iter 34: gpu_time_cuda = 0.010371
iter 34: download_copy_time_cuda = 0.000268
iter 34: upload_copy_time_cuda = 0.000276
iter 34: per_iter_time_cuda = 0.020742

iter 35: cpu_time_pred = 0.004626
iter 35: gpu_time_pred = 0.000779
iter 35: slack_pred = 0.003847
iter 35: ratio_split_freq = 1.140054
iter 35: seconds_until_interrupt = 0.004548
iter 35: slack_cuda = 0.000986
iter 35: cpu_time_cuda = 0.010173
iter 35: gpu_time_cuda = 0.009188
iter 35: download_copy_time_cuda = 0.000252
iter 35: upload_copy_time_cuda = 0.000277
iter 35: per_iter_time_cuda = 0.020185

iter 36: cpu_time_pred = 0.004322
iter 36: gpu_time_pred = 0.000680
iter 36: slack_pred = 0.003642
iter 36: ratio_split_freq = 1.236600
iter 36: seconds_until_interrupt = 0.004306
iter 36: slack_cuda = -0.004629
iter 36: cpu_time_cuda = 0.004539
iter 36: gpu_time_cuda = 0.009168
iter 36: download_copy_time_cuda = 0.000244
iter 36: upload_copy_time_cuda = 0.000276
iter 36: per_iter_time_cuda = 0.019523

iter 37: cpu_time_pred = 0.004017
iter 37: gpu_time_pred = 0.000588
iter 37: slack_pred = 0.003430
iter 37: ratio_split_freq = 1.347773
iter 37: seconds_until_interrupt = 0.004055
iter 37: slack_cuda = 0.001071
iter 37: cpu_time_cuda = 0.009476
iter 37: gpu_time_cuda = 0.008406
iter 37: download_copy_time_cuda = 0.000230
iter 37: upload_copy_time_cuda = 0.000278
iter 37: per_iter_time_cuda = 0.018681

iter 38: cpu_time_pred = 0.003713
iter 38: gpu_time_pred = 0.000502
iter 38: slack_pred = 0.003211
iter 38: ratio_split_freq = 1.477172
iter 38: seconds_until_interrupt = 0.003797
iter 38: slack_cuda = 0.005690
iter 38: cpu_time_cuda = 0.015279
iter 38: gpu_time_cuda = 0.009590
iter 38: download_copy_time_cuda = 0.000214
iter 38: upload_copy_time_cuda = 0.000271
iter 38: per_iter_time_cuda = 0.025661

iter 39: cpu_time_pred = 0.003409
iter 39: gpu_time_pred = 0.000423
iter 39: slack_pred = 0.002986
iter 39: ratio_split_freq = 1.629678
iter 39: seconds_until_interrupt = 0.003530
iter 39: slack_cuda = 0.001725
iter 39: cpu_time_cuda = 0.009138
iter 39: gpu_time_cuda = 0.007413
iter 39: download_copy_time_cuda = 0.000197
iter 39: upload_copy_time_cuda = 0.000275
iter 39: per_iter_time_cuda = 0.017310

iter 40: cpu_time_pred = 0.003104
iter 40: gpu_time_pred = 0.000351
iter 40: slack_pred = 0.002754
iter 40: ratio_split_freq = 1.812087
iter 40: seconds_until_interrupt = 0.003256
iter 40: slack_cuda = 0.001401
iter 40: cpu_time_cuda = 0.008765
iter 40: gpu_time_cuda = 0.007364
iter 40: download_copy_time_cuda = 0.000187
iter 40: upload_copy_time_cuda = 0.000264
iter 40: per_iter_time_cuda = 0.016875

iter 41: cpu_time_pred = 0.002800
iter 41: gpu_time_pred = 0.000285
iter 41: slack_pred = 0.002515
iter 41: ratio_split_freq = 2.034150
iter 41: seconds_until_interrupt = 0.002973
iter 41: slack_cuda = 0.001325
iter 41: cpu_time_cuda = 0.008217
iter 41: gpu_time_cuda = 0.006891
iter 41: download_copy_time_cuda = 0.000178
iter 41: upload_copy_time_cuda = 0.000273
iter 41: per_iter_time_cuda = 0.015853

iter 42: cpu_time_pred = 0.002496
iter 42: gpu_time_pred = 0.000227
iter 42: slack_pred = 0.002269
iter 42: ratio_split_freq = 2.310375
iter 42: seconds_until_interrupt = 0.002683
iter 42: slack_cuda = 0.001546
iter 42: cpu_time_cuda = 0.008078
iter 42: gpu_time_cuda = 0.006531
iter 42: download_copy_time_cuda = 0.000159
iter 42: upload_copy_time_cuda = 0.000263
iter 42: per_iter_time_cuda = 0.015329

iter 43: cpu_time_pred = 0.002191
iter 43: gpu_time_pred = 0.000175
iter 43: slack_pred = 0.002016
iter 43: ratio_split_freq = 2.663329
iter 43: seconds_until_interrupt = 0.002384
iter 43: slack_cuda = 0.001588
iter 43: cpu_time_cuda = 0.007871
iter 43: gpu_time_cuda = 0.006283
iter 43: download_copy_time_cuda = 0.000145
iter 43: upload_copy_time_cuda = 0.000254
iter 43: per_iter_time_cuda = 0.014825

iter 44: cpu_time_pred = 0.001887
iter 44: gpu_time_pred = 0.000130
iter 44: slack_pred = 0.001757
iter 44: ratio_split_freq = 3.130139
iter 44: seconds_until_interrupt = 0.002078
iter 44: slack_cuda = 0.000675
iter 44: cpu_time_cuda = 0.007544
iter 44: gpu_time_cuda = 0.006868
iter 44: download_copy_time_cuda = 0.000127
iter 44: upload_copy_time_cuda = 0.000258
iter 44: per_iter_time_cuda = 0.015070

iter 45: cpu_time_pred = 0.001583
iter 45: gpu_time_pred = 0.000091
iter 45: slack_pred = 0.001491
iter 45: ratio_split_freq = 3.776491
iter 45: seconds_until_interrupt = 0.001763
iter 45: slack_cuda = -0.008045
iter 45: cpu_time_cuda = 0.007202
iter 45: gpu_time_cuda = 0.015247
iter 45: download_copy_time_cuda = 0.000133
iter 45: upload_copy_time_cuda = 0.000247
iter 45: per_iter_time_cuda = 0.023096

iter 46: cpu_time_pred = 0.001278
iter 46: gpu_time_pred = 0.000059
iter 46: slack_pred = 0.001219
iter 46: ratio_split_freq = 4.730631
iter 46: seconds_until_interrupt = 0.001441
iter 46: slack_cuda = 0.001507
iter 46: cpu_time_cuda = 0.007108
iter 46: gpu_time_cuda = 0.005601
iter 46: download_copy_time_cuda = 0.000106
iter 46: upload_copy_time_cuda = 0.000246
iter 46: per_iter_time_cuda = 0.013330

iter 47: cpu_time_pred = 0.000974
iter 47: gpu_time_pred = 0.000035
iter 47: slack_pred = 0.000939
iter 47: ratio_split_freq = 6.281107
iter 47: seconds_until_interrupt = 0.001111
iter 47: slack_cuda = 0.001193
iter 47: cpu_time_cuda = 0.006609
iter 47: gpu_time_cuda = 0.005416
iter 47: download_copy_time_cuda = 0.000089
iter 47: upload_copy_time_cuda = 0.000242
iter 47: per_iter_time_cuda = 0.012621

iter 48: cpu_time_pred = 0.000670
iter 48: gpu_time_pred = 0.000016
iter 48: slack_pred = 0.000653
iter 48: ratio_split_freq = 9.241107
iter 48: seconds_until_interrupt = 0.000772
iter 48: slack_cuda = -0.004164
iter 48: cpu_time_cuda = 0.001133
iter 48: gpu_time_cuda = 0.005297
iter 48: download_copy_time_cuda = 0.000082
iter 48: upload_copy_time_cuda = 0.000254
iter 48: per_iter_time_cuda = 0.012272

iter 49: cpu_time_pred = 0.000365
iter 49: gpu_time_pred = 0.000005
iter 49: slack_pred = 0.000360
iter 49: ratio_split_freq = 17.134440
iter 49: seconds_until_interrupt = 0.000426
iter 49: slack_cuda = -0.004732
iter 49: cpu_time_cuda = 0.000609
iter 49: gpu_time_cuda = 0.005341
iter 49: download_copy_time_cuda = 0.000081
iter 49: upload_copy_time_cuda = 0.000244
iter 49: per_iter_time_cuda = 0.011512

iter 50: cpu_time_pred = 0.000061
iter 50: gpu_time_pred = 0.000000
iter 50: slack_pred = 0.000061
iter 50: ratio_split_freq = 103.961108
iter 50: seconds_until_interrupt = 0.000072
iter 50: slack_cuda = -0.004872
iter 50: cpu_time_cuda = 0.000396
iter 50: gpu_time_cuda = 0.005268
iter 50: download_copy_time_cuda = 0.000072
iter 50: upload_copy_time_cuda = 0.000238
iter 50: per_iter_time_cuda = 0.010979

total_slack_overflow = -0.306620
total_cpu_time_cuda = 0.453405
total_gpu_time_cuda = 0.741318
total_copy_time_cuda = 0.044154
main_loop_time_cuda = 1.327577
Normalized difference of predicted CPU runtime per iteration is: 0.000000%
Normalized difference of predicted GPU runtime per iteration is: 0.000000%
Normalized difference of predicted slack per iteration is: 0.000000%
 5120  5120     ---   (  ---  )     63.10 (   1.42)     ---   
total_time = 2.375767
1.73user 0.81system 0:04.05elapsed 62%CPU (0avgtext+0avgdata 358524maxresident)k
3928inputs+0outputs (1major+71938minor)pagefaults 0swaps
send out message: 22 3 log
