send out message: 24 37 /home/lchen/MAGMA/magma-1.6.1/results
send out message: 20 26 MAGMA_LU_GPUDVFS.total.pwr
MAGMA 1.6.1  compiled for CUDA capability >= 3.0
CUDA runtime 5000, driver 6050. MAGMA not compiled with OpenMP. 
ndevices 1
device 0: Tesla K20c, 705.5 MHz clock, 4799.6 MB memory, capability 3.5
Usage: /home/lchen/MAGMA/magma-1.6.1/testing/testing_dgetrf [options] [-h|--help]

ngpu 1
    M     N   CPU GFlop/s (sec)   GPU GFlop/s (sec)   |PA-LU|/(N*|A|)
=========================================================================
init_time = 3.287620
iter 0: slack_cuda = 0.000000
iter 0: cpu_time_cuda = 0.000000
iter 0: gpu_time_cuda = 0.000000
iter 0: download_copy_time_cuda = 0.000000
iter 0: upload_copy_time_cuda = 0.001518
iter 0: per_iter_time_cuda = 0.002277

iter 1: slack_cuda = -0.001307
iter 1: cpu_time_cuda = 0.029896
iter 1: gpu_time_cuda = 0.031202
iter 1: download_copy_time_cuda = 0.001454
iter 1: upload_copy_time_cuda = 0.001504
iter 1: per_iter_time_cuda = 0.064769

iter 2: slack_cuda = -0.001170
iter 2: cpu_time_cuda = 0.029486
iter 2: gpu_time_cuda = 0.030656
iter 2: download_copy_time_cuda = 0.001409
iter 2: upload_copy_time_cuda = 0.001485
iter 2: per_iter_time_cuda = 0.063798

iter 3: slack_cuda = -0.000189
iter 3: cpu_time_cuda = 0.029304
iter 3: gpu_time_cuda = 0.029493
iter 3: download_copy_time_cuda = 0.001395
iter 3: upload_copy_time_cuda = 0.001489
iter 3: per_iter_time_cuda = 0.062386

iter 4: slack_cuda = -0.000533
iter 4: cpu_time_cuda = 0.028979
iter 4: gpu_time_cuda = 0.029513
iter 4: download_copy_time_cuda = 0.001364
iter 4: upload_copy_time_cuda = 0.001439
iter 4: per_iter_time_cuda = 0.062057

iter 5: slack_cuda = -0.000247
iter 5: cpu_time_cuda = 0.028694
iter 5: gpu_time_cuda = 0.028941
iter 5: download_copy_time_cuda = 0.001359
iter 5: upload_copy_time_cuda = 0.001441
iter 5: per_iter_time_cuda = 0.061143

iter 6: slack_cuda = -0.000133
iter 6: cpu_time_cuda = 0.028321
iter 6: gpu_time_cuda = 0.028455
iter 6: download_copy_time_cuda = 0.001340
iter 6: upload_copy_time_cuda = 0.001431
iter 6: per_iter_time_cuda = 0.060293

iter 7: slack_cuda = 0.000491
iter 7: cpu_time_cuda = 0.027906
iter 7: gpu_time_cuda = 0.027415
iter 7: download_copy_time_cuda = 0.001326
iter 7: upload_copy_time_cuda = 0.001413
iter 7: per_iter_time_cuda = 0.058747

iter 8: slack_cuda = 0.000528
iter 8: cpu_time_cuda = 0.027807
iter 8: gpu_time_cuda = 0.027278
iter 8: download_copy_time_cuda = 0.001314
iter 8: upload_copy_time_cuda = 0.001382
iter 8: per_iter_time_cuda = 0.058509

iter 9: slack_cuda = 0.000849
iter 9: cpu_time_cuda = 0.027539
iter 9: gpu_time_cuda = 0.026691
iter 9: download_copy_time_cuda = 0.001301
iter 9: upload_copy_time_cuda = 0.001386
iter 9: per_iter_time_cuda = 0.057609

iter 10: slack_cuda = 0.001223
iter 10: cpu_time_cuda = 0.027251
iter 10: gpu_time_cuda = 0.026029
iter 10: download_copy_time_cuda = 0.001295
iter 10: upload_copy_time_cuda = 0.001368
iter 10: per_iter_time_cuda = 0.056683

iter 11: slack_cuda = 0.001858
iter 11: cpu_time_cuda = 0.026885
iter 11: gpu_time_cuda = 0.025026
iter 11: download_copy_time_cuda = 0.001302
iter 11: upload_copy_time_cuda = 0.001356
iter 11: per_iter_time_cuda = 0.055246

iter 12: slack_cuda = 0.001387
iter 12: cpu_time_cuda = 0.026631
iter 12: gpu_time_cuda = 0.025244
iter 12: download_copy_time_cuda = 0.001264
iter 12: upload_copy_time_cuda = 0.001324
iter 12: per_iter_time_cuda = 0.055191

iter 13: slack_cuda = 0.001662
iter 13: cpu_time_cuda = 0.026279
iter 13: gpu_time_cuda = 0.024616
iter 13: download_copy_time_cuda = 0.001251
iter 13: upload_copy_time_cuda = 0.001325
iter 13: per_iter_time_cuda = 0.054144

iter 14: slack_cuda = 0.002075
iter 14: cpu_time_cuda = 0.026098
iter 14: gpu_time_cuda = 0.024023
iter 14: download_copy_time_cuda = 0.001234
iter 14: upload_copy_time_cuda = 0.001310
iter 14: per_iter_time_cuda = 0.053375

iter 15: slack_cuda = 0.002708
iter 15: cpu_time_cuda = 0.025730
iter 15: gpu_time_cuda = 0.023022
iter 15: download_copy_time_cuda = 0.001221
iter 15: upload_copy_time_cuda = 0.001295
iter 15: per_iter_time_cuda = 0.051914

iter 16: slack_cuda = 0.002513
iter 16: cpu_time_cuda = 0.025546
iter 16: gpu_time_cuda = 0.023032
iter 16: download_copy_time_cuda = 0.001209
iter 16: upload_copy_time_cuda = 0.001264
iter 16: per_iter_time_cuda = 0.051746

iter 17: slack_cuda = 0.002816
iter 17: cpu_time_cuda = 0.025257
iter 17: gpu_time_cuda = 0.022440
iter 17: download_copy_time_cuda = 0.001198
iter 17: upload_copy_time_cuda = 0.001267
iter 17: per_iter_time_cuda = 0.050805

iter 18: slack_cuda = 0.003025
iter 18: cpu_time_cuda = 0.024999
iter 18: gpu_time_cuda = 0.021974
iter 18: download_copy_time_cuda = 0.001193
iter 18: upload_copy_time_cuda = 0.001251
iter 18: per_iter_time_cuda = 0.050090

iter 19: slack_cuda = 0.003431
iter 19: cpu_time_cuda = 0.024470
iter 19: gpu_time_cuda = 0.021038
iter 19: download_copy_time_cuda = 0.001176
iter 19: upload_copy_time_cuda = 0.001238
iter 19: per_iter_time_cuda = 0.048554

iter 20: slack_cuda = 0.003352
iter 20: cpu_time_cuda = 0.024404
iter 20: gpu_time_cuda = 0.021052
iter 20: download_copy_time_cuda = 0.001151
iter 20: upload_copy_time_cuda = 0.001228
iter 20: per_iter_time_cuda = 0.048502

iter 21: slack_cuda = 0.003827
iter 21: cpu_time_cuda = 0.024271
iter 21: gpu_time_cuda = 0.020444
iter 21: download_copy_time_cuda = 0.001146
iter 21: upload_copy_time_cuda = 0.001211
iter 21: per_iter_time_cuda = 0.047706

iter 22: slack_cuda = 0.003816
iter 22: cpu_time_cuda = 0.023982
iter 22: gpu_time_cuda = 0.020166
iter 22: download_copy_time_cuda = 0.001117
iter 22: upload_copy_time_cuda = 0.001198
iter 22: per_iter_time_cuda = 0.047143

iter 23: slack_cuda = 0.004429
iter 23: cpu_time_cuda = 0.023778
iter 23: gpu_time_cuda = 0.019348
iter 23: download_copy_time_cuda = 0.001121
iter 23: upload_copy_time_cuda = 0.001183
iter 23: per_iter_time_cuda = 0.046040

iter 24: slack_cuda = 0.004350
iter 24: cpu_time_cuda = 0.023375
iter 24: gpu_time_cuda = 0.019025
iter 24: download_copy_time_cuda = 0.001094
iter 24: upload_copy_time_cuda = 0.001157
iter 24: per_iter_time_cuda = 0.045305

iter 25: slack_cuda = 0.004580
iter 25: cpu_time_cuda = 0.023195
iter 25: gpu_time_cuda = 0.018615
iter 25: download_copy_time_cuda = 0.001085
iter 25: upload_copy_time_cuda = 0.001157
iter 25: per_iter_time_cuda = 0.044660

iter 26: slack_cuda = 0.004492
iter 26: cpu_time_cuda = 0.022679
iter 26: gpu_time_cuda = 0.018186
iter 26: download_copy_time_cuda = 0.001069
iter 26: upload_copy_time_cuda = 0.001142
iter 26: per_iter_time_cuda = 0.043730

iter 27: slack_cuda = 0.005452
iter 27: cpu_time_cuda = 0.022709
iter 27: gpu_time_cuda = 0.017257
iter 27: download_copy_time_cuda = 0.001074
iter 27: upload_copy_time_cuda = 0.001126
iter 27: per_iter_time_cuda = 0.042754

iter 28: slack_cuda = 0.004956
iter 28: cpu_time_cuda = 0.022243
iter 28: gpu_time_cuda = 0.017287
iter 28: download_copy_time_cuda = 0.001043
iter 28: upload_copy_time_cuda = 0.001099
iter 28: per_iter_time_cuda = 0.042325

iter 29: slack_cuda = 0.005082
iter 29: cpu_time_cuda = 0.021961
iter 29: gpu_time_cuda = 0.016879
iter 29: download_copy_time_cuda = 0.001031
iter 29: upload_copy_time_cuda = 0.001099
iter 29: per_iter_time_cuda = 0.041565

iter 30: slack_cuda = 0.005125
iter 30: cpu_time_cuda = 0.021673
iter 30: gpu_time_cuda = 0.016548
iter 30: download_copy_time_cuda = 0.001024
iter 30: upload_copy_time_cuda = 0.001099
iter 30: per_iter_time_cuda = 0.040982

iter 31: slack_cuda = 0.005896
iter 31: cpu_time_cuda = 0.021453
iter 31: gpu_time_cuda = 0.015556
iter 31: download_copy_time_cuda = 0.001014
iter 31: upload_copy_time_cuda = 0.001071
iter 31: per_iter_time_cuda = 0.039656

iter 32: slack_cuda = 0.005556
iter 32: cpu_time_cuda = 0.021115
iter 32: gpu_time_cuda = 0.015560
iter 32: download_copy_time_cuda = 0.000985
iter 32: upload_copy_time_cuda = 0.001041
iter 32: per_iter_time_cuda = 0.039306

iter 33: slack_cuda = 0.005695
iter 33: cpu_time_cuda = 0.020799
iter 33: gpu_time_cuda = 0.015104
iter 33: download_copy_time_cuda = 0.000976
iter 33: upload_copy_time_cuda = 0.001043
iter 33: per_iter_time_cuda = 0.038483

iter 34: slack_cuda = 0.005599
iter 34: cpu_time_cuda = 0.020350
iter 34: gpu_time_cuda = 0.014751
iter 34: download_copy_time_cuda = 0.000966
iter 34: upload_copy_time_cuda = 0.001027
iter 34: per_iter_time_cuda = 0.037680

iter 35: slack_cuda = 0.006230
iter 35: cpu_time_cuda = 0.020233
iter 35: gpu_time_cuda = 0.014003
iter 35: download_copy_time_cuda = 0.000950
iter 35: upload_copy_time_cuda = 0.001008
iter 35: per_iter_time_cuda = 0.036742

iter 36: slack_cuda = 0.006045
iter 36: cpu_time_cuda = 0.019920
iter 36: gpu_time_cuda = 0.013875
iter 36: download_copy_time_cuda = 0.000949
iter 36: upload_copy_time_cuda = 0.000983
iter 36: per_iter_time_cuda = 0.036307

iter 37: slack_cuda = 0.006028
iter 37: cpu_time_cuda = 0.019556
iter 37: gpu_time_cuda = 0.013529
iter 37: download_copy_time_cuda = 0.000934
iter 37: upload_copy_time_cuda = 0.000978
iter 37: per_iter_time_cuda = 0.035548

iter 38: slack_cuda = 0.006260
iter 38: cpu_time_cuda = 0.019461
iter 38: gpu_time_cuda = 0.013200
iter 38: download_copy_time_cuda = 0.000909
iter 38: upload_copy_time_cuda = 0.000964
iter 38: per_iter_time_cuda = 0.035115

iter 39: slack_cuda = 0.006414
iter 39: cpu_time_cuda = 0.019057
iter 39: gpu_time_cuda = 0.012643
iter 39: download_copy_time_cuda = 0.000909
iter 39: upload_copy_time_cuda = 0.000948
iter 39: per_iter_time_cuda = 0.034098

iter 40: slack_cuda = 0.006344
iter 40: cpu_time_cuda = 0.018749
iter 40: gpu_time_cuda = 0.012405
iter 40: download_copy_time_cuda = 0.000883
iter 40: upload_copy_time_cuda = 0.000924
iter 40: per_iter_time_cuda = 0.033534

iter 41: slack_cuda = 0.006539
iter 41: cpu_time_cuda = 0.018494
iter 41: gpu_time_cuda = 0.011955
iter 41: download_copy_time_cuda = 0.000869
iter 41: upload_copy_time_cuda = 0.000921
iter 41: per_iter_time_cuda = 0.032770

iter 42: slack_cuda = 0.006614
iter 42: cpu_time_cuda = 0.018261
iter 42: gpu_time_cuda = 0.011646
iter 42: download_copy_time_cuda = 0.000855
iter 42: upload_copy_time_cuda = 0.000905
iter 42: per_iter_time_cuda = 0.032231

iter 43: slack_cuda = 0.006875
iter 43: cpu_time_cuda = 0.018029
iter 43: gpu_time_cuda = 0.011155
iter 43: download_copy_time_cuda = 0.000854
iter 43: upload_copy_time_cuda = 0.000892
iter 43: per_iter_time_cuda = 0.031462

iter 44: slack_cuda = 0.006736
iter 44: cpu_time_cuda = 0.017668
iter 44: gpu_time_cuda = 0.010932
iter 44: download_copy_time_cuda = 0.000836
iter 44: upload_copy_time_cuda = 0.000869
iter 44: per_iter_time_cuda = 0.030873

iter 45: slack_cuda = 0.006807
iter 45: cpu_time_cuda = 0.017380
iter 45: gpu_time_cuda = 0.010573
iter 45: download_copy_time_cuda = 0.000814
iter 45: upload_copy_time_cuda = 0.000862
iter 45: per_iter_time_cuda = 0.030149

iter 46: slack_cuda = 0.006841
iter 46: cpu_time_cuda = 0.017057
iter 46: gpu_time_cuda = 0.010216
iter 46: download_copy_time_cuda = 0.000810
iter 46: upload_copy_time_cuda = 0.000846
iter 46: per_iter_time_cuda = 0.029478

iter 47: slack_cuda = 0.007022
iter 47: cpu_time_cuda = 0.016797
iter 47: gpu_time_cuda = 0.009775
iter 47: download_copy_time_cuda = 0.000801
iter 47: upload_copy_time_cuda = 0.000834
iter 47: per_iter_time_cuda = 0.028696

iter 48: slack_cuda = 0.007002
iter 48: cpu_time_cuda = 0.016576
iter 48: gpu_time_cuda = 0.009574
iter 48: download_copy_time_cuda = 0.000766
iter 48: upload_copy_time_cuda = 0.000809
iter 48: per_iter_time_cuda = 0.028242

iter 49: slack_cuda = 0.006857
iter 49: cpu_time_cuda = 0.016148
iter 49: gpu_time_cuda = 0.009291
iter 49: download_copy_time_cuda = 0.000770
iter 49: upload_copy_time_cuda = 0.000806
iter 49: per_iter_time_cuda = 0.027511

iter 50: slack_cuda = 0.006945
iter 50: cpu_time_cuda = 0.015844
iter 50: gpu_time_cuda = 0.008900
iter 50: download_copy_time_cuda = 0.000766
iter 50: upload_copy_time_cuda = 0.000793
iter 50: per_iter_time_cuda = 0.026822

iter 51: slack_cuda = 0.007137
iter 51: cpu_time_cuda = 0.015531
iter 51: gpu_time_cuda = 0.008394
iter 51: download_copy_time_cuda = 0.000740
iter 51: upload_copy_time_cuda = 0.000777
iter 51: per_iter_time_cuda = 0.025921

iter 52: slack_cuda = 0.007029
iter 52: cpu_time_cuda = 0.015340
iter 52: gpu_time_cuda = 0.008312
iter 52: download_copy_time_cuda = 0.000714
iter 52: upload_copy_time_cuda = 0.000752
iter 52: per_iter_time_cuda = 0.025610

iter 53: slack_cuda = 0.006979
iter 53: cpu_time_cuda = 0.015025
iter 53: gpu_time_cuda = 0.008045
iter 53: download_copy_time_cuda = 0.000707
iter 53: upload_copy_time_cuda = 0.000745
iter 53: per_iter_time_cuda = 0.024985

iter 54: slack_cuda = 0.006985
iter 54: cpu_time_cuda = 0.014697
iter 54: gpu_time_cuda = 0.007712
iter 54: download_copy_time_cuda = 0.000695
iter 54: upload_copy_time_cuda = 0.000732
iter 54: per_iter_time_cuda = 0.024337

iter 55: slack_cuda = 0.007203
iter 55: cpu_time_cuda = 0.014464
iter 55: gpu_time_cuda = 0.007261
iter 55: download_copy_time_cuda = 0.000689
iter 55: upload_copy_time_cuda = 0.000717
iter 55: per_iter_time_cuda = 0.023583

iter 56: slack_cuda = 0.006944
iter 56: cpu_time_cuda = 0.014050
iter 56: gpu_time_cuda = 0.007107
iter 56: download_copy_time_cuda = 0.000675
iter 56: upload_copy_time_cuda = 0.000695
iter 56: per_iter_time_cuda = 0.023017

iter 57: slack_cuda = 0.006947
iter 57: cpu_time_cuda = 0.013825
iter 57: gpu_time_cuda = 0.006878
iter 57: download_copy_time_cuda = 0.000656
iter 57: upload_copy_time_cuda = 0.000688
iter 57: per_iter_time_cuda = 0.022496

iter 58: slack_cuda = 0.006952
iter 58: cpu_time_cuda = 0.013583
iter 58: gpu_time_cuda = 0.006632
iter 58: download_copy_time_cuda = 0.000640
iter 58: upload_copy_time_cuda = 0.000672
iter 58: per_iter_time_cuda = 0.022001

iter 59: slack_cuda = 0.007086
iter 59: cpu_time_cuda = 0.013407
iter 59: gpu_time_cuda = 0.006321
iter 59: download_copy_time_cuda = 0.000627
iter 59: upload_copy_time_cuda = 0.000657
iter 59: per_iter_time_cuda = 0.021452

iter 60: slack_cuda = 0.006937
iter 60: cpu_time_cuda = 0.012934
iter 60: gpu_time_cuda = 0.005997
iter 60: download_copy_time_cuda = 0.000614
iter 60: upload_copy_time_cuda = 0.000640
iter 60: per_iter_time_cuda = 0.020655

iter 61: slack_cuda = 0.006763
iter 61: cpu_time_cuda = 0.012556
iter 61: gpu_time_cuda = 0.005793
iter 61: download_copy_time_cuda = 0.000598
iter 61: upload_copy_time_cuda = 0.000631
iter 61: per_iter_time_cuda = 0.020020

iter 62: slack_cuda = 0.006599
iter 62: cpu_time_cuda = 0.012282
iter 62: gpu_time_cuda = 0.005683
iter 62: download_copy_time_cuda = 0.000585
iter 62: upload_copy_time_cuda = 0.000618
iter 62: per_iter_time_cuda = 0.019638

iter 63: slack_cuda = 0.006836
iter 63: cpu_time_cuda = 0.011985
iter 63: gpu_time_cuda = 0.005149
iter 63: download_copy_time_cuda = 0.000572
iter 63: upload_copy_time_cuda = 0.000601
iter 63: per_iter_time_cuda = 0.018727

iter 64: slack_cuda = 0.006718
iter 64: cpu_time_cuda = 0.011777
iter 64: gpu_time_cuda = 0.005059
iter 64: download_copy_time_cuda = 0.000566
iter 64: upload_copy_time_cuda = 0.000595
iter 64: per_iter_time_cuda = 0.018441

iter 65: slack_cuda = 0.006616
iter 65: cpu_time_cuda = 0.011416
iter 65: gpu_time_cuda = 0.004800
iter 65: download_copy_time_cuda = 0.000553
iter 65: upload_copy_time_cuda = 0.000575
iter 65: per_iter_time_cuda = 0.017761

iter 66: slack_cuda = 0.006528
iter 66: cpu_time_cuda = 0.011141
iter 66: gpu_time_cuda = 0.004613
iter 66: download_copy_time_cuda = 0.000532
iter 66: upload_copy_time_cuda = 0.000560
iter 66: per_iter_time_cuda = 0.017283

iter 67: slack_cuda = 0.006407
iter 67: cpu_time_cuda = 0.010780
iter 67: gpu_time_cuda = 0.004373
iter 67: download_copy_time_cuda = 0.000512
iter 67: upload_copy_time_cuda = 0.000543
iter 67: per_iter_time_cuda = 0.016610

iter 68: slack_cuda = 0.006317
iter 68: cpu_time_cuda = 0.010528
iter 68: gpu_time_cuda = 0.004211
iter 68: download_copy_time_cuda = 0.000507
iter 68: upload_copy_time_cuda = 0.000524
iter 68: per_iter_time_cuda = 0.016178

iter 69: slack_cuda = 0.006221
iter 69: cpu_time_cuda = 0.010207
iter 69: gpu_time_cuda = 0.003986
iter 69: download_copy_time_cuda = 0.000515
iter 69: upload_copy_time_cuda = 0.000514
iter 69: per_iter_time_cuda = 0.015614

iter 70: slack_cuda = 0.006132
iter 70: cpu_time_cuda = 0.010003
iter 70: gpu_time_cuda = 0.003871
iter 70: download_copy_time_cuda = 0.000480
iter 70: upload_copy_time_cuda = 0.000497
iter 70: per_iter_time_cuda = 0.015246

iter 71: slack_cuda = 0.006120
iter 71: cpu_time_cuda = 0.009643
iter 71: gpu_time_cuda = 0.003523
iter 71: download_copy_time_cuda = 0.000479
iter 71: upload_copy_time_cuda = 0.000485
iter 71: per_iter_time_cuda = 0.014508

iter 72: slack_cuda = 0.005969
iter 72: cpu_time_cuda = 0.009383
iter 72: gpu_time_cuda = 0.003413
iter 72: download_copy_time_cuda = 0.000454
iter 72: upload_copy_time_cuda = 0.000465
iter 72: per_iter_time_cuda = 0.014101

iter 73: slack_cuda = 0.005912
iter 73: cpu_time_cuda = 0.009116
iter 73: gpu_time_cuda = 0.003204
iter 73: download_copy_time_cuda = 0.000444
iter 73: upload_copy_time_cuda = 0.000458
iter 73: per_iter_time_cuda = 0.013590

iter 74: slack_cuda = 0.005704
iter 74: cpu_time_cuda = 0.008683
iter 74: gpu_time_cuda = 0.002979
iter 74: download_copy_time_cuda = 0.000427
iter 74: upload_copy_time_cuda = 0.000450
iter 74: per_iter_time_cuda = 0.012935

iter 75: slack_cuda = 0.005658
iter 75: cpu_time_cuda = 0.008421
iter 75: gpu_time_cuda = 0.002762
iter 75: download_copy_time_cuda = 0.000429
iter 75: upload_copy_time_cuda = 0.000448
iter 75: per_iter_time_cuda = 0.012430

iter 76: slack_cuda = 0.005398
iter 76: cpu_time_cuda = 0.008093
iter 76: gpu_time_cuda = 0.002695
iter 76: download_copy_time_cuda = 0.000408
iter 76: upload_copy_time_cuda = 0.000439
iter 76: per_iter_time_cuda = 0.012014

iter 77: slack_cuda = 0.005273
iter 77: cpu_time_cuda = 0.007798
iter 77: gpu_time_cuda = 0.002525
iter 77: download_copy_time_cuda = 0.000390
iter 77: upload_copy_time_cuda = 0.000431
iter 77: per_iter_time_cuda = 0.011499

iter 78: slack_cuda = 0.005185
iter 78: cpu_time_cuda = 0.007561
iter 78: gpu_time_cuda = 0.002375
iter 78: download_copy_time_cuda = 0.000370
iter 78: upload_copy_time_cuda = 0.000435
iter 78: per_iter_time_cuda = 0.011113

iter 79: slack_cuda = 0.005145
iter 79: cpu_time_cuda = 0.007328
iter 79: gpu_time_cuda = 0.002183
iter 79: download_copy_time_cuda = 0.000366
iter 79: upload_copy_time_cuda = 0.000437
iter 79: per_iter_time_cuda = 0.010657

iter 80: slack_cuda = 0.004897
iter 80: cpu_time_cuda = 0.006968
iter 80: gpu_time_cuda = 0.002072
iter 80: download_copy_time_cuda = 0.000342
iter 80: upload_copy_time_cuda = 0.000429
iter 80: per_iter_time_cuda = 0.010175

iter 81: slack_cuda = 0.004776
iter 81: cpu_time_cuda = 0.006692
iter 81: gpu_time_cuda = 0.001915
iter 81: download_copy_time_cuda = 0.000331
iter 81: upload_copy_time_cuda = 0.000427
iter 81: per_iter_time_cuda = 0.009705

iter 82: slack_cuda = 0.004635
iter 82: cpu_time_cuda = 0.006347
iter 82: gpu_time_cuda = 0.001712
iter 82: download_copy_time_cuda = 0.000331
iter 82: upload_copy_time_cuda = 0.000424
iter 82: per_iter_time_cuda = 0.009166

iter 83: slack_cuda = 0.004438
iter 83: cpu_time_cuda = 0.006082
iter 83: gpu_time_cuda = 0.001643
iter 83: download_copy_time_cuda = 0.000304
iter 83: upload_copy_time_cuda = 0.000428
iter 83: per_iter_time_cuda = 0.008785

iter 84: slack_cuda = 0.004187
iter 84: cpu_time_cuda = 0.005721
iter 84: gpu_time_cuda = 0.001533
iter 84: download_copy_time_cuda = 0.000288
iter 84: upload_copy_time_cuda = 0.000418
iter 84: per_iter_time_cuda = 0.008298

iter 85: slack_cuda = 0.004159
iter 85: cpu_time_cuda = 0.005535
iter 85: gpu_time_cuda = 0.001376
iter 85: download_copy_time_cuda = 0.000276
iter 85: upload_copy_time_cuda = 0.000414
iter 85: per_iter_time_cuda = 0.007896

iter 86: slack_cuda = 0.003948
iter 86: cpu_time_cuda = 0.005182
iter 86: gpu_time_cuda = 0.001234
iter 86: download_copy_time_cuda = 0.000269
iter 86: upload_copy_time_cuda = 0.000405
iter 86: per_iter_time_cuda = 0.007408

iter 87: slack_cuda = 0.003757
iter 87: cpu_time_cuda = 0.004880
iter 87: gpu_time_cuda = 0.001123
iter 87: download_copy_time_cuda = 0.000251
iter 87: upload_copy_time_cuda = 0.000417
iter 87: per_iter_time_cuda = 0.006960

iter 88: slack_cuda = 0.003527
iter 88: cpu_time_cuda = 0.004551
iter 88: gpu_time_cuda = 0.001024
iter 88: download_copy_time_cuda = 0.000242
iter 88: upload_copy_time_cuda = 0.000418
iter 88: per_iter_time_cuda = 0.006537

iter 89: slack_cuda = 0.003352
iter 89: cpu_time_cuda = 0.004267
iter 89: gpu_time_cuda = 0.000915
iter 89: download_copy_time_cuda = 0.000230
iter 89: upload_copy_time_cuda = 0.000412
iter 89: per_iter_time_cuda = 0.006112

iter 90: slack_cuda = 0.003136
iter 90: cpu_time_cuda = 0.003999
iter 90: gpu_time_cuda = 0.000863
iter 90: download_copy_time_cuda = 0.000219
iter 90: upload_copy_time_cuda = 0.000403
iter 90: per_iter_time_cuda = 0.005778

iter 91: slack_cuda = 0.002961
iter 91: cpu_time_cuda = 0.003641
iter 91: gpu_time_cuda = 0.000680
iter 91: download_copy_time_cuda = 0.000190
iter 91: upload_copy_time_cuda = 0.000396
iter 91: per_iter_time_cuda = 0.005187

iter 92: slack_cuda = 0.002674
iter 92: cpu_time_cuda = 0.003346
iter 92: gpu_time_cuda = 0.000673
iter 92: download_copy_time_cuda = 0.000172
iter 92: upload_copy_time_cuda = 0.000405
iter 92: per_iter_time_cuda = 0.004886

iter 93: slack_cuda = 0.002523
iter 93: cpu_time_cuda = 0.003091
iter 93: gpu_time_cuda = 0.000567
iter 93: download_copy_time_cuda = 0.000175
iter 93: upload_copy_time_cuda = 0.000400
iter 93: per_iter_time_cuda = 0.004511

iter 94: slack_cuda = 0.002306
iter 94: cpu_time_cuda = 0.002810
iter 94: gpu_time_cuda = 0.000504
iter 94: download_copy_time_cuda = 0.000153
iter 94: upload_copy_time_cuda = 0.000394
iter 94: per_iter_time_cuda = 0.004140

iter 95: slack_cuda = 0.002125
iter 95: cpu_time_cuda = 0.002533
iter 95: gpu_time_cuda = 0.000408
iter 95: download_copy_time_cuda = 0.000156
iter 95: upload_copy_time_cuda = 0.000405
iter 95: per_iter_time_cuda = 0.003763

iter 96: slack_cuda = 0.001841
iter 96: cpu_time_cuda = 0.002214
iter 96: gpu_time_cuda = 0.000373
iter 96: download_copy_time_cuda = 0.000135
iter 96: upload_copy_time_cuda = 0.000389
iter 96: per_iter_time_cuda = 0.003373

iter 97: slack_cuda = 0.001618
iter 97: cpu_time_cuda = 0.001933
iter 97: gpu_time_cuda = 0.000316
iter 97: download_copy_time_cuda = 0.000132
iter 97: upload_copy_time_cuda = 0.000378
iter 97: per_iter_time_cuda = 0.003014

iter 98: slack_cuda = 0.001181
iter 98: cpu_time_cuda = 0.001450
iter 98: gpu_time_cuda = 0.000269
iter 98: download_copy_time_cuda = 0.000116
iter 98: upload_copy_time_cuda = 0.000390
iter 98: per_iter_time_cuda = 0.002481

iter 99: slack_cuda = 0.000961
iter 99: cpu_time_cuda = 0.001182
iter 99: gpu_time_cuda = 0.000221
iter 99: download_copy_time_cuda = 0.000110
iter 99: upload_copy_time_cuda = 0.000390
iter 99: per_iter_time_cuda = 0.002155

iter 100: slack_cuda = 0.000699
iter 100: cpu_time_cuda = 0.000906
iter 100: gpu_time_cuda = 0.000207
iter 100: download_copy_time_cuda = 0.000111
iter 100: upload_copy_time_cuda = 0.000386
iter 100: per_iter_time_cuda = 0.001863

iter 101: slack_cuda = 0.000420
iter 101: cpu_time_cuda = 0.000617
iter 101: gpu_time_cuda = 0.000197
iter 101: download_copy_time_cuda = 0.000094
iter 101: upload_copy_time_cuda = 0.000380
iter 101: per_iter_time_cuda = 0.001528

total_slack_overflow = -0.003580
total_cpu_time_cuda = 1.559795
total_gpu_time_cuda = 1.111221
total_copy_time_cuda = 0.159141
main_loop_time_cuda = 2.887443
Normalized difference of predicted CPU runtime per iteration is: 0.000000%
Normalized difference of predicted GPU runtime per iteration is: 0.000000%
Normalized difference of predicted slack per iteration is: 0.000000%
10240 10240     ---   (  ---  )    224.05 (   3.19)     ---   
total_time = 7.005414
6.21user 1.13system 0:08.32elapsed 88%CPU (0avgtext+0avgdata 972924maxresident)k
3920inputs+0outputs (1major+225542minor)pagefaults 0swaps
send out message: 22 3 log
