send out message: 24 37 /home/lchen/MAGMA/magma-1.6.1/results
send out message: 20 26 MAGMA_LU_GPUDVFS.total.pwr
MAGMA 1.6.1  compiled for CUDA capability >= 3.0
CUDA runtime 5000, driver 6050. MAGMA not compiled with OpenMP. 
ndevices 1
device 0: Tesla K20c, 705.5 MHz clock, 4799.6 MB memory, capability 3.5
Usage: /home/lchen/MAGMA/magma-1.6.1/testing/testing_dgetrf [options] [-h|--help]

ngpu 1
    M     N   CPU GFlop/s (sec)   GPU GFlop/s (sec)   |PA-LU|/(N*|A|)
=========================================================================
init_time = 0.816045
iter 0: slack_cuda = 0.000000
iter 0: cpu_time_cuda = 0.000000
iter 0: gpu_time_cuda = 0.000000
iter 0: download_copy_time_cuda = 0.000000
iter 0: upload_copy_time_cuda = 0.002203
iter 0: per_iter_time_cuda = 0.003886

iter 1: slack_cuda = -0.028783
iter 1: cpu_time_cuda = 0.015025
iter 1: gpu_time_cuda = 0.043808
iter 1: download_copy_time_cuda = 0.001844
iter 1: upload_copy_time_cuda = 0.002187
iter 1: per_iter_time_cuda = 0.064425

iter 2: slack_cuda = -0.027212
iter 2: cpu_time_cuda = 0.014644
iter 2: gpu_time_cuda = 0.041856
iter 2: download_copy_time_cuda = 0.001777
iter 2: upload_copy_time_cuda = 0.002254
iter 2: per_iter_time_cuda = 0.062186

iter 3: slack_cuda = -0.021284
iter 3: cpu_time_cuda = 0.014472
iter 3: gpu_time_cuda = 0.035756
iter 3: download_copy_time_cuda = 0.001729
iter 3: upload_copy_time_cuda = 0.002153
iter 3: per_iter_time_cuda = 0.055643

iter 4: slack_cuda = -0.024722
iter 4: cpu_time_cuda = 0.014059
iter 4: gpu_time_cuda = 0.038781
iter 4: download_copy_time_cuda = 0.001691
iter 4: upload_copy_time_cuda = 0.002103
iter 4: per_iter_time_cuda = 0.058255

iter 5: slack_cuda = -0.023650
iter 5: cpu_time_cuda = 0.013856
iter 5: gpu_time_cuda = 0.037506
iter 5: download_copy_time_cuda = 0.001662
iter 5: upload_copy_time_cuda = 0.002134
iter 5: per_iter_time_cuda = 0.056645

iter 6: slack_cuda = -0.022284
iter 6: cpu_time_cuda = 0.013501
iter 6: gpu_time_cuda = 0.035786
iter 6: download_copy_time_cuda = 0.001644
iter 6: upload_copy_time_cuda = 0.002121
iter 6: per_iter_time_cuda = 0.054643

iter 7: slack_cuda = -0.017845
iter 7: cpu_time_cuda = 0.013203
iter 7: gpu_time_cuda = 0.031049
iter 7: download_copy_time_cuda = 0.001603
iter 7: upload_copy_time_cuda = 0.002111
iter 7: per_iter_time_cuda = 0.049377

iter 8: slack_cuda = -0.019963
iter 8: cpu_time_cuda = 0.012997
iter 8: gpu_time_cuda = 0.032960
iter 8: download_copy_time_cuda = 0.001537
iter 8: upload_copy_time_cuda = 0.002011
iter 8: per_iter_time_cuda = 0.051073

iter 9: slack_cuda = -0.018474
iter 9: cpu_time_cuda = 0.012658
iter 9: gpu_time_cuda = 0.031132
iter 9: download_copy_time_cuda = 0.001552
iter 9: upload_copy_time_cuda = 0.002060
iter 9: per_iter_time_cuda = 0.048831

iter 10: slack_cuda = -0.017388
iter 10: cpu_time_cuda = 0.012271
iter 10: gpu_time_cuda = 0.029659
iter 10: download_copy_time_cuda = 0.001489
iter 10: upload_copy_time_cuda = 0.002045
iter 10: per_iter_time_cuda = 0.046971

iter 11: slack_cuda = -0.013656
iter 11: cpu_time_cuda = 0.011960
iter 11: gpu_time_cuda = 0.025615
iter 11: download_copy_time_cuda = 0.001458
iter 11: upload_copy_time_cuda = 0.002042
iter 11: per_iter_time_cuda = 0.042439

iter 12: slack_cuda = -0.015830
iter 12: cpu_time_cuda = 0.011681
iter 12: gpu_time_cuda = 0.027512
iter 12: download_copy_time_cuda = 0.001377
iter 12: upload_copy_time_cuda = 0.001960
iter 12: per_iter_time_cuda = 0.043998

iter 13: slack_cuda = -0.014129
iter 13: cpu_time_cuda = 0.011874
iter 13: gpu_time_cuda = 0.026003
iter 13: download_copy_time_cuda = 0.001384
iter 13: upload_copy_time_cuda = 0.001993
iter 13: per_iter_time_cuda = 0.042542

iter 14: slack_cuda = -0.012912
iter 14: cpu_time_cuda = 0.011504
iter 14: gpu_time_cuda = 0.024416
iter 14: download_copy_time_cuda = 0.001666
iter 14: upload_copy_time_cuda = 0.001982
iter 14: per_iter_time_cuda = 0.041009

iter 15: slack_cuda = -0.009734
iter 15: cpu_time_cuda = 0.011220
iter 15: gpu_time_cuda = 0.020954
iter 15: download_copy_time_cuda = 0.001627
iter 15: upload_copy_time_cuda = 0.001955
iter 15: per_iter_time_cuda = 0.037049

iter 16: slack_cuda = -0.011284
iter 16: cpu_time_cuda = 0.011001
iter 16: gpu_time_cuda = 0.022285
iter 16: download_copy_time_cuda = 0.001559
iter 16: upload_copy_time_cuda = 0.001893
iter 16: per_iter_time_cuda = 0.038086

iter 17: slack_cuda = -0.010657
iter 17: cpu_time_cuda = 0.010641
iter 17: gpu_time_cuda = 0.021298
iter 17: download_copy_time_cuda = 0.001572
iter 17: upload_copy_time_cuda = 0.001930
iter 17: per_iter_time_cuda = 0.036630

iter 18: slack_cuda = -0.009465
iter 18: cpu_time_cuda = 0.010387
iter 18: gpu_time_cuda = 0.019852
iter 18: download_copy_time_cuda = 0.001511
iter 18: upload_copy_time_cuda = 0.001915
iter 18: per_iter_time_cuda = 0.034915

iter 19: slack_cuda = -0.006834
iter 19: cpu_time_cuda = 0.010075
iter 19: gpu_time_cuda = 0.016909
iter 19: download_copy_time_cuda = 0.001485
iter 19: upload_copy_time_cuda = 0.001876
iter 19: per_iter_time_cuda = 0.031518

iter 20: slack_cuda = -0.007739
iter 20: cpu_time_cuda = 0.009770
iter 20: gpu_time_cuda = 0.017509
iter 20: download_copy_time_cuda = 0.001447
iter 20: upload_copy_time_cuda = 0.001839
iter 20: per_iter_time_cuda = 0.031790

iter 21: slack_cuda = -0.007205
iter 21: cpu_time_cuda = 0.009439
iter 21: gpu_time_cuda = 0.016643
iter 21: download_copy_time_cuda = 0.001415
iter 21: upload_copy_time_cuda = 0.001851
iter 21: per_iter_time_cuda = 0.030455

iter 22: slack_cuda = -0.006359
iter 22: cpu_time_cuda = 0.009214
iter 22: gpu_time_cuda = 0.015573
iter 22: download_copy_time_cuda = 0.001361
iter 22: upload_copy_time_cuda = 0.001852
iter 22: per_iter_time_cuda = 0.029202

iter 23: slack_cuda = -0.004202
iter 23: cpu_time_cuda = 0.008870
iter 23: gpu_time_cuda = 0.013072
iter 23: download_copy_time_cuda = 0.001329
iter 23: upload_copy_time_cuda = 0.001819
iter 23: per_iter_time_cuda = 0.026167

iter 24: slack_cuda = -0.005400
iter 24: cpu_time_cuda = 0.008558
iter 24: gpu_time_cuda = 0.013958
iter 24: download_copy_time_cuda = 0.001290
iter 24: upload_copy_time_cuda = 0.001747
iter 24: per_iter_time_cuda = 0.026694

iter 25: slack_cuda = -0.004438
iter 25: cpu_time_cuda = 0.008264
iter 25: gpu_time_cuda = 0.012702
iter 25: download_copy_time_cuda = 0.001290
iter 25: upload_copy_time_cuda = 0.001775
iter 25: per_iter_time_cuda = 0.025063

iter 26: slack_cuda = -0.004065
iter 26: cpu_time_cuda = 0.007932
iter 26: gpu_time_cuda = 0.011997
iter 26: download_copy_time_cuda = 0.001230
iter 26: upload_copy_time_cuda = 0.001770
iter 26: per_iter_time_cuda = 0.024035

iter 27: slack_cuda = -0.002302
iter 27: cpu_time_cuda = 0.007699
iter 27: gpu_time_cuda = 0.010001
iter 27: download_copy_time_cuda = 0.001217
iter 27: upload_copy_time_cuda = 0.001743
iter 27: per_iter_time_cuda = 0.021633

iter 28: slack_cuda = -0.002859
iter 28: cpu_time_cuda = 0.007383
iter 28: gpu_time_cuda = 0.010242
iter 28: download_copy_time_cuda = 0.001131
iter 28: upload_copy_time_cuda = 0.001696
iter 28: per_iter_time_cuda = 0.021508

iter 29: slack_cuda = -0.002393
iter 29: cpu_time_cuda = 0.007093
iter 29: gpu_time_cuda = 0.009487
iter 29: download_copy_time_cuda = 0.001125
iter 29: upload_copy_time_cuda = 0.001718
iter 29: per_iter_time_cuda = 0.020399

iter 30: slack_cuda = -0.001860
iter 30: cpu_time_cuda = 0.006791
iter 30: gpu_time_cuda = 0.008651
iter 30: download_copy_time_cuda = 0.001118
iter 30: upload_copy_time_cuda = 0.001684
iter 30: per_iter_time_cuda = 0.019270

iter 31: slack_cuda = -0.000476
iter 31: cpu_time_cuda = 0.006571
iter 31: gpu_time_cuda = 0.007047
iter 31: download_copy_time_cuda = 0.001061
iter 31: upload_copy_time_cuda = 0.001703
iter 31: per_iter_time_cuda = 0.017336

iter 32: slack_cuda = -0.000884
iter 32: cpu_time_cuda = 0.006230
iter 32: gpu_time_cuda = 0.007114
iter 32: download_copy_time_cuda = 0.001016
iter 32: upload_copy_time_cuda = 0.001640
iter 32: per_iter_time_cuda = 0.016979

iter 33: slack_cuda = -0.000628
iter 33: cpu_time_cuda = 0.005961
iter 33: gpu_time_cuda = 0.006589
iter 33: download_copy_time_cuda = 0.000948
iter 33: upload_copy_time_cuda = 0.001615
iter 33: per_iter_time_cuda = 0.016001

iter 34: slack_cuda = -0.000244
iter 34: cpu_time_cuda = 0.005686
iter 34: gpu_time_cuda = 0.005930
iter 34: download_copy_time_cuda = 0.000924
iter 34: upload_copy_time_cuda = 0.001596
iter 34: per_iter_time_cuda = 0.014978

iter 35: slack_cuda = 0.000474
iter 35: cpu_time_cuda = 0.005309
iter 35: gpu_time_cuda = 0.004835
iter 35: download_copy_time_cuda = 0.000862
iter 35: upload_copy_time_cuda = 0.001600
iter 35: per_iter_time_cuda = 0.013379

iter 36: slack_cuda = 0.000321
iter 36: cpu_time_cuda = 0.005060
iter 36: gpu_time_cuda = 0.004740
iter 36: download_copy_time_cuda = 0.000835
iter 36: upload_copy_time_cuda = 0.001571
iter 36: per_iter_time_cuda = 0.013006

iter 37: slack_cuda = 0.000607
iter 37: cpu_time_cuda = 0.004730
iter 37: gpu_time_cuda = 0.004122
iter 37: download_copy_time_cuda = 0.000806
iter 37: upload_copy_time_cuda = 0.001561
iter 37: per_iter_time_cuda = 0.011953

iter 38: slack_cuda = 0.000838
iter 38: cpu_time_cuda = 0.004458
iter 38: gpu_time_cuda = 0.003620
iter 38: download_copy_time_cuda = 0.000751
iter 38: upload_copy_time_cuda = 0.001518
iter 38: per_iter_time_cuda = 0.011099

iter 39: slack_cuda = 0.001188
iter 39: cpu_time_cuda = 0.004116
iter 39: gpu_time_cuda = 0.002928
iter 39: download_copy_time_cuda = 0.000726
iter 39: upload_copy_time_cuda = 0.001537
iter 39: per_iter_time_cuda = 0.009995

iter 40: slack_cuda = 0.001151
iter 40: cpu_time_cuda = 0.003843
iter 40: gpu_time_cuda = 0.002691
iter 40: download_copy_time_cuda = 0.000690
iter 40: upload_copy_time_cuda = 0.001492
iter 40: per_iter_time_cuda = 0.009432

iter 41: slack_cuda = 0.001062
iter 41: cpu_time_cuda = 0.003501
iter 41: gpu_time_cuda = 0.002439
iter 41: download_copy_time_cuda = 0.000685
iter 41: upload_copy_time_cuda = 0.001499
iter 41: per_iter_time_cuda = 0.008786

iter 42: slack_cuda = 0.001236
iter 42: cpu_time_cuda = 0.003200
iter 42: gpu_time_cuda = 0.001964
iter 42: download_copy_time_cuda = 0.000634
iter 42: upload_copy_time_cuda = 0.001471
iter 42: per_iter_time_cuda = 0.007946

iter 43: slack_cuda = 0.001388
iter 43: cpu_time_cuda = 0.002965
iter 43: gpu_time_cuda = 0.001578
iter 43: download_copy_time_cuda = 0.000651
iter 43: upload_copy_time_cuda = 0.001474
iter 43: per_iter_time_cuda = 0.007272

iter 44: slack_cuda = 0.001275
iter 44: cpu_time_cuda = 0.002657
iter 44: gpu_time_cuda = 0.001383
iter 44: download_copy_time_cuda = 0.000624
iter 44: upload_copy_time_cuda = 0.001418
iter 44: per_iter_time_cuda = 0.006685

iter 45: slack_cuda = 0.001286
iter 45: cpu_time_cuda = 0.002378
iter 45: gpu_time_cuda = 0.001093
iter 45: download_copy_time_cuda = 0.000603
iter 45: upload_copy_time_cuda = 0.001405
iter 45: per_iter_time_cuda = 0.006070

iter 46: slack_cuda = 0.001135
iter 46: cpu_time_cuda = 0.002076
iter 46: gpu_time_cuda = 0.000941
iter 46: download_copy_time_cuda = 0.000619
iter 46: upload_copy_time_cuda = 0.001364
iter 46: per_iter_time_cuda = 0.005585

iter 47: slack_cuda = 0.001187
iter 47: cpu_time_cuda = 0.001810
iter 47: gpu_time_cuda = 0.000624
iter 47: download_copy_time_cuda = 0.000612
iter 47: upload_copy_time_cuda = 0.001372
iter 47: per_iter_time_cuda = 0.004971

iter 48: slack_cuda = 0.000992
iter 48: cpu_time_cuda = 0.001546
iter 48: gpu_time_cuda = 0.000554
iter 48: download_copy_time_cuda = 0.000611
iter 48: upload_copy_time_cuda = 0.001388
iter 48: per_iter_time_cuda = 0.004669

iter 49: slack_cuda = 0.000766
iter 49: cpu_time_cuda = 0.001260
iter 49: gpu_time_cuda = 0.000494
iter 49: download_copy_time_cuda = 0.000589
iter 49: upload_copy_time_cuda = 0.001299
iter 49: per_iter_time_cuda = 0.004200

iter 50: slack_cuda = 0.000194
iter 50: cpu_time_cuda = 0.001030
iter 50: gpu_time_cuda = 0.000836
iter 50: download_copy_time_cuda = 0.000161
iter 50: upload_copy_time_cuda = 0.001255
iter 50: per_iter_time_cuda = 0.003772

total_slack_overflow = -0.377161
total_cpu_time_cuda = 0.402430
total_gpu_time_cuda = 0.764492
total_copy_time_cuda = 0.148731
main_loop_time_cuda = 1.378988
Normalized difference of predicted CPU runtime per iteration is: 0.000000%
Normalized difference of predicted GPU runtime per iteration is: 0.000000%
Normalized difference of predicted slack per iteration is: 0.000000%
 5120  5120     ---   (  ---  )     58.87 (   1.52)     ---   
total_time = 2.469724
2.18user 0.64system 0:04.08elapsed 69%CPU (0avgtext+0avgdata 358512maxresident)k
3920inputs+0outputs (1major+71933minor)pagefaults 0swaps
send out message: 22 3 log
