send out message: 24 37 /home/lchen/MAGMA/magma-1.6.1/results
send out message: 20 26 MAGMA_LU_GPUDVFS.total.pwr
MAGMA 1.6.1  compiled for CUDA capability >= 3.0
CUDA runtime 5000, driver 6050. MAGMA not compiled with OpenMP. 
ndevices 1
device 0: Tesla K20c, 705.5 MHz clock, 4799.6 MB memory, capability 3.5
Usage: /home/lchen/MAGMA/magma-1.6.1/testing/testing_dgetrf [options] [-h|--help]

ngpu 1
    M     N   CPU GFlop/s (sec)   GPU GFlop/s (sec)   |PA-LU|/(N*|A|)
=========================================================================
init_time = 2.500794
10240 10240     ---   (  ---  )    226.23 (   3.16)     ---   
total_time = 6.089758
4.64user 1.44system 0:07.44elapsed 81%CPU (0avgtext+0avgdata 972916maxresident)k
3920inputs+0outputs (1major+225537minor)pagefaults 0swaps
send out message: 22 3 log
