send out message: 24 37 /home/lchen/MAGMA/magma-1.6.1/results
send out message: 20 26 MAGMA_LU_GPUDVFS.total.pwr
MAGMA 1.6.1  compiled for CUDA capability >= 3.0
CUDA runtime 5000, driver 6050. MAGMA not compiled with OpenMP. 
ndevices 1
device 0: Tesla K20c, 705.5 MHz clock, 4799.6 MB memory, capability 3.5
Usage: /home/lchen/MAGMA/test/magma-1.6.1_timing/testing/testing_dgetrf [options] [-h|--help]

ngpu 1
    M     N   CPU GFlop/s (sec)   GPU GFlop/s (sec)   |PA-LU|/(N*|A|)
=========================================================================
init_time = 0.823056
iter 1: cpu_gpu_time_cuda = 0.014956
iter 2: cpu_gpu_time_cuda = 0.014655
iter 3: cpu_gpu_time_cuda = 0.014368
iter 4: cpu_gpu_time_cuda = 0.014107
iter 5: cpu_gpu_time_cuda = 0.013776
iter 6: cpu_gpu_time_cuda = 0.013518
iter 7: cpu_gpu_time_cuda = 0.013227
iter 8: cpu_gpu_time_cuda = 0.012916
iter 9: cpu_gpu_time_cuda = 0.012631
iter 10: cpu_gpu_time_cuda = 0.012260
iter 11: cpu_gpu_time_cuda = 0.012048
iter 12: cpu_gpu_time_cuda = 0.011676
iter 13: cpu_gpu_time_cuda = 0.011403
iter 14: cpu_gpu_time_cuda = 0.011073
iter 15: cpu_gpu_time_cuda = 0.010770
iter 16: cpu_gpu_time_cuda = 0.010502
iter 17: cpu_gpu_time_cuda = 0.010219
iter 18: cpu_gpu_time_cuda = 0.009920
iter 19: cpu_gpu_time_cuda = 0.009605
iter 20: cpu_gpu_time_cuda = 0.009326
iter 21: cpu_gpu_time_cuda = 0.009047
iter 22: cpu_gpu_time_cuda = 0.008798
iter 23: cpu_gpu_time_cuda = 0.008423
iter 24: cpu_gpu_time_cuda = 0.008111
iter 25: cpu_gpu_time_cuda = 0.007801
iter 26: cpu_gpu_time_cuda = 0.007476
iter 27: cpu_gpu_time_cuda = 0.007247
iter 28: cpu_gpu_time_cuda = 0.006956
iter 29: cpu_gpu_time_cuda = 0.006652
iter 30: cpu_gpu_time_cuda = 0.006353
iter 31: cpu_gpu_time_cuda = 0.006055
iter 32: cpu_gpu_time_cuda = 0.005794
iter 33: cpu_gpu_time_cuda = 0.005547
iter 34: cpu_gpu_time_cuda = 0.005221
iter 35: cpu_gpu_time_cuda = 0.004908
iter 36: cpu_gpu_time_cuda = 0.004603
iter 37: cpu_gpu_time_cuda = 0.004296
iter 38: cpu_gpu_time_cuda = 0.003975
iter 39: cpu_gpu_time_cuda = 0.003682
iter 40: cpu_gpu_time_cuda = 0.003375
iter 41: cpu_gpu_time_cuda = 0.003074
iter 42: cpu_gpu_time_cuda = 0.002798
iter 43: cpu_gpu_time_cuda = 0.002536
iter 44: cpu_gpu_time_cuda = 0.002240
iter 45: cpu_gpu_time_cuda = 0.001959
iter 46: cpu_gpu_time_cuda = 0.001720
iter 47: cpu_gpu_time_cuda = 0.001401
iter 48: cpu_gpu_time_cuda = 0.001131
iter 49: cpu_gpu_time_cuda = 0.000843
iter 50: cpu_gpu_time_cuda = 0.000632
 5120  5120     ---   (  ---  )    168.99 (   0.53)     ---   
total_time = 1.485807
1.40user 0.43system 0:03.04elapsed 60%CPU (0avgtext+0avgdata 358540maxresident)k
0inputs+0outputs (0major+71936minor)pagefaults 0swaps
send out message: 22 3 log
