send out message: 24 37 /home/lchen/MAGMA/magma-1.6.1/results
send out message: 20 26 MAGMA_LU_GPUDVFS.total.pwr
MAGMA 1.6.1  compiled for CUDA capability >= 3.0
CUDA runtime 5000, driver 6050. MAGMA not compiled with OpenMP. 
ndevices 1
device 0: Tesla K20c, 705.5 MHz clock, 4799.6 MB memory, capability 3.5
Usage: /home/lchen/MAGMA/magma-1.6.1/testing/testing_dgetrf [options] [-h|--help]

ngpu 1
    M     N   CPU GFlop/s (sec)   GPU GFlop/s (sec)   |PA-LU|/(N*|A|)
=========================================================================
init_time = 0.823564
iter 0: slack_cuda = 0.000000
iter 0: cpu_time_cuda = 0.000000
iter 0: gpu_time_cuda = 0.000000
iter 0: download_copy_time_cuda = 0.000000
iter 0: upload_copy_time_cuda = 0.000778
iter 0: per_iter_time_cuda = 0.001246

iter 1: cpu_time_pred = 0.000000
iter 1: gpu_time_pred = 0.000000
iter 1: slack_pred = 0.000000
iter 1: ratio_split_freq = -nan
iter 1: seconds_until_interrupt = -nan
iter 1: slack_cuda = -0.026760
iter 1: cpu_time_cuda = 0.014958
iter 1: gpu_time_cuda = 0.041718
iter 1: download_copy_time_cuda = 0.000733
iter 1: upload_copy_time_cuda = 0.002215
iter 1: per_iter_time_cuda = 0.066249

iter 2: cpu_time_pred = 0.014654
iter 2: gpu_time_pred = 0.040039
iter 2: slack_pred = -0.025385
iter 2: ratio_split_freq = -0.146388
iter 2: seconds_until_interrupt = -0.005873
iter 2: slack_cuda = -0.025277
iter 2: cpu_time_cuda = 0.014661
iter 2: gpu_time_cuda = 0.039937
iter 2: download_copy_time_cuda = 0.001800
iter 2: upload_copy_time_cuda = 0.002204
iter 2: per_iter_time_cuda = 0.062298

iter 3: cpu_time_pred = 0.014357
iter 3: gpu_time_pred = 0.038395
iter 3: slack_pred = -0.024038
iter 3: ratio_split_freq = -0.144558
iter 3: seconds_until_interrupt = -0.005561
iter 3: slack_cuda = -0.019839
iter 3: cpu_time_cuda = 0.014370
iter 3: gpu_time_cuda = 0.034209
iter 3: download_copy_time_cuda = 0.001723
iter 3: upload_copy_time_cuda = 0.002164
iter 3: per_iter_time_cuda = 0.055877

iter 4: cpu_time_pred = 0.014065
iter 4: gpu_time_pred = 0.036785
iter 4: slack_pred = -0.022720
iter 4: ratio_split_freq = -0.142609
iter 4: seconds_until_interrupt = -0.005256
iter 4: slack_cuda = -0.022973
iter 4: cpu_time_cuda = 0.014179
iter 4: gpu_time_cuda = 0.037152
iter 4: download_copy_time_cuda = 0.001691
iter 4: upload_copy_time_cuda = 0.002102
iter 4: per_iter_time_cuda = 0.058716

iter 5: cpu_time_pred = 0.013872
iter 5: gpu_time_pred = 0.035210
iter 5: slack_pred = -0.021338
iter 5: ratio_split_freq = -0.139923
iter 5: seconds_until_interrupt = -0.004936
iter 5: slack_cuda = -0.021737
iter 5: cpu_time_cuda = 0.013874
iter 5: gpu_time_cuda = 0.035611
iter 5: download_copy_time_cuda = 0.001665
iter 5: upload_copy_time_cuda = 0.002137
iter 5: per_iter_time_cuda = 0.056647

iter 6: cpu_time_pred = 0.013567
iter 6: gpu_time_pred = 0.033669
iter 6: slack_pred = -0.020103
iter 6: ratio_split_freq = -0.137857
iter 6: seconds_until_interrupt = -0.004651
iter 6: slack_cuda = -0.020379
iter 6: cpu_time_cuda = 0.013524
iter 6: gpu_time_cuda = 0.033903
iter 6: download_copy_time_cuda = 0.001642
iter 6: upload_copy_time_cuda = 0.002138
iter 6: per_iter_time_cuda = 0.054685

iter 7: cpu_time_pred = 0.013218
iter 7: gpu_time_pred = 0.032163
iter 7: slack_pred = -0.018945
iter 7: ratio_split_freq = -0.136003
iter 7: seconds_until_interrupt = -0.004383
iter 7: slack_cuda = -0.016118
iter 7: cpu_time_cuda = 0.013236
iter 7: gpu_time_cuda = 0.029354
iter 7: download_copy_time_cuda = 0.001605
iter 7: upload_copy_time_cuda = 0.002125
iter 7: per_iter_time_cuda = 0.049537

iter 8: cpu_time_pred = 0.012929
iter 8: gpu_time_pred = 0.030691
iter 8: slack_pred = -0.017762
iter 8: ratio_split_freq = -0.133625
iter 8: seconds_until_interrupt = -0.004109
iter 8: slack_cuda = -0.018249
iter 8: cpu_time_cuda = 0.012941
iter 8: gpu_time_cuda = 0.031190
iter 8: download_copy_time_cuda = 0.001556
iter 8: upload_copy_time_cuda = 0.002021
iter 8: per_iter_time_cuda = 0.051065

iter 9: cpu_time_pred = 0.012634
iter 9: gpu_time_pred = 0.029254
iter 9: slack_pred = -0.016619
iter 9: ratio_split_freq = -0.131173
iter 9: seconds_until_interrupt = -0.003845
iter 9: slack_cuda = -0.016871
iter 9: cpu_time_cuda = 0.012697
iter 9: gpu_time_cuda = 0.029567
iter 9: download_copy_time_cuda = 0.001557
iter 9: upload_copy_time_cuda = 0.002068
iter 9: per_iter_time_cuda = 0.049036

iter 10: cpu_time_pred = 0.012388
iter 10: gpu_time_pred = 0.027851
iter 10: slack_pred = -0.015463
iter 10: ratio_split_freq = -0.128190
iter 10: seconds_until_interrupt = -0.003577
iter 10: slack_cuda = -0.015775
iter 10: cpu_time_cuda = 0.012320
iter 10: gpu_time_cuda = 0.028095
iter 10: download_copy_time_cuda = 0.001507
iter 10: upload_copy_time_cuda = 0.002058
iter 10: per_iter_time_cuda = 0.047235

iter 11: cpu_time_pred = 0.012013
iter 11: gpu_time_pred = 0.026483
iter 11: slack_pred = -0.014469
iter 11: ratio_split_freq = -0.126152
iter 11: seconds_until_interrupt = -0.003347
iter 11: slack_cuda = -0.011799
iter 11: cpu_time_cuda = 0.011948
iter 11: gpu_time_cuda = 0.023746
iter 11: download_copy_time_cuda = 0.001470
iter 11: upload_copy_time_cuda = 0.002053
iter 11: per_iter_time_cuda = 0.042156

iter 12: cpu_time_pred = 0.011643
iter 12: gpu_time_pred = 0.025149
iter 12: slack_pred = -0.013506
iter 12: ratio_split_freq = -0.123999
iter 12: seconds_until_interrupt = -0.003125
iter 12: slack_cuda = -0.014005
iter 12: cpu_time_cuda = 0.011756
iter 12: gpu_time_cuda = 0.025761
iter 12: download_copy_time_cuda = 0.001378
iter 12: upload_copy_time_cuda = 0.001984
iter 12: per_iter_time_cuda = 0.044007

iter 13: cpu_time_pred = 0.011448
iter 13: gpu_time_pred = 0.023849
iter 13: slack_pred = -0.012401
iter 13: ratio_split_freq = -0.120059
iter 13: seconds_until_interrupt = -0.002869
iter 13: slack_cuda = -0.013022
iter 13: cpu_time_cuda = 0.011479
iter 13: gpu_time_cuda = 0.024500
iter 13: download_copy_time_cuda = 0.001398
iter 13: upload_copy_time_cuda = 0.002015
iter 13: per_iter_time_cuda = 0.042274

iter 14: cpu_time_pred = 0.011170
iter 14: gpu_time_pred = 0.022584
iter 14: slack_pred = -0.011414
iter 14: ratio_split_freq = -0.116693
iter 14: seconds_until_interrupt = -0.002641
iter 14: slack_cuda = -0.011985
iter 14: cpu_time_cuda = 0.011171
iter 14: gpu_time_cuda = 0.023156
iter 14: download_copy_time_cuda = 0.001341
iter 14: upload_copy_time_cuda = 0.001993
iter 14: per_iter_time_cuda = 0.046410

iter 15: cpu_time_pred = 0.010862
iter 15: gpu_time_pred = 0.021354
iter 15: slack_pred = -0.010491
iter 15: ratio_split_freq = -0.113441
iter 15: seconds_until_interrupt = -0.002427
iter 15: slack_cuda = -0.009035
iter 15: cpu_time_cuda = 0.010796
iter 15: gpu_time_cuda = 0.019831
iter 15: download_copy_time_cuda = 0.001319
iter 15: upload_copy_time_cuda = 0.001960
iter 15: per_iter_time_cuda = 0.036726

iter 16: cpu_time_pred = 0.010489
iter 16: gpu_time_pred = 0.020158
iter 16: slack_pred = -0.009669
iter 16: ratio_split_freq = -0.110750
iter 16: seconds_until_interrupt = -0.002237
iter 16: slack_cuda = -0.010214
iter 16: cpu_time_cuda = 0.010460
iter 16: gpu_time_cuda = 0.020674
iter 16: download_copy_time_cuda = 0.001258
iter 16: upload_copy_time_cuda = 0.001887
iter 16: per_iter_time_cuda = 0.037166

iter 17: cpu_time_pred = 0.010154
iter 17: gpu_time_pred = 0.018996
iter 17: slack_pred = -0.008842
iter 17: ratio_split_freq = -0.107472
iter 17: seconds_until_interrupt = -0.002046
iter 17: slack_cuda = -0.009492
iter 17: cpu_time_cuda = 0.010308
iter 17: gpu_time_cuda = 0.019800
iter 17: download_copy_time_cuda = 0.001254
iter 17: upload_copy_time_cuda = 0.001923
iter 17: per_iter_time_cuda = 0.035903

iter 18: cpu_time_pred = 0.009998
iter 18: gpu_time_pred = 0.017869
iter 18: slack_pred = -0.007871
iter 18: ratio_split_freq = -0.101708
iter 18: seconds_until_interrupt = -0.001821
iter 18: slack_cuda = -0.008430
iter 18: cpu_time_cuda = 0.009948
iter 18: gpu_time_cuda = 0.018379
iter 18: download_copy_time_cuda = 0.001211
iter 18: upload_copy_time_cuda = 0.001915
iter 18: per_iter_time_cuda = 0.034119

iter 19: cpu_time_pred = 0.009639
iter 19: gpu_time_pred = 0.016776
iter 19: slack_pred = -0.007137
iter 19: ratio_split_freq = -0.098226
iter 19: seconds_until_interrupt = -0.001651
iter 19: slack_cuda = -0.005846
iter 19: cpu_time_cuda = 0.009726
iter 19: gpu_time_cuda = 0.015572
iter 19: download_copy_time_cuda = 0.001176
iter 19: upload_copy_time_cuda = 0.001886
iter 19: per_iter_time_cuda = 0.030839

iter 20: cpu_time_pred = 0.009414
iter 20: gpu_time_pred = 0.015718
iter 20: slack_pred = -0.006304
iter 20: ratio_split_freq = -0.092599
iter 20: seconds_until_interrupt = -0.001458
iter 20: slack_cuda = -0.007030
iter 20: cpu_time_cuda = 0.009420
iter 20: gpu_time_cuda = 0.016450
iter 20: download_copy_time_cuda = 0.001129
iter 20: upload_copy_time_cuda = 0.001835
iter 20: per_iter_time_cuda = 0.031399

iter 21: cpu_time_pred = 0.009108
iter 21: gpu_time_pred = 0.014695
iter 21: slack_pred = -0.005587
iter 21: ratio_split_freq = -0.087782
iter 21: seconds_until_interrupt = -0.001292
iter 21: slack_cuda = -0.006285
iter 21: cpu_time_cuda = 0.009097
iter 21: gpu_time_cuda = 0.015382
iter 21: download_copy_time_cuda = 0.001081
iter 21: upload_copy_time_cuda = 0.001858
iter 21: per_iter_time_cuda = 0.029821

iter 22: cpu_time_pred = 0.008785
iter 22: gpu_time_pred = 0.013705
iter 22: slack_pred = -0.004920
iter 22: ratio_split_freq = -0.082884
iter 22: seconds_until_interrupt = -0.001138
iter 22: slack_cuda = -0.005498
iter 22: cpu_time_cuda = 0.008842
iter 22: gpu_time_cuda = 0.014340
iter 22: download_copy_time_cuda = 0.001067
iter 22: upload_copy_time_cuda = 0.001868
iter 22: per_iter_time_cuda = 0.028578

iter 23: cpu_time_pred = 0.008528
iter 23: gpu_time_pred = 0.012750
iter 23: slack_pred = -0.004222
iter 23: ratio_split_freq = -0.076458
iter 23: seconds_until_interrupt = -0.000977
iter 23: slack_cuda = -0.003529
iter 23: cpu_time_cuda = 0.008828
iter 23: gpu_time_cuda = 0.012357
iter 23: download_copy_time_cuda = 0.001026
iter 23: upload_copy_time_cuda = 0.001812
iter 23: per_iter_time_cuda = 0.026276

iter 24: cpu_time_pred = 0.008503
iter 24: gpu_time_pred = 0.011830
iter 24: slack_pred = -0.003327
iter 24: ratio_split_freq = -0.064929
iter 24: seconds_until_interrupt = -0.000770
iter 24: slack_cuda = -0.003803
iter 24: cpu_time_cuda = 0.008635
iter 24: gpu_time_cuda = 0.012437
iter 24: download_copy_time_cuda = 0.001283
iter 24: upload_copy_time_cuda = 0.001748
iter 24: per_iter_time_cuda = 0.026458

iter 25: cpu_time_pred = 0.008305
iter 25: gpu_time_pred = 0.010944
iter 25: slack_pred = -0.002639
iter 25: ratio_split_freq = -0.055681
iter 25: seconds_until_interrupt = -0.000611
iter 25: slack_cuda = -0.003219
iter 25: cpu_time_cuda = 0.008267
iter 25: gpu_time_cuda = 0.011486
iter 25: download_copy_time_cuda = 0.001271
iter 25: upload_copy_time_cuda = 0.001798
iter 25: per_iter_time_cuda = 0.024990

iter 26: cpu_time_pred = 0.007939
iter 26: gpu_time_pred = 0.010093
iter 26: slack_pred = -0.002154
iter 26: ratio_split_freq = -0.049281
iter 26: seconds_until_interrupt = -0.000498
iter 26: slack_cuda = -0.002820
iter 26: cpu_time_cuda = 0.007986
iter 26: gpu_time_cuda = 0.010806
iter 26: download_copy_time_cuda = 0.001217
iter 26: upload_copy_time_cuda = 0.001758
iter 26: per_iter_time_cuda = 0.023979

iter 27: cpu_time_pred = 0.007656
iter 27: gpu_time_pred = 0.009276
iter 27: slack_pred = -0.001620
iter 27: ratio_split_freq = -0.040325
iter 27: seconds_until_interrupt = -0.000375
iter 27: slack_cuda = -0.001328
iter 27: cpu_time_cuda = 0.007688
iter 27: gpu_time_cuda = 0.009016
iter 27: download_copy_time_cuda = 0.001205
iter 27: upload_copy_time_cuda = 0.001743
iter 27: per_iter_time_cuda = 0.021678

iter 28: cpu_time_pred = 0.007357
iter 28: gpu_time_pred = 0.008494
iter 28: slack_pred = -0.001137
iter 28: ratio_split_freq = -0.030905
iter 28: seconds_until_interrupt = -0.000263
iter 28: slack_cuda = -0.001762
iter 28: cpu_time_cuda = 0.007480
iter 28: gpu_time_cuda = 0.009241
iter 28: download_copy_time_cuda = 0.001146
iter 28: upload_copy_time_cuda = 0.001699
iter 28: per_iter_time_cuda = 0.023955

iter 29: cpu_time_pred = 0.007143
iter 29: gpu_time_pred = 0.007746
iter 29: slack_pred = -0.000603
iter 29: ratio_split_freq = -0.017977
iter 29: seconds_until_interrupt = -0.000140
iter 29: slack_cuda = -0.001202
iter 29: cpu_time_cuda = 0.007115
iter 29: gpu_time_cuda = 0.008316
iter 29: download_copy_time_cuda = 0.001138
iter 29: upload_copy_time_cuda = 0.001729
iter 29: per_iter_time_cuda = 0.020258

iter 30: cpu_time_pred = 0.006779
iter 30: gpu_time_pred = 0.007032
iter 30: slack_pred = -0.000253
iter 30: ratio_split_freq = -0.008312
iter 30: seconds_until_interrupt = -0.000059
iter 30: slack_cuda = -0.001057
iter 30: cpu_time_cuda = 0.006822
iter 30: gpu_time_cuda = 0.007880
iter 30: download_copy_time_cuda = 0.001110
iter 30: upload_copy_time_cuda = 0.001688
iter 30: per_iter_time_cuda = 0.019551

iter 31: cpu_time_pred = 0.006485
iter 31: gpu_time_pred = 0.006353
iter 31: slack_pred = 0.000132
iter 31: ratio_split_freq = 0.004779
iter 31: seconds_until_interrupt = 0.000030
iter 31: slack_cuda = -0.000398
iter 31: cpu_time_cuda = 0.006430
iter 31: gpu_time_cuda = 0.006828
iter 31: download_copy_time_cuda = 0.001037
iter 31: upload_copy_time_cuda = 0.000323
iter 31: per_iter_time_cuda = 0.015857

iter 32: cpu_time_pred = 0.006095
iter 32: gpu_time_pred = 0.005709
iter 32: slack_pred = 0.000386
iter 32: ratio_split_freq = 0.015617
iter 32: seconds_until_interrupt = 0.000089
iter 32: slack_cuda = 0.002133
iter 32: cpu_time_cuda = 0.005704
iter 32: gpu_time_cuda = 0.003571
iter 32: download_copy_time_cuda = 0.000515
iter 32: upload_copy_time_cuda = 0.000302
iter 32: per_iter_time_cuda = 0.016899

iter 33: cpu_time_pred = 0.005391
iter 33: gpu_time_pred = 0.005099
iter 33: slack_pred = 0.000292
iter 33: ratio_split_freq = 0.013233
iter 33: seconds_until_interrupt = 0.000068
iter 33: slack_cuda = 0.000194
iter 33: cpu_time_cuda = 0.005675
iter 33: gpu_time_cuda = 0.005481
iter 33: download_copy_time_cuda = 0.000487
iter 33: upload_copy_time_cuda = 0.000291
iter 33: per_iter_time_cuda = 0.017368

iter 34: cpu_time_pred = 0.005345
iter 34: gpu_time_pred = 0.004523
iter 34: slack_pred = 0.000822
iter 34: ratio_split_freq = 0.041970
iter 34: seconds_until_interrupt = 0.000190
iter 34: slack_cuda = 0.001728
iter 34: cpu_time_cuda = 0.005128
iter 34: gpu_time_cuda = 0.003400
iter 34: download_copy_time_cuda = 0.000487
iter 34: upload_copy_time_cuda = 0.000279
iter 34: per_iter_time_cuda = 0.016122

iter 35: cpu_time_pred = 0.004811
iter 35: gpu_time_pred = 0.003982
iter 35: slack_pred = 0.000830
iter 35: ratio_split_freq = 0.048110
iter 35: seconds_until_interrupt = 0.000192
iter 35: slack_cuda = 0.001628
iter 35: cpu_time_cuda = 0.004898
iter 35: gpu_time_cuda = 0.003269
iter 35: download_copy_time_cuda = 0.000487
iter 35: upload_copy_time_cuda = 0.000285
iter 35: per_iter_time_cuda = 0.015933

iter 36: cpu_time_pred = 0.004575
iter 36: gpu_time_pred = 0.003475
iter 36: slack_pred = 0.001100
iter 36: ratio_split_freq = 0.073113
iter 36: seconds_until_interrupt = 0.000255
iter 36: slack_cuda = 0.001241
iter 36: cpu_time_cuda = 0.004592
iter 36: gpu_time_cuda = 0.003351
iter 36: download_copy_time_cuda = 0.000477
iter 36: upload_copy_time_cuda = 0.000280
iter 36: per_iter_time_cuda = 0.015819

iter 37: cpu_time_pred = 0.004269
iter 37: gpu_time_pred = 0.003003
iter 37: slack_pred = 0.001266
iter 37: ratio_split_freq = 0.097317
iter 37: seconds_until_interrupt = 0.000293
iter 37: slack_cuda = 0.001174
iter 37: cpu_time_cuda = 0.004409
iter 37: gpu_time_cuda = 0.003235
iter 37: download_copy_time_cuda = 0.000474
iter 37: upload_copy_time_cuda = 0.000282
iter 37: per_iter_time_cuda = 0.015488

iter 38: cpu_time_pred = 0.004075
iter 38: gpu_time_pred = 0.002565
iter 38: slack_pred = 0.001510
iter 38: ratio_split_freq = 0.135932
iter 38: seconds_until_interrupt = 0.000349
iter 38: slack_cuda = 0.000867
iter 38: cpu_time_cuda = 0.003940
iter 38: gpu_time_cuda = 0.003072
iter 38: download_copy_time_cuda = 0.000478
iter 38: upload_copy_time_cuda = 0.000271
iter 38: per_iter_time_cuda = 0.014947

iter 39: cpu_time_pred = 0.003617
iter 39: gpu_time_pred = 0.002162
iter 39: slack_pred = 0.001455
iter 39: ratio_split_freq = 0.155389
iter 39: seconds_until_interrupt = 0.000337
iter 39: slack_cuda = 0.001371
iter 39: cpu_time_cuda = 0.003653
iter 39: gpu_time_cuda = 0.002282
iter 39: download_copy_time_cuda = 0.000467
iter 39: upload_copy_time_cuda = 0.000273
iter 39: per_iter_time_cuda = 0.014636

iter 40: cpu_time_pred = 0.003327
iter 40: gpu_time_pred = 0.001793
iter 40: slack_pred = 0.001534
iter 40: ratio_split_freq = 0.197566
iter 40: seconds_until_interrupt = 0.000355
iter 40: slack_cuda = 0.001180
iter 40: cpu_time_cuda = 0.003341
iter 40: gpu_time_cuda = 0.002162
iter 40: download_copy_time_cuda = 0.000447
iter 40: upload_copy_time_cuda = 0.000265
iter 40: per_iter_time_cuda = 0.014926

iter 41: cpu_time_pred = 0.003014
iter 41: gpu_time_pred = 0.001459
iter 41: slack_pred = 0.001555
iter 41: ratio_split_freq = 0.246166
iter 41: seconds_until_interrupt = 0.000360
iter 41: slack_cuda = 0.001337
iter 41: cpu_time_cuda = 0.003082
iter 41: gpu_time_cuda = 0.001745
iter 41: download_copy_time_cuda = 0.000456
iter 41: upload_copy_time_cuda = 0.000267
iter 41: per_iter_time_cuda = 0.017195

iter 42: cpu_time_pred = 0.002747
iter 42: gpu_time_pred = 0.001159
iter 42: slack_pred = 0.001588
iter 42: ratio_split_freq = 0.316353
iter 42: seconds_until_interrupt = 0.000367
iter 42: slack_cuda = 0.001315
iter 42: cpu_time_cuda = 0.002757
iter 42: gpu_time_cuda = 0.001441
iter 42: download_copy_time_cuda = 0.000444
iter 42: upload_copy_time_cuda = 0.000259
iter 42: per_iter_time_cuda = 0.013829

iter 43: cpu_time_pred = 0.002420
iter 43: gpu_time_pred = 0.000893
iter 43: slack_pred = 0.001527
iter 43: ratio_split_freq = 0.394641
iter 43: seconds_until_interrupt = 0.000353
iter 43: slack_cuda = 0.001443
iter 43: cpu_time_cuda = 0.002564
iter 43: gpu_time_cuda = 0.001121
iter 43: download_copy_time_cuda = 0.000143
iter 43: upload_copy_time_cuda = 0.000262
iter 43: per_iter_time_cuda = 0.013306

iter 44: cpu_time_pred = 0.002208
iter 44: gpu_time_pred = 0.000662
iter 44: slack_pred = 0.001545
iter 44: ratio_split_freq = 0.538610
iter 44: seconds_until_interrupt = 0.000358
iter 44: slack_cuda = 0.001214
iter 44: cpu_time_cuda = 0.002232
iter 44: gpu_time_cuda = 0.001018
iter 44: download_copy_time_cuda = 0.000131
iter 44: upload_copy_time_cuda = 0.000258
iter 44: per_iter_time_cuda = 0.013108

iter 45: cpu_time_pred = 0.001872
iter 45: gpu_time_pred = 0.000466
iter 45: slack_pred = 0.001406
iter 45: ratio_split_freq = 0.696742
iter 45: seconds_until_interrupt = 0.000325
iter 45: slack_cuda = 0.001245
iter 45: cpu_time_cuda = 0.001949
iter 45: gpu_time_cuda = 0.000704
iter 45: download_copy_time_cuda = 0.000129
iter 45: upload_copy_time_cuda = 0.000246
iter 45: per_iter_time_cuda = 0.013023

iter 46: cpu_time_pred = 0.001574
iter 46: gpu_time_pred = 0.000304
iter 46: slack_pred = 0.001270
iter 46: ratio_split_freq = 0.964670
iter 46: seconds_until_interrupt = 0.000294
iter 46: slack_cuda = 0.001081
iter 46: cpu_time_cuda = 0.001630
iter 46: gpu_time_cuda = 0.000549
iter 46: download_copy_time_cuda = 0.000116
iter 46: upload_copy_time_cuda = 0.000249
iter 46: per_iter_time_cuda = 0.012480

iter 47: cpu_time_pred = 0.001242
iter 47: gpu_time_pred = 0.000176
iter 47: slack_pred = 0.001065
iter 47: ratio_split_freq = 1.393835
iter 47: seconds_until_interrupt = 0.000246
iter 47: slack_cuda = 0.006489
iter 47: cpu_time_cuda = 0.006786
iter 47: gpu_time_cuda = 0.000297
iter 47: download_copy_time_cuda = 0.000094
iter 47: upload_copy_time_cuda = 0.000245
iter 47: per_iter_time_cuda = 0.012820

iter 48: cpu_time_pred = 0.004665
iter 48: gpu_time_pred = 0.000083
iter 48: slack_pred = 0.004582
iter 48: ratio_split_freq = 12.682725
iter 48: seconds_until_interrupt = 0.001060
iter 48: slack_cuda = 0.001317
iter 48: cpu_time_cuda = 0.001548
iter 48: gpu_time_cuda = 0.000231
iter 48: download_copy_time_cuda = 0.000087
iter 48: upload_copy_time_cuda = 0.001349
iter 48: per_iter_time_cuda = 0.008741

iter 49: cpu_time_pred = 0.000844
iter 49: gpu_time_pred = 0.000025
iter 49: slack_pred = 0.000819
iter 49: ratio_split_freq = 7.624072
iter 49: seconds_until_interrupt = 0.000190
iter 49: slack_cuda = 0.006020
iter 49: cpu_time_cuda = 0.006200
iter 49: gpu_time_cuda = 0.000180
iter 49: download_copy_time_cuda = 0.000617
iter 49: upload_copy_time_cuda = 0.000246
iter 49: per_iter_time_cuda = 0.025756

iter 50: cpu_time_pred = 0.001033
iter 50: gpu_time_pred = 0.000001
iter 50: slack_pred = 0.001033
iter 50: ratio_split_freq = 345.850217
iter 50: seconds_until_interrupt = 0.000239
iter 50: slack_cuda = 0.005814
iter 50: cpu_time_cuda = 0.005952
iter 50: gpu_time_cuda = 0.000138
iter 50: download_copy_time_cuda = 0.000088
iter 50: upload_copy_time_cuda = 0.000239
iter 50: per_iter_time_cuda = 0.011687

total_slack_overflow = -0.335737
total_cpu_time_cuda = 0.406998
total_gpu_time_cuda = 0.703943
total_copy_time_cuda = 0.113251
main_loop_time_cuda = 1.482867
Normalized difference of predicted CPU runtime per iteration is: -1.425331%
Normalized difference of predicted GPU runtime per iteration is: -8.326807%
Normalized difference of predicted slack per iteration is: -4.216551%
 5120  5120     ---   (  ---  )     57.09 (   1.57)     ---   
total_time = 2.524150
2.05user 0.75system 0:03.79elapsed 74%CPU (0avgtext+0avgdata 358532maxresident)k
3936inputs+0outputs (1major+71940minor)pagefaults 0swaps
send out message: 22 3 log
