send out message: 24 37 /home/lchen/MAGMA/magma-1.6.1/results
send out message: 20 26 MAGMA_LU_GPUDVFS.total.pwr
MAGMA 1.6.1  compiled for CUDA capability >= 3.0
CUDA runtime 5000, driver 6050. MAGMA not compiled with OpenMP. 
ndevices 1
device 0: Tesla K20c, 705.5 MHz clock, 4799.6 MB memory, capability 3.5
Usage: /home/lchen/MAGMA/magma-1.6.1/testing/testing_dgetrf [options] [-h|--help]

ngpu 1
    M     N   CPU GFlop/s (sec)   GPU GFlop/s (sec)   |PA-LU|/(N*|A|)
=========================================================================
init_time = 2.503573
iter 100: slack_cuda = 0.000000
iter 100: cpu_time_cuda = 0.000000
iter 100: gpu_time_cuda = 0.000000
iter 100: download_copy_time_cuda = 0.000000
iter 100: upload_copy_time_cuda = 0.001701
iter 100: per_iter_time_cuda = 0.002428

iter 200: slack_cuda = -0.007842
iter 200: cpu_time_cuda = 0.021667
iter 200: gpu_time_cuda = 0.029509
iter 200: download_copy_time_cuda = 0.001596
iter 200: upload_copy_time_cuda = 0.001704
iter 200: per_iter_time_cuda = 0.055135

iter 300: slack_cuda = -0.007417
iter 300: cpu_time_cuda = 0.021535
iter 300: gpu_time_cuda = 0.028952
iter 300: download_copy_time_cuda = 0.001573
iter 300: upload_copy_time_cuda = 0.001786
iter 300: per_iter_time_cuda = 0.054561

iter 400: slack_cuda = -0.006413
iter 400: cpu_time_cuda = 0.021340
iter 400: gpu_time_cuda = 0.027753
iter 400: download_copy_time_cuda = 0.001715
iter 400: upload_copy_time_cuda = 0.001669
iter 400: per_iter_time_cuda = 0.053154

iter 500: slack_cuda = -0.006887
iter 500: cpu_time_cuda = 0.021022
iter 500: gpu_time_cuda = 0.027908
iter 500: download_copy_time_cuda = 0.001534
iter 500: upload_copy_time_cuda = 0.001651
iter 500: per_iter_time_cuda = 0.052821

iter 600: slack_cuda = -0.006573
iter 600: cpu_time_cuda = 0.020812
iter 600: gpu_time_cuda = 0.027385
iter 600: download_copy_time_cuda = 0.001530
iter 600: upload_copy_time_cuda = 0.001643
iter 600: per_iter_time_cuda = 0.052016

iter 700: slack_cuda = -0.006263
iter 700: cpu_time_cuda = 0.020589
iter 700: gpu_time_cuda = 0.026853
iter 700: download_copy_time_cuda = 0.001526
iter 700: upload_copy_time_cuda = 0.001647
iter 700: per_iter_time_cuda = 0.051330

iter 800: slack_cuda = -0.005449
iter 800: cpu_time_cuda = 0.020324
iter 800: gpu_time_cuda = 0.025773
iter 800: download_copy_time_cuda = 0.001516
iter 800: upload_copy_time_cuda = 0.001618
iter 800: per_iter_time_cuda = 0.049882

iter 900: slack_cuda = -0.005641
iter 900: cpu_time_cuda = 0.020168
iter 900: gpu_time_cuda = 0.025809
iter 900: download_copy_time_cuda = 0.001495
iter 900: upload_copy_time_cuda = 0.001612
iter 900: per_iter_time_cuda = 0.049772

iter 1000: slack_cuda = -0.005221
iter 1000: cpu_time_cuda = 0.019956
iter 1000: gpu_time_cuda = 0.025177
iter 1000: download_copy_time_cuda = 0.001499
iter 1000: upload_copy_time_cuda = 0.001617
iter 1000: per_iter_time_cuda = 0.048878

iter 1100: slack_cuda = -0.004449
iter 1100: cpu_time_cuda = 0.020178
iter 1100: gpu_time_cuda = 0.024627
iter 1100: download_copy_time_cuda = 0.001486
iter 1100: upload_copy_time_cuda = 0.001574
iter 1100: per_iter_time_cuda = 0.048555

iter 1200: slack_cuda = -0.004022
iter 1200: cpu_time_cuda = 0.019492
iter 1200: gpu_time_cuda = 0.023514
iter 1200: download_copy_time_cuda = 0.001478
iter 1200: upload_copy_time_cuda = 0.001558
iter 1200: per_iter_time_cuda = 0.046667

iter 1300: slack_cuda = -0.004303
iter 1300: cpu_time_cuda = 0.019543
iter 1300: gpu_time_cuda = 0.023846
iter 1300: download_copy_time_cuda = 0.001441
iter 1300: upload_copy_time_cuda = 0.001590
iter 1300: per_iter_time_cuda = 0.047093

iter 1400: slack_cuda = -0.004173
iter 1400: cpu_time_cuda = 0.019077
iter 1400: gpu_time_cuda = 0.023250
iter 1400: download_copy_time_cuda = 0.001455
iter 1400: upload_copy_time_cuda = 0.001531
iter 1400: per_iter_time_cuda = 0.045927

iter 1500: slack_cuda = -0.003897
iter 1500: cpu_time_cuda = 0.018923
iter 1500: gpu_time_cuda = 0.022819
iter 1500: download_copy_time_cuda = 0.001432
iter 1500: upload_copy_time_cuda = 0.001539
iter 1500: per_iter_time_cuda = 0.045374

iter 1600: slack_cuda = -0.002933
iter 1600: cpu_time_cuda = 0.018711
iter 1600: gpu_time_cuda = 0.021644
iter 1600: download_copy_time_cuda = 0.001397
iter 1600: upload_copy_time_cuda = 0.001496
iter 1600: per_iter_time_cuda = 0.043842

iter 1700: slack_cuda = -0.003358
iter 1700: cpu_time_cuda = 0.018484
iter 1700: gpu_time_cuda = 0.021843
iter 1700: download_copy_time_cuda = 0.001401
iter 1700: upload_copy_time_cuda = 0.001501
iter 1700: per_iter_time_cuda = 0.043878

iter 1800: slack_cuda = -0.002897
iter 1800: cpu_time_cuda = 0.018522
iter 1800: gpu_time_cuda = 0.021418
iter 1800: download_copy_time_cuda = 0.001374
iter 1800: upload_copy_time_cuda = 0.001475
iter 1800: per_iter_time_cuda = 0.043375

iter 1900: slack_cuda = -0.002705
iter 1900: cpu_time_cuda = 0.018078
iter 1900: gpu_time_cuda = 0.020783
iter 1900: download_copy_time_cuda = 0.001392
iter 1900: upload_copy_time_cuda = 0.001458
iter 1900: per_iter_time_cuda = 0.042340

iter 2000: slack_cuda = -0.001753
iter 2000: cpu_time_cuda = 0.018015
iter 2000: gpu_time_cuda = 0.019767
iter 2000: download_copy_time_cuda = 0.001365
iter 2000: upload_copy_time_cuda = 0.001242
iter 2000: per_iter_time_cuda = 0.040979

iter 2100: slack_cuda = -0.002102
iter 2100: cpu_time_cuda = 0.017815
iter 2100: gpu_time_cuda = 0.019916
iter 2100: download_copy_time_cuda = 0.001134
iter 2100: upload_copy_time_cuda = 0.001218
iter 2100: per_iter_time_cuda = 0.040712

iter 2200: slack_cuda = -0.002078
iter 2200: cpu_time_cuda = 0.017438
iter 2200: gpu_time_cuda = 0.019517
iter 2200: download_copy_time_cuda = 0.001131
iter 2200: upload_copy_time_cuda = 0.001213
iter 2200: per_iter_time_cuda = 0.039870

iter 2300: slack_cuda = -0.001756
iter 2300: cpu_time_cuda = 0.017202
iter 2300: gpu_time_cuda = 0.018958
iter 2300: download_copy_time_cuda = 0.001117
iter 2300: upload_copy_time_cuda = 0.001198
iter 2300: per_iter_time_cuda = 0.039100

iter 2400: slack_cuda = -0.001097
iter 2400: cpu_time_cuda = 0.016970
iter 2400: gpu_time_cuda = 0.018067
iter 2400: download_copy_time_cuda = 0.001099
iter 2400: upload_copy_time_cuda = 0.001182
iter 2400: per_iter_time_cuda = 0.037883

iter 2500: slack_cuda = -0.001164
iter 2500: cpu_time_cuda = 0.016867
iter 2500: gpu_time_cuda = 0.018031
iter 2500: download_copy_time_cuda = 0.001075
iter 2500: upload_copy_time_cuda = 0.001158
iter 2500: per_iter_time_cuda = 0.037750

iter 2600: slack_cuda = -0.000890
iter 2600: cpu_time_cuda = 0.016613
iter 2600: gpu_time_cuda = 0.017503
iter 2600: download_copy_time_cuda = 0.001069
iter 2600: upload_copy_time_cuda = 0.001154
iter 2600: per_iter_time_cuda = 0.036894

iter 2700: slack_cuda = -0.000841
iter 2700: cpu_time_cuda = 0.016369
iter 2700: gpu_time_cuda = 0.017210
iter 2700: download_copy_time_cuda = 0.001054
iter 2700: upload_copy_time_cuda = 0.001140
iter 2700: per_iter_time_cuda = 0.036373

iter 2800: slack_cuda = -0.000178
iter 2800: cpu_time_cuda = 0.016183
iter 2800: gpu_time_cuda = 0.016361
iter 2800: download_copy_time_cuda = 0.001051
iter 2800: upload_copy_time_cuda = 0.001127
iter 2800: per_iter_time_cuda = 0.035277

iter 2900: slack_cuda = -0.000408
iter 2900: cpu_time_cuda = 0.015942
iter 2900: gpu_time_cuda = 0.016350
iter 2900: download_copy_time_cuda = 0.001030
iter 2900: upload_copy_time_cuda = 0.001102
iter 2900: per_iter_time_cuda = 0.035036

iter 3000: slack_cuda = -0.000285
iter 3000: cpu_time_cuda = 0.015728
iter 3000: gpu_time_cuda = 0.016012
iter 3000: download_copy_time_cuda = 0.001019
iter 3000: upload_copy_time_cuda = 0.001099
iter 3000: per_iter_time_cuda = 0.034395

iter 3100: slack_cuda = -0.000003
iter 3100: cpu_time_cuda = 0.015589
iter 3100: gpu_time_cuda = 0.015592
iter 3100: download_copy_time_cuda = 0.001003
iter 3100: upload_copy_time_cuda = 0.001080
iter 3100: per_iter_time_cuda = 0.033851

iter 3200: slack_cuda = 0.000512
iter 3200: cpu_time_cuda = 0.015366
iter 3200: gpu_time_cuda = 0.014854
iter 3200: download_copy_time_cuda = 0.000989
iter 3200: upload_copy_time_cuda = 0.001066
iter 3200: per_iter_time_cuda = 0.032795

iter 3300: slack_cuda = 0.000834
iter 3300: cpu_time_cuda = 0.015404
iter 3300: gpu_time_cuda = 0.014570
iter 3300: download_copy_time_cuda = 0.000980
iter 3300: upload_copy_time_cuda = 0.001044
iter 3300: per_iter_time_cuda = 0.032572

iter 3400: slack_cuda = 0.000612
iter 3400: cpu_time_cuda = 0.014922
iter 3400: gpu_time_cuda = 0.014310
iter 3400: download_copy_time_cuda = 0.000970
iter 3400: upload_copy_time_cuda = 0.001041
iter 3400: per_iter_time_cuda = 0.031760

iter 3500: slack_cuda = 0.000844
iter 3500: cpu_time_cuda = 0.014660
iter 3500: gpu_time_cuda = 0.013816
iter 3500: download_copy_time_cuda = 0.000955
iter 3500: upload_copy_time_cuda = 0.001022
iter 3500: per_iter_time_cuda = 0.031019

iter 3600: slack_cuda = 0.001304
iter 3600: cpu_time_cuda = 0.014462
iter 3600: gpu_time_cuda = 0.013158
iter 3600: download_copy_time_cuda = 0.000938
iter 3600: upload_copy_time_cuda = 0.001015
iter 3600: per_iter_time_cuda = 0.030081

iter 3700: slack_cuda = 0.001119
iter 3700: cpu_time_cuda = 0.014372
iter 3700: gpu_time_cuda = 0.013253
iter 3700: download_copy_time_cuda = 0.000922
iter 3700: upload_copy_time_cuda = 0.000984
iter 3700: per_iter_time_cuda = 0.030081

iter 3800: slack_cuda = 0.001358
iter 3800: cpu_time_cuda = 0.014042
iter 3800: gpu_time_cuda = 0.012684
iter 3800: download_copy_time_cuda = 0.000908
iter 3800: upload_copy_time_cuda = 0.000980
iter 3800: per_iter_time_cuda = 0.029117

iter 3900: slack_cuda = 0.001329
iter 3900: cpu_time_cuda = 0.013841
iter 3900: gpu_time_cuda = 0.012512
iter 3900: download_copy_time_cuda = 0.000894
iter 3900: upload_copy_time_cuda = 0.000964
iter 3900: per_iter_time_cuda = 0.028754

iter 4000: slack_cuda = 0.001933
iter 4000: cpu_time_cuda = 0.013867
iter 4000: gpu_time_cuda = 0.011934
iter 4000: download_copy_time_cuda = 0.000892
iter 4000: upload_copy_time_cuda = 0.000947
iter 4000: per_iter_time_cuda = 0.028137

iter 4100: slack_cuda = 0.001625
iter 4100: cpu_time_cuda = 0.013411
iter 4100: gpu_time_cuda = 0.011786
iter 4100: download_copy_time_cuda = 0.000869
iter 4100: upload_copy_time_cuda = 0.000923
iter 4100: per_iter_time_cuda = 0.027529

iter 4200: slack_cuda = 0.001849
iter 4200: cpu_time_cuda = 0.013213
iter 4200: gpu_time_cuda = 0.011364
iter 4200: download_copy_time_cuda = 0.000855
iter 4200: upload_copy_time_cuda = 0.000921
iter 4200: per_iter_time_cuda = 0.026833

iter 4300: slack_cuda = 0.001962
iter 4300: cpu_time_cuda = 0.013008
iter 4300: gpu_time_cuda = 0.011046
iter 4300: download_copy_time_cuda = 0.000841
iter 4300: upload_copy_time_cuda = 0.000903
iter 4300: per_iter_time_cuda = 0.026319

iter 4400: slack_cuda = 0.002614
iter 4400: cpu_time_cuda = 0.012953
iter 4400: gpu_time_cuda = 0.010339
iter 4400: download_copy_time_cuda = 0.000829
iter 4400: upload_copy_time_cuda = 0.000887
iter 4400: per_iter_time_cuda = 0.025488

iter 4500: slack_cuda = 0.002182
iter 4500: cpu_time_cuda = 0.012582
iter 4500: gpu_time_cuda = 0.010400
iter 4500: download_copy_time_cuda = 0.000820
iter 4500: upload_copy_time_cuda = 0.000866
iter 4500: per_iter_time_cuda = 0.025197

iter 4600: slack_cuda = 0.002324
iter 4600: cpu_time_cuda = 0.012380
iter 4600: gpu_time_cuda = 0.010056
iter 4600: download_copy_time_cuda = 0.000808
iter 4600: upload_copy_time_cuda = 0.000861
iter 4600: per_iter_time_cuda = 0.024581

iter 4700: slack_cuda = 0.002479
iter 4700: cpu_time_cuda = 0.012190
iter 4700: gpu_time_cuda = 0.009711
iter 4700: download_copy_time_cuda = 0.000790
iter 4700: upload_copy_time_cuda = 0.000846
iter 4700: per_iter_time_cuda = 0.024033

iter 4800: slack_cuda = 0.002830
iter 4800: cpu_time_cuda = 0.011971
iter 4800: gpu_time_cuda = 0.009141
iter 4800: download_copy_time_cuda = 0.000774
iter 4800: upload_copy_time_cuda = 0.000829
iter 4800: per_iter_time_cuda = 0.023172

iter 4900: slack_cuda = 0.002882
iter 4900: cpu_time_cuda = 0.012009
iter 4900: gpu_time_cuda = 0.009127
iter 4900: download_copy_time_cuda = 0.000760
iter 4900: upload_copy_time_cuda = 0.000809
iter 4900: per_iter_time_cuda = 0.023194

iter 5000: slack_cuda = 0.002752
iter 5000: cpu_time_cuda = 0.011502
iter 5000: gpu_time_cuda = 0.008750
iter 5000: download_copy_time_cuda = 0.000748
iter 5000: upload_copy_time_cuda = 0.000804
iter 5000: per_iter_time_cuda = 0.022249

iter 5100: slack_cuda = 0.002830
iter 5100: cpu_time_cuda = 0.011295
iter 5100: gpu_time_cuda = 0.008465
iter 5100: download_copy_time_cuda = 0.000734
iter 5100: upload_copy_time_cuda = 0.000789
iter 5100: per_iter_time_cuda = 0.021752

iter 5200: slack_cuda = 0.003010
iter 5200: cpu_time_cuda = 0.011130
iter 5200: gpu_time_cuda = 0.008120
iter 5200: download_copy_time_cuda = 0.000730
iter 5200: upload_copy_time_cuda = 0.000770
iter 5200: per_iter_time_cuda = 0.021192

iter 5300: slack_cuda = 0.003153
iter 5300: cpu_time_cuda = 0.010990
iter 5300: gpu_time_cuda = 0.007837
iter 5300: download_copy_time_cuda = 0.000708
iter 5300: upload_copy_time_cuda = 0.000751
iter 5300: per_iter_time_cuda = 0.020748

iter 5400: slack_cuda = 0.003466
iter 5400: cpu_time_cuda = 0.011004
iter 5400: gpu_time_cuda = 0.007538
iter 5400: download_copy_time_cuda = 0.000696
iter 5400: upload_copy_time_cuda = 0.000753
iter 5400: per_iter_time_cuda = 0.020416

iter 5500: slack_cuda = 0.003252
iter 5500: cpu_time_cuda = 0.010538
iter 5500: gpu_time_cuda = 0.007285
iter 5500: download_copy_time_cuda = 0.000681
iter 5500: upload_copy_time_cuda = 0.000728
iter 5500: per_iter_time_cuda = 0.019688

iter 5600: slack_cuda = 0.003461
iter 5600: cpu_time_cuda = 0.010263
iter 5600: gpu_time_cuda = 0.006802
iter 5600: download_copy_time_cuda = 0.000675
iter 5600: upload_copy_time_cuda = 0.000712
iter 5600: per_iter_time_cuda = 0.018875

iter 5700: slack_cuda = 0.003281
iter 5700: cpu_time_cuda = 0.010056
iter 5700: gpu_time_cuda = 0.006775
iter 5700: download_copy_time_cuda = 0.000650
iter 5700: upload_copy_time_cuda = 0.000691
iter 5700: per_iter_time_cuda = 0.018619

iter 5800: slack_cuda = 0.003376
iter 5800: cpu_time_cuda = 0.009847
iter 5800: gpu_time_cuda = 0.006471
iter 5800: download_copy_time_cuda = 0.000647
iter 5800: upload_copy_time_cuda = 0.000684
iter 5800: per_iter_time_cuda = 0.018053

iter 5900: slack_cuda = 0.003343
iter 5900: cpu_time_cuda = 0.009663
iter 5900: gpu_time_cuda = 0.006319
iter 5900: download_copy_time_cuda = 0.000623
iter 5900: upload_copy_time_cuda = 0.000670
iter 5900: per_iter_time_cuda = 0.017726

iter 6000: slack_cuda = 0.004971
iter 6000: cpu_time_cuda = 0.010710
iter 6000: gpu_time_cuda = 0.005739
iter 6000: download_copy_time_cuda = 0.000623
iter 6000: upload_copy_time_cuda = 0.000676
iter 6000: per_iter_time_cuda = 0.018181

iter 6100: slack_cuda = 0.003934
iter 6100: cpu_time_cuda = 0.009612
iter 6100: gpu_time_cuda = 0.005678
iter 6100: download_copy_time_cuda = 0.000797
iter 6100: upload_copy_time_cuda = 0.000636
iter 6100: per_iter_time_cuda = 0.017164

iter 6200: slack_cuda = 0.003893
iter 6200: cpu_time_cuda = 0.009387
iter 6200: gpu_time_cuda = 0.005494
iter 6200: download_copy_time_cuda = 0.000671
iter 6200: upload_copy_time_cuda = 0.000626
iter 6200: per_iter_time_cuda = 0.016597

iter 6300: slack_cuda = 0.003795
iter 6300: cpu_time_cuda = 0.009133
iter 6300: gpu_time_cuda = 0.005338
iter 6300: download_copy_time_cuda = 0.000635
iter 6300: upload_copy_time_cuda = 0.000618
iter 6300: per_iter_time_cuda = 0.016168

iter 6400: slack_cuda = 0.003953
iter 6400: cpu_time_cuda = 0.008973
iter 6400: gpu_time_cuda = 0.005020
iter 6400: download_copy_time_cuda = 0.000629
iter 6400: upload_copy_time_cuda = 0.000595
iter 6400: per_iter_time_cuda = 0.015606

iter 6500: slack_cuda = 0.003951
iter 6500: cpu_time_cuda = 0.008715
iter 6500: gpu_time_cuda = 0.004764
iter 6500: download_copy_time_cuda = 0.000628
iter 6500: upload_copy_time_cuda = 0.000575
iter 6500: per_iter_time_cuda = 0.015095

iter 6600: slack_cuda = 0.003876
iter 6600: cpu_time_cuda = 0.008472
iter 6600: gpu_time_cuda = 0.004596
iter 6600: download_copy_time_cuda = 0.000590
iter 6600: upload_copy_time_cuda = 0.000571
iter 6600: per_iter_time_cuda = 0.014614

iter 6700: slack_cuda = 0.003871
iter 6700: cpu_time_cuda = 0.008198
iter 6700: gpu_time_cuda = 0.004327
iter 6700: download_copy_time_cuda = 0.000576
iter 6700: upload_copy_time_cuda = 0.000554
iter 6700: per_iter_time_cuda = 0.014062

iter 6800: slack_cuda = 0.003910
iter 6800: cpu_time_cuda = 0.008042
iter 6800: gpu_time_cuda = 0.004132
iter 6800: download_copy_time_cuda = 0.000566
iter 6800: upload_copy_time_cuda = 0.000538
iter 6800: per_iter_time_cuda = 0.013660

iter 6900: slack_cuda = 0.003851
iter 6900: cpu_time_cuda = 0.007831
iter 6900: gpu_time_cuda = 0.003980
iter 6900: download_copy_time_cuda = 0.000537
iter 6900: upload_copy_time_cuda = 0.000517
iter 6900: per_iter_time_cuda = 0.013244

iter 7000: slack_cuda = 0.003854
iter 7000: cpu_time_cuda = 0.007618
iter 7000: gpu_time_cuda = 0.003763
iter 7000: download_copy_time_cuda = 0.000523
iter 7000: upload_copy_time_cuda = 0.000511
iter 7000: per_iter_time_cuda = 0.012781

iter 7100: slack_cuda = 0.003932
iter 7100: cpu_time_cuda = 0.007416
iter 7100: gpu_time_cuda = 0.003484
iter 7100: download_copy_time_cuda = 0.000511
iter 7100: upload_copy_time_cuda = 0.000499
iter 7100: per_iter_time_cuda = 0.012290

iter 7200: slack_cuda = 0.003977
iter 7200: cpu_time_cuda = 0.007210
iter 7200: gpu_time_cuda = 0.003233
iter 7200: download_copy_time_cuda = 0.000492
iter 7200: upload_copy_time_cuda = 0.000480
iter 7200: per_iter_time_cuda = 0.011766

iter 7300: slack_cuda = 0.003822
iter 7300: cpu_time_cuda = 0.006962
iter 7300: gpu_time_cuda = 0.003140
iter 7300: download_copy_time_cuda = 0.000490
iter 7300: upload_copy_time_cuda = 0.000460
iter 7300: per_iter_time_cuda = 0.011418

iter 7400: slack_cuda = 0.003724
iter 7400: cpu_time_cuda = 0.006748
iter 7400: gpu_time_cuda = 0.003024
iter 7400: download_copy_time_cuda = 0.000457
iter 7400: upload_copy_time_cuda = 0.000455
iter 7400: per_iter_time_cuda = 0.011033

iter 7500: slack_cuda = 0.003667
iter 7500: cpu_time_cuda = 0.006526
iter 7500: gpu_time_cuda = 0.002860
iter 7500: download_copy_time_cuda = 0.000447
iter 7500: upload_copy_time_cuda = 0.000442
iter 7500: per_iter_time_cuda = 0.010640

iter 7600: slack_cuda = 0.003517
iter 7600: cpu_time_cuda = 0.006181
iter 7600: gpu_time_cuda = 0.002664
iter 7600: download_copy_time_cuda = 0.000418
iter 7600: upload_copy_time_cuda = 0.000448
iter 7600: per_iter_time_cuda = 0.010051

iter 7700: slack_cuda = 0.003554
iter 7700: cpu_time_cuda = 0.006055
iter 7700: gpu_time_cuda = 0.002501
iter 7700: download_copy_time_cuda = 0.000416
iter 7700: upload_copy_time_cuda = 0.000434
iter 7700: per_iter_time_cuda = 0.009763

iter 7800: slack_cuda = 0.003429
iter 7800: cpu_time_cuda = 0.005805
iter 7800: gpu_time_cuda = 0.002376
iter 7800: download_copy_time_cuda = 0.000421
iter 7800: upload_copy_time_cuda = 0.000438
iter 7800: per_iter_time_cuda = 0.009376

iter 7900: slack_cuda = 0.003413
iter 7900: cpu_time_cuda = 0.005619
iter 7900: gpu_time_cuda = 0.002206
iter 7900: download_copy_time_cuda = 0.000388
iter 7900: upload_copy_time_cuda = 0.000439
iter 7900: per_iter_time_cuda = 0.008993

iter 8000: slack_cuda = 0.003314
iter 8000: cpu_time_cuda = 0.005391
iter 8000: gpu_time_cuda = 0.002077
iter 8000: download_copy_time_cuda = 0.000359
iter 8000: upload_copy_time_cuda = 0.000436
iter 8000: per_iter_time_cuda = 0.008598

iter 8100: slack_cuda = 0.003337
iter 8100: cpu_time_cuda = 0.005259
iter 8100: gpu_time_cuda = 0.001922
iter 8100: download_copy_time_cuda = 0.000344
iter 8100: upload_copy_time_cuda = 0.000429
iter 8100: per_iter_time_cuda = 0.008295

iter 8200: slack_cuda = 0.003388
iter 8200: cpu_time_cuda = 0.005195
iter 8200: gpu_time_cuda = 0.001806
iter 8200: download_copy_time_cuda = 0.000337
iter 8200: upload_copy_time_cuda = 0.000419
iter 8200: per_iter_time_cuda = 0.008077

iter 8300: slack_cuda = 0.003262
iter 8300: cpu_time_cuda = 0.004889
iter 8300: gpu_time_cuda = 0.001628
iter 8300: download_copy_time_cuda = 0.000347
iter 8300: upload_copy_time_cuda = 0.000420
iter 8300: per_iter_time_cuda = 0.007620

iter 8400: slack_cuda = 0.002969
iter 8400: cpu_time_cuda = 0.004537
iter 8400: gpu_time_cuda = 0.001568
iter 8400: download_copy_time_cuda = 0.000296
iter 8400: upload_copy_time_cuda = 0.000425
iter 8400: per_iter_time_cuda = 0.007148

iter 8500: slack_cuda = 0.002856
iter 8500: cpu_time_cuda = 0.004323
iter 8500: gpu_time_cuda = 0.001467
iter 8500: download_copy_time_cuda = 0.000278
iter 8500: upload_copy_time_cuda = 0.000416
iter 8500: per_iter_time_cuda = 0.006800

iter 8600: slack_cuda = 0.002787
iter 8600: cpu_time_cuda = 0.004107
iter 8600: gpu_time_cuda = 0.001320
iter 8600: download_copy_time_cuda = 0.000265
iter 8600: upload_copy_time_cuda = 0.000419
iter 8600: per_iter_time_cuda = 0.006391

iter 8700: slack_cuda = 0.002713
iter 8700: cpu_time_cuda = 0.003900
iter 8700: gpu_time_cuda = 0.001187
iter 8700: download_copy_time_cuda = 0.000260
iter 8700: upload_copy_time_cuda = 0.000406
iter 8700: per_iter_time_cuda = 0.006041

iter 8800: slack_cuda = 0.002703
iter 8800: cpu_time_cuda = 0.003756
iter 8800: gpu_time_cuda = 0.001053
iter 8800: download_copy_time_cuda = 0.000242
iter 8800: upload_copy_time_cuda = 0.000404
iter 8800: per_iter_time_cuda = 0.005730

iter 8900: slack_cuda = 0.002454
iter 8900: cpu_time_cuda = 0.003418
iter 8900: gpu_time_cuda = 0.000964
iter 8900: download_copy_time_cuda = 0.000223
iter 8900: upload_copy_time_cuda = 0.000412
iter 8900: per_iter_time_cuda = 0.005306

iter 9000: slack_cuda = 0.002266
iter 9000: cpu_time_cuda = 0.003158
iter 9000: gpu_time_cuda = 0.000892
iter 9000: download_copy_time_cuda = 0.000209
iter 9000: upload_copy_time_cuda = 0.000415
iter 9000: per_iter_time_cuda = 0.004947

iter 9100: slack_cuda = 0.002131
iter 9100: cpu_time_cuda = 0.002949
iter 9100: gpu_time_cuda = 0.000818
iter 9100: download_copy_time_cuda = 0.000205
iter 9100: upload_copy_time_cuda = 0.000406
iter 9100: per_iter_time_cuda = 0.004654

iter 9200: slack_cuda = 0.002086
iter 9200: cpu_time_cuda = 0.002763
iter 9200: gpu_time_cuda = 0.000677
iter 9200: download_copy_time_cuda = 0.000189
iter 9200: upload_copy_time_cuda = 0.000401
iter 9200: per_iter_time_cuda = 0.004286

iter 9300: slack_cuda = 0.001887
iter 9300: cpu_time_cuda = 0.002538
iter 9300: gpu_time_cuda = 0.000651
iter 9300: download_copy_time_cuda = 0.000172
iter 9300: upload_copy_time_cuda = 0.000398
iter 9300: per_iter_time_cuda = 0.004028

iter 9400: slack_cuda = 0.001762
iter 9400: cpu_time_cuda = 0.002345
iter 9400: gpu_time_cuda = 0.000583
iter 9400: download_copy_time_cuda = 0.000156
iter 9400: upload_copy_time_cuda = 0.000399
iter 9400: per_iter_time_cuda = 0.003745

iter 9500: slack_cuda = 0.001631
iter 9500: cpu_time_cuda = 0.002138
iter 9500: gpu_time_cuda = 0.000506
iter 9500: download_copy_time_cuda = 0.000148
iter 9500: upload_copy_time_cuda = 0.000388
iter 9500: per_iter_time_cuda = 0.003427

iter 9600: slack_cuda = 0.001547
iter 9600: cpu_time_cuda = 0.001955
iter 9600: gpu_time_cuda = 0.000408
iter 9600: download_copy_time_cuda = 0.000156
iter 9600: upload_copy_time_cuda = 0.000391
iter 9600: per_iter_time_cuda = 0.003157

iter 9700: slack_cuda = 0.001162
iter 9700: cpu_time_cuda = 0.001522
iter 9700: gpu_time_cuda = 0.000360
iter 9700: download_copy_time_cuda = 0.000128
iter 9700: upload_copy_time_cuda = 0.000388
iter 9700: per_iter_time_cuda = 0.002638

iter 9800: slack_cuda = 0.001016
iter 9800: cpu_time_cuda = 0.001311
iter 9800: gpu_time_cuda = 0.000295
iter 9800: download_copy_time_cuda = 0.000129
iter 9800: upload_copy_time_cuda = 0.000388
iter 9800: per_iter_time_cuda = 0.002359

iter 9900: slack_cuda = 0.000869
iter 9900: cpu_time_cuda = 0.001104
iter 9900: gpu_time_cuda = 0.000235
iter 9900: download_copy_time_cuda = 0.000120
iter 9900: upload_copy_time_cuda = 0.000384
iter 9900: per_iter_time_cuda = 0.002084

iter 10000: slack_cuda = 0.000704
iter 10000: cpu_time_cuda = 0.000911
iter 10000: gpu_time_cuda = 0.000207
iter 10000: download_copy_time_cuda = 0.000109
iter 10000: upload_copy_time_cuda = 0.000386
iter 10000: per_iter_time_cuda = 0.001846

iter 10100: slack_cuda = 0.000497
iter 10100: cpu_time_cuda = 0.000701
iter 10100: gpu_time_cuda = 0.000204
iter 10100: download_copy_time_cuda = 0.000101
iter 10100: upload_copy_time_cuda = 0.000376
iter 10100: per_iter_time_cuda = 0.001614

iter 10200: slack_cuda = 0.000319
iter 10200: cpu_time_cuda = 0.000493
iter 10200: gpu_time_cuda = 0.000173
iter 10200: download_copy_time_cuda = 0.000092
iter 10200: upload_copy_time_cuda = 0.000379
iter 10200: per_iter_time_cuda = 0.001355

total_cpu_time_cuda = 1.133967
total_gpu_time_cuda = 1.049893
total_copy_time_cuda = 0.166693
main_loop_time_cuda = 2.403623
Normalized difference of predicted CPU runtime per iteration is: 0.000000%
Normalized difference of predicted GPU runtime per iteration is: 0.000000%
Normalized difference of predicted slack per iteration is: 0.000000%
10240 10240     ---   (  ---  )    264.63 (   2.70)     ---   
total_time = 5.626265
4.93user 0.98system 0:06.90elapsed 85%CPU (0avgtext+0avgdata 972948maxresident)k
3920inputs+0outputs (1major+225721minor)pagefaults 0swaps
send out message: 22 3 log
