send out message: 24 37 /home/lchen/MAGMA/magma-1.6.1/results
send out message: 20 26 MAGMA_LU_GPUDVFS.total.pwr
MAGMA 1.6.1  compiled for CUDA capability >= 3.0
CUDA runtime 5000, driver 6050. MAGMA not compiled with OpenMP. 
ndevices 1
device 0: Tesla K20c, 705.5 MHz clock, 4799.6 MB memory, capability 3.5
Usage: /home/lchen/MAGMA/magma-1.6.1/testing/testing_dgetrf [options] [-h|--help]

ngpu 1
    M     N   CPU GFlop/s (sec)   GPU GFlop/s (sec)   |PA-LU|/(N*|A|)
=========================================================================
init_time = 2.474411
iter 0: slack_cuda = 0.000000
iter 0: cpu_time_cuda = 0.000000
iter 0: gpu_time_cuda = 0.000000
iter 0: download_copy_time_cuda = 0.000000
iter 0: upload_copy_time_cuda = 0.001686
iter 0: per_iter_time_cuda = 0.002401

iter 1: slack_cuda = -0.006582
iter 1: cpu_time_cuda = 0.023024
iter 1: gpu_time_cuda = 0.029606
iter 1: download_copy_time_cuda = 0.001623
iter 1: upload_copy_time_cuda = 0.001690
iter 1: per_iter_time_cuda = 0.056609

iter 2: slack_cuda = -0.006152
iter 2: cpu_time_cuda = 0.022825
iter 2: gpu_time_cuda = 0.028978
iter 2: download_copy_time_cuda = 0.001599
iter 2: upload_copy_time_cuda = 0.001677
iter 2: per_iter_time_cuda = 0.055798

iter 3: slack_cuda = -0.005116
iter 3: cpu_time_cuda = 0.022614
iter 3: gpu_time_cuda = 0.027731
iter 3: download_copy_time_cuda = 0.001611
iter 3: upload_copy_time_cuda = 0.001684
iter 3: per_iter_time_cuda = 0.054299

iter 4: slack_cuda = -0.005593
iter 4: cpu_time_cuda = 0.022396
iter 4: gpu_time_cuda = 0.027989
iter 4: download_copy_time_cuda = 0.001568
iter 4: upload_copy_time_cuda = 0.001634
iter 4: per_iter_time_cuda = 0.054300

iter 5: slack_cuda = -0.005264
iter 5: cpu_time_cuda = 0.022084
iter 5: gpu_time_cuda = 0.027348
iter 5: download_copy_time_cuda = 0.001549
iter 5: upload_copy_time_cuda = 0.001634
iter 5: per_iter_time_cuda = 0.053276

iter 6: slack_cuda = -0.004608
iter 6: cpu_time_cuda = 0.022291
iter 6: gpu_time_cuda = 0.026899
iter 6: download_copy_time_cuda = 0.001531
iter 6: upload_copy_time_cuda = 0.001635
iter 6: per_iter_time_cuda = 0.053073

iter 7: slack_cuda = -0.004028
iter 7: cpu_time_cuda = 0.021697
iter 7: gpu_time_cuda = 0.025725
iter 7: download_copy_time_cuda = 0.001529
iter 7: upload_copy_time_cuda = 0.001627
iter 7: per_iter_time_cuda = 0.051229

iter 8: slack_cuda = -0.004491
iter 8: cpu_time_cuda = 0.021459
iter 8: gpu_time_cuda = 0.025950
iter 8: download_copy_time_cuda = 0.001531
iter 8: upload_copy_time_cuda = 0.001571
iter 8: per_iter_time_cuda = 0.051220

iter 9: slack_cuda = -0.003963
iter 9: cpu_time_cuda = 0.021252
iter 9: gpu_time_cuda = 0.025215
iter 9: download_copy_time_cuda = 0.001498
iter 9: upload_copy_time_cuda = 0.001574
iter 9: per_iter_time_cuda = 0.050169

iter 10: slack_cuda = -0.003749
iter 10: cpu_time_cuda = 0.020909
iter 10: gpu_time_cuda = 0.024658
iter 10: download_copy_time_cuda = 0.001487
iter 10: upload_copy_time_cuda = 0.001579
iter 10: per_iter_time_cuda = 0.049331

iter 11: slack_cuda = -0.002756
iter 11: cpu_time_cuda = 0.020786
iter 11: gpu_time_cuda = 0.023542
iter 11: download_copy_time_cuda = 0.001497
iter 11: upload_copy_time_cuda = 0.001546
iter 11: per_iter_time_cuda = 0.048000

iter 12: slack_cuda = -0.003400
iter 12: cpu_time_cuda = 0.020445
iter 12: gpu_time_cuda = 0.023845
iter 12: download_copy_time_cuda = 0.001465
iter 12: upload_copy_time_cuda = 0.001517
iter 12: per_iter_time_cuda = 0.047958

iter 13: slack_cuda = -0.002923
iter 13: cpu_time_cuda = 0.020420
iter 13: gpu_time_cuda = 0.023343
iter 13: download_copy_time_cuda = 0.001471
iter 13: upload_copy_time_cuda = 0.001534
iter 13: per_iter_time_cuda = 0.047389

iter 14: slack_cuda = -0.002536
iter 14: cpu_time_cuda = 0.020193
iter 14: gpu_time_cuda = 0.022729
iter 14: download_copy_time_cuda = 0.001452
iter 14: upload_copy_time_cuda = 0.001524
iter 14: per_iter_time_cuda = 0.046563

iter 15: slack_cuda = -0.001741
iter 15: cpu_time_cuda = 0.019951
iter 15: gpu_time_cuda = 0.021691
iter 15: download_copy_time_cuda = 0.001442
iter 15: upload_copy_time_cuda = 0.001499
iter 15: per_iter_time_cuda = 0.045226

iter 16: slack_cuda = -0.001961
iter 16: cpu_time_cuda = 0.019781
iter 16: gpu_time_cuda = 0.021742
iter 16: download_copy_time_cuda = 0.001401
iter 16: upload_copy_time_cuda = 0.001461
iter 16: per_iter_time_cuda = 0.045042

iter 17: slack_cuda = -0.001821
iter 17: cpu_time_cuda = 0.019423
iter 17: gpu_time_cuda = 0.021243
iter 17: download_copy_time_cuda = 0.001419
iter 17: upload_copy_time_cuda = 0.001453
iter 17: per_iter_time_cuda = 0.044133

iter 18: slack_cuda = -0.001549
iter 18: cpu_time_cuda = 0.019115
iter 18: gpu_time_cuda = 0.020664
iter 18: download_copy_time_cuda = 0.001374
iter 18: upload_copy_time_cuda = 0.001248
iter 18: per_iter_time_cuda = 0.043032

iter 19: slack_cuda = -0.000727
iter 19: cpu_time_cuda = 0.019070
iter 19: gpu_time_cuda = 0.019797
iter 19: download_copy_time_cuda = 0.001187
iter 19: upload_copy_time_cuda = 0.001243
iter 19: per_iter_time_cuda = 0.041875

iter 20: slack_cuda = -0.001044
iter 20: cpu_time_cuda = 0.018781
iter 20: gpu_time_cuda = 0.019826
iter 20: download_copy_time_cuda = 0.001151
iter 20: upload_copy_time_cuda = 0.001203
iter 20: per_iter_time_cuda = 0.041590

iter 21: slack_cuda = -0.000826
iter 21: cpu_time_cuda = 0.018634
iter 21: gpu_time_cuda = 0.019460
iter 21: download_copy_time_cuda = 0.001141
iter 21: upload_copy_time_cuda = 0.001223
iter 21: per_iter_time_cuda = 0.041040

iter 22: slack_cuda = -0.000782
iter 22: cpu_time_cuda = 0.018256
iter 22: gpu_time_cuda = 0.019038
iter 22: download_copy_time_cuda = 0.001138
iter 22: upload_copy_time_cuda = 0.001197
iter 22: per_iter_time_cuda = 0.040254

iter 23: slack_cuda = 0.000109
iter 23: cpu_time_cuda = 0.018086
iter 23: gpu_time_cuda = 0.017977
iter 23: download_copy_time_cuda = 0.001122
iter 23: upload_copy_time_cuda = 0.001178
iter 23: per_iter_time_cuda = 0.038934

iter 24: slack_cuda = -0.000057
iter 24: cpu_time_cuda = 0.017928
iter 24: gpu_time_cuda = 0.017985
iter 24: download_copy_time_cuda = 0.001106
iter 24: upload_copy_time_cuda = 0.001147
iter 24: per_iter_time_cuda = 0.038794

iter 25: slack_cuda = -0.000000
iter 25: cpu_time_cuda = 0.017592
iter 25: gpu_time_cuda = 0.017592
iter 25: download_copy_time_cuda = 0.001096
iter 25: upload_copy_time_cuda = 0.001144
iter 25: per_iter_time_cuda = 0.037982

iter 26: slack_cuda = 0.000338
iter 26: cpu_time_cuda = 0.017560
iter 26: gpu_time_cuda = 0.017222
iter 26: download_copy_time_cuda = 0.001088
iter 26: upload_copy_time_cuda = 0.001133
iter 26: per_iter_time_cuda = 0.037621

iter 27: slack_cuda = 0.000878
iter 27: cpu_time_cuda = 0.017261
iter 27: gpu_time_cuda = 0.016382
iter 27: download_copy_time_cuda = 0.001061
iter 27: upload_copy_time_cuda = 0.001117
iter 27: per_iter_time_cuda = 0.036377

iter 28: slack_cuda = 0.000695
iter 28: cpu_time_cuda = 0.017017
iter 28: gpu_time_cuda = 0.016322
iter 28: download_copy_time_cuda = 0.001043
iter 28: upload_copy_time_cuda = 0.001086
iter 28: per_iter_time_cuda = 0.036081

iter 29: slack_cuda = 0.001166
iter 29: cpu_time_cuda = 0.017028
iter 29: gpu_time_cuda = 0.015863
iter 29: download_copy_time_cuda = 0.001034
iter 29: upload_copy_time_cuda = 0.001088
iter 29: per_iter_time_cuda = 0.035564

iter 30: slack_cuda = 0.001006
iter 30: cpu_time_cuda = 0.016602
iter 30: gpu_time_cuda = 0.015596
iter 30: download_copy_time_cuda = 0.001031
iter 30: upload_copy_time_cuda = 0.001073
iter 30: per_iter_time_cuda = 0.034893

iter 31: slack_cuda = -0.001612
iter 31: cpu_time_cuda = 0.016379
iter 31: gpu_time_cuda = 0.017991
iter 31: download_copy_time_cuda = 0.001038
iter 31: upload_copy_time_cuda = 0.001097
iter 31: per_iter_time_cuda = 0.037158

iter 32: slack_cuda = -0.001317
iter 32: cpu_time_cuda = 0.016178
iter 32: gpu_time_cuda = 0.017495
iter 32: download_copy_time_cuda = 0.000986
iter 32: upload_copy_time_cuda = 0.001046
iter 32: per_iter_time_cuda = 0.036385

iter 33: slack_cuda = -0.001145
iter 33: cpu_time_cuda = 0.015936
iter 33: gpu_time_cuda = 0.017081
iter 33: download_copy_time_cuda = 0.000983
iter 33: upload_copy_time_cuda = 0.001048
iter 33: per_iter_time_cuda = 0.035671

iter 34: slack_cuda = -0.000946
iter 34: cpu_time_cuda = 0.015747
iter 34: gpu_time_cuda = 0.016693
iter 34: download_copy_time_cuda = 0.000966
iter 34: upload_copy_time_cuda = 0.001034
iter 34: per_iter_time_cuda = 0.035105

iter 35: slack_cuda = -0.000487
iter 35: cpu_time_cuda = 0.015595
iter 35: gpu_time_cuda = 0.016082
iter 35: download_copy_time_cuda = 0.000950
iter 35: upload_copy_time_cuda = 0.001015
iter 35: per_iter_time_cuda = 0.034244

iter 36: slack_cuda = -0.000431
iter 36: cpu_time_cuda = 0.015293
iter 36: gpu_time_cuda = 0.015724
iter 36: download_copy_time_cuda = 0.000931
iter 36: upload_copy_time_cuda = 0.000988
iter 36: per_iter_time_cuda = 0.033566

iter 37: slack_cuda = -0.000299
iter 37: cpu_time_cuda = 0.015018
iter 37: gpu_time_cuda = 0.015317
iter 37: download_copy_time_cuda = 0.000921
iter 37: upload_copy_time_cuda = 0.000985
iter 37: per_iter_time_cuda = 0.032842

iter 38: slack_cuda = -0.000067
iter 38: cpu_time_cuda = 0.014820
iter 38: gpu_time_cuda = 0.014887
iter 38: download_copy_time_cuda = 0.000912
iter 38: upload_copy_time_cuda = 0.000972
iter 38: per_iter_time_cuda = 0.032237

iter 39: slack_cuda = 0.000157
iter 39: cpu_time_cuda = 0.014606
iter 39: gpu_time_cuda = 0.014449
iter 39: download_copy_time_cuda = 0.000902
iter 39: upload_copy_time_cuda = 0.000956
iter 39: per_iter_time_cuda = 0.031497

iter 40: slack_cuda = 0.000255
iter 40: cpu_time_cuda = 0.014395
iter 40: gpu_time_cuda = 0.014140
iter 40: download_copy_time_cuda = 0.000874
iter 40: upload_copy_time_cuda = 0.000928
iter 40: per_iter_time_cuda = 0.030990

iter 41: slack_cuda = 0.000663
iter 41: cpu_time_cuda = 0.014191
iter 41: gpu_time_cuda = 0.013528
iter 41: download_copy_time_cuda = 0.000866
iter 41: upload_copy_time_cuda = 0.000929
iter 41: per_iter_time_cuda = 0.030103

iter 42: slack_cuda = 0.000817
iter 42: cpu_time_cuda = 0.014007
iter 42: gpu_time_cuda = 0.013190
iter 42: download_copy_time_cuda = 0.000852
iter 42: upload_copy_time_cuda = 0.000911
iter 42: per_iter_time_cuda = 0.029592

iter 43: slack_cuda = 0.001226
iter 43: cpu_time_cuda = 0.013717
iter 43: gpu_time_cuda = 0.012491
iter 43: download_copy_time_cuda = 0.000845
iter 43: upload_copy_time_cuda = 0.000898
iter 43: per_iter_time_cuda = 0.028505

iter 44: slack_cuda = 0.001049
iter 44: cpu_time_cuda = 0.013456
iter 44: gpu_time_cuda = 0.012407
iter 44: download_copy_time_cuda = 0.000824
iter 44: upload_copy_time_cuda = 0.000872
iter 44: per_iter_time_cuda = 0.028201

iter 45: slack_cuda = 0.001262
iter 45: cpu_time_cuda = 0.013293
iter 45: gpu_time_cuda = 0.012030
iter 45: download_copy_time_cuda = 0.000812
iter 45: upload_copy_time_cuda = 0.000870
iter 45: per_iter_time_cuda = 0.027576

iter 46: slack_cuda = 0.001482
iter 46: cpu_time_cuda = 0.013068
iter 46: gpu_time_cuda = 0.011586
iter 46: download_copy_time_cuda = 0.000799
iter 46: upload_copy_time_cuda = 0.000853
iter 46: per_iter_time_cuda = 0.026905

iter 47: slack_cuda = 0.001691
iter 47: cpu_time_cuda = 0.012814
iter 47: gpu_time_cuda = 0.011124
iter 47: download_copy_time_cuda = 0.000794
iter 47: upload_copy_time_cuda = 0.000838
iter 47: per_iter_time_cuda = 0.026103

iter 48: slack_cuda = 0.001776
iter 48: cpu_time_cuda = 0.012539
iter 48: gpu_time_cuda = 0.010762
iter 48: download_copy_time_cuda = 0.000771
iter 48: upload_copy_time_cuda = 0.000812
iter 48: per_iter_time_cuda = 0.025456

iter 49: slack_cuda = 0.001845
iter 49: cpu_time_cuda = 0.012372
iter 49: gpu_time_cuda = 0.010527
iter 49: download_copy_time_cuda = 0.000760
iter 49: upload_copy_time_cuda = 0.000810
iter 49: per_iter_time_cuda = 0.025012

iter 50: slack_cuda = 0.002072
iter 50: cpu_time_cuda = 0.012184
iter 50: gpu_time_cuda = 0.010111
iter 50: download_copy_time_cuda = 0.000745
iter 50: upload_copy_time_cuda = 0.000795
iter 50: per_iter_time_cuda = 0.024388

iter 51: slack_cuda = 0.002161
iter 51: cpu_time_cuda = 0.011990
iter 51: gpu_time_cuda = 0.009829
iter 51: download_copy_time_cuda = 0.000735
iter 51: upload_copy_time_cuda = 0.000783
iter 51: per_iter_time_cuda = 0.023864

iter 52: slack_cuda = 0.002164
iter 52: cpu_time_cuda = 0.011623
iter 52: gpu_time_cuda = 0.009459
iter 52: download_copy_time_cuda = 0.000716
iter 52: upload_copy_time_cuda = 0.000757
iter 52: per_iter_time_cuda = 0.023106

iter 53: slack_cuda = 0.002460
iter 53: cpu_time_cuda = 0.011497
iter 53: gpu_time_cuda = 0.009037
iter 53: download_copy_time_cuda = 0.000703
iter 53: upload_copy_time_cuda = 0.000751
iter 53: per_iter_time_cuda = 0.022494

iter 54: slack_cuda = 0.002403
iter 54: cpu_time_cuda = 0.011272
iter 54: gpu_time_cuda = 0.008869
iter 54: download_copy_time_cuda = 0.000707
iter 54: upload_copy_time_cuda = 0.000735
iter 54: per_iter_time_cuda = 0.022109

iter 55: slack_cuda = 0.002608
iter 55: cpu_time_cuda = 0.011050
iter 55: gpu_time_cuda = 0.008442
iter 55: download_copy_time_cuda = 0.000684
iter 55: upload_copy_time_cuda = 0.000720
iter 55: per_iter_time_cuda = 0.021396

iter 56: slack_cuda = 0.002753
iter 56: cpu_time_cuda = 0.010805
iter 56: gpu_time_cuda = 0.008051
iter 56: download_copy_time_cuda = 0.000661
iter 56: upload_copy_time_cuda = 0.000696
iter 56: per_iter_time_cuda = 0.020755

iter 57: slack_cuda = 0.002756
iter 57: cpu_time_cuda = 0.010459
iter 57: gpu_time_cuda = 0.007703
iter 57: download_copy_time_cuda = 0.000652
iter 57: upload_copy_time_cuda = 0.000693
iter 57: per_iter_time_cuda = 0.019998

iter 58: slack_cuda = 0.002932
iter 58: cpu_time_cuda = 0.010464
iter 58: gpu_time_cuda = 0.007532
iter 58: download_copy_time_cuda = 0.000635
iter 58: upload_copy_time_cuda = 0.000674
iter 58: per_iter_time_cuda = 0.019840

iter 59: slack_cuda = 0.003228
iter 59: cpu_time_cuda = 0.010187
iter 59: gpu_time_cuda = 0.006959
iter 59: download_copy_time_cuda = 0.000631
iter 59: upload_copy_time_cuda = 0.000662
iter 59: per_iter_time_cuda = 0.018933

iter 60: slack_cuda = 0.003157
iter 60: cpu_time_cuda = 0.010021
iter 60: gpu_time_cuda = 0.006864
iter 60: download_copy_time_cuda = 0.000616
iter 60: upload_copy_time_cuda = 0.000636
iter 60: per_iter_time_cuda = 0.018654

iter 61: slack_cuda = 0.003127
iter 61: cpu_time_cuda = 0.009691
iter 61: gpu_time_cuda = 0.006564
iter 61: download_copy_time_cuda = 0.000596
iter 61: upload_copy_time_cuda = 0.000637
iter 61: per_iter_time_cuda = 0.017979

iter 62: slack_cuda = 0.003051
iter 62: cpu_time_cuda = 0.009477
iter 62: gpu_time_cuda = 0.006426
iter 62: download_copy_time_cuda = 0.000582
iter 62: upload_copy_time_cuda = 0.000630
iter 62: per_iter_time_cuda = 0.017639

iter 63: slack_cuda = 0.003268
iter 63: cpu_time_cuda = 0.009184
iter 63: gpu_time_cuda = 0.005916
iter 63: download_copy_time_cuda = 0.000579
iter 63: upload_copy_time_cuda = 0.000608
iter 63: per_iter_time_cuda = 0.016749

iter 64: slack_cuda = 0.003408
iter 64: cpu_time_cuda = 0.009112
iter 64: gpu_time_cuda = 0.005703
iter 64: download_copy_time_cuda = 0.000554
iter 64: upload_copy_time_cuda = 0.000581
iter 64: per_iter_time_cuda = 0.016426

iter 65: slack_cuda = 0.003275
iter 65: cpu_time_cuda = 0.008763
iter 65: gpu_time_cuda = 0.005488
iter 65: download_copy_time_cuda = 0.000547
iter 65: upload_copy_time_cuda = 0.000577
iter 65: per_iter_time_cuda = 0.015836

iter 66: slack_cuda = 0.003370
iter 66: cpu_time_cuda = 0.008627
iter 66: gpu_time_cuda = 0.005257
iter 66: download_copy_time_cuda = 0.000529
iter 66: upload_copy_time_cuda = 0.000574
iter 66: per_iter_time_cuda = 0.015462

iter 67: slack_cuda = 0.003304
iter 67: cpu_time_cuda = 0.008280
iter 67: gpu_time_cuda = 0.004976
iter 67: download_copy_time_cuda = 0.000513
iter 67: upload_copy_time_cuda = 0.000553
iter 67: per_iter_time_cuda = 0.014775

iter 68: slack_cuda = 0.003278
iter 68: cpu_time_cuda = 0.008051
iter 68: gpu_time_cuda = 0.004773
iter 68: download_copy_time_cuda = 0.000499
iter 68: upload_copy_time_cuda = 0.000533
iter 68: per_iter_time_cuda = 0.014309

iter 69: slack_cuda = 0.003283
iter 69: cpu_time_cuda = 0.007746
iter 69: gpu_time_cuda = 0.004463
iter 69: download_copy_time_cuda = 0.000495
iter 69: upload_copy_time_cuda = 0.000523
iter 69: per_iter_time_cuda = 0.013647

iter 70: slack_cuda = 0.003364
iter 70: cpu_time_cuda = 0.007643
iter 70: gpu_time_cuda = 0.004279
iter 70: download_copy_time_cuda = 0.000499
iter 70: upload_copy_time_cuda = 0.000509
iter 70: per_iter_time_cuda = 0.013371

iter 71: slack_cuda = 0.003289
iter 71: cpu_time_cuda = 0.007430
iter 71: gpu_time_cuda = 0.004142
iter 71: download_copy_time_cuda = 0.000462
iter 71: upload_copy_time_cuda = 0.000503
iter 71: per_iter_time_cuda = 0.012943

iter 72: slack_cuda = 0.003333
iter 72: cpu_time_cuda = 0.007232
iter 72: gpu_time_cuda = 0.003899
iter 72: download_copy_time_cuda = 0.000444
iter 72: upload_copy_time_cuda = 0.000483
iter 72: per_iter_time_cuda = 0.012499

iter 73: slack_cuda = 0.003401
iter 73: cpu_time_cuda = 0.006993
iter 73: gpu_time_cuda = 0.003593
iter 73: download_copy_time_cuda = 0.000439
iter 73: upload_copy_time_cuda = 0.000482
iter 73: per_iter_time_cuda = 0.011915

iter 74: slack_cuda = 0.003380
iter 74: cpu_time_cuda = 0.006750
iter 74: gpu_time_cuda = 0.003369
iter 74: download_copy_time_cuda = 0.000424
iter 74: upload_copy_time_cuda = 0.000461
iter 74: per_iter_time_cuda = 0.011433

iter 75: slack_cuda = 0.003445
iter 75: cpu_time_cuda = 0.006533
iter 75: gpu_time_cuda = 0.003088
iter 75: download_copy_time_cuda = 0.000408
iter 75: upload_copy_time_cuda = 0.000455
iter 75: per_iter_time_cuda = 0.010880

iter 76: slack_cuda = 0.003300
iter 76: cpu_time_cuda = 0.006280
iter 76: gpu_time_cuda = 0.002981
iter 76: download_copy_time_cuda = 0.000392
iter 76: upload_copy_time_cuda = 0.000458
iter 76: per_iter_time_cuda = 0.010538

iter 77: slack_cuda = 0.003246
iter 77: cpu_time_cuda = 0.006056
iter 77: gpu_time_cuda = 0.002810
iter 77: download_copy_time_cuda = 0.000387
iter 77: upload_copy_time_cuda = 0.000454
iter 77: per_iter_time_cuda = 0.010101

iter 78: slack_cuda = 0.003117
iter 78: cpu_time_cuda = 0.005794
iter 78: gpu_time_cuda = 0.002677
iter 78: download_copy_time_cuda = 0.000366
iter 78: upload_copy_time_cuda = 0.000454
iter 78: per_iter_time_cuda = 0.009700

iter 79: slack_cuda = 0.003271
iter 79: cpu_time_cuda = 0.005588
iter 79: gpu_time_cuda = 0.002317
iter 79: download_copy_time_cuda = 0.000355
iter 79: upload_copy_time_cuda = 0.000451
iter 79: per_iter_time_cuda = 0.009100

iter 80: slack_cuda = 0.003054
iter 80: cpu_time_cuda = 0.005336
iter 80: gpu_time_cuda = 0.002282
iter 80: download_copy_time_cuda = 0.000338
iter 80: upload_copy_time_cuda = 0.000440
iter 80: per_iter_time_cuda = 0.008793

iter 81: slack_cuda = 0.003031
iter 81: cpu_time_cuda = 0.005201
iter 81: gpu_time_cuda = 0.002170
iter 81: download_copy_time_cuda = 0.000332
iter 81: upload_copy_time_cuda = 0.000452
iter 81: per_iter_time_cuda = 0.008528

iter 82: slack_cuda = 0.002945
iter 82: cpu_time_cuda = 0.004891
iter 82: gpu_time_cuda = 0.001946
iter 82: download_copy_time_cuda = 0.000317
iter 82: upload_copy_time_cuda = 0.000438
iter 82: per_iter_time_cuda = 0.007970

iter 83: slack_cuda = 0.002890
iter 83: cpu_time_cuda = 0.004756
iter 83: gpu_time_cuda = 0.001866
iter 83: download_copy_time_cuda = 0.000298
iter 83: upload_copy_time_cuda = 0.000450
iter 83: per_iter_time_cuda = 0.007723

iter 84: slack_cuda = 0.002717
iter 84: cpu_time_cuda = 0.004451
iter 84: gpu_time_cuda = 0.001734
iter 84: download_copy_time_cuda = 0.000283
iter 84: upload_copy_time_cuda = 0.000440
iter 84: per_iter_time_cuda = 0.007285

iter 85: slack_cuda = 0.002740
iter 85: cpu_time_cuda = 0.004262
iter 85: gpu_time_cuda = 0.001522
iter 85: download_copy_time_cuda = 0.000279
iter 85: upload_copy_time_cuda = 0.000432
iter 85: per_iter_time_cuda = 0.006813

iter 86: slack_cuda = 0.002655
iter 86: cpu_time_cuda = 0.004081
iter 86: gpu_time_cuda = 0.001425
iter 86: download_copy_time_cuda = 0.000262
iter 86: upload_copy_time_cuda = 0.000440
iter 86: per_iter_time_cuda = 0.006552

iter 87: slack_cuda = 0.002472
iter 87: cpu_time_cuda = 0.003773
iter 87: gpu_time_cuda = 0.001301
iter 87: download_copy_time_cuda = 0.000243
iter 87: upload_copy_time_cuda = 0.000433
iter 87: per_iter_time_cuda = 0.006072

iter 88: slack_cuda = 0.002327
iter 88: cpu_time_cuda = 0.003521
iter 88: gpu_time_cuda = 0.001195
iter 88: download_copy_time_cuda = 0.000236
iter 88: upload_copy_time_cuda = 0.000427
iter 88: per_iter_time_cuda = 0.005717

iter 89: slack_cuda = 0.002276
iter 89: cpu_time_cuda = 0.003327
iter 89: gpu_time_cuda = 0.001051
iter 89: download_copy_time_cuda = 0.000221
iter 89: upload_copy_time_cuda = 0.000424
iter 89: per_iter_time_cuda = 0.005336

iter 90: slack_cuda = 0.002114
iter 90: cpu_time_cuda = 0.003085
iter 90: gpu_time_cuda = 0.000971
iter 90: download_copy_time_cuda = 0.000217
iter 90: upload_copy_time_cuda = 0.000418
iter 90: per_iter_time_cuda = 0.005025

iter 91: slack_cuda = 0.002065
iter 91: cpu_time_cuda = 0.002826
iter 91: gpu_time_cuda = 0.000761
iter 91: download_copy_time_cuda = 0.000198
iter 91: upload_copy_time_cuda = 0.000425
iter 91: per_iter_time_cuda = 0.004516

iter 92: slack_cuda = 0.001799
iter 92: cpu_time_cuda = 0.002564
iter 92: gpu_time_cuda = 0.000765
iter 92: download_copy_time_cuda = 0.000193
iter 92: upload_copy_time_cuda = 0.000414
iter 92: per_iter_time_cuda = 0.004260

iter 93: slack_cuda = 0.001745
iter 93: cpu_time_cuda = 0.002388
iter 93: gpu_time_cuda = 0.000643
iter 93: download_copy_time_cuda = 0.000178
iter 93: upload_copy_time_cuda = 0.000416
iter 93: per_iter_time_cuda = 0.003932

iter 94: slack_cuda = 0.001549
iter 94: cpu_time_cuda = 0.002164
iter 94: gpu_time_cuda = 0.000614
iter 94: download_copy_time_cuda = 0.000166
iter 94: upload_copy_time_cuda = 0.000412
iter 94: per_iter_time_cuda = 0.003653

iter 95: slack_cuda = 0.001480
iter 95: cpu_time_cuda = 0.001965
iter 95: gpu_time_cuda = 0.000485
iter 95: download_copy_time_cuda = 0.000159
iter 95: upload_copy_time_cuda = 0.000421
iter 95: per_iter_time_cuda = 0.003303

iter 96: slack_cuda = 0.001101
iter 96: cpu_time_cuda = 0.001518
iter 96: gpu_time_cuda = 0.000417
iter 96: download_copy_time_cuda = 0.000141
iter 96: upload_copy_time_cuda = 0.000398
iter 96: per_iter_time_cuda = 0.002746

iter 97: slack_cuda = 0.000954
iter 97: cpu_time_cuda = 0.001309
iter 97: gpu_time_cuda = 0.000355
iter 97: download_copy_time_cuda = 0.000143
iter 97: upload_copy_time_cuda = 0.000401
iter 97: per_iter_time_cuda = 0.002477

iter 98: slack_cuda = 0.000807
iter 98: cpu_time_cuda = 0.001093
iter 98: gpu_time_cuda = 0.000286
iter 98: download_copy_time_cuda = 0.000128
iter 98: upload_copy_time_cuda = 0.000405
iter 98: per_iter_time_cuda = 0.002187

iter 99: slack_cuda = 0.000649
iter 99: cpu_time_cuda = 0.000892
iter 99: gpu_time_cuda = 0.000243
iter 99: download_copy_time_cuda = 0.000114
iter 99: upload_copy_time_cuda = 0.000396
iter 99: per_iter_time_cuda = 0.001910

iter 100: slack_cuda = 0.000449
iter 100: cpu_time_cuda = 0.000683
iter 100: gpu_time_cuda = 0.000235
iter 100: download_copy_time_cuda = 0.000103
iter 100: upload_copy_time_cuda = 0.000390
iter 100: per_iter_time_cuda = 0.001688

iter 101: slack_cuda = 0.000252
iter 101: cpu_time_cuda = 0.000465
iter 101: gpu_time_cuda = 0.000213
iter 101: download_copy_time_cuda = 0.000101
iter 101: upload_copy_time_cuda = 0.000397
iter 101: per_iter_time_cuda = 0.001434

total_cpu_time_cuda = 1.199234
total_gpu_time_cuda = 1.127518
total_copy_time_cuda = 0.166798
main_loop_time_cuda = 2.621936
Normalized difference of predicted CPU runtime per iteration is: 0.000000%
Normalized difference of predicted GPU runtime per iteration is: 0.000000%
Normalized difference of predicted slack per iteration is: 0.000000%
10240 10240     ---   (  ---  )    245.12 (   2.92)     ---   
total_time = 5.817788
5.06user 1.03system 0:07.12elapsed 85%CPU (0avgtext+0avgdata 972908maxresident)k
3920inputs+0outputs (1major+225533minor)pagefaults 0swaps
send out message: 22 3 log
