send out message: 24 37 /home/lchen/MAGMA/magma-1.6.1/results
send out message: 20 26 MAGMA_LU_GPUDVFS.total.pwr
MAGMA 1.6.1  compiled for CUDA capability >= 3.0
CUDA runtime 5000, driver 6050. MAGMA not compiled with OpenMP. 
ndevices 1
device 0: Tesla K20c, 705.5 MHz clock, 4799.6 MB memory, capability 3.5
Usage: /home/lchen/MAGMA/magma-1.6.1/testing/testing_dgetrf [options] [-h|--help]

ngpu 1
    M     N   CPU GFlop/s (sec)   GPU GFlop/s (sec)   |PA-LU|/(N*|A|)
=========================================================================
init_time = 3.269440
iter 0: slack_cuda = 0.000000
iter 0: cpu_time_cuda = 0.000000
iter 0: gpu_time_cuda = 0.000000
iter 0: download_copy_time_cuda = 0.000000
iter 0: upload_copy_time_cuda = 0.001514
iter 0: per_iter_time_cuda = 0.002271

iter 1: slack_cuda = -0.001425
iter 1: cpu_time_cuda = 0.029753
iter 1: gpu_time_cuda = 0.031179
iter 1: download_copy_time_cuda = 0.001416
iter 1: upload_copy_time_cuda = 0.001501
iter 1: per_iter_time_cuda = 0.064567

iter 2: slack_cuda = -0.001192
iter 2: cpu_time_cuda = 0.029486
iter 2: gpu_time_cuda = 0.030678
iter 2: download_copy_time_cuda = 0.001396
iter 2: upload_copy_time_cuda = 0.001484
iter 2: per_iter_time_cuda = 0.063807

iter 3: slack_cuda = -0.000309
iter 3: cpu_time_cuda = 0.029172
iter 3: gpu_time_cuda = 0.029481
iter 3: download_copy_time_cuda = 0.001377
iter 3: upload_copy_time_cuda = 0.001468
iter 3: per_iter_time_cuda = 0.062199

iter 4: slack_cuda = -0.000645
iter 4: cpu_time_cuda = 0.028891
iter 4: gpu_time_cuda = 0.029536
iter 4: download_copy_time_cuda = 0.001354
iter 4: upload_copy_time_cuda = 0.001439
iter 4: per_iter_time_cuda = 0.061991

iter 5: slack_cuda = -0.000304
iter 5: cpu_time_cuda = 0.028593
iter 5: gpu_time_cuda = 0.028897
iter 5: download_copy_time_cuda = 0.001345
iter 5: upload_copy_time_cuda = 0.001445
iter 5: per_iter_time_cuda = 0.060983

iter 6: slack_cuda = -0.000090
iter 6: cpu_time_cuda = 0.028297
iter 6: gpu_time_cuda = 0.028388
iter 6: download_copy_time_cuda = 0.001337
iter 6: upload_copy_time_cuda = 0.001425
iter 6: per_iter_time_cuda = 0.060206

iter 7: slack_cuda = 0.000349
iter 7: cpu_time_cuda = 0.027816
iter 7: gpu_time_cuda = 0.027467
iter 7: download_copy_time_cuda = 0.001318
iter 7: upload_copy_time_cuda = 0.001414
iter 7: per_iter_time_cuda = 0.058703

iter 8: slack_cuda = 0.000367
iter 8: cpu_time_cuda = 0.027739
iter 8: gpu_time_cuda = 0.027372
iter 8: download_copy_time_cuda = 0.001303
iter 8: upload_copy_time_cuda = 0.001379
iter 8: per_iter_time_cuda = 0.058538

iter 9: slack_cuda = 0.000758
iter 9: cpu_time_cuda = 0.027426
iter 9: gpu_time_cuda = 0.026668
iter 9: download_copy_time_cuda = 0.001294
iter 9: upload_copy_time_cuda = 0.001386
iter 9: per_iter_time_cuda = 0.057458

iter 10: slack_cuda = 0.001079
iter 10: cpu_time_cuda = 0.027122
iter 10: gpu_time_cuda = 0.026043
iter 10: download_copy_time_cuda = 0.001279
iter 10: upload_copy_time_cuda = 0.001367
iter 10: per_iter_time_cuda = 0.056551

iter 11: slack_cuda = 0.001440
iter 11: cpu_time_cuda = 0.026845
iter 11: gpu_time_cuda = 0.025405
iter 11: download_copy_time_cuda = 0.001268
iter 11: upload_copy_time_cuda = 0.001356
iter 11: per_iter_time_cuda = 0.055546

iter 12: slack_cuda = 0.001280
iter 12: cpu_time_cuda = 0.026555
iter 12: gpu_time_cuda = 0.025275
iter 12: download_copy_time_cuda = 0.001251
iter 12: upload_copy_time_cuda = 0.001321
iter 12: per_iter_time_cuda = 0.055130

iter 13: slack_cuda = 0.001638
iter 13: cpu_time_cuda = 0.026278
iter 13: gpu_time_cuda = 0.024640
iter 13: download_copy_time_cuda = 0.001237
iter 13: upload_copy_time_cuda = 0.001325
iter 13: per_iter_time_cuda = 0.054147

iter 14: slack_cuda = 0.002163
iter 14: cpu_time_cuda = 0.026249
iter 14: gpu_time_cuda = 0.024086
iter 14: download_copy_time_cuda = 0.001223
iter 14: upload_copy_time_cuda = 0.001316
iter 14: per_iter_time_cuda = 0.053570

iter 15: slack_cuda = 0.002728
iter 15: cpu_time_cuda = 0.025839
iter 15: gpu_time_cuda = 0.023111
iter 15: download_copy_time_cuda = 0.001218
iter 15: upload_copy_time_cuda = 0.001302
iter 15: per_iter_time_cuda = 0.052128

iter 16: slack_cuda = 0.002661
iter 16: cpu_time_cuda = 0.025681
iter 16: gpu_time_cuda = 0.023020
iter 16: download_copy_time_cuda = 0.001195
iter 16: upload_copy_time_cuda = 0.001273
iter 16: per_iter_time_cuda = 0.051861

iter 17: slack_cuda = 0.002820
iter 17: cpu_time_cuda = 0.025223
iter 17: gpu_time_cuda = 0.022404
iter 17: download_copy_time_cuda = 0.001186
iter 17: upload_copy_time_cuda = 0.001280
iter 17: per_iter_time_cuda = 0.050728

iter 18: slack_cuda = 0.003207
iter 18: cpu_time_cuda = 0.025128
iter 18: gpu_time_cuda = 0.021922
iter 18: download_copy_time_cuda = 0.001176
iter 18: upload_copy_time_cuda = 0.001258
iter 18: per_iter_time_cuda = 0.050171

iter 19: slack_cuda = 0.003806
iter 19: cpu_time_cuda = 0.024826
iter 19: gpu_time_cuda = 0.021020
iter 19: download_copy_time_cuda = 0.001162
iter 19: upload_copy_time_cuda = 0.001252
iter 19: per_iter_time_cuda = 0.048880

iter 20: slack_cuda = 0.003526
iter 20: cpu_time_cuda = 0.024488
iter 20: gpu_time_cuda = 0.020962
iter 20: download_copy_time_cuda = 0.001141
iter 20: upload_copy_time_cuda = 0.001214
iter 20: per_iter_time_cuda = 0.048485

iter 21: slack_cuda = 0.003617
iter 21: cpu_time_cuda = 0.024169
iter 21: gpu_time_cuda = 0.020552
iter 21: download_copy_time_cuda = 0.001131
iter 21: upload_copy_time_cuda = 0.001213
iter 21: per_iter_time_cuda = 0.047693

iter 22: slack_cuda = 0.003761
iter 22: cpu_time_cuda = 0.023853
iter 22: gpu_time_cuda = 0.020092
iter 22: download_copy_time_cuda = 0.001119
iter 22: upload_copy_time_cuda = 0.001201
iter 22: per_iter_time_cuda = 0.046938

iter 23: slack_cuda = 0.004467
iter 23: cpu_time_cuda = 0.023618
iter 23: gpu_time_cuda = 0.019151
iter 23: download_copy_time_cuda = 0.001112
iter 23: upload_copy_time_cuda = 0.001184
iter 23: per_iter_time_cuda = 0.045668

iter 24: slack_cuda = 0.004097
iter 24: cpu_time_cuda = 0.023163
iter 24: gpu_time_cuda = 0.019066
iter 24: download_copy_time_cuda = 0.001092
iter 24: upload_copy_time_cuda = 0.001156
iter 24: per_iter_time_cuda = 0.045131

iter 25: slack_cuda = 0.004503
iter 25: cpu_time_cuda = 0.023032
iter 25: gpu_time_cuda = 0.018529
iter 25: download_copy_time_cuda = 0.001084
iter 25: upload_copy_time_cuda = 0.001157
iter 25: per_iter_time_cuda = 0.044399

iter 26: slack_cuda = 0.004598
iter 26: cpu_time_cuda = 0.022763
iter 26: gpu_time_cuda = 0.018166
iter 26: download_copy_time_cuda = 0.001065
iter 26: upload_copy_time_cuda = 0.001141
iter 26: per_iter_time_cuda = 0.043776

iter 27: slack_cuda = 0.004967
iter 27: cpu_time_cuda = 0.022424
iter 27: gpu_time_cuda = 0.017458
iter 27: download_copy_time_cuda = 0.001049
iter 27: upload_copy_time_cuda = 0.001127
iter 27: per_iter_time_cuda = 0.042651

iter 28: slack_cuda = 0.004946
iter 28: cpu_time_cuda = 0.022191
iter 28: gpu_time_cuda = 0.017244
iter 28: download_copy_time_cuda = 0.001040
iter 28: upload_copy_time_cuda = 0.001097
iter 28: per_iter_time_cuda = 0.042226

iter 29: slack_cuda = 0.005008
iter 29: cpu_time_cuda = 0.021898
iter 29: gpu_time_cuda = 0.016889
iter 29: download_copy_time_cuda = 0.001025
iter 29: upload_copy_time_cuda = 0.001097
iter 29: per_iter_time_cuda = 0.041502

iter 30: slack_cuda = 0.005092
iter 30: cpu_time_cuda = 0.021621
iter 30: gpu_time_cuda = 0.016529
iter 30: download_copy_time_cuda = 0.001008
iter 30: upload_copy_time_cuda = 0.001081
iter 30: per_iter_time_cuda = 0.040865

iter 31: slack_cuda = 0.005695
iter 31: cpu_time_cuda = 0.021406
iter 31: gpu_time_cuda = 0.015711
iter 31: download_copy_time_cuda = 0.000997
iter 31: upload_copy_time_cuda = 0.001069
iter 31: per_iter_time_cuda = 0.039767

iter 32: slack_cuda = 0.005464
iter 32: cpu_time_cuda = 0.020904
iter 32: gpu_time_cuda = 0.015439
iter 32: download_copy_time_cuda = 0.000977
iter 32: upload_copy_time_cuda = 0.001041
iter 32: per_iter_time_cuda = 0.038971

iter 33: slack_cuda = 0.005623
iter 33: cpu_time_cuda = 0.020722
iter 33: gpu_time_cuda = 0.015099
iter 33: download_copy_time_cuda = 0.000976
iter 33: upload_copy_time_cuda = 0.001040
iter 33: per_iter_time_cuda = 0.038400

iter 34: slack_cuda = 0.005705
iter 34: cpu_time_cuda = 0.020449
iter 34: gpu_time_cuda = 0.014744
iter 34: download_copy_time_cuda = 0.000957
iter 34: upload_copy_time_cuda = 0.001026
iter 34: per_iter_time_cuda = 0.037769

iter 35: slack_cuda = 0.005940
iter 35: cpu_time_cuda = 0.020069
iter 35: gpu_time_cuda = 0.014130
iter 35: download_copy_time_cuda = 0.000941
iter 35: upload_copy_time_cuda = 0.001010
iter 35: per_iter_time_cuda = 0.036710

iter 36: slack_cuda = 0.005818
iter 36: cpu_time_cuda = 0.019865
iter 36: gpu_time_cuda = 0.014047
iter 36: download_copy_time_cuda = 0.000926
iter 36: upload_copy_time_cuda = 0.000985
iter 36: per_iter_time_cuda = 0.036408

iter 37: slack_cuda = 0.006105
iter 37: cpu_time_cuda = 0.019676
iter 37: gpu_time_cuda = 0.013571
iter 37: download_copy_time_cuda = 0.000922
iter 37: upload_copy_time_cuda = 0.000983
iter 37: per_iter_time_cuda = 0.035698

iter 38: slack_cuda = 0.006048
iter 38: cpu_time_cuda = 0.019221
iter 38: gpu_time_cuda = 0.013173
iter 38: download_copy_time_cuda = 0.000909
iter 38: upload_copy_time_cuda = 0.000967
iter 38: per_iter_time_cuda = 0.034849

iter 39: slack_cuda = 0.006408
iter 39: cpu_time_cuda = 0.019007
iter 39: gpu_time_cuda = 0.012598
iter 39: download_copy_time_cuda = 0.000892
iter 39: upload_copy_time_cuda = 0.000953
iter 39: per_iter_time_cuda = 0.033988

iter 40: slack_cuda = 0.006330
iter 40: cpu_time_cuda = 0.018709
iter 40: gpu_time_cuda = 0.012379
iter 40: download_copy_time_cuda = 0.000870
iter 40: upload_copy_time_cuda = 0.000926
iter 40: per_iter_time_cuda = 0.033462

iter 41: slack_cuda = 0.006651
iter 41: cpu_time_cuda = 0.018574
iter 41: gpu_time_cuda = 0.011923
iter 41: download_copy_time_cuda = 0.000859
iter 41: upload_copy_time_cuda = 0.000921
iter 41: per_iter_time_cuda = 0.032811

iter 42: slack_cuda = 0.006593
iter 42: cpu_time_cuda = 0.018135
iter 42: gpu_time_cuda = 0.011542
iter 42: download_copy_time_cuda = 0.000852
iter 42: upload_copy_time_cuda = 0.000905
iter 42: per_iter_time_cuda = 0.032010

iter 43: slack_cuda = 0.006929
iter 43: cpu_time_cuda = 0.017921
iter 43: gpu_time_cuda = 0.010992
iter 43: download_copy_time_cuda = 0.000839
iter 43: upload_copy_time_cuda = 0.000892
iter 43: per_iter_time_cuda = 0.031165

iter 44: slack_cuda = 0.006654
iter 44: cpu_time_cuda = 0.017586
iter 44: gpu_time_cuda = 0.010932
iter 44: download_copy_time_cuda = 0.000820
iter 44: upload_copy_time_cuda = 0.000869
iter 44: per_iter_time_cuda = 0.030767

iter 45: slack_cuda = 0.006681
iter 45: cpu_time_cuda = 0.017212
iter 45: gpu_time_cuda = 0.010532
iter 45: download_copy_time_cuda = 0.000804
iter 45: upload_copy_time_cuda = 0.000861
iter 45: per_iter_time_cuda = 0.029933

iter 46: slack_cuda = 0.006776
iter 46: cpu_time_cuda = 0.017069
iter 46: gpu_time_cuda = 0.010293
iter 46: download_copy_time_cuda = 0.000801
iter 46: upload_copy_time_cuda = 0.000848
iter 46: per_iter_time_cuda = 0.029543

iter 47: slack_cuda = 0.006906
iter 47: cpu_time_cuda = 0.016645
iter 47: gpu_time_cuda = 0.009739
iter 47: download_copy_time_cuda = 0.000784
iter 47: upload_copy_time_cuda = 0.000837
iter 47: per_iter_time_cuda = 0.028501

iter 48: slack_cuda = 0.006833
iter 48: cpu_time_cuda = 0.016357
iter 48: gpu_time_cuda = 0.009524
iter 48: download_copy_time_cuda = 0.000766
iter 48: upload_copy_time_cuda = 0.000811
iter 48: per_iter_time_cuda = 0.027981

iter 49: slack_cuda = 0.006775
iter 49: cpu_time_cuda = 0.016048
iter 49: gpu_time_cuda = 0.009273
iter 49: download_copy_time_cuda = 0.000755
iter 49: upload_copy_time_cuda = 0.000807
iter 49: per_iter_time_cuda = 0.027367

iter 50: slack_cuda = 0.006814
iter 50: cpu_time_cuda = 0.015756
iter 50: gpu_time_cuda = 0.008942
iter 50: download_copy_time_cuda = 0.000736
iter 50: upload_copy_time_cuda = 0.000793
iter 50: per_iter_time_cuda = 0.026742

iter 51: slack_cuda = 0.006995
iter 51: cpu_time_cuda = 0.015489
iter 51: gpu_time_cuda = 0.008495
iter 51: download_copy_time_cuda = 0.000734
iter 51: upload_copy_time_cuda = 0.000774
iter 51: per_iter_time_cuda = 0.025966

iter 52: slack_cuda = 0.006925
iter 52: cpu_time_cuda = 0.015210
iter 52: gpu_time_cuda = 0.008285
iter 52: download_copy_time_cuda = 0.000714
iter 52: upload_copy_time_cuda = 0.000752
iter 52: per_iter_time_cuda = 0.025457

iter 53: slack_cuda = 0.007018
iter 53: cpu_time_cuda = 0.014969
iter 53: gpu_time_cuda = 0.007952
iter 53: download_copy_time_cuda = 0.000700
iter 53: upload_copy_time_cuda = 0.000753
iter 53: per_iter_time_cuda = 0.024830

iter 54: slack_cuda = 0.006929
iter 54: cpu_time_cuda = 0.014659
iter 54: gpu_time_cuda = 0.007730
iter 54: download_copy_time_cuda = 0.000690
iter 54: upload_copy_time_cuda = 0.000730
iter 54: per_iter_time_cuda = 0.024297

iter 55: slack_cuda = 0.007240
iter 55: cpu_time_cuda = 0.014473
iter 55: gpu_time_cuda = 0.007233
iter 55: download_copy_time_cuda = 0.000680
iter 55: upload_copy_time_cuda = 0.000719
iter 55: per_iter_time_cuda = 0.023557

iter 56: slack_cuda = 0.006993
iter 56: cpu_time_cuda = 0.014138
iter 56: gpu_time_cuda = 0.007145
iter 56: download_copy_time_cuda = 0.000661
iter 56: upload_copy_time_cuda = 0.000694
iter 56: per_iter_time_cuda = 0.023112

iter 57: slack_cuda = 0.006907
iter 57: cpu_time_cuda = 0.013767
iter 57: gpu_time_cuda = 0.006860
iter 57: download_copy_time_cuda = 0.000649
iter 57: upload_copy_time_cuda = 0.000690
iter 57: per_iter_time_cuda = 0.022412

iter 58: slack_cuda = 0.006707
iter 58: cpu_time_cuda = 0.013378
iter 58: gpu_time_cuda = 0.006671
iter 58: download_copy_time_cuda = 0.000632
iter 58: upload_copy_time_cuda = 0.000673
iter 58: per_iter_time_cuda = 0.021826

iter 59: slack_cuda = 0.007096
iter 59: cpu_time_cuda = 0.013216
iter 59: gpu_time_cuda = 0.006120
iter 59: download_copy_time_cuda = 0.000619
iter 59: upload_copy_time_cuda = 0.000660
iter 59: per_iter_time_cuda = 0.021047

iter 60: slack_cuda = 0.006847
iter 60: cpu_time_cuda = 0.012933
iter 60: gpu_time_cuda = 0.006085
iter 60: download_copy_time_cuda = 0.000610
iter 60: upload_copy_time_cuda = 0.000646
iter 60: per_iter_time_cuda = 0.020759

iter 61: slack_cuda = 0.006774
iter 61: cpu_time_cuda = 0.012549
iter 61: gpu_time_cuda = 0.005775
iter 61: download_copy_time_cuda = 0.000594
iter 61: upload_copy_time_cuda = 0.000629
iter 61: per_iter_time_cuda = 0.019970

iter 62: slack_cuda = 0.006766
iter 62: cpu_time_cuda = 0.012391
iter 62: gpu_time_cuda = 0.005625
iter 62: download_copy_time_cuda = 0.000577
iter 62: upload_copy_time_cuda = 0.000611
iter 62: per_iter_time_cuda = 0.019651

iter 63: slack_cuda = 0.006772
iter 63: cpu_time_cuda = 0.011905
iter 63: gpu_time_cuda = 0.005133
iter 63: download_copy_time_cuda = 0.000561
iter 63: upload_copy_time_cuda = 0.000600
iter 63: per_iter_time_cuda = 0.018618

iter 64: slack_cuda = 0.006629
iter 64: cpu_time_cuda = 0.011615
iter 64: gpu_time_cuda = 0.004985
iter 64: download_copy_time_cuda = 0.000556
iter 64: upload_copy_time_cuda = 0.000578
iter 64: per_iter_time_cuda = 0.018173

iter 65: slack_cuda = 0.006571
iter 65: cpu_time_cuda = 0.011349
iter 65: gpu_time_cuda = 0.004778
iter 65: download_copy_time_cuda = 0.000545
iter 65: upload_copy_time_cuda = 0.000574
iter 65: per_iter_time_cuda = 0.017663

iter 66: slack_cuda = 0.006433
iter 66: cpu_time_cuda = 0.011072
iter 66: gpu_time_cuda = 0.004639
iter 66: download_copy_time_cuda = 0.000526
iter 66: upload_copy_time_cuda = 0.000559
iter 66: per_iter_time_cuda = 0.017229

iter 67: slack_cuda = 0.006441
iter 67: cpu_time_cuda = 0.010828
iter 67: gpu_time_cuda = 0.004387
iter 67: download_copy_time_cuda = 0.000511
iter 67: upload_copy_time_cuda = 0.000545
iter 67: per_iter_time_cuda = 0.016673

iter 68: slack_cuda = 0.006427
iter 68: cpu_time_cuda = 0.010626
iter 68: gpu_time_cuda = 0.004199
iter 68: download_copy_time_cuda = 0.000494
iter 68: upload_copy_time_cuda = 0.000523
iter 68: per_iter_time_cuda = 0.016249

iter 69: slack_cuda = 0.006243
iter 69: cpu_time_cuda = 0.010208
iter 69: gpu_time_cuda = 0.003965
iter 69: download_copy_time_cuda = 0.000491
iter 69: upload_copy_time_cuda = 0.000515
iter 69: per_iter_time_cuda = 0.015558

iter 70: slack_cuda = 0.006059
iter 70: cpu_time_cuda = 0.009822
iter 70: gpu_time_cuda = 0.003764
iter 70: download_copy_time_cuda = 0.000473
iter 70: upload_copy_time_cuda = 0.000505
iter 70: per_iter_time_cuda = 0.014971

iter 71: slack_cuda = 0.006145
iter 71: cpu_time_cuda = 0.009594
iter 71: gpu_time_cuda = 0.003450
iter 71: download_copy_time_cuda = 0.000457
iter 71: upload_copy_time_cuda = 0.000487
iter 71: per_iter_time_cuda = 0.014364

iter 72: slack_cuda = 0.006026
iter 72: cpu_time_cuda = 0.009376
iter 72: gpu_time_cuda = 0.003350
iter 72: download_copy_time_cuda = 0.000442
iter 72: upload_copy_time_cuda = 0.000463
iter 72: per_iter_time_cuda = 0.014026

iter 73: slack_cuda = 0.005876
iter 73: cpu_time_cuda = 0.009059
iter 73: gpu_time_cuda = 0.003183
iter 73: download_copy_time_cuda = 0.000438
iter 73: upload_copy_time_cuda = 0.000460
iter 73: per_iter_time_cuda = 0.013509

iter 74: slack_cuda = 0.005704
iter 74: cpu_time_cuda = 0.008725
iter 74: gpu_time_cuda = 0.003020
iter 74: download_copy_time_cuda = 0.000420
iter 74: upload_copy_time_cuda = 0.000446
iter 74: per_iter_time_cuda = 0.013018

iter 75: slack_cuda = 0.005823
iter 75: cpu_time_cuda = 0.008493
iter 75: gpu_time_cuda = 0.002670
iter 75: download_copy_time_cuda = 0.000407
iter 75: upload_copy_time_cuda = 0.000448
iter 75: per_iter_time_cuda = 0.012388

iter 76: slack_cuda = 0.005460
iter 76: cpu_time_cuda = 0.008086
iter 76: gpu_time_cuda = 0.002626
iter 76: download_copy_time_cuda = 0.000390
iter 76: upload_copy_time_cuda = 0.000441
iter 76: per_iter_time_cuda = 0.011926

iter 77: slack_cuda = 0.005266
iter 77: cpu_time_cuda = 0.007791
iter 77: gpu_time_cuda = 0.002525
iter 77: download_copy_time_cuda = 0.000383
iter 77: upload_copy_time_cuda = 0.000439
iter 77: per_iter_time_cuda = 0.011494

iter 78: slack_cuda = 0.005154
iter 78: cpu_time_cuda = 0.007504
iter 78: gpu_time_cuda = 0.002350
iter 78: download_copy_time_cuda = 0.000370
iter 78: upload_copy_time_cuda = 0.000438
iter 78: per_iter_time_cuda = 0.011026

iter 79: slack_cuda = 0.004957
iter 79: cpu_time_cuda = 0.007146
iter 79: gpu_time_cuda = 0.002189
iter 79: download_copy_time_cuda = 0.000349
iter 79: upload_copy_time_cuda = 0.000424
iter 79: per_iter_time_cuda = 0.010448

iter 80: slack_cuda = 0.004887
iter 80: cpu_time_cuda = 0.006918
iter 80: gpu_time_cuda = 0.002032
iter 80: download_copy_time_cuda = 0.000337
iter 80: upload_copy_time_cuda = 0.000432
iter 80: per_iter_time_cuda = 0.010076

iter 81: slack_cuda = 0.004735
iter 81: cpu_time_cuda = 0.006626
iter 81: gpu_time_cuda = 0.001891
iter 81: download_copy_time_cuda = 0.000330
iter 81: upload_copy_time_cuda = 0.000431
iter 81: per_iter_time_cuda = 0.009618

iter 82: slack_cuda = 0.004597
iter 82: cpu_time_cuda = 0.006327
iter 82: gpu_time_cuda = 0.001730
iter 82: download_copy_time_cuda = 0.000313
iter 82: upload_copy_time_cuda = 0.000424
iter 82: per_iter_time_cuda = 0.009134

iter 83: slack_cuda = 0.004466
iter 83: cpu_time_cuda = 0.006100
iter 83: gpu_time_cuda = 0.001635
iter 83: download_copy_time_cuda = 0.000296
iter 83: upload_copy_time_cuda = 0.000421
iter 83: per_iter_time_cuda = 0.008786

iter 84: slack_cuda = 0.004251
iter 84: cpu_time_cuda = 0.005781
iter 84: gpu_time_cuda = 0.001530
iter 84: download_copy_time_cuda = 0.000281
iter 84: upload_copy_time_cuda = 0.000422
iter 84: per_iter_time_cuda = 0.008353

iter 85: slack_cuda = 0.004158
iter 85: cpu_time_cuda = 0.005561
iter 85: gpu_time_cuda = 0.001403
iter 85: download_copy_time_cuda = 0.000269
iter 85: upload_copy_time_cuda = 0.000422
iter 85: per_iter_time_cuda = 0.007955

iter 86: slack_cuda = 0.003981
iter 86: cpu_time_cuda = 0.005203
iter 86: gpu_time_cuda = 0.001222
iter 86: download_copy_time_cuda = 0.000264
iter 86: upload_copy_time_cuda = 0.000408
iter 86: per_iter_time_cuda = 0.007409

iter 87: slack_cuda = 0.003697
iter 87: cpu_time_cuda = 0.004855
iter 87: gpu_time_cuda = 0.001158
iter 87: download_copy_time_cuda = 0.000245
iter 87: upload_copy_time_cuda = 0.000421
iter 87: per_iter_time_cuda = 0.006973

iter 88: slack_cuda = 0.003506
iter 88: cpu_time_cuda = 0.004533
iter 88: gpu_time_cuda = 0.001027
iter 88: download_copy_time_cuda = 0.000227
iter 88: upload_copy_time_cuda = 0.000420
iter 88: per_iter_time_cuda = 0.006508

iter 89: slack_cuda = 0.003336
iter 89: cpu_time_cuda = 0.004245
iter 89: gpu_time_cuda = 0.000909
iter 89: download_copy_time_cuda = 0.000214
iter 89: upload_copy_time_cuda = 0.000408
iter 89: per_iter_time_cuda = 0.006070

iter 90: slack_cuda = 0.003080
iter 90: cpu_time_cuda = 0.003947
iter 90: gpu_time_cuda = 0.000867
iter 90: download_copy_time_cuda = 0.000208
iter 90: upload_copy_time_cuda = 0.000410
iter 90: per_iter_time_cuda = 0.005721

iter 91: slack_cuda = 0.002953
iter 91: cpu_time_cuda = 0.003642
iter 91: gpu_time_cuda = 0.000689
iter 91: download_copy_time_cuda = 0.000192
iter 91: upload_copy_time_cuda = 0.000405
iter 91: per_iter_time_cuda = 0.005210

iter 92: slack_cuda = 0.002692
iter 92: cpu_time_cuda = 0.003333
iter 92: gpu_time_cuda = 0.000641
iter 92: download_copy_time_cuda = 0.000171
iter 92: upload_copy_time_cuda = 0.000408
iter 92: per_iter_time_cuda = 0.004846

iter 93: slack_cuda = 0.002439
iter 93: cpu_time_cuda = 0.003064
iter 93: gpu_time_cuda = 0.000625
iter 93: download_copy_time_cuda = 0.000170
iter 93: upload_copy_time_cuda = 0.000397
iter 93: per_iter_time_cuda = 0.004535

iter 94: slack_cuda = 0.002293
iter 94: cpu_time_cuda = 0.002787
iter 94: gpu_time_cuda = 0.000495
iter 94: download_copy_time_cuda = 0.000152
iter 94: upload_copy_time_cuda = 0.000400
iter 94: per_iter_time_cuda = 0.004108

iter 95: slack_cuda = 0.002074
iter 95: cpu_time_cuda = 0.002521
iter 95: gpu_time_cuda = 0.000446
iter 95: download_copy_time_cuda = 0.000147
iter 95: upload_copy_time_cuda = 0.000391
iter 95: per_iter_time_cuda = 0.003767

iter 96: slack_cuda = 0.001857
iter 96: cpu_time_cuda = 0.002233
iter 96: gpu_time_cuda = 0.000377
iter 96: download_copy_time_cuda = 0.000134
iter 96: upload_copy_time_cuda = 0.000385
iter 96: per_iter_time_cuda = 0.003394

iter 97: slack_cuda = 0.001624
iter 97: cpu_time_cuda = 0.001939
iter 97: gpu_time_cuda = 0.000315
iter 97: download_copy_time_cuda = 0.000124
iter 97: upload_copy_time_cuda = 0.000387
iter 97: per_iter_time_cuda = 0.003018

iter 98: slack_cuda = 0.001403
iter 98: cpu_time_cuda = 0.001656
iter 98: gpu_time_cuda = 0.000253
iter 98: download_copy_time_cuda = 0.000119
iter 98: upload_copy_time_cuda = 0.000381
iter 98: per_iter_time_cuda = 0.002666

iter 99: slack_cuda = 0.001160
iter 99: cpu_time_cuda = 0.001384
iter 99: gpu_time_cuda = 0.000224
iter 99: download_copy_time_cuda = 0.000106
iter 99: upload_copy_time_cuda = 0.000375
iter 99: per_iter_time_cuda = 0.002343

iter 100: slack_cuda = 0.000924
iter 100: cpu_time_cuda = 0.001131
iter 100: gpu_time_cuda = 0.000207
iter 100: download_copy_time_cuda = 0.000102
iter 100: upload_copy_time_cuda = 0.000371
iter 100: per_iter_time_cuda = 0.002065

iter 101: slack_cuda = 0.000428
iter 101: cpu_time_cuda = 0.000616
iter 101: gpu_time_cuda = 0.000188
iter 101: download_copy_time_cuda = 0.000089
iter 101: upload_copy_time_cuda = 0.000379
iter 101: per_iter_time_cuda = 0.001514

total_cpu_time_cuda = 1.556245
total_gpu_time_cuda = 1.110864
total_copy_time_cuda = 0.158143
main_loop_time_cuda = 2.882987
Normalized difference of predicted CPU runtime per iteration is: 0.000000%
Normalized difference of predicted GPU runtime per iteration is: 0.000000%
Normalized difference of predicted slack per iteration is: 0.000000%
10240 10240     ---   (  ---  )    224.53 (   3.19)     ---   
total_time = 6.976905
6.18user 1.14system 0:08.63elapsed 84%CPU (0avgtext+0avgdata 972904maxresident)k
0inputs+0outputs (0major+225539minor)pagefaults 0swaps
send out message: 22 3 log
