send out message: 24 37 /home/lchen/MAGMA/magma-1.6.1/results
send out message: 20 26 MAGMA_LU_GPUDVFS.total.pwr
MAGMA 1.6.1  compiled for CUDA capability >= 3.0
CUDA runtime 5000, driver 6050. MAGMA not compiled with OpenMP. 
ndevices 1
device 0: Tesla K20c, 705.5 MHz clock, 4799.6 MB memory, capability 3.5
Usage: /home/lchen/MAGMA/magma-1.6.1/testing/testing_dgetrf [options] [-h|--help]

ngpu 1
    M     N   CPU GFlop/s (sec)   GPU GFlop/s (sec)   |PA-LU|/(N*|A|)
=========================================================================
init_time = 0.816072
iter 0: slack_cuda = 0.000000
iter 0: cpu_time_cuda = 0.000000
iter 0: gpu_time_cuda = 0.000000
iter 0: download_copy_time_cuda = 0.000000
iter 0: upload_copy_time_cuda = 0.000773
iter 0: per_iter_time_cuda = 0.001255

iter 1: cpu_time_pred = 0.000000
iter 1: gpu_time_pred = 0.000000
iter 1: slack_pred = 0.000000
iter 1: slack_cuda = 0.007663
iter 1: cpu_time_cuda = 0.014978
iter 1: gpu_time_cuda = 0.007315
iter 1: download_copy_time_cuda = 0.000732
iter 1: upload_copy_time_cuda = 0.000750
iter 1: per_iter_time_cuda = 0.025102

iter 2: cpu_time_pred = 0.014674
iter 2: gpu_time_pred = 0.007020
iter 2: slack_pred = 0.007653
iter 2: slack_cuda = 0.007524
iter 2: cpu_time_cuda = 0.014607
iter 2: gpu_time_cuda = 0.007083
iter 2: download_copy_time_cuda = 0.000700
iter 2: upload_copy_time_cuda = 0.000735
iter 2: per_iter_time_cuda = 0.024470

iter 3: cpu_time_pred = 0.014304
iter 3: gpu_time_pred = 0.006732
iter 3: slack_pred = 0.007572
iter 3: slack_cuda = 0.007542
iter 3: cpu_time_cuda = 0.014330
iter 3: gpu_time_cuda = 0.006788
iter 3: download_copy_time_cuda = 0.000681
iter 3: upload_copy_time_cuda = 0.000720
iter 3: per_iter_time_cuda = 0.023778

iter 4: cpu_time_pred = 0.014027
iter 4: gpu_time_pred = 0.006450
iter 4: slack_pred = 0.007577
iter 4: slack_cuda = 0.007510
iter 4: cpu_time_cuda = 0.014049
iter 4: gpu_time_cuda = 0.006538
iter 4: download_copy_time_cuda = 0.000665
iter 4: upload_copy_time_cuda = 0.000698
iter 4: per_iter_time_cuda = 0.023259

iter 5: cpu_time_pred = 0.013744
iter 5: gpu_time_pred = 0.006174
iter 5: slack_pred = 0.007571
iter 5: slack_cuda = 0.007495
iter 5: cpu_time_cuda = 0.013776
iter 5: gpu_time_cuda = 0.006281
iter 5: download_copy_time_cuda = 0.000662
iter 5: upload_copy_time_cuda = 0.000692
iter 5: per_iter_time_cuda = 0.022664

iter 6: cpu_time_pred = 0.013471
iter 6: gpu_time_pred = 0.005904
iter 6: slack_pred = 0.007567
iter 6: slack_cuda = 0.007376
iter 6: cpu_time_cuda = 0.013447
iter 6: gpu_time_cuda = 0.006072
iter 6: download_copy_time_cuda = 0.000645
iter 6: upload_copy_time_cuda = 0.000677
iter 6: per_iter_time_cuda = 0.022139

iter 7: cpu_time_pred = 0.013143
iter 7: gpu_time_pred = 0.005639
iter 7: slack_pred = 0.007504
iter 7: slack_cuda = 0.007365
iter 7: cpu_time_cuda = 0.013178
iter 7: gpu_time_cuda = 0.005813
iter 7: download_copy_time_cuda = 0.000630
iter 7: upload_copy_time_cuda = 0.000660
iter 7: per_iter_time_cuda = 0.021495

iter 8: cpu_time_pred = 0.012873
iter 8: gpu_time_pred = 0.005381
iter 8: slack_pred = 0.007491
iter 8: slack_cuda = 0.007387
iter 8: cpu_time_cuda = 0.012895
iter 8: gpu_time_cuda = 0.005509
iter 8: download_copy_time_cuda = 0.000612
iter 8: upload_copy_time_cuda = 0.000641
iter 8: per_iter_time_cuda = 0.020892

iter 9: cpu_time_pred = 0.012590
iter 9: gpu_time_pred = 0.005129
iter 9: slack_pred = 0.007460
iter 9: slack_cuda = 0.007410
iter 9: cpu_time_cuda = 0.012627
iter 9: gpu_time_cuda = 0.005217
iter 9: download_copy_time_cuda = 0.000612
iter 9: upload_copy_time_cuda = 0.000636
iter 9: per_iter_time_cuda = 0.020286

iter 10: cpu_time_pred = 0.012320
iter 10: gpu_time_pred = 0.004883
iter 10: slack_pred = 0.007437
iter 10: slack_cuda = 0.007204
iter 10: cpu_time_cuda = 0.012237
iter 10: gpu_time_cuda = 0.005033
iter 10: download_copy_time_cuda = 0.000591
iter 10: upload_copy_time_cuda = 0.000621
iter 10: per_iter_time_cuda = 0.019675

iter 11: cpu_time_pred = 0.011932
iter 11: gpu_time_pred = 0.004643
iter 11: slack_pred = 0.007289
iter 11: slack_cuda = 0.007210
iter 11: cpu_time_cuda = 0.011955
iter 11: gpu_time_cuda = 0.004745
iter 11: download_copy_time_cuda = 0.000576
iter 11: upload_copy_time_cuda = 0.000608
iter 11: per_iter_time_cuda = 0.019018

iter 12: cpu_time_pred = 0.011650
iter 12: gpu_time_pred = 0.004410
iter 12: slack_pred = 0.007240
iter 12: slack_cuda = 0.007117
iter 12: cpu_time_cuda = 0.011715
iter 12: gpu_time_cuda = 0.004598
iter 12: download_copy_time_cuda = 0.000556
iter 12: upload_copy_time_cuda = 0.000582
iter 12: per_iter_time_cuda = 0.018600

iter 13: cpu_time_pred = 0.011408
iter 13: gpu_time_pred = 0.004182
iter 13: slack_pred = 0.007227
iter 13: slack_cuda = 0.007011
iter 13: cpu_time_cuda = 0.011371
iter 13: gpu_time_cuda = 0.004360
iter 13: download_copy_time_cuda = 0.000546
iter 13: upload_copy_time_cuda = 0.000575
iter 13: per_iter_time_cuda = 0.017961

iter 14: cpu_time_pred = 0.011065
iter 14: gpu_time_pred = 0.003960
iter 14: slack_pred = 0.007106
iter 14: slack_cuda = 0.006932
iter 14: cpu_time_cuda = 0.011123
iter 14: gpu_time_cuda = 0.004191
iter 14: download_copy_time_cuda = 0.000542
iter 14: upload_copy_time_cuda = 0.000562
iter 14: per_iter_time_cuda = 0.017545

iter 15: cpu_time_pred = 0.010816
iter 15: gpu_time_pred = 0.003744
iter 15: slack_pred = 0.007072
iter 15: slack_cuda = 0.006874
iter 15: cpu_time_cuda = 0.010756
iter 15: gpu_time_cuda = 0.003882
iter 15: download_copy_time_cuda = 0.000528
iter 15: upload_copy_time_cuda = 0.000548
iter 15: per_iter_time_cuda = 0.016780

iter 16: cpu_time_pred = 0.010451
iter 16: gpu_time_pred = 0.003534
iter 16: slack_pred = 0.006916
iter 16: slack_cuda = 0.006747
iter 16: cpu_time_cuda = 0.010467
iter 16: gpu_time_cuda = 0.003720
iter 16: download_copy_time_cuda = 0.000504
iter 16: upload_copy_time_cuda = 0.000527
iter 16: per_iter_time_cuda = 0.016264

iter 17: cpu_time_pred = 0.010161
iter 17: gpu_time_pred = 0.003331
iter 17: slack_pred = 0.006830
iter 17: slack_cuda = 0.006720
iter 17: cpu_time_cuda = 0.010243
iter 17: gpu_time_cuda = 0.003523
iter 17: download_copy_time_cuda = 0.000494
iter 17: upload_copy_time_cuda = 0.000521
iter 17: per_iter_time_cuda = 0.015761

iter 18: cpu_time_pred = 0.009934
iter 18: gpu_time_pred = 0.003133
iter 18: slack_pred = 0.006801
iter 18: slack_cuda = 0.006621
iter 18: cpu_time_cuda = 0.009922
iter 18: gpu_time_cuda = 0.003301
iter 18: download_copy_time_cuda = 0.000492
iter 18: upload_copy_time_cuda = 0.000505
iter 18: per_iter_time_cuda = 0.015214

iter 19: cpu_time_pred = 0.009614
iter 19: gpu_time_pred = 0.002942
iter 19: slack_pred = 0.006673
iter 19: slack_cuda = 0.006521
iter 19: cpu_time_cuda = 0.009638
iter 19: gpu_time_cuda = 0.003117
iter 19: download_copy_time_cuda = 0.000471
iter 19: upload_copy_time_cuda = 0.000489
iter 19: per_iter_time_cuda = 0.014673

iter 20: cpu_time_pred = 0.009329
iter 20: gpu_time_pred = 0.002756
iter 20: slack_pred = 0.006573
iter 20: slack_cuda = 0.006336
iter 20: cpu_time_cuda = 0.009293
iter 20: gpu_time_cuda = 0.002957
iter 20: download_copy_time_cuda = 0.000450
iter 20: upload_copy_time_cuda = 0.000471
iter 20: per_iter_time_cuda = 0.014137

iter 21: cpu_time_pred = 0.008985
iter 21: gpu_time_pred = 0.002577
iter 21: slack_pred = 0.006409
iter 21: slack_cuda = 0.006298
iter 21: cpu_time_cuda = 0.009107
iter 21: gpu_time_cuda = 0.002809
iter 21: download_copy_time_cuda = 0.000439
iter 21: upload_copy_time_cuda = 0.000460
iter 21: per_iter_time_cuda = 0.013744

iter 22: cpu_time_pred = 0.008795
iter 22: gpu_time_pred = 0.002403
iter 22: slack_pred = 0.006392
iter 22: slack_cuda = 0.006138
iter 22: cpu_time_cuda = 0.008772
iter 22: gpu_time_cuda = 0.002634
iter 22: download_copy_time_cuda = 0.000435
iter 22: upload_copy_time_cuda = 0.000447
iter 22: per_iter_time_cuda = 0.013229

iter 23: cpu_time_pred = 0.008461
iter 23: gpu_time_pred = 0.002236
iter 23: slack_pred = 0.006226
iter 23: slack_cuda = 0.005992
iter 23: cpu_time_cuda = 0.008458
iter 23: gpu_time_cuda = 0.002466
iter 23: download_copy_time_cuda = 0.000421
iter 23: upload_copy_time_cuda = 0.000435
iter 23: per_iter_time_cuda = 0.012670

iter 24: cpu_time_pred = 0.008147
iter 24: gpu_time_pred = 0.002074
iter 24: slack_pred = 0.006073
iter 24: slack_cuda = 0.005828
iter 24: cpu_time_cuda = 0.008148
iter 24: gpu_time_cuda = 0.002321
iter 24: download_copy_time_cuda = 0.000406
iter 24: upload_copy_time_cuda = 0.000413
iter 24: per_iter_time_cuda = 0.012196

iter 25: cpu_time_pred = 0.007837
iter 25: gpu_time_pred = 0.001919
iter 25: slack_pred = 0.005918
iter 25: slack_cuda = 0.005717
iter 25: cpu_time_cuda = 0.007829
iter 25: gpu_time_cuda = 0.002112
iter 25: download_copy_time_cuda = 0.000387
iter 25: upload_copy_time_cuda = 0.000406
iter 25: per_iter_time_cuda = 0.011606

iter 26: cpu_time_pred = 0.007518
iter 26: gpu_time_pred = 0.001770
iter 26: slack_pred = 0.005749
iter 26: slack_cuda = 0.005488
iter 26: cpu_time_cuda = 0.007471
iter 26: gpu_time_cuda = 0.001984
iter 26: download_copy_time_cuda = 0.000373
iter 26: upload_copy_time_cuda = 0.000391
iter 26: per_iter_time_cuda = 0.011064

iter 27: cpu_time_pred = 0.007163
iter 27: gpu_time_pred = 0.001626
iter 27: slack_pred = 0.005536
iter 27: slack_cuda = 0.005362
iter 27: cpu_time_cuda = 0.007219
iter 27: gpu_time_cuda = 0.001857
iter 27: download_copy_time_cuda = 0.000367
iter 27: upload_copy_time_cuda = 0.000374
iter 27: per_iter_time_cuda = 0.010628

iter 28: cpu_time_pred = 0.006908
iter 28: gpu_time_pred = 0.001489
iter 28: slack_pred = 0.005419
iter 28: slack_cuda = 0.005206
iter 28: cpu_time_cuda = 0.006915
iter 28: gpu_time_cuda = 0.001708
iter 28: download_copy_time_cuda = 0.000349
iter 28: upload_copy_time_cuda = 0.000354
iter 28: per_iter_time_cuda = 0.010135

iter 29: cpu_time_pred = 0.006603
iter 29: gpu_time_pred = 0.001358
iter 29: slack_pred = 0.005245
iter 29: slack_cuda = 0.005050
iter 29: cpu_time_cuda = 0.006633
iter 29: gpu_time_cuda = 0.001582
iter 29: download_copy_time_cuda = 0.000336
iter 29: upload_copy_time_cuda = 0.000346
iter 29: per_iter_time_cuda = 0.009683

iter 30: cpu_time_pred = 0.006320
iter 30: gpu_time_pred = 0.001233
iter 30: slack_pred = 0.005087
iter 30: slack_cuda = 0.004829
iter 30: cpu_time_cuda = 0.006354
iter 30: gpu_time_cuda = 0.001525
iter 30: download_copy_time_cuda = 0.000328
iter 30: upload_copy_time_cuda = 0.000331
iter 30: per_iter_time_cuda = 0.009329

iter 31: cpu_time_pred = 0.006040
iter 31: gpu_time_pred = 0.001114
iter 31: slack_pred = 0.004926
iter 31: slack_cuda = 0.004768
iter 31: cpu_time_cuda = 0.006053
iter 31: gpu_time_cuda = 0.001286
iter 31: download_copy_time_cuda = 0.000305
iter 31: upload_copy_time_cuda = 0.000316
iter 31: per_iter_time_cuda = 0.008689

iter 32: cpu_time_pred = 0.005738
iter 32: gpu_time_pred = 0.001001
iter 32: slack_pred = 0.004737
iter 32: slack_cuda = 0.004587
iter 32: cpu_time_cuda = 0.005777
iter 32: gpu_time_cuda = 0.001190
iter 32: download_copy_time_cuda = 0.000296
iter 32: upload_copy_time_cuda = 0.000298
iter 32: per_iter_time_cuda = 0.008301

iter 33: cpu_time_pred = 0.005460
iter 33: gpu_time_pred = 0.000894
iter 33: slack_pred = 0.004566
iter 33: slack_cuda = 0.004360
iter 33: cpu_time_cuda = 0.005478
iter 33: gpu_time_cuda = 0.001118
iter 33: download_copy_time_cuda = 0.000282
iter 33: upload_copy_time_cuda = 0.000290
iter 33: per_iter_time_cuda = 0.007853

iter 34: cpu_time_pred = 0.005159
iter 34: gpu_time_pred = 0.000793
iter 34: slack_pred = 0.004366
iter 34: slack_cuda = 0.004197
iter 34: cpu_time_cuda = 0.005187
iter 34: gpu_time_cuda = 0.000990
iter 34: download_copy_time_cuda = 0.000265
iter 34: upload_copy_time_cuda = 0.000274
iter 34: per_iter_time_cuda = 0.007384

iter 35: cpu_time_pred = 0.004867
iter 35: gpu_time_pred = 0.000698
iter 35: slack_pred = 0.004169
iter 35: slack_cuda = 0.003993
iter 35: cpu_time_cuda = 0.004897
iter 35: gpu_time_cuda = 0.000904
iter 35: download_copy_time_cuda = 0.000251
iter 35: upload_copy_time_cuda = 0.000272
iter 35: per_iter_time_cuda = 0.006943

iter 36: cpu_time_pred = 0.004575
iter 36: gpu_time_pred = 0.000609
iter 36: slack_pred = 0.003966
iter 36: slack_cuda = 0.003763
iter 36: cpu_time_cuda = 0.004583
iter 36: gpu_time_cuda = 0.000820
iter 36: download_copy_time_cuda = 0.000243
iter 36: upload_copy_time_cuda = 0.000271
iter 36: per_iter_time_cuda = 0.006521

iter 37: cpu_time_pred = 0.004261
iter 37: gpu_time_pred = 0.000527
iter 37: slack_pred = 0.003734
iter 37: slack_cuda = 0.003612
iter 37: cpu_time_cuda = 0.004334
iter 37: gpu_time_cuda = 0.000723
iter 37: download_copy_time_cuda = 0.000228
iter 37: upload_copy_time_cuda = 0.000270
iter 37: per_iter_time_cuda = 0.006149

iter 38: cpu_time_pred = 0.004006
iter 38: gpu_time_pred = 0.000450
iter 38: slack_pred = 0.003556
iter 38: slack_cuda = 0.003322
iter 38: cpu_time_cuda = 0.003967
iter 38: gpu_time_cuda = 0.000645
iter 38: download_copy_time_cuda = 0.000209
iter 38: upload_copy_time_cuda = 0.000267
iter 38: per_iter_time_cuda = 0.005662

iter 39: cpu_time_pred = 0.003642
iter 39: gpu_time_pred = 0.000379
iter 39: slack_pred = 0.003263
iter 39: slack_cuda = 0.003139
iter 39: cpu_time_cuda = 0.003676
iter 39: gpu_time_cuda = 0.000537
iter 39: download_copy_time_cuda = 0.000198
iter 39: upload_copy_time_cuda = 0.000262
iter 39: per_iter_time_cuda = 0.005225

iter 40: cpu_time_pred = 0.003347
iter 40: gpu_time_pred = 0.000314
iter 40: slack_pred = 0.003033
iter 40: slack_cuda = 0.002875
iter 40: cpu_time_cuda = 0.003354
iter 40: gpu_time_cuda = 0.000478
iter 40: download_copy_time_cuda = 0.000184
iter 40: upload_copy_time_cuda = 0.000253
iter 40: per_iter_time_cuda = 0.004822

iter 41: cpu_time_pred = 0.003025
iter 41: gpu_time_pred = 0.000256
iter 41: slack_pred = 0.002769
iter 41: slack_cuda = 0.002646
iter 41: cpu_time_cuda = 0.003064
iter 41: gpu_time_cuda = 0.000419
iter 41: download_copy_time_cuda = 0.000175
iter 41: upload_copy_time_cuda = 0.000246
iter 41: per_iter_time_cuda = 0.004433

iter 42: cpu_time_pred = 0.002731
iter 42: gpu_time_pred = 0.000203
iter 42: slack_pred = 0.002528
iter 42: slack_cuda = 0.002440
iter 42: cpu_time_cuda = 0.002786
iter 42: gpu_time_cuda = 0.000346
iter 42: download_copy_time_cuda = 0.000158
iter 42: upload_copy_time_cuda = 0.000249
iter 42: per_iter_time_cuda = 0.004032

iter 43: cpu_time_pred = 0.002446
iter 43: gpu_time_pred = 0.000157
iter 43: slack_pred = 0.002290
iter 43: slack_cuda = 0.002235
iter 43: cpu_time_cuda = 0.002529
iter 43: gpu_time_cuda = 0.000294
iter 43: download_copy_time_cuda = 0.000144
iter 43: upload_copy_time_cuda = 0.000253
iter 43: per_iter_time_cuda = 0.003687

iter 44: cpu_time_pred = 0.002177
iter 44: gpu_time_pred = 0.000116
iter 44: slack_pred = 0.002061
iter 44: slack_cuda = 0.001975
iter 44: cpu_time_cuda = 0.002234
iter 44: gpu_time_cuda = 0.000258
iter 44: download_copy_time_cuda = 0.000129
iter 44: upload_copy_time_cuda = 0.000245
iter 44: per_iter_time_cuda = 0.003325

iter 45: cpu_time_pred = 0.001873
iter 45: gpu_time_pred = 0.000082
iter 45: slack_pred = 0.001792
iter 45: slack_cuda = 0.001769
iter 45: cpu_time_cuda = 0.001959
iter 45: gpu_time_cuda = 0.000190
iter 45: download_copy_time_cuda = 0.000125
iter 45: upload_copy_time_cuda = 0.000244
iter 45: per_iter_time_cuda = 0.002935

iter 46: cpu_time_pred = 0.001582
iter 46: gpu_time_pred = 0.000053
iter 46: slack_pred = 0.001529
iter 46: slack_cuda = 0.001499
iter 46: cpu_time_cuda = 0.001654
iter 46: gpu_time_cuda = 0.000155
iter 46: download_copy_time_cuda = 0.000105
iter 46: upload_copy_time_cuda = 0.000237
iter 46: per_iter_time_cuda = 0.002575

iter 47: cpu_time_pred = 0.001260
iter 47: gpu_time_pred = 0.000031
iter 47: slack_pred = 0.001229
iter 47: slack_cuda = 0.001291
iter 47: cpu_time_cuda = 0.001385
iter 47: gpu_time_cuda = 0.000094
iter 47: download_copy_time_cuda = 0.000089
iter 47: upload_copy_time_cuda = 0.000237
iter 47: per_iter_time_cuda = 0.002214

iter 48: cpu_time_pred = 0.000952
iter 48: gpu_time_pred = 0.000015
iter 48: slack_pred = 0.000937
iter 48: slack_cuda = 0.001039
iter 48: cpu_time_cuda = 0.001114
iter 48: gpu_time_cuda = 0.000075
iter 48: download_copy_time_cuda = 0.000079
iter 48: upload_copy_time_cuda = 0.000235
iter 48: per_iter_time_cuda = 0.001901

iter 49: cpu_time_pred = 0.000608
iter 49: gpu_time_pred = 0.000004
iter 49: slack_pred = 0.000603
iter 49: slack_cuda = 0.000776
iter 49: cpu_time_cuda = 0.000843
iter 49: gpu_time_cuda = 0.000067
iter 49: download_copy_time_cuda = 0.000079
iter 49: upload_copy_time_cuda = 0.000232
iter 49: per_iter_time_cuda = 0.001617

iter 50: cpu_time_pred = 0.000141
iter 50: gpu_time_pred = 0.000000
iter 50: slack_pred = 0.000140
iter 50: slack_cuda = 0.000555
iter 50: cpu_time_cuda = 0.000611
iter 50: gpu_time_cuda = 0.000057
iter 50: download_copy_time_cuda = 0.000076
iter 50: upload_copy_time_cuda = 0.000228
iter 50: per_iter_time_cuda = 0.001343

total_slack_overflow = 0.000000
total_cpu_time_cuda = 0.384998
total_gpu_time_cuda = 0.131687
total_copy_time_cuda = 0.041274
main_loop_time_cuda = 0.604467
Normalized difference of predicted CPU runtime per iteration is: -3.077204%
Normalized difference of predicted GPU runtime per iteration is: -21.288340%
Normalized difference of predicted slack per iteration is: 0.574112%
 5120  5120     ---   (  ---  )    129.95 (   0.69)     ---   
total_time = 1.639266
1.52user 0.46system 0:03.20elapsed 62%CPU (0avgtext+0avgdata 358480maxresident)k
3920inputs+0outputs (1major+71926minor)pagefaults 0swaps
send out message: 22 3 log
