send out message: 24 37 /home/lchen/MAGMA/magma-1.6.1/results
send out message: 20 26 MAGMA_LU_GPUDVFS.total.pwr
MAGMA 1.6.1  compiled for CUDA capability >= 3.0
CUDA runtime 5000, driver 6050. MAGMA not compiled with OpenMP. 
ndevices 1
device 0: Tesla K20c, 705.5 MHz clock, 4799.6 MB memory, capability 3.5
Usage: /home/lchen/MAGMA/magma-1.6.1/testing/testing_dgetrf [options] [-h|--help]

ngpu 1
    M     N   CPU GFlop/s (sec)   GPU GFlop/s (sec)   |PA-LU|/(N*|A|)
=========================================================================
init_time = 0.822121
iter 0: slack_cuda = 0.000000
iter 0: cpu_time_cuda = 0.000000
iter 0: gpu_time_cuda = 0.000000
iter 0: download_copy_time_cuda = 0.000000
iter 0: upload_copy_time_cuda = 0.000782
iter 0: per_iter_time_cuda = 0.001256

iter 1: slack_cuda = 0.005655
iter 1: cpu_time_cuda = 0.014928
iter 1: gpu_time_cuda = 0.009272
iter 1: download_copy_time_cuda = 0.000725
iter 1: upload_copy_time_cuda = 0.000748
iter 1: per_iter_time_cuda = 0.031849

iter 2: slack_cuda = 0.005627
iter 2: cpu_time_cuda = 0.014618
iter 2: gpu_time_cuda = 0.008991
iter 2: download_copy_time_cuda = 0.000701
iter 2: upload_copy_time_cuda = 0.000742
iter 2: per_iter_time_cuda = 0.036540

iter 3: slack_cuda = 0.005631
iter 3: cpu_time_cuda = 0.014184
iter 3: gpu_time_cuda = 0.008553
iter 3: download_copy_time_cuda = 0.000682
iter 3: upload_copy_time_cuda = 0.000724
iter 3: per_iter_time_cuda = 0.030285

iter 4: slack_cuda = 0.005680
iter 4: cpu_time_cuda = 0.014047
iter 4: gpu_time_cuda = 0.008367
iter 4: download_copy_time_cuda = 0.000667
iter 4: upload_copy_time_cuda = 0.000708
iter 4: per_iter_time_cuda = 0.029932

iter 5: slack_cuda = 0.005661
iter 5: cpu_time_cuda = 0.013713
iter 5: gpu_time_cuda = 0.008052
iter 5: download_copy_time_cuda = 0.000662
iter 5: upload_copy_time_cuda = 0.000697
iter 5: per_iter_time_cuda = 0.029236

iter 6: slack_cuda = 0.005606
iter 6: cpu_time_cuda = 0.013336
iter 6: gpu_time_cuda = 0.007729
iter 6: download_copy_time_cuda = 0.000645
iter 6: upload_copy_time_cuda = 0.000681
iter 6: per_iter_time_cuda = 0.032328

iter 7: slack_cuda = 0.005690
iter 7: cpu_time_cuda = 0.013039
iter 7: gpu_time_cuda = 0.007348
iter 7: download_copy_time_cuda = 0.000630
iter 7: upload_copy_time_cuda = 0.000662
iter 7: per_iter_time_cuda = 0.027703

iter 8: slack_cuda = 0.005631
iter 8: cpu_time_cuda = 0.012741
iter 8: gpu_time_cuda = 0.007110
iter 8: download_copy_time_cuda = 0.000613
iter 8: upload_copy_time_cuda = 0.000638
iter 8: per_iter_time_cuda = 0.027168

iter 9: slack_cuda = 0.005869
iter 9: cpu_time_cuda = 0.012548
iter 9: gpu_time_cuda = 0.006680
iter 9: download_copy_time_cuda = 0.000601
iter 9: upload_copy_time_cuda = 0.000633
iter 9: per_iter_time_cuda = 0.026553

iter 10: slack_cuda = 0.005825
iter 10: cpu_time_cuda = 0.012256
iter 10: gpu_time_cuda = 0.006430
iter 10: download_copy_time_cuda = 0.000592
iter 10: upload_copy_time_cuda = 0.000618
iter 10: per_iter_time_cuda = 0.029842

iter 11: slack_cuda = 0.005882
iter 11: cpu_time_cuda = 0.011955
iter 11: gpu_time_cuda = 0.006073
iter 11: download_copy_time_cuda = 0.000578
iter 11: upload_copy_time_cuda = 0.000606
iter 11: per_iter_time_cuda = 0.025307

iter 12: slack_cuda = 0.005684
iter 12: cpu_time_cuda = 0.011670
iter 12: gpu_time_cuda = 0.005986
iter 12: download_copy_time_cuda = 0.000558
iter 12: upload_copy_time_cuda = 0.000583
iter 12: per_iter_time_cuda = 0.024893

iter 13: slack_cuda = 0.005756
iter 13: cpu_time_cuda = 0.011403
iter 13: gpu_time_cuda = 0.005647
iter 13: download_copy_time_cuda = 0.000549
iter 13: upload_copy_time_cuda = 0.000576
iter 13: per_iter_time_cuda = 0.024228

iter 14: slack_cuda = 0.005483
iter 14: cpu_time_cuda = 0.010942
iter 14: gpu_time_cuda = 0.005459
iter 14: download_copy_time_cuda = 0.000543
iter 14: upload_copy_time_cuda = 0.000562
iter 14: per_iter_time_cuda = 0.028471

iter 15: slack_cuda = 0.005601
iter 15: cpu_time_cuda = 0.010653
iter 15: gpu_time_cuda = 0.005052
iter 15: download_copy_time_cuda = 0.000525
iter 15: upload_copy_time_cuda = 0.000553
iter 15: per_iter_time_cuda = 0.022797

iter 16: slack_cuda = 0.005650
iter 16: cpu_time_cuda = 0.010498
iter 16: gpu_time_cuda = 0.004847
iter 16: download_copy_time_cuda = 0.000505
iter 16: upload_copy_time_cuda = 0.000526
iter 16: per_iter_time_cuda = 0.022436

iter 17: slack_cuda = 0.005700
iter 17: cpu_time_cuda = 0.010298
iter 17: gpu_time_cuda = 0.004598
iter 17: download_copy_time_cuda = 0.000495
iter 17: upload_copy_time_cuda = 0.000519
iter 17: per_iter_time_cuda = 0.021935

iter 18: slack_cuda = 0.005502
iter 18: cpu_time_cuda = 0.009939
iter 18: gpu_time_cuda = 0.004438
iter 18: download_copy_time_cuda = 0.000484
iter 18: upload_copy_time_cuda = 0.000517
iter 18: per_iter_time_cuda = 0.021480

iter 19: slack_cuda = 0.005474
iter 19: cpu_time_cuda = 0.009623
iter 19: gpu_time_cuda = 0.004149
iter 19: download_copy_time_cuda = 0.000471
iter 19: upload_copy_time_cuda = 0.000492
iter 19: per_iter_time_cuda = 0.030615

iter 20: slack_cuda = 0.005384
iter 20: cpu_time_cuda = 0.009340
iter 20: gpu_time_cuda = 0.003957
iter 20: download_copy_time_cuda = 0.000452
iter 20: upload_copy_time_cuda = 0.000472
iter 20: per_iter_time_cuda = 0.020242

iter 21: slack_cuda = 0.005310
iter 21: cpu_time_cuda = 0.009043
iter 21: gpu_time_cuda = 0.003732
iter 21: download_copy_time_cuda = 0.000436
iter 21: upload_copy_time_cuda = 0.000465
iter 21: per_iter_time_cuda = 0.019780

iter 22: slack_cuda = 0.005294
iter 22: cpu_time_cuda = 0.008828
iter 22: gpu_time_cuda = 0.003534
iter 22: download_copy_time_cuda = 0.000429
iter 22: upload_copy_time_cuda = 0.000447
iter 22: per_iter_time_cuda = 0.019291

iter 23: slack_cuda = 0.005012
iter 23: cpu_time_cuda = 0.008429
iter 23: gpu_time_cuda = 0.003417
iter 23: download_copy_time_cuda = 0.000422
iter 23: upload_copy_time_cuda = 0.000436
iter 23: per_iter_time_cuda = 0.018742

iter 24: slack_cuda = 0.005069
iter 24: cpu_time_cuda = 0.008120
iter 24: gpu_time_cuda = 0.003051
iter 24: download_copy_time_cuda = 0.000407
iter 24: upload_copy_time_cuda = 0.000418
iter 24: per_iter_time_cuda = 0.027218

iter 25: slack_cuda = 0.005219
iter 25: cpu_time_cuda = 0.008102
iter 25: gpu_time_cuda = 0.002883
iter 25: download_copy_time_cuda = 0.000389
iter 25: upload_copy_time_cuda = 0.000407
iter 25: per_iter_time_cuda = 0.017957

iter 26: slack_cuda = 0.004755
iter 26: cpu_time_cuda = 0.007498
iter 26: gpu_time_cuda = 0.002744
iter 26: download_copy_time_cuda = 0.000369
iter 26: upload_copy_time_cuda = 0.000390
iter 26: per_iter_time_cuda = 0.017483

iter 27: slack_cuda = 0.004725
iter 27: cpu_time_cuda = 0.007244
iter 27: gpu_time_cuda = 0.002519
iter 27: download_copy_time_cuda = 0.000368
iter 27: upload_copy_time_cuda = 0.000378
iter 27: per_iter_time_cuda = 0.017012

iter 28: slack_cuda = 0.004618
iter 28: cpu_time_cuda = 0.006939
iter 28: gpu_time_cuda = 0.002320
iter 28: download_copy_time_cuda = 0.000351
iter 28: upload_copy_time_cuda = 0.000359
iter 28: per_iter_time_cuda = 0.016436

iter 29: slack_cuda = 0.004358
iter 29: cpu_time_cuda = 0.006631
iter 29: gpu_time_cuda = 0.002272
iter 29: download_copy_time_cuda = 0.000336
iter 29: upload_copy_time_cuda = 0.000353
iter 29: per_iter_time_cuda = 0.016066

iter 30: slack_cuda = 0.004101
iter 30: cpu_time_cuda = 0.006240
iter 30: gpu_time_cuda = 0.002140
iter 30: download_copy_time_cuda = 0.000322
iter 30: upload_copy_time_cuda = 0.000334
iter 30: per_iter_time_cuda = 0.016052

iter 31: slack_cuda = 0.004248
iter 31: cpu_time_cuda = 0.006142
iter 31: gpu_time_cuda = 0.001894
iter 31: download_copy_time_cuda = 0.000305
iter 31: upload_copy_time_cuda = 0.000321
iter 31: per_iter_time_cuda = 0.017619

iter 32: slack_cuda = 0.003997
iter 32: cpu_time_cuda = 0.005765
iter 32: gpu_time_cuda = 0.001767
iter 32: download_copy_time_cuda = 0.000299
iter 32: upload_copy_time_cuda = 0.000304
iter 32: per_iter_time_cuda = 0.014562

iter 33: slack_cuda = 0.003824
iter 33: cpu_time_cuda = 0.005491
iter 33: gpu_time_cuda = 0.001666
iter 33: download_copy_time_cuda = 0.000284
iter 33: upload_copy_time_cuda = 0.000289
iter 33: per_iter_time_cuda = 0.014199

iter 34: slack_cuda = 0.003724
iter 34: cpu_time_cuda = 0.005179
iter 34: gpu_time_cuda = 0.001454
iter 34: download_copy_time_cuda = 0.000267
iter 34: upload_copy_time_cuda = 0.000277
iter 34: per_iter_time_cuda = 0.013695

iter 35: slack_cuda = 0.003540
iter 35: cpu_time_cuda = 0.004917
iter 35: gpu_time_cuda = 0.001377
iter 35: download_copy_time_cuda = 0.000254
iter 35: upload_copy_time_cuda = 0.000286
iter 35: per_iter_time_cuda = 0.013374

iter 36: slack_cuda = 0.003343
iter 36: cpu_time_cuda = 0.004603
iter 36: gpu_time_cuda = 0.001260
iter 36: download_copy_time_cuda = 0.000245
iter 36: upload_copy_time_cuda = 0.000275
iter 36: per_iter_time_cuda = 0.012835

iter 37: slack_cuda = 0.003096
iter 37: cpu_time_cuda = 0.004269
iter 37: gpu_time_cuda = 0.001172
iter 37: download_copy_time_cuda = 0.000230
iter 37: upload_copy_time_cuda = 0.000282
iter 37: per_iter_time_cuda = 0.012435

iter 38: slack_cuda = 0.002852
iter 38: cpu_time_cuda = 0.003897
iter 38: gpu_time_cuda = 0.001045
iter 38: download_copy_time_cuda = 0.000214
iter 38: upload_copy_time_cuda = 0.000269
iter 38: per_iter_time_cuda = 0.012329

iter 39: slack_cuda = 0.002741
iter 39: cpu_time_cuda = 0.003648
iter 39: gpu_time_cuda = 0.000907
iter 39: download_copy_time_cuda = 0.000198
iter 39: upload_copy_time_cuda = 0.000267
iter 39: per_iter_time_cuda = 0.016725

iter 40: slack_cuda = 0.002519
iter 40: cpu_time_cuda = 0.003343
iter 40: gpu_time_cuda = 0.000824
iter 40: download_copy_time_cuda = 0.000186
iter 40: upload_copy_time_cuda = 0.000263
iter 40: per_iter_time_cuda = 0.011067

iter 41: slack_cuda = 0.002326
iter 41: cpu_time_cuda = 0.003047
iter 41: gpu_time_cuda = 0.000721
iter 41: download_copy_time_cuda = 0.000177
iter 41: upload_copy_time_cuda = 0.000267
iter 41: per_iter_time_cuda = 0.010876

iter 42: slack_cuda = 0.002153
iter 42: cpu_time_cuda = 0.002776
iter 42: gpu_time_cuda = 0.000623
iter 42: download_copy_time_cuda = 0.000162
iter 42: upload_copy_time_cuda = 0.000260
iter 42: per_iter_time_cuda = 0.010278

iter 43: slack_cuda = 0.001994
iter 43: cpu_time_cuda = 0.002533
iter 43: gpu_time_cuda = 0.000539
iter 43: download_copy_time_cuda = 0.000145
iter 43: upload_copy_time_cuda = 0.000255
iter 43: per_iter_time_cuda = 0.009895

iter 44: slack_cuda = 0.001756
iter 44: cpu_time_cuda = 0.002240
iter 44: gpu_time_cuda = 0.000484
iter 44: download_copy_time_cuda = 0.000131
iter 44: upload_copy_time_cuda = 0.000255
iter 44: per_iter_time_cuda = 0.009526

iter 45: slack_cuda = 0.001519
iter 45: cpu_time_cuda = 0.001936
iter 45: gpu_time_cuda = 0.000416
iter 45: download_copy_time_cuda = 0.000127
iter 45: upload_copy_time_cuda = 0.000249
iter 45: per_iter_time_cuda = 0.009140

iter 46: slack_cuda = 0.001253
iter 46: cpu_time_cuda = 0.001612
iter 46: gpu_time_cuda = 0.000358
iter 46: download_copy_time_cuda = 0.000108
iter 46: upload_copy_time_cuda = 0.000245
iter 46: per_iter_time_cuda = 0.008780

iter 47: slack_cuda = 0.001092
iter 47: cpu_time_cuda = 0.001364
iter 47: gpu_time_cuda = 0.000272
iter 47: download_copy_time_cuda = 0.000091
iter 47: upload_copy_time_cuda = 0.000245
iter 47: per_iter_time_cuda = 0.008350

iter 48: slack_cuda = 0.000582
iter 48: cpu_time_cuda = 0.000836
iter 48: gpu_time_cuda = 0.000255
iter 48: download_copy_time_cuda = 0.000083
iter 48: upload_copy_time_cuda = 0.000579
iter 48: per_iter_time_cuda = 0.008229

iter 49: slack_cuda = 0.000368
iter 49: cpu_time_cuda = 0.000594
iter 49: gpu_time_cuda = 0.000225
iter 49: download_copy_time_cuda = 0.000076
iter 49: upload_copy_time_cuda = 0.000243
iter 49: per_iter_time_cuda = 0.008138

iter 50: slack_cuda = 0.000169
iter 50: cpu_time_cuda = 0.000374
iter 50: gpu_time_cuda = 0.000204
iter 50: download_copy_time_cuda = 0.000068
iter 50: upload_copy_time_cuda = 0.000237
iter 50: per_iter_time_cuda = 0.016092

total_slack_overflow = 0.000000
total_cpu_time_cuda = 0.383367
total_gpu_time_cuda = 0.174815
total_copy_time_cuda = 0.041847
main_loop_time_cuda = 0.973203
Normalized difference of predicted CPU runtime per iteration is: 0.000000%
Normalized difference of predicted GPU runtime per iteration is: 0.000000%
Normalized difference of predicted slack per iteration is: 0.000000%
 5120  5120     ---   (  ---  )     84.57 (   1.06)     ---   
total_time = 2.013646
1.57user 0.68system 0:03.68elapsed 61%CPU (0avgtext+0avgdata 358512maxresident)k
3920inputs+0outputs (1major+71933minor)pagefaults 0swaps
send out message: 22 3 log
