send out message: 24 37 /home/lchen/MAGMA/magma-1.6.1/results
send out message: 20 26 MAGMA_LU_GPUDVFS.total.pwr
MAGMA 1.6.1  compiled for CUDA capability >= 3.0
CUDA runtime 5000, driver 6050. MAGMA not compiled with OpenMP. 
ndevices 1
device 0: Tesla K20c, 705.5 MHz clock, 4799.6 MB memory, capability 3.5
Usage: /home/lchen/MAGMA/magma-1.6.1/testing/testing_dgetrf [options] [-h|--help]

ngpu 1
    M     N   CPU GFlop/s (sec)   GPU GFlop/s (sec)   |PA-LU|/(N*|A|)
=========================================================================
init_time = 0.821969
iter 0: slack_cuda = 0.000000
iter 0: cpu_time_cuda = 0.000000
iter 0: gpu_time_cuda = 0.000000
iter 0: download_copy_time_cuda = 0.000000
iter 0: upload_copy_time_cuda = 0.000785
iter 0: per_iter_time_cuda = 0.001258

iter 1: slack_cuda = 0.006790
iter 1: cpu_time_cuda = 0.014957
iter 1: gpu_time_cuda = 0.008167
iter 1: download_copy_time_cuda = 0.000726
iter 1: upload_copy_time_cuda = 0.000775
iter 1: per_iter_time_cuda = 0.025093

iter 2: slack_cuda = 0.006829
iter 2: cpu_time_cuda = 0.014661
iter 2: gpu_time_cuda = 0.007831
iter 2: download_copy_time_cuda = 0.000700
iter 2: upload_copy_time_cuda = 0.000737
iter 2: per_iter_time_cuda = 0.024401

iter 3: slack_cuda = 0.006756
iter 3: cpu_time_cuda = 0.014390
iter 3: gpu_time_cuda = 0.007635
iter 3: download_copy_time_cuda = 0.000679
iter 3: upload_copy_time_cuda = 0.000722
iter 3: per_iter_time_cuda = 0.023876

iter 4: slack_cuda = 0.006707
iter 4: cpu_time_cuda = 0.014094
iter 4: gpu_time_cuda = 0.007387
iter 4: download_copy_time_cuda = 0.000665
iter 4: upload_copy_time_cuda = 0.000705
iter 4: per_iter_time_cuda = 0.023322

iter 5: slack_cuda = 0.006811
iter 5: cpu_time_cuda = 0.013868
iter 5: gpu_time_cuda = 0.007057
iter 5: download_copy_time_cuda = 0.000660
iter 5: upload_copy_time_cuda = 0.000700
iter 5: per_iter_time_cuda = 0.022732

iter 6: slack_cuda = 0.006811
iter 6: cpu_time_cuda = 0.013538
iter 6: gpu_time_cuda = 0.006727
iter 6: download_copy_time_cuda = 0.000647
iter 6: upload_copy_time_cuda = 0.000684
iter 6: per_iter_time_cuda = 0.022061

iter 7: slack_cuda = 0.006754
iter 7: cpu_time_cuda = 0.013271
iter 7: gpu_time_cuda = 0.006518
iter 7: download_copy_time_cuda = 0.000629
iter 7: upload_copy_time_cuda = 0.000669
iter 7: per_iter_time_cuda = 0.021532

iter 8: slack_cuda = 0.006652
iter 8: cpu_time_cuda = 0.012916
iter 8: gpu_time_cuda = 0.006263
iter 8: download_copy_time_cuda = 0.000612
iter 8: upload_copy_time_cuda = 0.000645
iter 8: per_iter_time_cuda = 0.020897

iter 9: slack_cuda = 0.006658
iter 9: cpu_time_cuda = 0.012646
iter 9: gpu_time_cuda = 0.005988
iter 9: download_copy_time_cuda = 0.000612
iter 9: upload_copy_time_cuda = 0.000639
iter 9: per_iter_time_cuda = 0.020322

iter 10: slack_cuda = 0.006526
iter 10: cpu_time_cuda = 0.012292
iter 10: gpu_time_cuda = 0.005767
iter 10: download_copy_time_cuda = 0.000591
iter 10: upload_copy_time_cuda = 0.000621
iter 10: per_iter_time_cuda = 0.019715

iter 11: slack_cuda = 0.006626
iter 11: cpu_time_cuda = 0.011977
iter 11: gpu_time_cuda = 0.005351
iter 11: download_copy_time_cuda = 0.000574
iter 11: upload_copy_time_cuda = 0.000607
iter 11: per_iter_time_cuda = 0.018923

iter 12: slack_cuda = 0.006547
iter 12: cpu_time_cuda = 0.011788
iter 12: gpu_time_cuda = 0.005242
iter 12: download_copy_time_cuda = 0.000556
iter 12: upload_copy_time_cuda = 0.000588
iter 12: per_iter_time_cuda = 0.018604

iter 13: slack_cuda = 0.006370
iter 13: cpu_time_cuda = 0.011421
iter 13: gpu_time_cuda = 0.005051
iter 13: download_copy_time_cuda = 0.000547
iter 13: upload_copy_time_cuda = 0.000581
iter 13: per_iter_time_cuda = 0.018013

iter 14: slack_cuda = 0.006172
iter 14: cpu_time_cuda = 0.010998
iter 14: gpu_time_cuda = 0.004825
iter 14: download_copy_time_cuda = 0.000540
iter 14: upload_copy_time_cuda = 0.000565
iter 14: per_iter_time_cuda = 0.017356

iter 15: slack_cuda = 0.006296
iter 15: cpu_time_cuda = 0.010812
iter 15: gpu_time_cuda = 0.004516
iter 15: download_copy_time_cuda = 0.000523
iter 15: upload_copy_time_cuda = 0.000553
iter 15: per_iter_time_cuda = 0.016815

iter 16: slack_cuda = 0.006103
iter 16: cpu_time_cuda = 0.010526
iter 16: gpu_time_cuda = 0.004423
iter 16: download_copy_time_cuda = 0.000505
iter 16: upload_copy_time_cuda = 0.000533
iter 16: per_iter_time_cuda = 0.016415

iter 17: slack_cuda = 0.006148
iter 17: cpu_time_cuda = 0.010235
iter 17: gpu_time_cuda = 0.004087
iter 17: download_copy_time_cuda = 0.000492
iter 17: upload_copy_time_cuda = 0.000523
iter 17: per_iter_time_cuda = 0.015705

iter 18: slack_cuda = 0.006111
iter 18: cpu_time_cuda = 0.009945
iter 18: gpu_time_cuda = 0.003834
iter 18: download_copy_time_cuda = 0.000486
iter 18: upload_copy_time_cuda = 0.000509
iter 18: per_iter_time_cuda = 0.015164

iter 19: slack_cuda = 0.006003
iter 19: cpu_time_cuda = 0.009654
iter 19: gpu_time_cuda = 0.003651
iter 19: download_copy_time_cuda = 0.000470
iter 19: upload_copy_time_cuda = 0.000493
iter 19: per_iter_time_cuda = 0.014635

iter 20: slack_cuda = 0.005813
iter 20: cpu_time_cuda = 0.009340
iter 20: gpu_time_cuda = 0.003527
iter 20: download_copy_time_cuda = 0.000453
iter 20: upload_copy_time_cuda = 0.000475
iter 20: per_iter_time_cuda = 0.014175

iter 21: slack_cuda = 0.005667
iter 21: cpu_time_cuda = 0.008978
iter 21: gpu_time_cuda = 0.003311
iter 21: download_copy_time_cuda = 0.000440
iter 21: upload_copy_time_cuda = 0.000463
iter 21: per_iter_time_cuda = 0.013562

iter 22: slack_cuda = 0.005643
iter 22: cpu_time_cuda = 0.008736
iter 22: gpu_time_cuda = 0.003093
iter 22: download_copy_time_cuda = 0.000426
iter 22: upload_copy_time_cuda = 0.000450
iter 22: per_iter_time_cuda = 0.013087

iter 23: slack_cuda = 0.005419
iter 23: cpu_time_cuda = 0.008483
iter 23: gpu_time_cuda = 0.003064
iter 23: download_copy_time_cuda = 0.000421
iter 23: upload_copy_time_cuda = 0.000436
iter 23: per_iter_time_cuda = 0.012764

iter 24: slack_cuda = 0.005410
iter 24: cpu_time_cuda = 0.008122
iter 24: gpu_time_cuda = 0.002712
iter 24: download_copy_time_cuda = 0.000400
iter 24: upload_copy_time_cuda = 0.000417
iter 24: per_iter_time_cuda = 0.012027

iter 25: slack_cuda = 0.005190
iter 25: cpu_time_cuda = 0.007830
iter 25: gpu_time_cuda = 0.002640
iter 25: download_copy_time_cuda = 0.000386
iter 25: upload_copy_time_cuda = 0.000410
iter 25: per_iter_time_cuda = 0.011632

iter 26: slack_cuda = 0.005044
iter 26: cpu_time_cuda = 0.007601
iter 26: gpu_time_cuda = 0.002557
iter 26: download_copy_time_cuda = 0.000370
iter 26: upload_copy_time_cuda = 0.000392
iter 26: per_iter_time_cuda = 0.011282

iter 27: slack_cuda = 0.005077
iter 27: cpu_time_cuda = 0.007281
iter 27: gpu_time_cuda = 0.002204
iter 27: download_copy_time_cuda = 0.000366
iter 27: upload_copy_time_cuda = 0.000376
iter 27: per_iter_time_cuda = 0.010564

iter 28: slack_cuda = 0.004842
iter 28: cpu_time_cuda = 0.007016
iter 28: gpu_time_cuda = 0.002175
iter 28: download_copy_time_cuda = 0.000347
iter 28: upload_copy_time_cuda = 0.000356
iter 28: per_iter_time_cuda = 0.010249

iter 29: slack_cuda = 0.004710
iter 29: cpu_time_cuda = 0.006725
iter 29: gpu_time_cuda = 0.002015
iter 29: download_copy_time_cuda = 0.000335
iter 29: upload_copy_time_cuda = 0.000350
iter 29: per_iter_time_cuda = 0.009767

iter 30: slack_cuda = 0.004450
iter 30: cpu_time_cuda = 0.006360
iter 30: gpu_time_cuda = 0.001911
iter 30: download_copy_time_cuda = 0.000322
iter 30: upload_copy_time_cuda = 0.000336
iter 30: per_iter_time_cuda = 0.009282

iter 31: slack_cuda = 0.004286
iter 31: cpu_time_cuda = 0.006024
iter 31: gpu_time_cuda = 0.001739
iter 31: download_copy_time_cuda = 0.000306
iter 31: upload_copy_time_cuda = 0.000317
iter 31: per_iter_time_cuda = 0.008717

iter 32: slack_cuda = 0.004193
iter 32: cpu_time_cuda = 0.005774
iter 32: gpu_time_cuda = 0.001581
iter 32: download_copy_time_cuda = 0.000296
iter 32: upload_copy_time_cuda = 0.000304
iter 32: per_iter_time_cuda = 0.008292

iter 33: slack_cuda = 0.004104
iter 33: cpu_time_cuda = 0.005567
iter 33: gpu_time_cuda = 0.001463
iter 33: download_copy_time_cuda = 0.000281
iter 33: upload_copy_time_cuda = 0.000290
iter 33: per_iter_time_cuda = 0.007918

iter 34: slack_cuda = 0.003899
iter 34: cpu_time_cuda = 0.005214
iter 34: gpu_time_cuda = 0.001315
iter 34: download_copy_time_cuda = 0.000265
iter 34: upload_copy_time_cuda = 0.000275
iter 34: per_iter_time_cuda = 0.007366

iter 35: slack_cuda = 0.003690
iter 35: cpu_time_cuda = 0.004925
iter 35: gpu_time_cuda = 0.001235
iter 35: download_copy_time_cuda = 0.000250
iter 35: upload_copy_time_cuda = 0.000260
iter 35: per_iter_time_cuda = 0.006953

iter 36: slack_cuda = 0.003475
iter 36: cpu_time_cuda = 0.004620
iter 36: gpu_time_cuda = 0.001145
iter 36: download_copy_time_cuda = 0.000232
iter 36: upload_copy_time_cuda = 0.000267
iter 36: per_iter_time_cuda = 0.006553

iter 37: slack_cuda = 0.003305
iter 37: cpu_time_cuda = 0.004298
iter 37: gpu_time_cuda = 0.000994
iter 37: download_copy_time_cuda = 0.000229
iter 37: upload_copy_time_cuda = 0.000270
iter 37: per_iter_time_cuda = 0.006079

iter 38: slack_cuda = 0.003052
iter 38: cpu_time_cuda = 0.003985
iter 38: gpu_time_cuda = 0.000933
iter 38: download_copy_time_cuda = 0.000212
iter 38: upload_copy_time_cuda = 0.000268
iter 38: per_iter_time_cuda = 0.005693

iter 39: slack_cuda = 0.002877
iter 39: cpu_time_cuda = 0.003694
iter 39: gpu_time_cuda = 0.000816
iter 39: download_copy_time_cuda = 0.000197
iter 39: upload_copy_time_cuda = 0.000254
iter 39: per_iter_time_cuda = 0.005246

iter 40: slack_cuda = 0.002682
iter 40: cpu_time_cuda = 0.003396
iter 40: gpu_time_cuda = 0.000714
iter 40: download_copy_time_cuda = 0.000192
iter 40: upload_copy_time_cuda = 0.000252
iter 40: per_iter_time_cuda = 0.004841

iter 41: slack_cuda = 0.002458
iter 41: cpu_time_cuda = 0.003086
iter 41: gpu_time_cuda = 0.000629
iter 41: download_copy_time_cuda = 0.000174
iter 41: upload_copy_time_cuda = 0.000250
iter 41: per_iter_time_cuda = 0.004417

iter 42: slack_cuda = 0.002244
iter 42: cpu_time_cuda = 0.002810
iter 42: gpu_time_cuda = 0.000566
iter 42: download_copy_time_cuda = 0.000158
iter 42: upload_copy_time_cuda = 0.000252
iter 42: per_iter_time_cuda = 0.004073

iter 43: slack_cuda = 0.002059
iter 43: cpu_time_cuda = 0.002540
iter 43: gpu_time_cuda = 0.000481
iter 43: download_copy_time_cuda = 0.000143
iter 43: upload_copy_time_cuda = 0.000251
iter 43: per_iter_time_cuda = 0.003674

iter 44: slack_cuda = 0.001819
iter 44: cpu_time_cuda = 0.002251
iter 44: gpu_time_cuda = 0.000432
iter 44: download_copy_time_cuda = 0.000129
iter 44: upload_copy_time_cuda = 0.000253
iter 44: per_iter_time_cuda = 0.003325

iter 45: slack_cuda = 0.001591
iter 45: cpu_time_cuda = 0.001965
iter 45: gpu_time_cuda = 0.000374
iter 45: download_copy_time_cuda = 0.000124
iter 45: upload_copy_time_cuda = 0.000248
iter 45: per_iter_time_cuda = 0.002971

iter 46: slack_cuda = 0.001327
iter 46: cpu_time_cuda = 0.001667
iter 46: gpu_time_cuda = 0.000339
iter 46: download_copy_time_cuda = 0.000104
iter 46: upload_copy_time_cuda = 0.000236
iter 46: per_iter_time_cuda = 0.002601

iter 47: slack_cuda = 0.001144
iter 47: cpu_time_cuda = 0.001395
iter 47: gpu_time_cuda = 0.000251
iter 47: download_copy_time_cuda = 0.000089
iter 47: upload_copy_time_cuda = 0.000236
iter 47: per_iter_time_cuda = 0.002226

iter 48: slack_cuda = 0.000910
iter 48: cpu_time_cuda = 0.001130
iter 48: gpu_time_cuda = 0.000220
iter 48: download_copy_time_cuda = 0.000080
iter 48: upload_copy_time_cuda = 0.000233
iter 48: per_iter_time_cuda = 0.001917

iter 49: slack_cuda = 0.000657
iter 49: cpu_time_cuda = 0.000856
iter 49: gpu_time_cuda = 0.000199
iter 49: download_copy_time_cuda = 0.000077
iter 49: upload_copy_time_cuda = 0.000234
iter 49: per_iter_time_cuda = 0.001618

iter 50: slack_cuda = 0.000453
iter 50: cpu_time_cuda = 0.000636
iter 50: gpu_time_cuda = 0.000184
iter 50: download_copy_time_cuda = 0.000067
iter 50: upload_copy_time_cuda = 0.000227
iter 50: per_iter_time_cuda = 0.001343

total_slack_overflow = 0.000000
total_cpu_time_cuda = 0.386294
total_gpu_time_cuda = 0.155137
total_copy_time_cuda = 0.041355
main_loop_time_cuda = 0.604841
Normalized difference of predicted CPU runtime per iteration is: 0.000000%
Normalized difference of predicted GPU runtime per iteration is: 0.000000%
Normalized difference of predicted slack per iteration is: 0.000000%
 5120  5120     ---   (  ---  )    129.72 (   0.69)     ---   
total_time = 1.644896
1.51user 0.49system 0:03.29elapsed 60%CPU (0avgtext+0avgdata 358516maxresident)k
3920inputs+0outputs (1major+71935minor)pagefaults 0swaps
send out message: 22 3 log
