send out message: 24 37 /home/lchen/MAGMA/magma-1.6.1/results
send out message: 20 26 MAGMA_LU_GPUDVFS.total.pwr
MAGMA 1.6.1  compiled for CUDA capability >= 3.0
CUDA runtime 5000, driver 6050. MAGMA not compiled with OpenMP. 
ndevices 1
device 0: Tesla K20c, 705.5 MHz clock, 4799.6 MB memory, capability 3.5
Usage: /home/lchen/MAGMA/magma-1.6.1/testing/testing_dgetrf [options] [-h|--help]

ngpu 1
    M     N   CPU GFlop/s (sec)   GPU GFlop/s (sec)   |PA-LU|/(N*|A|)
=========================================================================
init_time = 0.817572
iter 0: slack_cuda = 0.000000
iter 0: cpu_time_cuda = 0.000000
iter 0: gpu_time_cuda = 0.000000
iter 0: download_copy_time_cuda = 0.000000
iter 0: upload_copy_time_cuda = 0.000774
iter 0: per_iter_time_cuda = 0.001241

iter 1: cpu_time_pred = 0.000000
iter 1: gpu_time_pred = 0.000000
iter 1: slack_pred = 0.000000
iter 1: slack_cuda = 0.007635
iter 1: cpu_time_cuda = 0.014982
iter 1: gpu_time_cuda = 0.007347
iter 1: download_copy_time_cuda = 0.000726
iter 1: upload_copy_time_cuda = 0.000747
iter 1: per_iter_time_cuda = 0.025118

iter 2: cpu_time_pred = 0.014678
iter 2: gpu_time_pred = 0.007052
iter 2: slack_pred = 0.007626
iter 2: slack_cuda = 0.007566
iter 2: cpu_time_cuda = 0.014653
iter 2: gpu_time_cuda = 0.007087
iter 2: download_copy_time_cuda = 0.000705
iter 2: upload_copy_time_cuda = 0.000731
iter 2: per_iter_time_cuda = 0.024519

iter 3: cpu_time_pred = 0.014349
iter 3: gpu_time_pred = 0.006762
iter 3: slack_pred = 0.007587
iter 3: slack_cuda = 0.007683
iter 3: cpu_time_cuda = 0.014391
iter 3: gpu_time_cuda = 0.006708
iter 3: download_copy_time_cuda = 0.000680
iter 3: upload_copy_time_cuda = 0.000718
iter 3: per_iter_time_cuda = 0.023782

iter 4: cpu_time_pred = 0.014086
iter 4: gpu_time_pred = 0.006479
iter 4: slack_pred = 0.007607
iter 4: slack_cuda = 0.007519
iter 4: cpu_time_cuda = 0.014038
iter 4: gpu_time_cuda = 0.006519
iter 4: download_copy_time_cuda = 0.000665
iter 4: upload_copy_time_cuda = 0.000696
iter 4: per_iter_time_cuda = 0.023238

iter 5: cpu_time_pred = 0.013734
iter 5: gpu_time_pred = 0.006201
iter 5: slack_pred = 0.007533
iter 5: slack_cuda = 0.007524
iter 5: cpu_time_cuda = 0.013802
iter 5: gpu_time_cuda = 0.006278
iter 5: download_copy_time_cuda = 0.000662
iter 5: upload_copy_time_cuda = 0.000690
iter 5: per_iter_time_cuda = 0.022695

iter 6: cpu_time_pred = 0.013497
iter 6: gpu_time_pred = 0.005930
iter 6: slack_pred = 0.007567
iter 6: slack_cuda = 0.007526
iter 6: cpu_time_cuda = 0.013549
iter 6: gpu_time_cuda = 0.006023
iter 6: download_copy_time_cuda = 0.000646
iter 6: upload_copy_time_cuda = 0.000676
iter 6: per_iter_time_cuda = 0.022191

iter 7: cpu_time_pred = 0.013242
iter 7: gpu_time_pred = 0.005665
iter 7: slack_pred = 0.007578
iter 7: slack_cuda = 0.007440
iter 7: cpu_time_cuda = 0.013208
iter 7: gpu_time_cuda = 0.005768
iter 7: download_copy_time_cuda = 0.000631
iter 7: upload_copy_time_cuda = 0.000661
iter 7: per_iter_time_cuda = 0.021497

iter 8: cpu_time_pred = 0.012903
iter 8: gpu_time_pred = 0.005405
iter 8: slack_pred = 0.007497
iter 8: slack_cuda = 0.007447
iter 8: cpu_time_cuda = 0.013002
iter 8: gpu_time_cuda = 0.005555
iter 8: download_copy_time_cuda = 0.000611
iter 8: upload_copy_time_cuda = 0.000640
iter 8: per_iter_time_cuda = 0.021077

iter 9: cpu_time_pred = 0.012694
iter 9: gpu_time_pred = 0.005152
iter 9: slack_pred = 0.007542
iter 9: slack_cuda = 0.007384
iter 9: cpu_time_cuda = 0.012604
iter 9: gpu_time_cuda = 0.005220
iter 9: download_copy_time_cuda = 0.000605
iter 9: upload_copy_time_cuda = 0.000633
iter 9: per_iter_time_cuda = 0.020257

iter 10: cpu_time_pred = 0.012298
iter 10: gpu_time_pred = 0.004905
iter 10: slack_pred = 0.007393
iter 10: slack_cuda = 0.007275
iter 10: cpu_time_cuda = 0.012283
iter 10: gpu_time_cuda = 0.005008
iter 10: download_copy_time_cuda = 0.000594
iter 10: upload_copy_time_cuda = 0.000617
iter 10: per_iter_time_cuda = 0.019692

iter 11: cpu_time_pred = 0.011977
iter 11: gpu_time_pred = 0.004664
iter 11: slack_pred = 0.007313
iter 11: slack_cuda = 0.007229
iter 11: cpu_time_cuda = 0.011968
iter 11: gpu_time_cuda = 0.004739
iter 11: download_copy_time_cuda = 0.000576
iter 11: upload_copy_time_cuda = 0.000607
iter 11: per_iter_time_cuda = 0.019001

iter 12: cpu_time_pred = 0.011663
iter 12: gpu_time_pred = 0.004429
iter 12: slack_pred = 0.007233
iter 12: slack_cuda = 0.007143
iter 12: cpu_time_cuda = 0.011706
iter 12: gpu_time_cuda = 0.004563
iter 12: download_copy_time_cuda = 0.000558
iter 12: upload_copy_time_cuda = 0.000583
iter 12: per_iter_time_cuda = 0.018574

iter 13: cpu_time_pred = 0.011400
iter 13: gpu_time_pred = 0.004200
iter 13: slack_pred = 0.007200
iter 13: slack_cuda = 0.007069
iter 13: cpu_time_cuda = 0.011424
iter 13: gpu_time_cuda = 0.004355
iter 13: download_copy_time_cuda = 0.000547
iter 13: upload_copy_time_cuda = 0.000577
iter 13: per_iter_time_cuda = 0.018024

iter 14: cpu_time_pred = 0.011117
iter 14: gpu_time_pred = 0.003978
iter 14: slack_pred = 0.007140
iter 14: slack_cuda = 0.006942
iter 14: cpu_time_cuda = 0.011091
iter 14: gpu_time_cuda = 0.004149
iter 14: download_copy_time_cuda = 0.000543
iter 14: upload_copy_time_cuda = 0.000560
iter 14: per_iter_time_cuda = 0.017473

iter 15: cpu_time_pred = 0.010784
iter 15: gpu_time_pred = 0.003761
iter 15: slack_pred = 0.007023
iter 15: slack_cuda = 0.006879
iter 15: cpu_time_cuda = 0.010757
iter 15: gpu_time_cuda = 0.003878
iter 15: download_copy_time_cuda = 0.000523
iter 15: upload_copy_time_cuda = 0.000549
iter 15: per_iter_time_cuda = 0.016741

iter 16: cpu_time_pred = 0.010451
iter 16: gpu_time_pred = 0.003550
iter 16: slack_pred = 0.006901
iter 16: slack_cuda = 0.006892
iter 16: cpu_time_cuda = 0.010603
iter 16: gpu_time_cuda = 0.003711
iter 16: download_copy_time_cuda = 0.000507
iter 16: upload_copy_time_cuda = 0.000525
iter 16: per_iter_time_cuda = 0.016418

iter 17: cpu_time_pred = 0.010293
iter 17: gpu_time_pred = 0.003346
iter 17: slack_pred = 0.006947
iter 17: slack_cuda = 0.006742
iter 17: cpu_time_cuda = 0.010233
iter 17: gpu_time_cuda = 0.003490
iter 17: download_copy_time_cuda = 0.000492
iter 17: upload_copy_time_cuda = 0.000519
iter 17: per_iter_time_cuda = 0.015718

iter 18: cpu_time_pred = 0.009925
iter 18: gpu_time_pred = 0.003147
iter 18: slack_pred = 0.006778
iter 18: slack_cuda = 0.006674
iter 18: cpu_time_cuda = 0.009995
iter 18: gpu_time_cuda = 0.003321
iter 18: download_copy_time_cuda = 0.000490
iter 18: upload_copy_time_cuda = 0.000504
iter 18: per_iter_time_cuda = 0.015308

iter 19: cpu_time_pred = 0.009684
iter 19: gpu_time_pred = 0.002955
iter 19: slack_pred = 0.006730
iter 19: slack_cuda = 0.006521
iter 19: cpu_time_cuda = 0.009641
iter 19: gpu_time_cuda = 0.003120
iter 19: download_copy_time_cuda = 0.000474
iter 19: upload_copy_time_cuda = 0.000488
iter 19: per_iter_time_cuda = 0.014670

iter 20: cpu_time_pred = 0.009332
iter 20: gpu_time_pred = 0.002768
iter 20: slack_pred = 0.006563
iter 20: slack_cuda = 0.006253
iter 20: cpu_time_cuda = 0.009336
iter 20: gpu_time_cuda = 0.003083
iter 20: download_copy_time_cuda = 0.000454
iter 20: upload_copy_time_cuda = 0.000470
iter 20: per_iter_time_cuda = 0.014312

iter 21: cpu_time_pred = 0.009027
iter 21: gpu_time_pred = 0.002588
iter 21: slack_pred = 0.006439
iter 21: slack_cuda = 0.006276
iter 21: cpu_time_cuda = 0.009089
iter 21: gpu_time_cuda = 0.002812
iter 21: download_copy_time_cuda = 0.000441
iter 21: upload_copy_time_cuda = 0.000470
iter 21: per_iter_time_cuda = 0.013742

iter 22: cpu_time_pred = 0.008777
iter 22: gpu_time_pred = 0.002414
iter 22: slack_pred = 0.006364
iter 22: slack_cuda = 0.006089
iter 22: cpu_time_cuda = 0.008704
iter 22: gpu_time_cuda = 0.002615
iter 22: download_copy_time_cuda = 0.000433
iter 22: upload_copy_time_cuda = 0.000448
iter 22: per_iter_time_cuda = 0.013138

iter 23: cpu_time_pred = 0.008396
iter 23: gpu_time_pred = 0.002246
iter 23: slack_pred = 0.006150
iter 23: slack_cuda = 0.006015
iter 23: cpu_time_cuda = 0.008432
iter 23: gpu_time_cuda = 0.002418
iter 23: download_copy_time_cuda = 0.000420
iter 23: upload_copy_time_cuda = 0.000433
iter 23: per_iter_time_cuda = 0.012600

iter 24: cpu_time_pred = 0.008122
iter 24: gpu_time_pred = 0.002084
iter 24: slack_pred = 0.006039
iter 24: slack_cuda = 0.005858
iter 24: cpu_time_cuda = 0.008121
iter 24: gpu_time_cuda = 0.002264
iter 24: download_copy_time_cuda = 0.000402
iter 24: upload_copy_time_cuda = 0.000414
iter 24: per_iter_time_cuda = 0.012097

iter 25: cpu_time_pred = 0.007811
iter 25: gpu_time_pred = 0.001928
iter 25: slack_pred = 0.005884
iter 25: slack_cuda = 0.005750
iter 25: cpu_time_cuda = 0.007887
iter 25: gpu_time_cuda = 0.002137
iter 25: download_copy_time_cuda = 0.000388
iter 25: upload_copy_time_cuda = 0.000404
iter 25: per_iter_time_cuda = 0.011696

iter 26: cpu_time_pred = 0.007574
iter 26: gpu_time_pred = 0.001778
iter 26: slack_pred = 0.005796
iter 26: slack_cuda = 0.005506
iter 26: cpu_time_cuda = 0.007516
iter 26: gpu_time_cuda = 0.002010
iter 26: download_copy_time_cuda = 0.000372
iter 26: upload_copy_time_cuda = 0.000394
iter 26: per_iter_time_cuda = 0.011155

iter 27: cpu_time_pred = 0.007206
iter 27: gpu_time_pred = 0.001634
iter 27: slack_pred = 0.005572
iter 27: slack_cuda = 0.005443
iter 27: cpu_time_cuda = 0.007318
iter 27: gpu_time_cuda = 0.001875
iter 27: download_copy_time_cuda = 0.000366
iter 27: upload_copy_time_cuda = 0.000376
iter 27: per_iter_time_cuda = 0.010750

iter 28: cpu_time_pred = 0.007002
iter 28: gpu_time_pred = 0.001496
iter 28: slack_pred = 0.005506
iter 28: slack_cuda = 0.005253
iter 28: cpu_time_cuda = 0.006964
iter 28: gpu_time_cuda = 0.001711
iter 28: download_copy_time_cuda = 0.000351
iter 28: upload_copy_time_cuda = 0.000355
iter 28: per_iter_time_cuda = 0.010210

iter 29: cpu_time_pred = 0.006650
iter 29: gpu_time_pred = 0.001364
iter 29: slack_pred = 0.005286
iter 29: slack_cuda = 0.005083
iter 29: cpu_time_cuda = 0.006672
iter 29: gpu_time_cuda = 0.001589
iter 29: download_copy_time_cuda = 0.000338
iter 29: upload_copy_time_cuda = 0.000348
iter 29: per_iter_time_cuda = 0.009732

iter 30: cpu_time_pred = 0.006357
iter 30: gpu_time_pred = 0.001239
iter 30: slack_pred = 0.005118
iter 30: slack_cuda = 0.004858
iter 30: cpu_time_cuda = 0.006366
iter 30: gpu_time_cuda = 0.001508
iter 30: download_copy_time_cuda = 0.000323
iter 30: upload_copy_time_cuda = 0.000333
iter 30: per_iter_time_cuda = 0.009320

iter 31: cpu_time_pred = 0.006051
iter 31: gpu_time_pred = 0.001119
iter 31: slack_pred = 0.004932
iter 31: slack_cuda = 0.004771
iter 31: cpu_time_cuda = 0.006085
iter 31: gpu_time_cuda = 0.001314
iter 31: download_copy_time_cuda = 0.000306
iter 31: upload_copy_time_cuda = 0.000318
iter 31: per_iter_time_cuda = 0.008748

iter 32: cpu_time_pred = 0.005768
iter 32: gpu_time_pred = 0.001005
iter 32: slack_pred = 0.004763
iter 32: slack_cuda = 0.004560
iter 32: cpu_time_cuda = 0.005745
iter 32: gpu_time_cuda = 0.001185
iter 32: download_copy_time_cuda = 0.000296
iter 32: upload_copy_time_cuda = 0.000302
iter 32: per_iter_time_cuda = 0.008295

iter 33: cpu_time_pred = 0.005429
iter 33: gpu_time_pred = 0.000898
iter 33: slack_pred = 0.004531
iter 33: slack_cuda = 0.004425
iter 33: cpu_time_cuda = 0.005516
iter 33: gpu_time_cuda = 0.001091
iter 33: download_copy_time_cuda = 0.000286
iter 33: upload_copy_time_cuda = 0.000288
iter 33: per_iter_time_cuda = 0.007881

iter 34: cpu_time_pred = 0.005195
iter 34: gpu_time_pred = 0.000797
iter 34: slack_pred = 0.004399
iter 34: slack_cuda = 0.004266
iter 34: cpu_time_cuda = 0.005273
iter 34: gpu_time_cuda = 0.001007
iter 34: download_copy_time_cuda = 0.000267
iter 34: upload_copy_time_cuda = 0.000273
iter 34: per_iter_time_cuda = 0.007478

iter 35: cpu_time_pred = 0.004947
iter 35: gpu_time_pred = 0.000701
iter 35: slack_pred = 0.004246
iter 35: slack_cuda = 0.004010
iter 35: cpu_time_cuda = 0.004915
iter 35: gpu_time_cuda = 0.000904
iter 35: download_copy_time_cuda = 0.000251
iter 35: upload_copy_time_cuda = 0.000274
iter 35: per_iter_time_cuda = 0.006977

iter 36: cpu_time_pred = 0.004591
iter 36: gpu_time_pred = 0.000612
iter 36: slack_pred = 0.003979
iter 36: slack_cuda = 0.003797
iter 36: cpu_time_cuda = 0.004628
iter 36: gpu_time_cuda = 0.000831
iter 36: download_copy_time_cuda = 0.000243
iter 36: upload_copy_time_cuda = 0.000256
iter 36: per_iter_time_cuda = 0.006579

iter 37: cpu_time_pred = 0.004302
iter 37: gpu_time_pred = 0.000529
iter 37: slack_pred = 0.003773
iter 37: slack_cuda = 0.003574
iter 37: cpu_time_cuda = 0.004298
iter 37: gpu_time_cuda = 0.000724
iter 37: download_copy_time_cuda = 0.000227
iter 37: upload_copy_time_cuda = 0.000268
iter 37: per_iter_time_cuda = 0.006104

iter 38: cpu_time_pred = 0.003972
iter 38: gpu_time_pred = 0.000452
iter 38: slack_pred = 0.003520
iter 38: slack_cuda = 0.003342
iter 38: cpu_time_cuda = 0.003986
iter 38: gpu_time_cuda = 0.000644
iter 38: download_copy_time_cuda = 0.000213
iter 38: upload_copy_time_cuda = 0.000267
iter 38: per_iter_time_cuda = 0.005688

iter 39: cpu_time_pred = 0.003659
iter 39: gpu_time_pred = 0.000381
iter 39: slack_pred = 0.003278
iter 39: slack_cuda = 0.003215
iter 39: cpu_time_cuda = 0.003751
iter 39: gpu_time_cuda = 0.000537
iter 39: download_copy_time_cuda = 0.000198
iter 39: upload_copy_time_cuda = 0.000270
iter 39: per_iter_time_cuda = 0.005328

iter 40: cpu_time_pred = 0.003416
iter 40: gpu_time_pred = 0.000316
iter 40: slack_pred = 0.003101
iter 40: slack_cuda = 0.002902
iter 40: cpu_time_cuda = 0.003381
iter 40: gpu_time_cuda = 0.000479
iter 40: download_copy_time_cuda = 0.000185
iter 40: upload_copy_time_cuda = 0.000254
iter 40: per_iter_time_cuda = 0.004857

iter 41: cpu_time_pred = 0.003050
iter 41: gpu_time_pred = 0.000257
iter 41: slack_pred = 0.002793
iter 41: slack_cuda = 0.002673
iter 41: cpu_time_cuda = 0.003092
iter 41: gpu_time_cuda = 0.000418
iter 41: download_copy_time_cuda = 0.000175
iter 41: upload_copy_time_cuda = 0.000265
iter 41: per_iter_time_cuda = 0.004484

iter 42: cpu_time_pred = 0.002756
iter 42: gpu_time_pred = 0.000204
iter 42: slack_pred = 0.002552
iter 42: slack_cuda = 0.002467
iter 42: cpu_time_cuda = 0.002813
iter 42: gpu_time_cuda = 0.000346
iter 42: download_copy_time_cuda = 0.000164
iter 42: upload_copy_time_cuda = 0.000258
iter 42: per_iter_time_cuda = 0.004080

iter 43: cpu_time_pred = 0.002470
iter 43: gpu_time_pred = 0.000157
iter 43: slack_pred = 0.002313
iter 43: slack_cuda = 0.002264
iter 43: cpu_time_cuda = 0.002552
iter 43: gpu_time_cuda = 0.000288
iter 43: download_copy_time_cuda = 0.000143
iter 43: upload_copy_time_cuda = 0.000252
iter 43: per_iter_time_cuda = 0.003709

iter 44: cpu_time_pred = 0.002197
iter 44: gpu_time_pred = 0.000117
iter 44: slack_pred = 0.002081
iter 44: slack_cuda = 0.001992
iter 44: cpu_time_cuda = 0.002249
iter 44: gpu_time_cuda = 0.000257
iter 44: download_copy_time_cuda = 0.000130
iter 44: upload_copy_time_cuda = 0.000259
iter 44: per_iter_time_cuda = 0.003347

iter 45: cpu_time_pred = 0.001887
iter 45: gpu_time_pred = 0.000082
iter 45: slack_pred = 0.001804
iter 45: slack_cuda = 0.001778
iter 45: cpu_time_cuda = 0.001968
iter 45: gpu_time_cuda = 0.000190
iter 45: download_copy_time_cuda = 0.000124
iter 45: upload_copy_time_cuda = 0.000246
iter 45: per_iter_time_cuda = 0.002968

iter 46: cpu_time_pred = 0.001590
iter 46: gpu_time_pred = 0.000054
iter 46: slack_pred = 0.001536
iter 46: slack_cuda = 0.001495
iter 46: cpu_time_cuda = 0.001667
iter 46: gpu_time_cuda = 0.000172
iter 46: download_copy_time_cuda = 0.000107
iter 46: upload_copy_time_cuda = 0.000238
iter 46: per_iter_time_cuda = 0.002620

iter 47: cpu_time_pred = 0.001270
iter 47: gpu_time_pred = 0.000031
iter 47: slack_pred = 0.001239
iter 47: slack_cuda = 0.001302
iter 47: cpu_time_cuda = 0.001397
iter 47: gpu_time_cuda = 0.000095
iter 47: download_copy_time_cuda = 0.000089
iter 47: upload_copy_time_cuda = 0.000240
iter 47: per_iter_time_cuda = 0.002228

iter 48: cpu_time_pred = 0.000960
iter 48: gpu_time_pred = 0.000015
iter 48: slack_pred = 0.000946
iter 48: slack_cuda = 0.001054
iter 48: cpu_time_cuda = 0.001127
iter 48: gpu_time_cuda = 0.000073
iter 48: download_copy_time_cuda = 0.000082
iter 48: upload_copy_time_cuda = 0.000236
iter 48: per_iter_time_cuda = 0.001923

iter 49: cpu_time_pred = 0.000615
iter 49: gpu_time_pred = 0.000004
iter 49: slack_pred = 0.000610
iter 49: slack_cuda = 0.000784
iter 49: cpu_time_cuda = 0.000851
iter 49: gpu_time_cuda = 0.000067
iter 49: download_copy_time_cuda = 0.000078
iter 49: upload_copy_time_cuda = 0.000236
iter 49: per_iter_time_cuda = 0.001624

iter 50: cpu_time_pred = 0.000142
iter 50: gpu_time_pred = 0.000000
iter 50: slack_pred = 0.000142
iter 50: slack_cuda = 0.000564
iter 50: cpu_time_cuda = 0.000622
iter 50: gpu_time_cuda = 0.000058
iter 50: download_copy_time_cuda = 0.000068
iter 50: upload_copy_time_cuda = 0.000236
iter 50: per_iter_time_cuda = 0.001348

total_slack_overflow = 0.000000
total_cpu_time_cuda = 0.386250
total_gpu_time_cuda = 0.131541
total_copy_time_cuda = 0.041328
main_loop_time_cuda = 0.606034
Normalized difference of predicted CPU runtime per iteration is: -3.098048%
Normalized difference of predicted GPU runtime per iteration is: -20.960177%
Normalized difference of predicted slack per iteration is: 0.333978%
 5120  5120     ---   (  ---  )    129.66 (   0.69)     ---   
total_time = 1.641481
1.53user 0.45system 0:03.20elapsed 62%CPU (0avgtext+0avgdata 358512maxresident)k
0inputs+0outputs (0major+71935minor)pagefaults 0swaps
send out message: 22 3 log
