send out message: 24 37 /home/lchen/MAGMA/magma-1.6.1/results
send out message: 20 26 MAGMA_LU_GPUDVFS.total.pwr
MAGMA 1.6.1  compiled for CUDA capability >= 3.0
CUDA runtime 5000, driver 6050. MAGMA not compiled with OpenMP. 
ndevices 1
device 0: Tesla K20c, 705.5 MHz clock, 4799.6 MB memory, capability 3.5
Usage: /home/lchen/MAGMA/magma-1.6.1/testing/testing_dgetrf [options] [-h|--help]

ngpu 1
    M     N   CPU GFlop/s (sec)   GPU GFlop/s (sec)   |PA-LU|/(N*|A|)
=========================================================================
init_time = 3.291496
iter 0: slack_cuda = 0.000000
iter 0: cpu_time_cuda = 0.000000
iter 0: gpu_time_cuda = 0.000000
iter 0: download_copy_time_cuda = 0.000000
iter 0: upload_copy_time_cuda = 0.001511
iter 0: per_iter_time_cuda = 0.002264

iter 1: slack_cuda = -0.146581
iter 1: cpu_time_cuda = 0.029884
iter 1: gpu_time_cuda = 0.176465
iter 1: download_copy_time_cuda = 0.001433
iter 1: upload_copy_time_cuda = 0.005273
iter 1: per_iter_time_cuda = 0.215939

iter 2: slack_cuda = -0.142810
iter 2: cpu_time_cuda = 0.029522
iter 2: gpu_time_cuda = 0.172331
iter 2: download_copy_time_cuda = 0.003659
iter 2: upload_copy_time_cuda = 0.005185
iter 2: per_iter_time_cuda = 0.213913

iter 3: slack_cuda = -0.120843
iter 3: cpu_time_cuda = 0.029230
iter 3: gpu_time_cuda = 0.150073
iter 3: download_copy_time_cuda = 0.003616
iter 3: upload_copy_time_cuda = 0.005178
iter 3: per_iter_time_cuda = 0.190921

iter 4: slack_cuda = -0.137842
iter 4: cpu_time_cuda = 0.028962
iter 4: gpu_time_cuda = 0.166804
iter 4: download_copy_time_cuda = 0.003515
iter 4: upload_copy_time_cuda = 0.005032
iter 4: per_iter_time_cuda = 0.207524

iter 5: slack_cuda = -0.133695
iter 5: cpu_time_cuda = 0.029206
iter 5: gpu_time_cuda = 0.162901
iter 5: download_copy_time_cuda = 0.003541
iter 5: upload_copy_time_cuda = 0.005433
iter 5: per_iter_time_cuda = 0.203907

iter 6: slack_cuda = -0.002350
iter 6: cpu_time_cuda = 0.028482
iter 6: gpu_time_cuda = 0.030832
iter 6: download_copy_time_cuda = 0.003835
iter 6: upload_copy_time_cuda = 0.001636
iter 6: per_iter_time_cuda = 0.065529

iter 7: slack_cuda = -0.005127
iter 7: cpu_time_cuda = 0.028369
iter 7: gpu_time_cuda = 0.033496
iter 7: download_copy_time_cuda = 0.001548
iter 7: upload_copy_time_cuda = 0.005381
iter 7: per_iter_time_cuda = 0.071516

iter 8: slack_cuda = -0.125239
iter 8: cpu_time_cuda = 0.028134
iter 8: gpu_time_cuda = 0.153373
iter 8: download_copy_time_cuda = 0.003669
iter 8: upload_copy_time_cuda = 0.005172
iter 8: per_iter_time_cuda = 0.193436

iter 9: slack_cuda = -0.121832
iter 9: cpu_time_cuda = 0.027871
iter 9: gpu_time_cuda = 0.149703
iter 9: download_copy_time_cuda = 0.003714
iter 9: upload_copy_time_cuda = 0.005264
iter 9: per_iter_time_cuda = 0.189203

iter 10: slack_cuda = -0.118638
iter 10: cpu_time_cuda = 0.027567
iter 10: gpu_time_cuda = 0.146205
iter 10: download_copy_time_cuda = 0.003700
iter 10: upload_copy_time_cuda = 0.005215
iter 10: per_iter_time_cuda = 0.185742

iter 11: slack_cuda = -0.099976
iter 11: cpu_time_cuda = 0.027288
iter 11: gpu_time_cuda = 0.127264
iter 11: download_copy_time_cuda = 0.003668
iter 11: upload_copy_time_cuda = 0.005195
iter 11: per_iter_time_cuda = 0.166037

iter 12: slack_cuda = -0.122490
iter 12: cpu_time_cuda = 0.026945
iter 12: gpu_time_cuda = 0.149435
iter 12: download_copy_time_cuda = 0.003566
iter 12: upload_copy_time_cuda = 0.005050
iter 12: per_iter_time_cuda = 0.187980

iter 13: slack_cuda = -0.042115
iter 13: cpu_time_cuda = 0.026514
iter 13: gpu_time_cuda = 0.068629
iter 13: download_copy_time_cuda = 0.003555
iter 13: upload_copy_time_cuda = 0.001541
iter 13: per_iter_time_cuda = 0.100918

iter 14: slack_cuda = -0.005998
iter 14: cpu_time_cuda = 0.026183
iter 14: gpu_time_cuda = 0.032180
iter 14: download_copy_time_cuda = 0.001471
iter 14: upload_copy_time_cuda = 0.001577
iter 14: per_iter_time_cuda = 0.062215

iter 15: slack_cuda = -0.010915
iter 15: cpu_time_cuda = 0.025863
iter 15: gpu_time_cuda = 0.036778
iter 15: download_copy_time_cuda = 0.001459
iter 15: upload_copy_time_cuda = 0.001529
iter 15: per_iter_time_cuda = 0.066364

iter 16: slack_cuda = -0.008638
iter 16: cpu_time_cuda = 0.025445
iter 16: gpu_time_cuda = 0.034083
iter 16: download_copy_time_cuda = 0.001408
iter 16: upload_copy_time_cuda = 0.001498
iter 16: per_iter_time_cuda = 0.063219

iter 17: slack_cuda = -0.008684
iter 17: cpu_time_cuda = 0.025230
iter 17: gpu_time_cuda = 0.033914
iter 17: download_copy_time_cuda = 0.001414
iter 17: upload_copy_time_cuda = 0.001607
iter 17: per_iter_time_cuda = 0.062883

iter 18: slack_cuda = -0.007048
iter 18: cpu_time_cuda = 0.024855
iter 18: gpu_time_cuda = 0.031903
iter 18: download_copy_time_cuda = 0.001872
iter 18: upload_copy_time_cuda = 0.001462
iter 18: per_iter_time_cuda = 0.060782

iter 19: slack_cuda = -0.005639
iter 19: cpu_time_cuda = 0.024582
iter 19: gpu_time_cuda = 0.030221
iter 19: download_copy_time_cuda = 0.001368
iter 19: upload_copy_time_cuda = 0.001441
iter 19: per_iter_time_cuda = 0.058254

iter 20: slack_cuda = -0.005989
iter 20: cpu_time_cuda = 0.024495
iter 20: gpu_time_cuda = 0.030483
iter 20: download_copy_time_cuda = 0.001361
iter 20: upload_copy_time_cuda = 0.001422
iter 20: per_iter_time_cuda = 0.058440

iter 21: slack_cuda = -0.006140
iter 21: cpu_time_cuda = 0.024218
iter 21: gpu_time_cuda = 0.030357
iter 21: download_copy_time_cuda = 0.001337
iter 21: upload_copy_time_cuda = 0.001441
iter 21: per_iter_time_cuda = 0.057996

iter 22: slack_cuda = -0.006465
iter 22: cpu_time_cuda = 0.023696
iter 22: gpu_time_cuda = 0.030161
iter 22: download_copy_time_cuda = 0.001334
iter 22: upload_copy_time_cuda = 0.001404
iter 22: per_iter_time_cuda = 0.057277

iter 23: slack_cuda = -0.005792
iter 23: cpu_time_cuda = 0.023458
iter 23: gpu_time_cuda = 0.029250
iter 23: download_copy_time_cuda = 0.001301
iter 23: upload_copy_time_cuda = 0.001381
iter 23: per_iter_time_cuda = 0.056008

iter 24: slack_cuda = -0.006102
iter 24: cpu_time_cuda = 0.023270
iter 24: gpu_time_cuda = 0.029372
iter 24: download_copy_time_cuda = 0.001302
iter 24: upload_copy_time_cuda = 0.001365
iter 24: per_iter_time_cuda = 0.055975

iter 25: slack_cuda = -0.006192
iter 25: cpu_time_cuda = 0.023029
iter 25: gpu_time_cuda = 0.029221
iter 25: download_copy_time_cuda = 0.001308
iter 25: upload_copy_time_cuda = 0.001376
iter 25: per_iter_time_cuda = 0.055533

iter 26: slack_cuda = -0.006406
iter 26: cpu_time_cuda = 0.022592
iter 26: gpu_time_cuda = 0.028998
iter 26: download_copy_time_cuda = 0.001289
iter 26: upload_copy_time_cuda = 0.001344
iter 26: per_iter_time_cuda = 0.054900

iter 27: slack_cuda = -0.005900
iter 27: cpu_time_cuda = 0.022273
iter 27: gpu_time_cuda = 0.028173
iter 27: download_copy_time_cuda = 0.001272
iter 27: upload_copy_time_cuda = 0.001337
iter 27: per_iter_time_cuda = 0.053659

iter 28: slack_cuda = -0.006188
iter 28: cpu_time_cuda = 0.022061
iter 28: gpu_time_cuda = 0.028249
iter 28: download_copy_time_cuda = 0.001255
iter 28: upload_copy_time_cuda = 0.001322
iter 28: per_iter_time_cuda = 0.053531

iter 29: slack_cuda = -0.006308
iter 29: cpu_time_cuda = 0.021937
iter 29: gpu_time_cuda = 0.028245
iter 29: download_copy_time_cuda = 0.001259
iter 29: upload_copy_time_cuda = 0.001296
iter 29: per_iter_time_cuda = 0.053333

iter 30: slack_cuda = -0.006451
iter 30: cpu_time_cuda = 0.021549
iter 30: gpu_time_cuda = 0.028000
iter 30: download_copy_time_cuda = 0.001218
iter 30: upload_copy_time_cuda = 0.001289
iter 30: per_iter_time_cuda = 0.052707

iter 31: slack_cuda = -0.005912
iter 31: cpu_time_cuda = 0.021158
iter 31: gpu_time_cuda = 0.027070
iter 31: download_copy_time_cuda = 0.001222
iter 31: upload_copy_time_cuda = 0.001268
iter 31: per_iter_time_cuda = 0.051304

iter 32: slack_cuda = -0.006257
iter 32: cpu_time_cuda = 0.020856
iter 32: gpu_time_cuda = 0.027113
iter 32: download_copy_time_cuda = 0.001172
iter 32: upload_copy_time_cuda = 0.001262
iter 32: per_iter_time_cuda = 0.051024

iter 33: slack_cuda = -0.006396
iter 33: cpu_time_cuda = 0.020551
iter 33: gpu_time_cuda = 0.026948
iter 33: download_copy_time_cuda = 0.001183
iter 33: upload_copy_time_cuda = 0.001251
iter 33: per_iter_time_cuda = 0.050507

iter 34: slack_cuda = -0.006509
iter 34: cpu_time_cuda = 0.020292
iter 34: gpu_time_cuda = 0.026801
iter 34: download_copy_time_cuda = 0.001175
iter 34: upload_copy_time_cuda = 0.001259
iter 34: per_iter_time_cuda = 0.050132

iter 35: slack_cuda = -0.005821
iter 35: cpu_time_cuda = 0.020261
iter 35: gpu_time_cuda = 0.026082
iter 35: download_copy_time_cuda = 0.001169
iter 35: upload_copy_time_cuda = 0.001218
iter 35: per_iter_time_cuda = 0.049292

iter 36: slack_cuda = -0.006421
iter 36: cpu_time_cuda = 0.019875
iter 36: gpu_time_cuda = 0.026296
iter 36: download_copy_time_cuda = 0.001152
iter 36: upload_copy_time_cuda = 0.001180
iter 36: per_iter_time_cuda = 0.049106

iter 37: slack_cuda = -0.015944
iter 37: cpu_time_cuda = 0.019617
iter 37: gpu_time_cuda = 0.035561
iter 37: download_copy_time_cuda = 0.001116
iter 37: upload_copy_time_cuda = 0.001185
iter 37: per_iter_time_cuda = 0.058043

iter 38: slack_cuda = -0.006394
iter 38: cpu_time_cuda = 0.019372
iter 38: gpu_time_cuda = 0.025766
iter 38: download_copy_time_cuda = 0.001154
iter 38: upload_copy_time_cuda = 0.001162
iter 38: per_iter_time_cuda = 0.048046

iter 39: slack_cuda = -0.012342
iter 39: cpu_time_cuda = 0.019055
iter 39: gpu_time_cuda = 0.031397
iter 39: download_copy_time_cuda = 0.001094
iter 39: upload_copy_time_cuda = 0.001166
iter 39: per_iter_time_cuda = 0.053262

iter 40: slack_cuda = -0.006490
iter 40: cpu_time_cuda = 0.018662
iter 40: gpu_time_cuda = 0.025153
iter 40: download_copy_time_cuda = 0.001102
iter 40: upload_copy_time_cuda = 0.001128
iter 40: per_iter_time_cuda = 0.046631

iter 41: slack_cuda = -0.006381
iter 41: cpu_time_cuda = 0.018472
iter 41: gpu_time_cuda = 0.024853
iter 41: download_copy_time_cuda = 0.001073
iter 41: upload_copy_time_cuda = 0.001135
iter 41: per_iter_time_cuda = 0.046072

iter 42: slack_cuda = -0.006380
iter 42: cpu_time_cuda = 0.018184
iter 42: gpu_time_cuda = 0.024563
iter 42: download_copy_time_cuda = 0.001094
iter 42: upload_copy_time_cuda = 0.001112
iter 42: per_iter_time_cuda = 0.045534

iter 43: slack_cuda = -0.006104
iter 43: cpu_time_cuda = 0.017763
iter 43: gpu_time_cuda = 0.023867
iter 43: download_copy_time_cuda = 0.001068
iter 43: upload_copy_time_cuda = 0.001091
iter 43: per_iter_time_cuda = 0.044314

iter 44: slack_cuda = -0.009689
iter 44: cpu_time_cuda = 0.017645
iter 44: gpu_time_cuda = 0.027334
iter 44: download_copy_time_cuda = 0.001037
iter 44: upload_copy_time_cuda = 0.001095
iter 44: per_iter_time_cuda = 0.047667

iter 45: slack_cuda = -0.006424
iter 45: cpu_time_cuda = 0.017369
iter 45: gpu_time_cuda = 0.023793
iter 45: download_copy_time_cuda = 0.001014
iter 45: upload_copy_time_cuda = 0.001088
iter 45: per_iter_time_cuda = 0.043788

iter 46: slack_cuda = -0.006576
iter 46: cpu_time_cuda = 0.016934
iter 46: gpu_time_cuda = 0.023510
iter 46: download_copy_time_cuda = 0.001022
iter 46: upload_copy_time_cuda = 0.001068
iter 46: per_iter_time_cuda = 0.043097

iter 47: slack_cuda = -0.006407
iter 47: cpu_time_cuda = 0.016510
iter 47: gpu_time_cuda = 0.022917
iter 47: download_copy_time_cuda = 0.000981
iter 47: upload_copy_time_cuda = 0.001049
iter 47: per_iter_time_cuda = 0.041972

iter 48: slack_cuda = -0.006684
iter 48: cpu_time_cuda = 0.016335
iter 48: gpu_time_cuda = 0.023019
iter 48: download_copy_time_cuda = 0.000958
iter 48: upload_copy_time_cuda = 0.001005
iter 48: per_iter_time_cuda = 0.041848

iter 49: slack_cuda = -0.006570
iter 49: cpu_time_cuda = 0.016042
iter 49: gpu_time_cuda = 0.022612
iter 49: download_copy_time_cuda = 0.000976
iter 49: upload_copy_time_cuda = 0.001016
iter 49: per_iter_time_cuda = 0.041150

iter 50: slack_cuda = -0.006572
iter 50: cpu_time_cuda = 0.015727
iter 50: gpu_time_cuda = 0.022299
iter 50: download_copy_time_cuda = 0.000943
iter 50: upload_copy_time_cuda = 0.001007
iter 50: per_iter_time_cuda = 0.040508

iter 51: slack_cuda = -0.006559
iter 51: cpu_time_cuda = 0.015425
iter 51: gpu_time_cuda = 0.021984
iter 51: download_copy_time_cuda = 0.000934
iter 51: upload_copy_time_cuda = 0.001021
iter 51: per_iter_time_cuda = 0.039845

iter 52: slack_cuda = -0.010062
iter 52: cpu_time_cuda = 0.015048
iter 52: gpu_time_cuda = 0.025110
iter 52: download_copy_time_cuda = 0.001008
iter 52: upload_copy_time_cuda = 0.000950
iter 52: per_iter_time_cuda = 0.042632

iter 53: slack_cuda = -0.006748
iter 53: cpu_time_cuda = 0.014776
iter 53: gpu_time_cuda = 0.021524
iter 53: download_copy_time_cuda = 0.000903
iter 53: upload_copy_time_cuda = 0.000939
iter 53: per_iter_time_cuda = 0.038619

iter 54: slack_cuda = -0.006722
iter 54: cpu_time_cuda = 0.014535
iter 54: gpu_time_cuda = 0.021257
iter 54: download_copy_time_cuda = 0.000883
iter 54: upload_copy_time_cuda = 0.000945
iter 54: per_iter_time_cuda = 0.038117

iter 55: slack_cuda = -0.008465
iter 55: cpu_time_cuda = 0.014229
iter 55: gpu_time_cuda = 0.022694
iter 55: download_copy_time_cuda = 0.000872
iter 55: upload_copy_time_cuda = 0.000913
iter 55: per_iter_time_cuda = 0.039171

iter 56: slack_cuda = -0.006729
iter 56: cpu_time_cuda = 0.013895
iter 56: gpu_time_cuda = 0.020624
iter 56: download_copy_time_cuda = 0.000850
iter 56: upload_copy_time_cuda = 0.000900
iter 56: per_iter_time_cuda = 0.036765

iter 57: slack_cuda = -0.006583
iter 57: cpu_time_cuda = 0.013740
iter 57: gpu_time_cuda = 0.020323
iter 57: download_copy_time_cuda = 0.000847
iter 57: upload_copy_time_cuda = 0.000914
iter 57: per_iter_time_cuda = 0.036279

iter 58: slack_cuda = -0.013348
iter 58: cpu_time_cuda = 0.013330
iter 58: gpu_time_cuda = 0.026679
iter 58: download_copy_time_cuda = 0.000835
iter 58: upload_copy_time_cuda = 0.000930
iter 58: per_iter_time_cuda = 0.042267

iter 59: slack_cuda = -0.006472
iter 59: cpu_time_cuda = 0.013041
iter 59: gpu_time_cuda = 0.019513
iter 59: download_copy_time_cuda = 0.000837
iter 59: upload_copy_time_cuda = 0.000916
iter 59: per_iter_time_cuda = 0.034757

iter 60: slack_cuda = -0.006543
iter 60: cpu_time_cuda = 0.012937
iter 60: gpu_time_cuda = 0.019480
iter 60: download_copy_time_cuda = 0.000817
iter 60: upload_copy_time_cuda = 0.000894
iter 60: per_iter_time_cuda = 0.034609

iter 61: slack_cuda = -0.006930
iter 61: cpu_time_cuda = 0.012442
iter 61: gpu_time_cuda = 0.019373
iter 61: download_copy_time_cuda = 0.000810
iter 61: upload_copy_time_cuda = 0.000906
iter 61: per_iter_time_cuda = 0.033990

iter 62: slack_cuda = -0.006890
iter 62: cpu_time_cuda = 0.012113
iter 62: gpu_time_cuda = 0.019003
iter 62: download_copy_time_cuda = 0.000785
iter 62: upload_copy_time_cuda = 0.000884
iter 62: per_iter_time_cuda = 0.033251

iter 63: slack_cuda = -0.006442
iter 63: cpu_time_cuda = 0.011938
iter 63: gpu_time_cuda = 0.018380
iter 63: download_copy_time_cuda = 0.000765
iter 63: upload_copy_time_cuda = 0.000908
iter 63: per_iter_time_cuda = 0.032428

iter 64: slack_cuda = -0.006799
iter 64: cpu_time_cuda = 0.011702
iter 64: gpu_time_cuda = 0.018501
iter 64: download_copy_time_cuda = 0.000764
iter 64: upload_copy_time_cuda = 0.000580
iter 64: per_iter_time_cuda = 0.032002

iter 65: slack_cuda = -0.014471
iter 65: cpu_time_cuda = 0.011364
iter 65: gpu_time_cuda = 0.025835
iter 65: download_copy_time_cuda = 0.000739
iter 65: upload_copy_time_cuda = 0.000575
iter 65: per_iter_time_cuda = 0.038935

iter 66: slack_cuda = -0.006836
iter 66: cpu_time_cuda = 0.011083
iter 66: gpu_time_cuda = 0.017919
iter 66: download_copy_time_cuda = 0.000728
iter 66: upload_copy_time_cuda = 0.000560
iter 66: per_iter_time_cuda = 0.030745

iter 67: slack_cuda = -0.006836
iter 67: cpu_time_cuda = 0.010746
iter 67: gpu_time_cuda = 0.017582
iter 67: download_copy_time_cuda = 0.000746
iter 67: upload_copy_time_cuda = 0.000549
iter 67: per_iter_time_cuda = 0.030036

iter 68: slack_cuda = -0.007263
iter 68: cpu_time_cuda = 0.010160
iter 68: gpu_time_cuda = 0.017423
iter 68: download_copy_time_cuda = 0.000737
iter 68: upload_copy_time_cuda = 0.000529
iter 68: per_iter_time_cuda = 0.029859

iter 69: slack_cuda = -0.006938
iter 69: cpu_time_cuda = 0.010081
iter 69: gpu_time_cuda = 0.017019
iter 69: download_copy_time_cuda = 0.000676
iter 69: upload_copy_time_cuda = 0.000515
iter 69: per_iter_time_cuda = 0.028709

iter 70: slack_cuda = -0.007193
iter 70: cpu_time_cuda = 0.009741
iter 70: gpu_time_cuda = 0.016934
iter 70: download_copy_time_cuda = 0.000779
iter 70: upload_copy_time_cuda = 0.000504
iter 70: per_iter_time_cuda = 0.028817

iter 71: slack_cuda = -0.006744
iter 71: cpu_time_cuda = 0.009624
iter 71: gpu_time_cuda = 0.016369
iter 71: download_copy_time_cuda = 0.000676
iter 71: upload_copy_time_cuda = 0.000491
iter 71: per_iter_time_cuda = 0.028237

iter 72: slack_cuda = -0.007211
iter 72: cpu_time_cuda = 0.009007
iter 72: gpu_time_cuda = 0.016218
iter 72: download_copy_time_cuda = 0.000461
iter 72: upload_copy_time_cuda = 0.000475
iter 72: per_iter_time_cuda = 0.027885

iter 73: slack_cuda = -0.007127
iter 73: cpu_time_cuda = 0.008978
iter 73: gpu_time_cuda = 0.016105
iter 73: download_copy_time_cuda = 0.000439
iter 73: upload_copy_time_cuda = 0.000463
iter 73: per_iter_time_cuda = 0.027056

iter 74: slack_cuda = -0.007208
iter 74: cpu_time_cuda = 0.008309
iter 74: gpu_time_cuda = 0.015517
iter 74: download_copy_time_cuda = 0.000418
iter 74: upload_copy_time_cuda = 0.000454
iter 74: per_iter_time_cuda = 0.026244

iter 75: slack_cuda = -0.006923
iter 75: cpu_time_cuda = 0.008083
iter 75: gpu_time_cuda = 0.015006
iter 75: download_copy_time_cuda = 0.000407
iter 75: upload_copy_time_cuda = 0.000452
iter 75: per_iter_time_cuda = 0.025680

iter 76: slack_cuda = -0.007232
iter 76: cpu_time_cuda = 0.007783
iter 76: gpu_time_cuda = 0.015015
iter 76: download_copy_time_cuda = 0.000390
iter 76: upload_copy_time_cuda = 0.000444
iter 76: per_iter_time_cuda = 0.025288

iter 77: slack_cuda = -0.013358
iter 77: cpu_time_cuda = 0.007570
iter 77: gpu_time_cuda = 0.020928
iter 77: download_copy_time_cuda = 0.000377
iter 77: upload_copy_time_cuda = 0.000439
iter 77: per_iter_time_cuda = 0.031279

iter 78: slack_cuda = -0.007182
iter 78: cpu_time_cuda = 0.007330
iter 78: gpu_time_cuda = 0.014512
iter 78: download_copy_time_cuda = 0.000380
iter 78: upload_copy_time_cuda = 0.000448
iter 78: per_iter_time_cuda = 0.024705

iter 79: slack_cuda = -0.006735
iter 79: cpu_time_cuda = 0.007081
iter 79: gpu_time_cuda = 0.013816
iter 79: download_copy_time_cuda = 0.000377
iter 79: upload_copy_time_cuda = 0.000451
iter 79: per_iter_time_cuda = 0.024187

iter 80: slack_cuda = -0.007218
iter 80: cpu_time_cuda = 0.006707
iter 80: gpu_time_cuda = 0.013925
iter 80: download_copy_time_cuda = 0.000363
iter 80: upload_copy_time_cuda = 0.000433
iter 80: per_iter_time_cuda = 0.023734

iter 81: slack_cuda = -0.006612
iter 81: cpu_time_cuda = 0.006350
iter 81: gpu_time_cuda = 0.012962
iter 81: download_copy_time_cuda = 0.000352
iter 81: upload_copy_time_cuda = 0.000436
iter 81: per_iter_time_cuda = 0.032875

iter 82: slack_cuda = -0.006161
iter 82: cpu_time_cuda = 0.006068
iter 82: gpu_time_cuda = 0.012229
iter 82: download_copy_time_cuda = 0.000314
iter 82: upload_copy_time_cuda = 0.000431
iter 82: per_iter_time_cuda = 0.022281

iter 83: slack_cuda = -0.005237
iter 83: cpu_time_cuda = 0.005823
iter 83: gpu_time_cuda = 0.011061
iter 83: download_copy_time_cuda = 0.000299
iter 83: upload_copy_time_cuda = 0.000434
iter 83: per_iter_time_cuda = 0.021957

iter 84: slack_cuda = -0.005658
iter 84: cpu_time_cuda = 0.005569
iter 84: gpu_time_cuda = 0.011228
iter 84: download_copy_time_cuda = 0.000300
iter 84: upload_copy_time_cuda = 0.000425
iter 84: per_iter_time_cuda = 0.021670

iter 85: slack_cuda = -0.005270
iter 85: cpu_time_cuda = 0.005255
iter 85: gpu_time_cuda = 0.010524
iter 85: download_copy_time_cuda = 0.000306
iter 85: upload_copy_time_cuda = 0.000416
iter 85: per_iter_time_cuda = 0.021055

iter 86: slack_cuda = -0.004926
iter 86: cpu_time_cuda = 0.004923
iter 86: gpu_time_cuda = 0.009849
iter 86: download_copy_time_cuda = 0.000266
iter 86: upload_copy_time_cuda = 0.000421
iter 86: per_iter_time_cuda = 0.031055

iter 87: slack_cuda = -0.004428
iter 87: cpu_time_cuda = 0.004641
iter 87: gpu_time_cuda = 0.009068
iter 87: download_copy_time_cuda = 0.000265
iter 87: upload_copy_time_cuda = 0.000413
iter 87: per_iter_time_cuda = 0.019647

iter 88: slack_cuda = -0.004462
iter 88: cpu_time_cuda = 0.004254
iter 88: gpu_time_cuda = 0.008716
iter 88: download_copy_time_cuda = 0.000227
iter 88: upload_copy_time_cuda = 0.000407
iter 88: per_iter_time_cuda = 0.018937

iter 89: slack_cuda = -0.004261
iter 89: cpu_time_cuda = 0.003963
iter 89: gpu_time_cuda = 0.008225
iter 89: download_copy_time_cuda = 0.000215
iter 89: upload_copy_time_cuda = 0.000432
iter 89: per_iter_time_cuda = 0.018333

iter 90: slack_cuda = 0.001093
iter 90: cpu_time_cuda = 0.008876
iter 90: gpu_time_cuda = 0.007784
iter 90: download_copy_time_cuda = 0.000210
iter 90: upload_copy_time_cuda = 0.000415
iter 90: per_iter_time_cuda = 0.017584

iter 91: slack_cuda = 0.001656
iter 91: cpu_time_cuda = 0.008682
iter 91: gpu_time_cuda = 0.007026
iter 91: download_copy_time_cuda = 0.000194
iter 91: upload_copy_time_cuda = 0.000405
iter 91: per_iter_time_cuda = 0.016596

iter 92: slack_cuda = 0.007071
iter 92: cpu_time_cuda = 0.016333
iter 92: gpu_time_cuda = 0.009262
iter 92: download_copy_time_cuda = 0.000182
iter 92: upload_copy_time_cuda = 0.000403
iter 92: per_iter_time_cuda = 0.026489

iter 93: slack_cuda = 0.001405
iter 93: cpu_time_cuda = 0.008119
iter 93: gpu_time_cuda = 0.006714
iter 93: download_copy_time_cuda = 0.000163
iter 93: upload_copy_time_cuda = 0.000412
iter 93: per_iter_time_cuda = 0.015691

iter 94: slack_cuda = 0.001378
iter 94: cpu_time_cuda = 0.007801
iter 94: gpu_time_cuda = 0.006423
iter 94: download_copy_time_cuda = 0.000163
iter 94: upload_copy_time_cuda = 0.000396
iter 94: per_iter_time_cuda = 0.015066

iter 95: slack_cuda = 0.001523
iter 95: cpu_time_cuda = 0.007469
iter 95: gpu_time_cuda = 0.005946
iter 95: download_copy_time_cuda = 0.000148
iter 95: upload_copy_time_cuda = 0.000402
iter 95: per_iter_time_cuda = 0.014237

iter 96: slack_cuda = 0.001487
iter 96: cpu_time_cuda = 0.007260
iter 96: gpu_time_cuda = 0.005773
iter 96: download_copy_time_cuda = 0.000135
iter 96: upload_copy_time_cuda = 0.000393
iter 96: per_iter_time_cuda = 0.013840

iter 97: slack_cuda = 0.001340
iter 97: cpu_time_cuda = 0.006907
iter 97: gpu_time_cuda = 0.005567
iter 97: download_copy_time_cuda = 0.000134
iter 97: upload_copy_time_cuda = 0.000390
iter 97: per_iter_time_cuda = 0.013265

iter 98: slack_cuda = 0.001348
iter 98: cpu_time_cuda = 0.006758
iter 98: gpu_time_cuda = 0.005410
iter 98: download_copy_time_cuda = 0.000118
iter 98: upload_copy_time_cuda = 0.000399
iter 98: per_iter_time_cuda = 0.012952

iter 99: slack_cuda = -0.005531
iter 99: cpu_time_cuda = 0.001236
iter 99: gpu_time_cuda = 0.006767
iter 99: download_copy_time_cuda = 0.000113
iter 99: upload_copy_time_cuda = 0.000388
iter 99: per_iter_time_cuda = 0.014011

iter 100: slack_cuda = -0.014312
iter 100: cpu_time_cuda = 0.000682
iter 100: gpu_time_cuda = 0.014994
iter 100: download_copy_time_cuda = 0.000104
iter 100: upload_copy_time_cuda = 0.000396
iter 100: per_iter_time_cuda = 0.023197

iter 101: slack_cuda = -0.004775
iter 101: cpu_time_cuda = 0.000395
iter 101: gpu_time_cuda = 0.005170
iter 101: download_copy_time_cuda = 0.000090
iter 101: upload_copy_time_cuda = 0.000380
iter 101: per_iter_time_cuda = 0.010975

total_slack_overflow = -1.884064
total_cpu_time_cuda = 1.603553
total_gpu_time_cuda = 3.469316
total_copy_time_cuda = 0.250729
main_loop_time_cuda = 5.496593
Normalized difference of predicted CPU runtime per iteration is: 0.000000%
Normalized difference of predicted GPU runtime per iteration is: 0.000000%
Normalized difference of predicted slack per iteration is: 0.000000%
10240 10240     ---   (  ---  )    123.37 (   5.80)     ---   
total_time = 9.614610
7.65user 2.00system 0:11.23elapsed 86%CPU (0avgtext+0avgdata 972896maxresident)k
3928inputs+0outputs (1major+225534minor)pagefaults 0swaps
send out message: 22 3 log
