send out message: 24 37 /home/lchen/MAGMA/magma-1.6.1/results
send out message: 20 26 MAGMA_LU_GPUDVFS.total.pwr
MAGMA 1.6.1  compiled for CUDA capability >= 3.0
CUDA runtime 5000, driver 6050. MAGMA not compiled with OpenMP. 
ndevices 1
device 0: Tesla K20c, 705.5 MHz clock, 4799.6 MB memory, capability 3.5
Usage: /home/lchen/MAGMA/magma-1.6.1/testing/testing_dgetrf [options] [-h|--help]

ngpu 1
    M     N   CPU GFlop/s (sec)   GPU GFlop/s (sec)   |PA-LU|/(N*|A|)
=========================================================================
init_time = 0.624160
iter 0: slack_cuda = 0.000000
iter 0: cpu_time_cuda = 0.000000
iter 0: gpu_time_cuda = 0.000000
iter 0: download_copy_time_cuda = 0.000000
iter 0: upload_copy_time_cuda = 0.000763
iter 0: per_iter_time_cuda = 0.001198

iter 1: cpu_time_pred = 0.000000
iter 1: gpu_time_pred = 0.000000
iter 1: slack_pred = 0.000000
iter 1: slack_cuda = 0.004530
iter 1: cpu_time_cuda = 0.011471
iter 1: gpu_time_cuda = 0.006941
iter 1: download_copy_time_cuda = 0.000751
iter 1: upload_copy_time_cuda = 0.000743
iter 1: per_iter_time_cuda = 0.021127

iter 2: cpu_time_pred = 0.011238
iter 2: gpu_time_pred = 0.006662
iter 2: slack_pred = 0.004576
iter 2: slack_cuda = 0.004547
iter 2: cpu_time_cuda = 0.011231
iter 2: gpu_time_cuda = 0.006684
iter 2: download_copy_time_cuda = 0.000709
iter 2: upload_copy_time_cuda = 0.000730
iter 2: per_iter_time_cuda = 0.020605

iter 3: cpu_time_pred = 0.011005
iter 3: gpu_time_pred = 0.006410
iter 3: slack_pred = 0.004595
iter 3: slack_cuda = 0.004705
iter 3: cpu_time_cuda = 0.011034
iter 3: gpu_time_cuda = 0.006329
iter 3: download_copy_time_cuda = 0.000709
iter 3: upload_copy_time_cuda = 0.000713
iter 3: per_iter_time_cuda = 0.019974

iter 4: cpu_time_pred = 0.010771
iter 4: gpu_time_pred = 0.006063
iter 4: slack_pred = 0.004708
iter 4: slack_cuda = 0.004634
iter 4: cpu_time_cuda = 0.010802
iter 4: gpu_time_cuda = 0.006168
iter 4: download_copy_time_cuda = 0.000682
iter 4: upload_copy_time_cuda = 0.000693
iter 4: per_iter_time_cuda = 0.019562

iter 5: cpu_time_pred = 0.010538
iter 5: gpu_time_pred = 0.005903
iter 5: slack_pred = 0.004635
iter 5: slack_cuda = 0.004612
iter 5: cpu_time_cuda = 0.010532
iter 5: gpu_time_cuda = 0.005920
iter 5: download_copy_time_cuda = 0.000686
iter 5: upload_copy_time_cuda = 0.000696
iter 5: per_iter_time_cuda = 0.019021

iter 6: cpu_time_pred = 0.010305
iter 6: gpu_time_pred = 0.005661
iter 6: slack_pred = 0.004644
iter 6: slack_cuda = 0.004673
iter 6: cpu_time_cuda = 0.010393
iter 6: gpu_time_cuda = 0.005721
iter 6: download_copy_time_cuda = 0.000662
iter 6: upload_copy_time_cuda = 0.000671
iter 6: per_iter_time_cuda = 0.018640

iter 7: cpu_time_pred = 0.010072
iter 7: gpu_time_pred = 0.005465
iter 7: slack_pred = 0.004607
iter 7: slack_cuda = 0.004752
iter 7: cpu_time_cuda = 0.010151
iter 7: gpu_time_cuda = 0.005400
iter 7: download_copy_time_cuda = 0.000642
iter 7: upload_copy_time_cuda = 0.000656
iter 7: per_iter_time_cuda = 0.017985

iter 8: cpu_time_pred = 0.009839
iter 8: gpu_time_pred = 0.005152
iter 8: slack_pred = 0.004686
iter 8: slack_cuda = 0.004716
iter 8: cpu_time_cuda = 0.009914
iter 8: gpu_time_cuda = 0.005198
iter 8: download_copy_time_cuda = 0.000632
iter 8: upload_copy_time_cuda = 0.000633
iter 8: per_iter_time_cuda = 0.017555

iter 9: cpu_time_pred = 0.009606
iter 9: gpu_time_pred = 0.004954
iter 9: slack_pred = 0.004651
iter 9: slack_cuda = 0.004781
iter 9: cpu_time_cuda = 0.009720
iter 9: gpu_time_cuda = 0.004940
iter 9: download_copy_time_cuda = 0.000661
iter 9: upload_copy_time_cuda = 0.000627
iter 9: per_iter_time_cuda = 0.017075

iter 10: cpu_time_pred = 0.009373
iter 10: gpu_time_pred = 0.004703
iter 10: slack_pred = 0.004670
iter 10: slack_cuda = 0.004695
iter 10: cpu_time_cuda = 0.009425
iter 10: gpu_time_cuda = 0.004730
iter 10: download_copy_time_cuda = 0.000600
iter 10: upload_copy_time_cuda = 0.000614
iter 10: per_iter_time_cuda = 0.016494

iter 11: cpu_time_pred = 0.009139
iter 11: gpu_time_pred = 0.004498
iter 11: slack_pred = 0.004642
iter 11: slack_cuda = 0.004693
iter 11: cpu_time_cuda = 0.009147
iter 11: gpu_time_cuda = 0.004454
iter 11: download_copy_time_cuda = 0.000597
iter 11: upload_copy_time_cuda = 0.000603
iter 11: per_iter_time_cuda = 0.015858

iter 12: cpu_time_pred = 0.008906
iter 12: gpu_time_pred = 0.004229
iter 12: slack_pred = 0.004677
iter 12: slack_cuda = 0.004565
iter 12: cpu_time_cuda = 0.008967
iter 12: gpu_time_cuda = 0.004402
iter 12: download_copy_time_cuda = 0.000578
iter 12: upload_copy_time_cuda = 0.000576
iter 12: per_iter_time_cuda = 0.015604

iter 13: cpu_time_pred = 0.008673
iter 13: gpu_time_pred = 0.004175
iter 13: slack_pred = 0.004498
iter 13: slack_cuda = 0.004682
iter 13: cpu_time_cuda = 0.008784
iter 13: gpu_time_cuda = 0.004102
iter 13: download_copy_time_cuda = 0.000567
iter 13: upload_copy_time_cuda = 0.000571
iter 13: per_iter_time_cuda = 0.015069

iter 14: cpu_time_pred = 0.008440
iter 14: gpu_time_pred = 0.003884
iter 14: slack_pred = 0.004556
iter 14: slack_cuda = 0.004577
iter 14: cpu_time_cuda = 0.008523
iter 14: gpu_time_cuda = 0.003945
iter 14: download_copy_time_cuda = 0.000547
iter 14: upload_copy_time_cuda = 0.000556
iter 14: per_iter_time_cuda = 0.014615

iter 15: cpu_time_pred = 0.008207
iter 15: gpu_time_pred = 0.003730
iter 15: slack_pred = 0.004477
iter 15: slack_cuda = 0.004672
iter 15: cpu_time_cuda = 0.008323
iter 15: gpu_time_cuda = 0.003651
iter 15: download_copy_time_cuda = 0.000543
iter 15: upload_copy_time_cuda = 0.000545
iter 15: per_iter_time_cuda = 0.014051

iter 16: cpu_time_pred = 0.007974
iter 16: gpu_time_pred = 0.003446
iter 16: slack_pred = 0.004528
iter 16: slack_cuda = 0.004658
iter 16: cpu_time_cuda = 0.008150
iter 16: gpu_time_cuda = 0.003492
iter 16: download_copy_time_cuda = 0.000526
iter 16: upload_copy_time_cuda = 0.000522
iter 16: per_iter_time_cuda = 0.013687

iter 17: cpu_time_pred = 0.007741
iter 17: gpu_time_pred = 0.003291
iter 17: slack_pred = 0.004450
iter 17: slack_cuda = 0.004556
iter 17: cpu_time_cuda = 0.007861
iter 17: gpu_time_cuda = 0.003305
iter 17: download_copy_time_cuda = 0.000515
iter 17: upload_copy_time_cuda = 0.000516
iter 17: per_iter_time_cuda = 0.013125

iter 18: cpu_time_pred = 0.007507
iter 18: gpu_time_pred = 0.003109
iter 18: slack_pred = 0.004398
iter 18: slack_cuda = 0.004428
iter 18: cpu_time_cuda = 0.007545
iter 18: gpu_time_cuda = 0.003117
iter 18: download_copy_time_cuda = 0.000495
iter 18: upload_copy_time_cuda = 0.000501
iter 18: per_iter_time_cuda = 0.012590

iter 19: cpu_time_pred = 0.007274
iter 19: gpu_time_pred = 0.002927
iter 19: slack_pred = 0.004348
iter 19: slack_cuda = 0.004425
iter 19: cpu_time_cuda = 0.007401
iter 19: gpu_time_cuda = 0.002976
iter 19: download_copy_time_cuda = 0.000484
iter 19: upload_copy_time_cuda = 0.000486
iter 19: per_iter_time_cuda = 0.012233

iter 20: cpu_time_pred = 0.007041
iter 20: gpu_time_pred = 0.002788
iter 20: slack_pred = 0.004253
iter 20: slack_cuda = 0.004507
iter 20: cpu_time_cuda = 0.007316
iter 20: gpu_time_cuda = 0.002809
iter 20: download_copy_time_cuda = 0.000474
iter 20: upload_copy_time_cuda = 0.000465
iter 20: per_iter_time_cuda = 0.011974

iter 21: cpu_time_pred = 0.006808
iter 21: gpu_time_pred = 0.002626
iter 21: slack_pred = 0.004182
iter 21: slack_cuda = 0.004355
iter 21: cpu_time_cuda = 0.007000
iter 21: gpu_time_cuda = 0.002646
iter 21: download_copy_time_cuda = 0.000465
iter 21: upload_copy_time_cuda = 0.000457
iter 21: per_iter_time_cuda = 0.011426

iter 22: cpu_time_pred = 0.006575
iter 22: gpu_time_pred = 0.002468
iter 22: slack_pred = 0.004107
iter 22: slack_cuda = 0.004238
iter 22: cpu_time_cuda = 0.006709
iter 22: gpu_time_cuda = 0.002471
iter 22: download_copy_time_cuda = 0.000451
iter 22: upload_copy_time_cuda = 0.000445
iter 22: per_iter_time_cuda = 0.010950

iter 23: cpu_time_pred = 0.006342
iter 23: gpu_time_pred = 0.002299
iter 23: slack_pred = 0.004042
iter 23: slack_cuda = 0.004201
iter 23: cpu_time_cuda = 0.006505
iter 23: gpu_time_cuda = 0.002304
iter 23: download_copy_time_cuda = 0.000428
iter 23: upload_copy_time_cuda = 0.000428
iter 23: per_iter_time_cuda = 0.010492

iter 24: cpu_time_pred = 0.006109
iter 24: gpu_time_pred = 0.002138
iter 24: slack_pred = 0.003971
iter 24: slack_cuda = 0.004117
iter 24: cpu_time_cuda = 0.006264
iter 24: gpu_time_cuda = 0.002147
iter 24: download_copy_time_cuda = 0.000420
iter 24: upload_copy_time_cuda = 0.000409
iter 24: per_iter_time_cuda = 0.010082

iter 25: cpu_time_pred = 0.005875
iter 25: gpu_time_pred = 0.001986
iter 25: slack_pred = 0.003889
iter 25: slack_cuda = 0.003918
iter 25: cpu_time_cuda = 0.005994
iter 25: gpu_time_cuda = 0.002077
iter 25: download_copy_time_cuda = 0.000407
iter 25: upload_copy_time_cuda = 0.000398
iter 25: per_iter_time_cuda = 0.009685

iter 26: cpu_time_pred = 0.005642
iter 26: gpu_time_pred = 0.001915
iter 26: slack_pred = 0.003727
iter 26: slack_cuda = 0.003857
iter 26: cpu_time_cuda = 0.005749
iter 26: gpu_time_cuda = 0.001892
iter 26: download_copy_time_cuda = 0.000403
iter 26: upload_copy_time_cuda = 0.000386
iter 26: per_iter_time_cuda = 0.009254

iter 27: cpu_time_pred = 0.005409
iter 27: gpu_time_pred = 0.001739
iter 27: slack_pred = 0.003670
iter 27: slack_cuda = 0.003842
iter 27: cpu_time_cuda = 0.005609
iter 27: gpu_time_cuda = 0.001767
iter 27: download_copy_time_cuda = 0.000391
iter 27: upload_copy_time_cuda = 0.000371
iter 27: per_iter_time_cuda = 0.008901

iter 28: cpu_time_pred = 0.005176
iter 28: gpu_time_pred = 0.001618
iter 28: slack_pred = 0.003558
iter 28: slack_cuda = 0.003690
iter 28: cpu_time_cuda = 0.005319
iter 28: gpu_time_cuda = 0.001629
iter 28: download_copy_time_cuda = 0.000353
iter 28: upload_copy_time_cuda = 0.000351
iter 28: per_iter_time_cuda = 0.008425

iter 29: cpu_time_pred = 0.004943
iter 29: gpu_time_pred = 0.001485
iter 29: slack_pred = 0.003458
iter 29: slack_cuda = 0.003525
iter 29: cpu_time_cuda = 0.005072
iter 29: gpu_time_cuda = 0.001547
iter 29: download_copy_time_cuda = 0.000339
iter 29: upload_copy_time_cuda = 0.000341
iter 29: per_iter_time_cuda = 0.008043

iter 30: cpu_time_pred = 0.004710
iter 30: gpu_time_pred = 0.001405
iter 30: slack_pred = 0.003305
iter 30: slack_cuda = 0.003476
iter 30: cpu_time_cuda = 0.004870
iter 30: gpu_time_cuda = 0.001394
iter 30: download_copy_time_cuda = 0.000326
iter 30: upload_copy_time_cuda = 0.000327
iter 30: per_iter_time_cuda = 0.007671

iter 31: cpu_time_pred = 0.004476
iter 31: gpu_time_pred = 0.001259
iter 31: slack_pred = 0.003218
iter 31: slack_cuda = 0.003451
iter 31: cpu_time_cuda = 0.004663
iter 31: gpu_time_cuda = 0.001213
iter 31: download_copy_time_cuda = 0.000300
iter 31: upload_copy_time_cuda = 0.000313
iter 31: per_iter_time_cuda = 0.007201

iter 32: cpu_time_pred = 0.004243
iter 32: gpu_time_pred = 0.001090
iter 32: slack_pred = 0.003154
iter 32: slack_cuda = 0.003336
iter 32: cpu_time_cuda = 0.004442
iter 32: gpu_time_cuda = 0.001106
iter 32: download_copy_time_cuda = 0.000292
iter 32: upload_copy_time_cuda = 0.000293
iter 32: per_iter_time_cuda = 0.006827

iter 33: cpu_time_pred = 0.004010
iter 33: gpu_time_pred = 0.000988
iter 33: slack_pred = 0.003022
iter 33: slack_cuda = 0.003208
iter 33: cpu_time_cuda = 0.004269
iter 33: gpu_time_cuda = 0.001061
iter 33: download_copy_time_cuda = 0.000276
iter 33: upload_copy_time_cuda = 0.000285
iter 33: per_iter_time_cuda = 0.006554

iter 34: cpu_time_pred = 0.003777
iter 34: gpu_time_pred = 0.000942
iter 34: slack_pred = 0.002835
iter 34: slack_cuda = 0.003085
iter 34: cpu_time_cuda = 0.004059
iter 34: gpu_time_cuda = 0.000974
iter 34: download_copy_time_cuda = 0.000260
iter 34: upload_copy_time_cuda = 0.000268
iter 34: per_iter_time_cuda = 0.006175

iter 35: cpu_time_pred = 0.003544
iter 35: gpu_time_pred = 0.000858
iter 35: slack_pred = 0.002686
iter 35: slack_cuda = 0.002912
iter 35: cpu_time_cuda = 0.003776
iter 35: gpu_time_cuda = 0.000864
iter 35: download_copy_time_cuda = 0.000246
iter 35: upload_copy_time_cuda = 0.000267
iter 35: per_iter_time_cuda = 0.005730

iter 36: cpu_time_pred = 0.003311
iter 36: gpu_time_pred = 0.000754
iter 36: slack_pred = 0.002556
iter 36: slack_cuda = 0.002805
iter 36: cpu_time_cuda = 0.003589
iter 36: gpu_time_cuda = 0.000784
iter 36: download_copy_time_cuda = 0.000238
iter 36: upload_copy_time_cuda = 0.000259
iter 36: per_iter_time_cuda = 0.005451

iter 37: cpu_time_pred = 0.003078
iter 37: gpu_time_pred = 0.000677
iter 37: slack_pred = 0.002400
iter 37: slack_cuda = 0.002627
iter 37: cpu_time_cuda = 0.003322
iter 37: gpu_time_cuda = 0.000694
iter 37: download_copy_time_cuda = 0.000222
iter 37: upload_copy_time_cuda = 0.000263
iter 37: per_iter_time_cuda = 0.005076

iter 38: cpu_time_pred = 0.002844
iter 38: gpu_time_pred = 0.000593
iter 38: slack_pred = 0.002251
iter 38: slack_cuda = 0.002451
iter 38: cpu_time_cuda = 0.003066
iter 38: gpu_time_cuda = 0.000614
iter 38: download_copy_time_cuda = 0.000208
iter 38: upload_copy_time_cuda = 0.000253
iter 38: per_iter_time_cuda = 0.004683

iter 39: cpu_time_pred = 0.002611
iter 39: gpu_time_pred = 0.000518
iter 39: slack_pred = 0.002093
iter 39: slack_cuda = 0.002320
iter 39: cpu_time_cuda = 0.002829
iter 39: gpu_time_cuda = 0.000509
iter 39: download_copy_time_cuda = 0.000193
iter 39: upload_copy_time_cuda = 0.000256
iter 39: per_iter_time_cuda = 0.004302

iter 40: cpu_time_pred = 0.002378
iter 40: gpu_time_pred = 0.000422
iter 40: slack_pred = 0.001956
iter 40: slack_cuda = 0.002135
iter 40: cpu_time_cuda = 0.002589
iter 40: gpu_time_cuda = 0.000454
iter 40: download_copy_time_cuda = 0.000180
iter 40: upload_copy_time_cuda = 0.000246
iter 40: per_iter_time_cuda = 0.003987

iter 41: cpu_time_pred = 0.002145
iter 41: gpu_time_pred = 0.000370
iter 41: slack_pred = 0.001775
iter 41: slack_cuda = 0.001971
iter 41: cpu_time_cuda = 0.002369
iter 41: gpu_time_cuda = 0.000398
iter 41: download_copy_time_cuda = 0.000173
iter 41: upload_copy_time_cuda = 0.000249
iter 41: per_iter_time_cuda = 0.003677

iter 42: cpu_time_pred = 0.001912
iter 42: gpu_time_pred = 0.000316
iter 42: slack_pred = 0.001596
iter 42: slack_cuda = 0.001820
iter 42: cpu_time_cuda = 0.002151
iter 42: gpu_time_cuda = 0.000330
iter 42: download_copy_time_cuda = 0.000160
iter 42: upload_copy_time_cuda = 0.000247
iter 42: per_iter_time_cuda = 0.003364

iter 43: cpu_time_pred = 0.001679
iter 43: gpu_time_pred = 0.000255
iter 43: slack_pred = 0.001424
iter 43: slack_cuda = 0.001679
iter 43: cpu_time_cuda = 0.001954
iter 43: gpu_time_cuda = 0.000275
iter 43: download_copy_time_cuda = 0.000140
iter 43: upload_copy_time_cuda = 0.000248
iter 43: per_iter_time_cuda = 0.003048

iter 44: cpu_time_pred = 0.001446
iter 44: gpu_time_pred = 0.000204
iter 44: slack_pred = 0.001241
iter 44: slack_cuda = 0.001474
iter 44: cpu_time_cuda = 0.001722
iter 44: gpu_time_cuda = 0.000248
iter 44: download_copy_time_cuda = 0.000132
iter 44: upload_copy_time_cuda = 0.000243
iter 44: per_iter_time_cuda = 0.002760

iter 45: cpu_time_pred = 0.001212
iter 45: gpu_time_pred = 0.000174
iter 45: slack_pred = 0.001038
iter 45: slack_cuda = 0.001332
iter 45: cpu_time_cuda = 0.001516
iter 45: gpu_time_cuda = 0.000184
iter 45: download_copy_time_cuda = 0.000125
iter 45: upload_copy_time_cuda = 0.000235
iter 45: per_iter_time_cuda = 0.002453

iter 46: cpu_time_pred = 0.000979
iter 46: gpu_time_pred = 0.000120
iter 46: slack_pred = 0.000859
iter 46: slack_cuda = 0.001154
iter 46: cpu_time_cuda = 0.001298
iter 46: gpu_time_cuda = 0.000144
iter 46: download_copy_time_cuda = 0.000113
iter 46: upload_copy_time_cuda = 0.000236
iter 46: per_iter_time_cuda = 0.002191

iter 47: cpu_time_pred = 0.000746
iter 47: gpu_time_pred = 0.000084
iter 47: slack_pred = 0.000662
iter 47: slack_cuda = 0.001010
iter 47: cpu_time_cuda = 0.001098
iter 47: gpu_time_cuda = 0.000088
iter 47: download_copy_time_cuda = 0.000097
iter 47: upload_copy_time_cuda = 0.000227
iter 47: per_iter_time_cuda = 0.001886

iter 48: cpu_time_pred = 0.000513
iter 48: gpu_time_pred = 0.000041
iter 48: slack_pred = 0.000472
iter 48: slack_cuda = 0.000822
iter 48: cpu_time_cuda = 0.000893
iter 48: gpu_time_cuda = 0.000071
iter 48: download_copy_time_cuda = 0.000088
iter 48: upload_copy_time_cuda = 0.000236
iter 48: per_iter_time_cuda = 0.001665

iter 49: cpu_time_pred = 0.000280
iter 49: gpu_time_pred = 0.000021
iter 49: slack_pred = 0.000259
iter 49: slack_cuda = 0.000622
iter 49: cpu_time_cuda = 0.000685
iter 49: gpu_time_cuda = 0.000063
iter 49: download_copy_time_cuda = 0.000083
iter 49: upload_copy_time_cuda = 0.000225
iter 49: per_iter_time_cuda = 0.001425

iter 50: cpu_time_pred = 0.000047
iter 50: gpu_time_pred = 0.000002
iter 50: slack_pred = 0.000045
iter 50: slack_cuda = 0.000457
iter 50: cpu_time_cuda = 0.000510
iter 50: gpu_time_cuda = 0.000053
iter 50: download_copy_time_cuda = 0.000081
iter 50: upload_copy_time_cuda = 0.000212
iter 50: per_iter_time_cuda = 0.001199

total_cpu_time_cuda = 0.296584
total_gpu_time_cuda = 0.124285
total_copy_time_cuda = 0.041509
main_loop_time_cuda = 0.506168
Normalized difference of predicted CPU runtime per iteration is: -8.432426%
Normalized difference of predicted GPU runtime per iteration is: -6.055384%
Normalized difference of predicted slack per iteration is: -10.083724%
 5120  5120     ---   (  ---  )    152.52 (   0.59)     ---   
total_time = 1.322219
1.19user 0.42system 0:02.63elapsed 61%CPU (0avgtext+0avgdata 358484maxresident)k
3920inputs+0outputs (1major+71927minor)pagefaults 0swaps
send out message: 22 3 log
