send out message: 24 37 /home/lchen/MAGMA/magma-1.6.1/results
send out message: 20 26 MAGMA_LU_GPUDVFS.total.pwr
MAGMA 1.6.1  compiled for CUDA capability >= 3.0
CUDA runtime 5000, driver 6050. MAGMA not compiled with OpenMP. 
ndevices 1
device 0: Tesla K20c, 705.5 MHz clock, 4799.6 MB memory, capability 3.5
Usage: /home/lchen/MAGMA/magma-1.6.1/testing/testing_dgetrf [options] [-h|--help]

ngpu 1
    M     N   CPU GFlop/s (sec)   GPU GFlop/s (sec)   |PA-LU|/(N*|A|)
=========================================================================
init_time = 0.816852
iter 0: slack_cuda = 0.000000
iter 0: cpu_time_cuda = 0.000000
iter 0: gpu_time_cuda = 0.000000
iter 0: download_copy_time_cuda = 0.000000
iter 0: upload_copy_time_cuda = 0.002236
iter 0: per_iter_time_cuda = 0.003940

iter 1: slack_cuda = -0.028498
iter 1: cpu_time_cuda = 0.015050
iter 1: gpu_time_cuda = 0.043547
iter 1: download_copy_time_cuda = 0.001844
iter 1: upload_copy_time_cuda = 0.002192
iter 1: per_iter_time_cuda = 0.064208

iter 2: slack_cuda = -0.027447
iter 2: cpu_time_cuda = 0.014668
iter 2: gpu_time_cuda = 0.042115
iter 2: download_copy_time_cuda = 0.001783
iter 2: upload_copy_time_cuda = 0.002201
iter 2: per_iter_time_cuda = 0.062412

iter 3: slack_cuda = -0.021991
iter 3: cpu_time_cuda = 0.014409
iter 3: gpu_time_cuda = 0.036400
iter 3: download_copy_time_cuda = 0.001727
iter 3: upload_copy_time_cuda = 0.002156
iter 3: per_iter_time_cuda = 0.056191

iter 4: slack_cuda = -0.024738
iter 4: cpu_time_cuda = 0.014093
iter 4: gpu_time_cuda = 0.038831
iter 4: download_copy_time_cuda = 0.001689
iter 4: upload_copy_time_cuda = 0.002110
iter 4: per_iter_time_cuda = 0.058340

iter 5: slack_cuda = -0.023679
iter 5: cpu_time_cuda = 0.013808
iter 5: gpu_time_cuda = 0.037487
iter 5: download_copy_time_cuda = 0.001667
iter 5: upload_copy_time_cuda = 0.002120
iter 5: per_iter_time_cuda = 0.056545

iter 6: slack_cuda = -0.021909
iter 6: cpu_time_cuda = 0.013531
iter 6: gpu_time_cuda = 0.035440
iter 6: download_copy_time_cuda = 0.001635
iter 6: upload_copy_time_cuda = 0.002111
iter 6: per_iter_time_cuda = 0.054309

iter 7: slack_cuda = -0.018006
iter 7: cpu_time_cuda = 0.013221
iter 7: gpu_time_cuda = 0.031227
iter 7: download_copy_time_cuda = 0.001600
iter 7: upload_copy_time_cuda = 0.002111
iter 7: per_iter_time_cuda = 0.049576

iter 8: slack_cuda = -0.020183
iter 8: cpu_time_cuda = 0.012922
iter 8: gpu_time_cuda = 0.033105
iter 8: download_copy_time_cuda = 0.001538
iter 8: upload_copy_time_cuda = 0.002013
iter 8: per_iter_time_cuda = 0.051136

iter 9: slack_cuda = -0.018843
iter 9: cpu_time_cuda = 0.012648
iter 9: gpu_time_cuda = 0.031491
iter 9: download_copy_time_cuda = 0.001550
iter 9: upload_copy_time_cuda = 0.002070
iter 9: per_iter_time_cuda = 0.049200

iter 10: slack_cuda = -0.017420
iter 10: cpu_time_cuda = 0.012306
iter 10: gpu_time_cuda = 0.029726
iter 10: download_copy_time_cuda = 0.001495
iter 10: upload_copy_time_cuda = 0.002068
iter 10: per_iter_time_cuda = 0.047118

iter 11: slack_cuda = -0.013093
iter 11: cpu_time_cuda = 0.011977
iter 11: gpu_time_cuda = 0.025070
iter 11: download_copy_time_cuda = 0.001456
iter 11: upload_copy_time_cuda = 0.002059
iter 11: per_iter_time_cuda = 0.041899

iter 12: slack_cuda = -0.015620
iter 12: cpu_time_cuda = 0.011696
iter 12: gpu_time_cuda = 0.027316
iter 12: download_copy_time_cuda = 0.001383
iter 12: upload_copy_time_cuda = 0.001970
iter 12: per_iter_time_cuda = 0.043830

iter 13: slack_cuda = -0.014121
iter 13: cpu_time_cuda = 0.011856
iter 13: gpu_time_cuda = 0.025977
iter 13: download_copy_time_cuda = 0.001720
iter 13: upload_copy_time_cuda = 0.002001
iter 13: per_iter_time_cuda = 0.042877

iter 14: slack_cuda = -0.012935
iter 14: cpu_time_cuda = 0.011548
iter 14: gpu_time_cuda = 0.024483
iter 14: download_copy_time_cuda = 0.001658
iter 14: upload_copy_time_cuda = 0.001980
iter 14: per_iter_time_cuda = 0.041090

iter 15: slack_cuda = -0.010017
iter 15: cpu_time_cuda = 0.011208
iter 15: gpu_time_cuda = 0.021226
iter 15: download_copy_time_cuda = 0.001647
iter 15: upload_copy_time_cuda = 0.001952
iter 15: per_iter_time_cuda = 0.037334

iter 16: slack_cuda = -0.011311
iter 16: cpu_time_cuda = 0.010960
iter 16: gpu_time_cuda = 0.022270
iter 16: download_copy_time_cuda = 0.001593
iter 16: upload_copy_time_cuda = 0.001888
iter 16: per_iter_time_cuda = 0.038067

iter 17: slack_cuda = -0.010381
iter 17: cpu_time_cuda = 0.010675
iter 17: gpu_time_cuda = 0.021056
iter 17: download_copy_time_cuda = 0.001556
iter 17: upload_copy_time_cuda = 0.001913
iter 17: per_iter_time_cuda = 0.036386

iter 18: slack_cuda = -0.009334
iter 18: cpu_time_cuda = 0.010371
iter 18: gpu_time_cuda = 0.019705
iter 18: download_copy_time_cuda = 0.001539
iter 18: upload_copy_time_cuda = 0.001930
iter 18: per_iter_time_cuda = 0.034791

iter 19: slack_cuda = -0.006868
iter 19: cpu_time_cuda = 0.010073
iter 19: gpu_time_cuda = 0.016941
iter 19: download_copy_time_cuda = 0.001469
iter 19: upload_copy_time_cuda = 0.001894
iter 19: per_iter_time_cuda = 0.031534

iter 20: slack_cuda = -0.007980
iter 20: cpu_time_cuda = 0.009784
iter 20: gpu_time_cuda = 0.017764
iter 20: download_copy_time_cuda = 0.001507
iter 20: upload_copy_time_cuda = 0.001845
iter 20: per_iter_time_cuda = 0.032109

iter 21: slack_cuda = -0.007151
iter 21: cpu_time_cuda = 0.009530
iter 21: gpu_time_cuda = 0.016681
iter 21: download_copy_time_cuda = 0.001393
iter 21: upload_copy_time_cuda = 0.001877
iter 21: per_iter_time_cuda = 0.030590

iter 22: slack_cuda = -0.006311
iter 22: cpu_time_cuda = 0.009171
iter 22: gpu_time_cuda = 0.015482
iter 22: download_copy_time_cuda = 0.001367
iter 22: upload_copy_time_cuda = 0.001853
iter 22: per_iter_time_cuda = 0.029071

iter 23: slack_cuda = -0.004234
iter 23: cpu_time_cuda = 0.008863
iter 23: gpu_time_cuda = 0.013097
iter 23: download_copy_time_cuda = 0.001356
iter 23: upload_copy_time_cuda = 0.001809
iter 23: per_iter_time_cuda = 0.026194

iter 24: slack_cuda = -0.005147
iter 24: cpu_time_cuda = 0.008538
iter 24: gpu_time_cuda = 0.013684
iter 24: download_copy_time_cuda = 0.001279
iter 24: upload_copy_time_cuda = 0.001754
iter 24: per_iter_time_cuda = 0.026395

iter 25: slack_cuda = -0.004403
iter 25: cpu_time_cuda = 0.008265
iter 25: gpu_time_cuda = 0.012668
iter 25: download_copy_time_cuda = 0.001287
iter 25: upload_copy_time_cuda = 0.001827
iter 25: per_iter_time_cuda = 0.025066

iter 26: slack_cuda = -0.003911
iter 26: cpu_time_cuda = 0.007959
iter 26: gpu_time_cuda = 0.011871
iter 26: download_copy_time_cuda = 0.001235
iter 26: upload_copy_time_cuda = 0.001741
iter 26: per_iter_time_cuda = 0.023905

iter 27: slack_cuda = -0.002306
iter 27: cpu_time_cuda = 0.007692
iter 27: gpu_time_cuda = 0.009998
iter 27: download_copy_time_cuda = 0.001216
iter 27: upload_copy_time_cuda = 0.001729
iter 27: per_iter_time_cuda = 0.021608

iter 28: slack_cuda = -0.002892
iter 28: cpu_time_cuda = 0.007378
iter 28: gpu_time_cuda = 0.010270
iter 28: download_copy_time_cuda = 0.001151
iter 28: upload_copy_time_cuda = 0.001708
iter 28: per_iter_time_cuda = 0.021561

iter 29: slack_cuda = -0.002192
iter 29: cpu_time_cuda = 0.007220
iter 29: gpu_time_cuda = 0.009412
iter 29: download_copy_time_cuda = 0.001131
iter 29: upload_copy_time_cuda = 0.001728
iter 29: per_iter_time_cuda = 0.020462

iter 30: slack_cuda = -0.001787
iter 30: cpu_time_cuda = 0.006808
iter 30: gpu_time_cuda = 0.008594
iter 30: download_copy_time_cuda = 0.001116
iter 30: upload_copy_time_cuda = 0.001687
iter 30: per_iter_time_cuda = 0.019246

iter 31: slack_cuda = -0.000514
iter 31: cpu_time_cuda = 0.006519
iter 31: gpu_time_cuda = 0.007033
iter 31: download_copy_time_cuda = 0.001056
iter 31: upload_copy_time_cuda = 0.001667
iter 31: per_iter_time_cuda = 0.017210

iter 32: slack_cuda = -0.000904
iter 32: cpu_time_cuda = 0.006245
iter 32: gpu_time_cuda = 0.007149
iter 32: download_copy_time_cuda = 0.000999
iter 32: upload_copy_time_cuda = 0.001637
iter 32: per_iter_time_cuda = 0.017002

iter 33: slack_cuda = -0.000786
iter 33: cpu_time_cuda = 0.005847
iter 33: gpu_time_cuda = 0.006633
iter 33: download_copy_time_cuda = 0.000966
iter 33: upload_copy_time_cuda = 0.001633
iter 33: per_iter_time_cuda = 0.015961

iter 34: slack_cuda = -0.000133
iter 34: cpu_time_cuda = 0.005677
iter 34: gpu_time_cuda = 0.005810
iter 34: download_copy_time_cuda = 0.000900
iter 34: upload_copy_time_cuda = 0.001586
iter 34: per_iter_time_cuda = 0.014812

iter 35: slack_cuda = 0.000547
iter 35: cpu_time_cuda = 0.005358
iter 35: gpu_time_cuda = 0.004810
iter 35: download_copy_time_cuda = 0.000868
iter 35: upload_copy_time_cuda = 0.001589
iter 35: per_iter_time_cuda = 0.013392

iter 36: slack_cuda = 0.000335
iter 36: cpu_time_cuda = 0.005084
iter 36: gpu_time_cuda = 0.004749
iter 36: download_copy_time_cuda = 0.000820
iter 36: upload_copy_time_cuda = 0.001549
iter 36: per_iter_time_cuda = 0.012986

iter 37: slack_cuda = 0.000624
iter 37: cpu_time_cuda = 0.004758
iter 37: gpu_time_cuda = 0.004134
iter 37: download_copy_time_cuda = 0.000811
iter 37: upload_copy_time_cuda = 0.001578
iter 37: per_iter_time_cuda = 0.012015

iter 38: slack_cuda = 0.000816
iter 38: cpu_time_cuda = 0.004450
iter 38: gpu_time_cuda = 0.003633
iter 38: download_copy_time_cuda = 0.000793
iter 38: upload_copy_time_cuda = 0.001509
iter 38: per_iter_time_cuda = 0.011130

iter 39: slack_cuda = 0.001173
iter 39: cpu_time_cuda = 0.004129
iter 39: gpu_time_cuda = 0.002956
iter 39: download_copy_time_cuda = 0.000759
iter 39: upload_copy_time_cuda = 0.001525
iter 39: per_iter_time_cuda = 0.010050

iter 40: slack_cuda = 0.001096
iter 40: cpu_time_cuda = 0.003801
iter 40: gpu_time_cuda = 0.002705
iter 40: download_copy_time_cuda = 0.000713
iter 40: upload_copy_time_cuda = 0.001498
iter 40: per_iter_time_cuda = 0.009434

iter 41: slack_cuda = 0.001118
iter 41: cpu_time_cuda = 0.003503
iter 41: gpu_time_cuda = 0.002385
iter 41: download_copy_time_cuda = 0.000681
iter 41: upload_copy_time_cuda = 0.001483
iter 41: per_iter_time_cuda = 0.008723

iter 42: slack_cuda = 0.001299
iter 42: cpu_time_cuda = 0.003225
iter 42: gpu_time_cuda = 0.001926
iter 42: download_copy_time_cuda = 0.000651
iter 42: upload_copy_time_cuda = 0.001474
iter 42: per_iter_time_cuda = 0.007948

iter 43: slack_cuda = 0.001344
iter 43: cpu_time_cuda = 0.002967
iter 43: gpu_time_cuda = 0.001623
iter 43: download_copy_time_cuda = 0.000618
iter 43: upload_copy_time_cuda = 0.001469
iter 43: per_iter_time_cuda = 0.007273

iter 44: slack_cuda = 0.001250
iter 44: cpu_time_cuda = 0.002648
iter 44: gpu_time_cuda = 0.001398
iter 44: download_copy_time_cuda = 0.000636
iter 44: upload_copy_time_cuda = 0.001427
iter 44: per_iter_time_cuda = 0.006735

iter 45: slack_cuda = 0.001295
iter 45: cpu_time_cuda = 0.002400
iter 45: gpu_time_cuda = 0.001105
iter 45: download_copy_time_cuda = 0.000612
iter 45: upload_copy_time_cuda = 0.001403
iter 45: per_iter_time_cuda = 0.006098

iter 46: slack_cuda = 0.001156
iter 46: cpu_time_cuda = 0.002091
iter 46: gpu_time_cuda = 0.000935
iter 46: download_copy_time_cuda = 0.000621
iter 46: upload_copy_time_cuda = 0.001386
iter 46: per_iter_time_cuda = 0.005614

iter 47: slack_cuda = 0.001197
iter 47: cpu_time_cuda = 0.001825
iter 47: gpu_time_cuda = 0.000628
iter 47: download_copy_time_cuda = 0.000619
iter 47: upload_copy_time_cuda = 0.001374
iter 47: per_iter_time_cuda = 0.005009

iter 48: slack_cuda = 0.001001
iter 48: cpu_time_cuda = 0.001561
iter 48: gpu_time_cuda = 0.000559
iter 48: download_copy_time_cuda = 0.000618
iter 48: upload_copy_time_cuda = 0.001374
iter 48: per_iter_time_cuda = 0.004678

iter 49: slack_cuda = 0.000784
iter 49: cpu_time_cuda = 0.001275
iter 49: gpu_time_cuda = 0.000491
iter 49: download_copy_time_cuda = 0.000615
iter 49: upload_copy_time_cuda = 0.001327
iter 49: per_iter_time_cuda = 0.004265

iter 50: slack_cuda = 0.000630
iter 50: cpu_time_cuda = 0.001053
iter 50: gpu_time_cuda = 0.000423
iter 50: download_copy_time_cuda = 0.000160
iter 50: upload_copy_time_cuda = 0.001269
iter 50: per_iter_time_cuda = 0.003835

total_slack_overflow = -0.377039
total_cpu_time_cuda = 0.402644
total_gpu_time_cuda = 0.764016
total_copy_time_cuda = 0.149392
main_loop_time_cuda = 1.379551
Normalized difference of predicted CPU runtime per iteration is: 0.000000%
Normalized difference of predicted GPU runtime per iteration is: 0.000000%
Normalized difference of predicted slack per iteration is: 0.000000%
 5120  5120     ---   (  ---  )     58.85 (   1.52)     ---   
total_time = 2.471435
2.16user 0.67system 0:04.16elapsed 68%CPU (0avgtext+0avgdata 358512maxresident)k
3920inputs+0outputs (1major+71933minor)pagefaults 0swaps
send out message: 22 3 log
