send out message: 24 37 /home/lchen/MAGMA/magma-1.6.1/results
send out message: 20 26 MAGMA_LU_GPUDVFS.total.pwr
MAGMA 1.6.1  compiled for CUDA capability >= 3.0
CUDA runtime 5000, driver 6050. MAGMA not compiled with OpenMP. 
ndevices 1
device 0: Tesla K20c, 705.5 MHz clock, 4799.6 MB memory, capability 3.5
Usage: /home/lchen/MAGMA/magma-1.6.1/testing/testing_dgetrf [options] [-h|--help]

ngpu 1
    M     N   CPU GFlop/s (sec)   GPU GFlop/s (sec)   |PA-LU|/(N*|A|)
=========================================================================
init_time = 2.475549
iter 0: slack_cuda = 0.000000
iter 0: cpu_time_cuda = 0.000000
iter 0: gpu_time_cuda = 0.000000
iter 0: download_copy_time_cuda = 0.000000
iter 0: upload_copy_time_cuda = 0.001706
iter 0: per_iter_time_cuda = 0.002417

iter 1: cpu_time_pred = 0.000000
iter 1: gpu_time_pred = 0.000000
iter 1: slack_pred = 0.000000
iter 1: slack_cuda = -0.005063
iter 1: cpu_time_cuda = 0.023030
iter 1: gpu_time_cuda = 0.028093
iter 1: download_copy_time_cuda = 0.001618
iter 1: upload_copy_time_cuda = 0.001693
iter 1: per_iter_time_cuda = 0.056624

iter 2: cpu_time_pred = 0.022801
iter 2: gpu_time_pred = 0.027537
iter 2: slack_pred = -0.004736
iter 2: slack_cuda = -0.004580
iter 2: cpu_time_cuda = 0.022794
iter 2: gpu_time_cuda = 0.027374
iter 2: download_copy_time_cuda = 0.001592
iter 2: upload_copy_time_cuda = 0.001673
iter 2: per_iter_time_cuda = 0.055706

iter 3: cpu_time_pred = 0.022564
iter 3: gpu_time_pred = 0.026826
iter 3: slack_pred = -0.004261
iter 3: slack_cuda = -0.003912
iter 3: cpu_time_cuda = 0.022583
iter 3: gpu_time_cuda = 0.026494
iter 3: download_copy_time_cuda = 0.001583
iter 3: upload_copy_time_cuda = 0.001667
iter 3: per_iter_time_cuda = 0.054462

iter 4: cpu_time_pred = 0.022353
iter 4: gpu_time_pred = 0.025959
iter 4: slack_pred = -0.003606
iter 4: slack_cuda = -0.004043
iter 4: cpu_time_cuda = 0.022384
iter 4: gpu_time_cuda = 0.026426
iter 4: download_copy_time_cuda = 0.001580
iter 4: upload_copy_time_cuda = 0.001631
iter 4: per_iter_time_cuda = 0.054261

iter 5: cpu_time_pred = 0.022154
iter 5: gpu_time_pred = 0.025887
iter 5: slack_pred = -0.003733
iter 5: slack_cuda = -0.003815
iter 5: cpu_time_cuda = 0.022100
iter 5: gpu_time_cuda = 0.025915
iter 5: download_copy_time_cuda = 0.001562
iter 5: upload_copy_time_cuda = 0.001631
iter 5: per_iter_time_cuda = 0.053340

iter 6: cpu_time_pred = 0.021870
iter 6: gpu_time_pred = 0.025380
iter 6: slack_pred = -0.003509
iter 6: slack_cuda = -0.003532
iter 6: cpu_time_cuda = 0.021901
iter 6: gpu_time_cuda = 0.025433
iter 6: download_copy_time_cuda = 0.001548
iter 6: upload_copy_time_cuda = 0.001609
iter 6: per_iter_time_cuda = 0.052683

iter 7: cpu_time_pred = 0.021672
iter 7: gpu_time_pred = 0.024903
iter 7: slack_pred = -0.003231
iter 7: slack_cuda = -0.002705
iter 7: cpu_time_cuda = 0.021645
iter 7: gpu_time_cuda = 0.024351
iter 7: download_copy_time_cuda = 0.001521
iter 7: upload_copy_time_cuda = 0.001601
iter 7: per_iter_time_cuda = 0.051201

iter 8: cpu_time_pred = 0.021416
iter 8: gpu_time_pred = 0.023838
iter 8: slack_pred = -0.002421
iter 8: slack_cuda = -0.002948
iter 8: cpu_time_cuda = 0.021438
iter 8: gpu_time_cuda = 0.024386
iter 8: download_copy_time_cuda = 0.001517
iter 8: upload_copy_time_cuda = 0.001562
iter 8: per_iter_time_cuda = 0.051058

iter 9: cpu_time_pred = 0.021209
iter 9: gpu_time_pred = 0.023867
iter 9: slack_pred = -0.002658
iter 9: slack_cuda = -0.002498
iter 9: cpu_time_cuda = 0.021337
iter 9: gpu_time_cuda = 0.023835
iter 9: download_copy_time_cuda = 0.001504
iter 9: upload_copy_time_cuda = 0.001567
iter 9: per_iter_time_cuda = 0.050302

iter 10: cpu_time_pred = 0.021106
iter 10: gpu_time_pred = 0.023322
iter 10: slack_pred = -0.002216
iter 10: slack_cuda = -0.002317
iter 10: cpu_time_cuda = 0.020921
iter 10: gpu_time_cuda = 0.023238
iter 10: download_copy_time_cuda = 0.001484
iter 10: upload_copy_time_cuda = 0.001556
iter 10: per_iter_time_cuda = 0.049323

iter 11: cpu_time_pred = 0.020692
iter 11: gpu_time_pred = 0.022732
iter 11: slack_pred = -0.002040
iter 11: slack_cuda = -0.001461
iter 11: cpu_time_cuda = 0.020803
iter 11: gpu_time_cuda = 0.022265
iter 11: download_copy_time_cuda = 0.001466
iter 11: upload_copy_time_cuda = 0.001562
iter 11: per_iter_time_cuda = 0.048105

iter 12: cpu_time_pred = 0.020573
iter 12: gpu_time_pred = 0.021775
iter 12: slack_pred = -0.001202
iter 12: slack_cuda = -0.002149
iter 12: cpu_time_cuda = 0.020362
iter 12: gpu_time_cuda = 0.022511
iter 12: download_copy_time_cuda = 0.001482
iter 12: upload_copy_time_cuda = 0.001510
iter 12: per_iter_time_cuda = 0.047937

iter 13: cpu_time_pred = 0.020134
iter 13: gpu_time_pred = 0.022010
iter 13: slack_pred = -0.001876
iter 13: slack_cuda = -0.001636
iter 13: cpu_time_cuda = 0.020358
iter 13: gpu_time_cuda = 0.021994
iter 13: download_copy_time_cuda = 0.001443
iter 13: upload_copy_time_cuda = 0.001517
iter 13: per_iter_time_cuda = 0.047290

iter 14: cpu_time_pred = 0.020128
iter 14: gpu_time_pred = 0.021500
iter 14: slack_pred = -0.001372
iter 14: slack_cuda = -0.001284
iter 14: cpu_time_cuda = 0.020134
iter 14: gpu_time_cuda = 0.021418
iter 14: download_copy_time_cuda = 0.001438
iter 14: upload_copy_time_cuda = 0.001495
iter 14: per_iter_time_cuda = 0.046532

iter 15: cpu_time_pred = 0.019904
iter 15: gpu_time_pred = 0.020931
iter 15: slack_pred = -0.001027
iter 15: slack_cuda = -0.000377
iter 15: cpu_time_cuda = 0.019972
iter 15: gpu_time_cuda = 0.020349
iter 15: download_copy_time_cuda = 0.001466
iter 15: upload_copy_time_cuda = 0.001507
iter 15: per_iter_time_cuda = 0.045223

iter 16: cpu_time_pred = 0.019740
iter 16: gpu_time_pred = 0.019881
iter 16: slack_pred = -0.000140
iter 16: slack_cuda = -0.000652
iter 16: cpu_time_cuda = 0.019761
iter 16: gpu_time_cuda = 0.020413
iter 16: download_copy_time_cuda = 0.001402
iter 16: upload_copy_time_cuda = 0.001454
iter 16: per_iter_time_cuda = 0.045038

iter 17: cpu_time_pred = 0.019529
iter 17: gpu_time_pred = 0.019937
iter 17: slack_pred = -0.000408
iter 17: slack_cuda = -0.000575
iter 17: cpu_time_cuda = 0.019463
iter 17: gpu_time_cuda = 0.020037
iter 17: download_copy_time_cuda = 0.001393
iter 17: upload_copy_time_cuda = 0.001448
iter 17: per_iter_time_cuda = 0.044250

iter 18: cpu_time_pred = 0.019232
iter 18: gpu_time_pred = 0.019565
iter 18: slack_pred = -0.000333
iter 18: slack_cuda = -0.000403
iter 18: cpu_time_cuda = 0.019125
iter 18: gpu_time_cuda = 0.019528
iter 18: download_copy_time_cuda = 0.001383
iter 18: upload_copy_time_cuda = 0.001259
iter 18: per_iter_time_cuda = 0.043264

iter 19: cpu_time_pred = 0.018896
iter 19: gpu_time_pred = 0.019063
iter 19: slack_pred = -0.000167
iter 19: slack_cuda = 0.000490
iter 19: cpu_time_cuda = 0.019045
iter 19: gpu_time_cuda = 0.018556
iter 19: download_copy_time_cuda = 0.001194
iter 19: upload_copy_time_cuda = 0.001247
iter 19: per_iter_time_cuda = 0.041876

iter 20: cpu_time_pred = 0.018814
iter 20: gpu_time_pred = 0.018108
iter 20: slack_pred = 0.000706
iter 20: slack_cuda = 0.000137
iter 20: cpu_time_cuda = 0.018793
iter 20: gpu_time_cuda = 0.018656
iter 20: download_copy_time_cuda = 0.001153
iter 20: upload_copy_time_cuda = 0.001218
iter 20: per_iter_time_cuda = 0.041744

iter 21: cpu_time_pred = 0.018562
iter 21: gpu_time_pred = 0.018201
iter 21: slack_pred = 0.000361
iter 21: slack_cuda = 0.000311
iter 21: cpu_time_cuda = 0.018605
iter 21: gpu_time_cuda = 0.018294
iter 21: download_copy_time_cuda = 0.001151
iter 21: upload_copy_time_cuda = 0.001196
iter 21: per_iter_time_cuda = 0.041070

iter 22: cpu_time_pred = 0.018374
iter 22: gpu_time_pred = 0.017842
iter 22: slack_pred = 0.000532
iter 22: slack_cuda = 0.000636
iter 22: cpu_time_cuda = 0.018343
iter 22: gpu_time_cuda = 0.017707
iter 22: download_copy_time_cuda = 0.001139
iter 22: upload_copy_time_cuda = 0.001185
iter 22: per_iter_time_cuda = 0.040254

iter 23: cpu_time_pred = 0.018112
iter 23: gpu_time_pred = 0.017264
iter 23: slack_pred = 0.000849
iter 23: slack_cuda = 0.001270
iter 23: cpu_time_cuda = 0.018169
iter 23: gpu_time_cuda = 0.016898
iter 23: download_copy_time_cuda = 0.001121
iter 23: upload_copy_time_cuda = 0.001172
iter 23: per_iter_time_cuda = 0.039144

iter 24: cpu_time_pred = 0.017937
iter 24: gpu_time_pred = 0.016470
iter 24: slack_pred = 0.001467
iter 24: slack_cuda = 0.001114
iter 24: cpu_time_cuda = 0.017943
iter 24: gpu_time_cuda = 0.016829
iter 24: download_copy_time_cuda = 0.001119
iter 24: upload_copy_time_cuda = 0.001139
iter 24: per_iter_time_cuda = 0.038904

iter 25: cpu_time_pred = 0.017711
iter 25: gpu_time_pred = 0.016397
iter 25: slack_pred = 0.001315
iter 25: slack_cuda = 0.001271
iter 25: cpu_time_cuda = 0.017626
iter 25: gpu_time_cuda = 0.016355
iter 25: download_copy_time_cuda = 0.001106
iter 25: upload_copy_time_cuda = 0.001161
iter 25: per_iter_time_cuda = 0.038027

iter 26: cpu_time_pred = 0.017395
iter 26: gpu_time_pred = 0.015930
iter 26: slack_pred = 0.001465
iter 26: slack_cuda = 0.001505
iter 26: cpu_time_cuda = 0.017591
iter 26: gpu_time_cuda = 0.016086
iter 26: download_copy_time_cuda = 0.001084
iter 26: upload_copy_time_cuda = 0.001128
iter 26: per_iter_time_cuda = 0.037715

iter 27: cpu_time_pred = 0.017358
iter 27: gpu_time_pred = 0.015662
iter 27: slack_pred = 0.001696
iter 27: slack_cuda = 0.001968
iter 27: cpu_time_cuda = 0.017263
iter 27: gpu_time_cuda = 0.015295
iter 27: download_copy_time_cuda = 0.001065
iter 27: upload_copy_time_cuda = 0.001116
iter 27: per_iter_time_cuda = 0.036454

iter 28: cpu_time_pred = 0.017031
iter 28: gpu_time_pred = 0.014887
iter 28: slack_pred = 0.002145
iter 28: slack_cuda = 0.001866
iter 28: cpu_time_cuda = 0.017084
iter 28: gpu_time_cuda = 0.015218
iter 28: download_copy_time_cuda = 0.001046
iter 28: upload_copy_time_cuda = 0.001084
iter 28: per_iter_time_cuda = 0.036208

iter 29: cpu_time_pred = 0.016851
iter 29: gpu_time_pred = 0.014806
iter 29: slack_pred = 0.002045
iter 29: slack_cuda = 0.002058
iter 29: cpu_time_cuda = 0.016865
iter 29: gpu_time_cuda = 0.014807
iter 29: download_copy_time_cuda = 0.001041
iter 29: upload_copy_time_cuda = 0.001082
iter 29: per_iter_time_cuda = 0.035460

iter 30: cpu_time_pred = 0.016632
iter 30: gpu_time_pred = 0.014401
iter 30: slack_pred = 0.002231
iter 30: slack_cuda = 0.002312
iter 30: cpu_time_cuda = 0.016837
iter 30: gpu_time_cuda = 0.014525
iter 30: download_copy_time_cuda = 0.001031
iter 30: upload_copy_time_cuda = 0.001069
iter 30: per_iter_time_cuda = 0.035201

iter 31: cpu_time_pred = 0.016601
iter 31: gpu_time_pred = 0.014121
iter 31: slack_pred = 0.002480
iter 31: slack_cuda = 0.002666
iter 31: cpu_time_cuda = 0.016420
iter 31: gpu_time_cuda = 0.013754
iter 31: download_copy_time_cuda = 0.001017
iter 31: upload_copy_time_cuda = 0.001058
iter 31: per_iter_time_cuda = 0.033862

iter 32: cpu_time_pred = 0.016186
iter 32: gpu_time_pred = 0.013366
iter 32: slack_pred = 0.002821
iter 32: slack_cuda = 0.002663
iter 32: cpu_time_cuda = 0.016182
iter 32: gpu_time_cuda = 0.013519
iter 32: download_copy_time_cuda = 0.000999
iter 32: upload_copy_time_cuda = 0.001025
iter 32: per_iter_time_cuda = 0.033418

iter 33: cpu_time_pred = 0.015949
iter 33: gpu_time_pred = 0.013132
iter 33: slack_pred = 0.002816
iter 33: slack_cuda = 0.003124
iter 33: cpu_time_cuda = 0.016307
iter 33: gpu_time_cuda = 0.013183
iter 33: download_copy_time_cuda = 0.000980
iter 33: upload_copy_time_cuda = 0.001054
iter 33: per_iter_time_cuda = 0.033157

iter 34: cpu_time_pred = 0.016069
iter 34: gpu_time_pred = 0.012801
iter 34: slack_pred = 0.003268
iter 34: slack_cuda = 0.002932
iter 34: cpu_time_cuda = 0.015752
iter 34: gpu_time_cuda = 0.012820
iter 34: download_copy_time_cuda = 0.000987
iter 34: upload_copy_time_cuda = 0.001012
iter 34: per_iter_time_cuda = 0.032222

iter 35: cpu_time_pred = 0.015518
iter 35: gpu_time_pred = 0.012443
iter 35: slack_pred = 0.003075
iter 35: slack_cuda = 0.003378
iter 35: cpu_time_cuda = 0.015580
iter 35: gpu_time_cuda = 0.012202
iter 35: download_copy_time_cuda = 0.000957
iter 35: upload_copy_time_cuda = 0.000997
iter 35: per_iter_time_cuda = 0.031295

iter 36: cpu_time_pred = 0.015345
iter 36: gpu_time_pred = 0.011837
iter 36: slack_pred = 0.003508
iter 36: slack_cuda = 0.003114
iter 36: cpu_time_cuda = 0.015273
iter 36: gpu_time_cuda = 0.012160
iter 36: download_copy_time_cuda = 0.000945
iter 36: upload_copy_time_cuda = 0.000978
iter 36: per_iter_time_cuda = 0.030965

iter 37: cpu_time_pred = 0.015040
iter 37: gpu_time_pred = 0.011791
iter 37: slack_pred = 0.003249
iter 37: slack_cuda = 0.003245
iter 37: cpu_time_cuda = 0.015037
iter 37: gpu_time_cuda = 0.011792
iter 37: download_copy_time_cuda = 0.000929
iter 37: upload_copy_time_cuda = 0.000966
iter 37: per_iter_time_cuda = 0.030260

iter 38: cpu_time_pred = 0.014803
iter 38: gpu_time_pred = 0.011429
iter 38: slack_pred = 0.003375
iter 38: slack_cuda = 0.003356
iter 38: cpu_time_cuda = 0.014873
iter 38: gpu_time_cuda = 0.011518
iter 38: download_copy_time_cuda = 0.000925
iter 38: upload_copy_time_cuda = 0.000971
iter 38: per_iter_time_cuda = 0.029868

iter 39: cpu_time_pred = 0.014639
iter 39: gpu_time_pred = 0.011157
iter 39: slack_pred = 0.003482
iter 39: slack_cuda = 0.003827
iter 39: cpu_time_cuda = 0.014738
iter 39: gpu_time_cuda = 0.010910
iter 39: download_copy_time_cuda = 0.000904
iter 39: upload_copy_time_cuda = 0.000940
iter 39: per_iter_time_cuda = 0.028971

iter 40: cpu_time_pred = 0.014502
iter 40: gpu_time_pred = 0.010564
iter 40: slack_pred = 0.003938
iter 40: slack_cuda = 0.003666
iter 40: cpu_time_cuda = 0.014445
iter 40: gpu_time_cuda = 0.010779
iter 40: download_copy_time_cuda = 0.000883
iter 40: upload_copy_time_cuda = 0.000913
iter 40: per_iter_time_cuda = 0.028546

iter 41: cpu_time_pred = 0.014210
iter 41: gpu_time_pred = 0.010431
iter 41: slack_pred = 0.003779
iter 41: slack_cuda = 0.003802
iter 41: cpu_time_cuda = 0.014183
iter 41: gpu_time_cuda = 0.010381
iter 41: download_copy_time_cuda = 0.000873
iter 41: upload_copy_time_cuda = 0.000913
iter 41: per_iter_time_cuda = 0.027798

iter 42: cpu_time_pred = 0.013948
iter 42: gpu_time_pred = 0.010040
iter 42: slack_pred = 0.003908
iter 42: slack_cuda = 0.004068
iter 42: cpu_time_cuda = 0.014068
iter 42: gpu_time_cuda = 0.010000
iter 42: download_copy_time_cuda = 0.000867
iter 42: upload_copy_time_cuda = 0.000894
iter 42: per_iter_time_cuda = 0.027337

iter 43: cpu_time_pred = 0.013831
iter 43: gpu_time_pred = 0.009666
iter 43: slack_pred = 0.004165
iter 43: slack_cuda = 0.004225
iter 43: cpu_time_cuda = 0.013803
iter 43: gpu_time_cuda = 0.009578
iter 43: download_copy_time_cuda = 0.000865
iter 43: upload_copy_time_cuda = 0.000881
iter 43: per_iter_time_cuda = 0.026526

iter 44: cpu_time_pred = 0.013567
iter 44: gpu_time_pred = 0.009253
iter 44: slack_pred = 0.004314
iter 44: slack_cuda = 0.004018
iter 44: cpu_time_cuda = 0.013524
iter 44: gpu_time_cuda = 0.009506
iter 44: download_copy_time_cuda = 0.000845
iter 44: upload_copy_time_cuda = 0.000855
iter 44: per_iter_time_cuda = 0.026184

iter 45: cpu_time_pred = 0.013289
iter 45: gpu_time_pred = 0.009178
iter 45: slack_pred = 0.004110
iter 45: slack_cuda = 0.004256
iter 45: cpu_time_cuda = 0.013369
iter 45: gpu_time_cuda = 0.009112
iter 45: download_copy_time_cuda = 0.000831
iter 45: upload_copy_time_cuda = 0.000850
iter 45: per_iter_time_cuda = 0.025543

iter 46: cpu_time_pred = 0.013132
iter 46: gpu_time_pred = 0.008792
iter 46: slack_pred = 0.004339
iter 46: slack_cuda = 0.004196
iter 46: cpu_time_cuda = 0.013042
iter 46: gpu_time_cuda = 0.008846
iter 46: download_copy_time_cuda = 0.000804
iter 46: upload_copy_time_cuda = 0.000844
iter 46: per_iter_time_cuda = 0.024948

iter 47: cpu_time_pred = 0.012806
iter 47: gpu_time_pred = 0.008530
iter 47: slack_pred = 0.004277
iter 47: slack_cuda = 0.004403
iter 47: cpu_time_cuda = 0.012803
iter 47: gpu_time_cuda = 0.008400
iter 47: download_copy_time_cuda = 0.000794
iter 47: upload_copy_time_cuda = 0.000825
iter 47: per_iter_time_cuda = 0.024149

iter 48: cpu_time_pred = 0.012568
iter 48: gpu_time_pred = 0.008094
iter 48: slack_pred = 0.004474
iter 48: slack_cuda = 0.004450
iter 48: cpu_time_cuda = 0.012633
iter 48: gpu_time_cuda = 0.008182
iter 48: download_copy_time_cuda = 0.000826
iter 48: upload_copy_time_cuda = 0.000798
iter 48: per_iter_time_cuda = 0.023800

iter 49: cpu_time_pred = 0.012396
iter 49: gpu_time_pred = 0.007878
iter 49: slack_pred = 0.004518
iter 49: slack_cuda = 0.004490
iter 49: cpu_time_cuda = 0.012387
iter 49: gpu_time_cuda = 0.007897
iter 49: download_copy_time_cuda = 0.000783
iter 49: upload_copy_time_cuda = 0.000795
iter 49: per_iter_time_cuda = 0.023180

iter 50: cpu_time_pred = 0.012151
iter 50: gpu_time_pred = 0.007598
iter 50: slack_pred = 0.004553
iter 50: slack_cuda = 0.004419
iter 50: cpu_time_cuda = 0.012017
iter 50: gpu_time_cuda = 0.007598
iter 50: download_copy_time_cuda = 0.000756
iter 50: upload_copy_time_cuda = 0.000779
iter 50: per_iter_time_cuda = 0.022478

iter 51: cpu_time_pred = 0.011783
iter 51: gpu_time_pred = 0.007305
iter 51: slack_pred = 0.004478
iter 51: slack_cuda = 0.004734
iter 51: cpu_time_cuda = 0.011989
iter 51: gpu_time_cuda = 0.007255
iter 51: download_copy_time_cuda = 0.000751
iter 51: upload_copy_time_cuda = 0.000765
iter 51: per_iter_time_cuda = 0.022022

iter 52: cpu_time_pred = 0.011751
iter 52: gpu_time_pred = 0.006970
iter 52: slack_pred = 0.004782
iter 52: slack_cuda = 0.004675
iter 52: cpu_time_cuda = 0.011756
iter 52: gpu_time_cuda = 0.007081
iter 52: download_copy_time_cuda = 0.000728
iter 52: upload_copy_time_cuda = 0.000744
iter 52: per_iter_time_cuda = 0.021584

iter 53: cpu_time_pred = 0.011518
iter 53: gpu_time_pred = 0.006797
iter 53: slack_pred = 0.004721
iter 53: slack_cuda = 0.004669
iter 53: cpu_time_cuda = 0.011510
iter 53: gpu_time_cuda = 0.006841
iter 53: download_copy_time_cuda = 0.000721
iter 53: upload_copy_time_cuda = 0.000735
iter 53: per_iter_time_cuda = 0.021040

iter 54: cpu_time_pred = 0.011272
iter 54: gpu_time_pred = 0.006561
iter 54: slack_pred = 0.004711
iter 54: slack_cuda = 0.004723
iter 54: cpu_time_cuda = 0.011263
iter 54: gpu_time_cuda = 0.006541
iter 54: download_copy_time_cuda = 0.000706
iter 54: upload_copy_time_cuda = 0.000724
iter 54: per_iter_time_cuda = 0.020504

iter 55: cpu_time_pred = 0.011026
iter 55: gpu_time_pred = 0.006268
iter 55: slack_pred = 0.004758
iter 55: slack_cuda = 0.004769
iter 55: cpu_time_cuda = 0.010968
iter 55: gpu_time_cuda = 0.006200
iter 55: download_copy_time_cuda = 0.000687
iter 55: upload_copy_time_cuda = 0.000709
iter 55: per_iter_time_cuda = 0.019758

iter 56: cpu_time_pred = 0.010732
iter 56: gpu_time_pred = 0.005935
iter 56: slack_pred = 0.004797
iter 56: slack_cuda = 0.004848
iter 56: cpu_time_cuda = 0.010819
iter 56: gpu_time_cuda = 0.005971
iter 56: download_copy_time_cuda = 0.000669
iter 56: upload_copy_time_cuda = 0.000685
iter 56: per_iter_time_cuda = 0.019355

iter 57: cpu_time_pred = 0.010581
iter 57: gpu_time_pred = 0.005711
iter 57: slack_pred = 0.004870
iter 57: slack_cuda = 0.004854
iter 57: cpu_time_cuda = 0.010615
iter 57: gpu_time_cuda = 0.005761
iter 57: download_copy_time_cuda = 0.000675
iter 57: upload_copy_time_cuda = 0.000681
iter 57: per_iter_time_cuda = 0.018883

iter 58: cpu_time_pred = 0.010376
iter 58: gpu_time_pred = 0.005504
iter 58: slack_pred = 0.004871
iter 58: slack_cuda = 0.004837
iter 58: cpu_time_cuda = 0.010385
iter 58: gpu_time_cuda = 0.005548
iter 58: download_copy_time_cuda = 0.000644
iter 58: upload_copy_time_cuda = 0.000663
iter 58: per_iter_time_cuda = 0.018439

iter 59: cpu_time_pred = 0.010145
iter 59: gpu_time_pred = 0.005295
iter 59: slack_pred = 0.004850
iter 59: slack_cuda = 0.004926
iter 59: cpu_time_cuda = 0.010180
iter 59: gpu_time_cuda = 0.005254
iter 59: download_copy_time_cuda = 0.000649
iter 59: upload_copy_time_cuda = 0.000652
iter 59: per_iter_time_cuda = 0.017851

iter 60: cpu_time_pred = 0.009940
iter 60: gpu_time_pred = 0.005009
iter 60: slack_pred = 0.004931
iter 60: slack_cuda = 0.004910
iter 60: cpu_time_cuda = 0.009943
iter 60: gpu_time_cuda = 0.005034
iter 60: download_copy_time_cuda = 0.000621
iter 60: upload_copy_time_cuda = 0.000629
iter 60: per_iter_time_cuda = 0.017411

iter 61: cpu_time_pred = 0.009703
iter 61: gpu_time_pred = 0.004793
iter 61: slack_pred = 0.004910
iter 61: slack_cuda = 0.004659
iter 61: cpu_time_cuda = 0.009501
iter 61: gpu_time_cuda = 0.004842
iter 61: download_copy_time_cuda = 0.000613
iter 61: upload_copy_time_cuda = 0.000621
iter 61: per_iter_time_cuda = 0.016674

iter 62: cpu_time_pred = 0.009266
iter 62: gpu_time_pred = 0.004605
iter 62: slack_pred = 0.004660
iter 62: slack_cuda = 0.004759
iter 62: cpu_time_cuda = 0.009422
iter 62: gpu_time_cuda = 0.004663
iter 62: download_copy_time_cuda = 0.000590
iter 62: upload_copy_time_cuda = 0.000604
iter 62: per_iter_time_cuda = 0.016392

iter 63: cpu_time_pred = 0.009182
iter 63: gpu_time_pred = 0.004429
iter 63: slack_pred = 0.004754
iter 63: slack_cuda = 0.004972
iter 63: cpu_time_cuda = 0.009247
iter 63: gpu_time_cuda = 0.004275
iter 63: download_copy_time_cuda = 0.000589
iter 63: upload_copy_time_cuda = 0.000593
iter 63: per_iter_time_cuda = 0.015739

iter 64: cpu_time_pred = 0.009006
iter 64: gpu_time_pred = 0.004055
iter 64: slack_pred = 0.004951
iter 64: slack_cuda = 0.004869
iter 64: cpu_time_cuda = 0.009003
iter 64: gpu_time_cuda = 0.004135
iter 64: download_copy_time_cuda = 0.000566
iter 64: upload_copy_time_cuda = 0.000570
iter 64: per_iter_time_cuda = 0.015337

iter 65: cpu_time_pred = 0.008763
iter 65: gpu_time_pred = 0.003916
iter 65: slack_pred = 0.004846
iter 65: slack_cuda = 0.004859
iter 65: cpu_time_cuda = 0.008782
iter 65: gpu_time_cuda = 0.003923
iter 65: download_copy_time_cuda = 0.000564
iter 65: upload_copy_time_cuda = 0.000564
iter 65: per_iter_time_cuda = 0.014858

iter 66: cpu_time_pred = 0.008541
iter 66: gpu_time_pred = 0.003711
iter 66: slack_pred = 0.004831
iter 66: slack_cuda = 0.004836
iter 66: cpu_time_cuda = 0.008609
iter 66: gpu_time_cuda = 0.003773
iter 66: download_copy_time_cuda = 0.000554
iter 66: upload_copy_time_cuda = 0.000552
iter 66: per_iter_time_cuda = 0.014514

iter 67: cpu_time_pred = 0.008366
iter 67: gpu_time_pred = 0.003563
iter 67: slack_pred = 0.004803
iter 67: slack_cuda = 0.004830
iter 67: cpu_time_cuda = 0.008361
iter 67: gpu_time_cuda = 0.003531
iter 67: download_copy_time_cuda = 0.000522
iter 67: upload_copy_time_cuda = 0.000537
iter 67: per_iter_time_cuda = 0.013928

iter 68: cpu_time_pred = 0.008118
iter 68: gpu_time_pred = 0.003328
iter 68: slack_pred = 0.004789
iter 68: slack_cuda = 0.004713
iter 68: cpu_time_cuda = 0.008097
iter 68: gpu_time_cuda = 0.003384
iter 68: download_copy_time_cuda = 0.000510
iter 68: upload_copy_time_cuda = 0.000515
iter 68: per_iter_time_cuda = 0.013498

iter 69: cpu_time_pred = 0.007854
iter 69: gpu_time_pred = 0.003184
iter 69: slack_pred = 0.004670
iter 69: slack_cuda = 0.004684
iter 69: cpu_time_cuda = 0.007885
iter 69: gpu_time_cuda = 0.003201
iter 69: download_copy_time_cuda = 0.000507
iter 69: upload_copy_time_cuda = 0.000508
iter 69: per_iter_time_cuda = 0.013029

iter 70: cpu_time_pred = 0.007641
iter 70: gpu_time_pred = 0.003007
iter 70: slack_pred = 0.004635
iter 70: slack_cuda = 0.004570
iter 70: cpu_time_cuda = 0.007650
iter 70: gpu_time_cuda = 0.003080
iter 70: download_copy_time_cuda = 0.000496
iter 70: upload_copy_time_cuda = 0.000492
iter 70: per_iter_time_cuda = 0.012663

iter 71: cpu_time_pred = 0.007406
iter 71: gpu_time_pred = 0.002887
iter 71: slack_pred = 0.004519
iter 71: slack_cuda = 0.004444
iter 71: cpu_time_cuda = 0.007411
iter 71: gpu_time_cuda = 0.002967
iter 71: download_copy_time_cuda = 0.000484
iter 71: upload_copy_time_cuda = 0.000480
iter 71: per_iter_time_cuda = 0.012220

iter 72: cpu_time_pred = 0.007167
iter 72: gpu_time_pred = 0.002775
iter 72: slack_pred = 0.004392
iter 72: slack_cuda = 0.004534
iter 72: cpu_time_cuda = 0.007278
iter 72: gpu_time_cuda = 0.002744
iter 72: download_copy_time_cuda = 0.000454
iter 72: upload_copy_time_cuda = 0.000458
iter 72: per_iter_time_cuda = 0.011837

iter 73: cpu_time_pred = 0.007031
iter 73: gpu_time_pred = 0.002561
iter 73: slack_pred = 0.004470
iter 73: slack_cuda = 0.004466
iter 73: cpu_time_cuda = 0.006952
iter 73: gpu_time_cuda = 0.002486
iter 73: download_copy_time_cuda = 0.000444
iter 73: upload_copy_time_cuda = 0.000455
iter 73: per_iter_time_cuda = 0.011194

iter 74: cpu_time_pred = 0.006707
iter 74: gpu_time_pred = 0.002314
iter 74: slack_pred = 0.004393
iter 74: slack_cuda = 0.004394
iter 74: cpu_time_cuda = 0.006736
iter 74: gpu_time_cuda = 0.002341
iter 74: download_copy_time_cuda = 0.000436
iter 74: upload_copy_time_cuda = 0.000444
iter 74: per_iter_time_cuda = 0.010834

iter 75: cpu_time_pred = 0.006490
iter 75: gpu_time_pred = 0.002174
iter 75: slack_pred = 0.004316
iter 75: slack_cuda = 0.004283
iter 75: cpu_time_cuda = 0.006493
iter 75: gpu_time_cuda = 0.002210
iter 75: download_copy_time_cuda = 0.000429
iter 75: upload_copy_time_cuda = 0.000443
iter 75: per_iter_time_cuda = 0.010402

iter 76: cpu_time_pred = 0.006247
iter 76: gpu_time_pred = 0.002046
iter 76: slack_pred = 0.004201
iter 76: slack_cuda = 0.004184
iter 76: cpu_time_cuda = 0.006259
iter 76: gpu_time_cuda = 0.002075
iter 76: download_copy_time_cuda = 0.000408
iter 76: upload_copy_time_cuda = 0.000438
iter 76: per_iter_time_cuda = 0.010026

iter 77: cpu_time_pred = 0.006012
iter 77: gpu_time_pred = 0.001915
iter 77: slack_pred = 0.004097
iter 77: slack_cuda = 0.004078
iter 77: cpu_time_cuda = 0.006045
iter 77: gpu_time_cuda = 0.001967
iter 77: download_copy_time_cuda = 0.000389
iter 77: upload_copy_time_cuda = 0.000446
iter 77: per_iter_time_cuda = 0.009620

iter 78: cpu_time_pred = 0.005797
iter 78: gpu_time_pred = 0.001809
iter 78: slack_pred = 0.003988
iter 78: slack_cuda = 0.004115
iter 78: cpu_time_cuda = 0.005910
iter 78: gpu_time_cuda = 0.001795
iter 78: download_copy_time_cuda = 0.000388
iter 78: upload_copy_time_cuda = 0.000440
iter 78: per_iter_time_cuda = 0.009313

iter 79: cpu_time_pred = 0.005657
iter 79: gpu_time_pred = 0.001645
iter 79: slack_pred = 0.004012
iter 79: slack_cuda = 0.003906
iter 79: cpu_time_cuda = 0.005582
iter 79: gpu_time_cuda = 0.001676
iter 79: download_copy_time_cuda = 0.000362
iter 79: upload_copy_time_cuda = 0.000432
iter 79: per_iter_time_cuda = 0.008800

iter 80: cpu_time_pred = 0.005332
iter 80: gpu_time_pred = 0.001530
iter 80: slack_pred = 0.003803
iter 80: slack_cuda = 0.003919
iter 80: cpu_time_cuda = 0.005462
iter 80: gpu_time_cuda = 0.001543
iter 80: download_copy_time_cuda = 0.000339
iter 80: upload_copy_time_cuda = 0.000423
iter 80: per_iter_time_cuda = 0.008517

iter 81: cpu_time_pred = 0.005207
iter 81: gpu_time_pred = 0.001402
iter 81: slack_pred = 0.003805
iter 81: slack_cuda = 0.003711
iter 81: cpu_time_cuda = 0.005133
iter 81: gpu_time_cuda = 0.001422
iter 81: download_copy_time_cuda = 0.000336
iter 81: upload_copy_time_cuda = 0.000425
iter 81: per_iter_time_cuda = 0.008033

iter 82: cpu_time_pred = 0.004882
iter 82: gpu_time_pred = 0.001286
iter 82: slack_pred = 0.003595
iter 82: slack_cuda = 0.003649
iter 82: cpu_time_cuda = 0.004951
iter 82: gpu_time_cuda = 0.001303
iter 82: download_copy_time_cuda = 0.000313
iter 82: upload_copy_time_cuda = 0.000421
iter 82: per_iter_time_cuda = 0.007688

iter 83: cpu_time_pred = 0.004696
iter 83: gpu_time_pred = 0.001172
iter 83: slack_pred = 0.003524
iter 83: slack_cuda = 0.003537
iter 83: cpu_time_cuda = 0.004726
iter 83: gpu_time_cuda = 0.001189
iter 83: download_copy_time_cuda = 0.000293
iter 83: upload_copy_time_cuda = 0.000432
iter 83: per_iter_time_cuda = 0.007324

iter 84: cpu_time_pred = 0.004469
iter 84: gpu_time_pred = 0.001063
iter 84: slack_pred = 0.003406
iter 84: slack_cuda = 0.003422
iter 84: cpu_time_cuda = 0.004507
iter 84: gpu_time_cuda = 0.001085
iter 84: download_copy_time_cuda = 0.000317
iter 84: upload_copy_time_cuda = 0.000415
iter 84: per_iter_time_cuda = 0.007005

iter 85: cpu_time_pred = 0.004248
iter 85: gpu_time_pred = 0.000964
iter 85: slack_pred = 0.003284
iter 85: slack_cuda = 0.003237
iter 85: cpu_time_cuda = 0.004247
iter 85: gpu_time_cuda = 0.001009
iter 85: download_copy_time_cuda = 0.000264
iter 85: upload_copy_time_cuda = 0.000415
iter 85: per_iter_time_cuda = 0.006538

iter 86: cpu_time_pred = 0.003988
iter 86: gpu_time_pred = 0.000890
iter 86: slack_pred = 0.003098
iter 86: slack_cuda = 0.003136
iter 86: cpu_time_cuda = 0.004023
iter 86: gpu_time_cuda = 0.000887
iter 86: download_copy_time_cuda = 0.000259
iter 86: upload_copy_time_cuda = 0.000408
iter 86: per_iter_time_cuda = 0.006189

iter 87: cpu_time_pred = 0.003762
iter 87: gpu_time_pred = 0.000776
iter 87: slack_pred = 0.002986
iter 87: slack_cuda = 0.003023
iter 87: cpu_time_cuda = 0.003824
iter 87: gpu_time_cuda = 0.000801
iter 87: download_copy_time_cuda = 0.000240
iter 87: upload_copy_time_cuda = 0.000408
iter 87: per_iter_time_cuda = 0.005847

iter 88: cpu_time_pred = 0.003559
iter 88: gpu_time_pred = 0.000694
iter 88: slack_pred = 0.002865
iter 88: slack_cuda = 0.002849
iter 88: cpu_time_cuda = 0.003553
iter 88: gpu_time_cuda = 0.000704
iter 88: download_copy_time_cuda = 0.000223
iter 88: upload_copy_time_cuda = 0.000413
iter 88: per_iter_time_cuda = 0.005476

iter 89: cpu_time_pred = 0.003288
iter 89: gpu_time_pred = 0.000603
iter 89: slack_pred = 0.002685
iter 89: slack_cuda = 0.002691
iter 89: cpu_time_cuda = 0.003322
iter 89: gpu_time_cuda = 0.000631
iter 89: download_copy_time_cuda = 0.000210
iter 89: upload_copy_time_cuda = 0.000414
iter 89: per_iter_time_cuda = 0.005120

iter 90: cpu_time_pred = 0.003054
iter 90: gpu_time_pred = 0.000533
iter 90: slack_pred = 0.002521
iter 90: slack_cuda = 0.002512
iter 90: cpu_time_cuda = 0.003078
iter 90: gpu_time_cuda = 0.000566
iter 90: download_copy_time_cuda = 0.000204
iter 90: upload_copy_time_cuda = 0.000413
iter 90: per_iter_time_cuda = 0.004804

iter 91: cpu_time_pred = 0.002808
iter 91: gpu_time_pred = 0.000471
iter 91: slack_pred = 0.002337
iter 91: slack_cuda = 0.002397
iter 91: cpu_time_cuda = 0.002845
iter 91: gpu_time_cuda = 0.000447
iter 91: download_copy_time_cuda = 0.000188
iter 91: upload_copy_time_cuda = 0.000403
iter 91: per_iter_time_cuda = 0.004379

iter 92: cpu_time_pred = 0.002571
iter 92: gpu_time_pred = 0.000365
iter 92: slack_pred = 0.002206
iter 92: slack_cuda = 0.002191
iter 92: cpu_time_cuda = 0.002607
iter 92: gpu_time_cuda = 0.000416
iter 92: download_copy_time_cuda = 0.000178
iter 92: upload_copy_time_cuda = 0.000395
iter 92: per_iter_time_cuda = 0.004131

iter 93: cpu_time_pred = 0.002330
iter 93: gpu_time_pred = 0.000332
iter 93: slack_pred = 0.001998
iter 93: slack_cuda = 0.002046
iter 93: cpu_time_cuda = 0.002405
iter 93: gpu_time_cuda = 0.000359
iter 93: download_copy_time_cuda = 0.000160
iter 93: upload_copy_time_cuda = 0.000395
iter 93: per_iter_time_cuda = 0.003822

iter 94: cpu_time_pred = 0.002119
iter 94: gpu_time_pred = 0.000279
iter 94: slack_pred = 0.001840
iter 94: slack_cuda = 0.001887
iter 94: cpu_time_cuda = 0.002202
iter 94: gpu_time_cuda = 0.000316
iter 94: download_copy_time_cuda = 0.000151
iter 94: upload_copy_time_cuda = 0.000394
iter 94: per_iter_time_cuda = 0.003521

iter 95: cpu_time_pred = 0.001905
iter 95: gpu_time_pred = 0.000236
iter 95: slack_pred = 0.001669
iter 95: slack_cuda = 0.001714
iter 95: cpu_time_cuda = 0.001944
iter 95: gpu_time_cuda = 0.000230
iter 95: download_copy_time_cuda = 0.000142
iter 95: upload_copy_time_cuda = 0.000394
iter 95: per_iter_time_cuda = 0.003130

iter 96: cpu_time_pred = 0.001640
iter 96: gpu_time_pred = 0.000163
iter 96: slack_pred = 0.001477
iter 96: slack_cuda = 0.001358
iter 96: cpu_time_cuda = 0.001538
iter 96: gpu_time_cuda = 0.000180
iter 96: download_copy_time_cuda = 0.000132
iter 96: upload_copy_time_cuda = 0.000385
iter 96: per_iter_time_cuda = 0.002656

iter 97: cpu_time_pred = 0.001253
iter 97: gpu_time_pred = 0.000119
iter 97: slack_pred = 0.001134
iter 97: slack_cuda = 0.001207
iter 97: cpu_time_cuda = 0.001339
iter 97: gpu_time_cuda = 0.000132
iter 97: download_copy_time_cuda = 0.000125
iter 97: upload_copy_time_cuda = 0.000381
iter 97: per_iter_time_cuda = 0.002378

iter 98: cpu_time_pred = 0.001035
iter 98: gpu_time_pred = 0.000079
iter 98: slack_pred = 0.000956
iter 98: slack_cuda = 0.001036
iter 98: cpu_time_cuda = 0.001133
iter 98: gpu_time_cuda = 0.000098
iter 98: download_copy_time_cuda = 0.000128
iter 98: upload_copy_time_cuda = 0.000385
iter 98: per_iter_time_cuda = 0.002128

iter 99: cpu_time_pred = 0.000800
iter 99: gpu_time_pred = 0.000049
iter 99: slack_pred = 0.000751
iter 99: slack_cuda = 0.000867
iter 99: cpu_time_cuda = 0.000937
iter 99: gpu_time_cuda = 0.000070
iter 99: download_copy_time_cuda = 0.000109
iter 99: upload_copy_time_cuda = 0.000374
iter 99: per_iter_time_cuda = 0.001864

iter 100: cpu_time_pred = 0.000547
iter 100: gpu_time_pred = 0.000024
iter 100: slack_pred = 0.000523
iter 100: slack_cuda = 0.000657
iter 100: cpu_time_cuda = 0.000726
iter 100: gpu_time_cuda = 0.000069
iter 100: download_copy_time_cuda = 0.000099
iter 100: upload_copy_time_cuda = 0.000384
iter 100: per_iter_time_cuda = 0.001649

iter 101: cpu_time_pred = 0.000208
iter 101: gpu_time_pred = 0.000006
iter 101: slack_pred = 0.000202
iter 101: slack_cuda = 0.000456
iter 101: cpu_time_cuda = 0.000513
iter 101: gpu_time_cuda = 0.000057
iter 101: download_copy_time_cuda = 0.000096
iter 101: upload_copy_time_cuda = 0.000373
iter 101: per_iter_time_cuda = 0.001392

total_cpu_time_cuda = 1.200377
total_gpu_time_cuda = 0.969488
total_copy_time_cuda = 0.165886
main_loop_time_cuda = 2.474098
Normalized difference of predicted CPU runtime per iteration is: -1.323263%
Normalized difference of predicted GPU runtime per iteration is: -2.847400%
Normalized difference of predicted slack per iteration is: -1.982222%
10240 10240     ---   (  ---  )    258.35 (   2.77)     ---   
total_time = 5.669610
4.97user 0.99system 0:07.11elapsed 83%CPU (0avgtext+0avgdata 972908maxresident)k
3920inputs+0outputs (1major+225538minor)pagefaults 0swaps
send out message: 22 3 log
