send out message: 24 37 /home/lchen/MAGMA/magma-1.3.0/results
send out message: 20 26 MAGMA_LU_GPUDVFS.total.pwr
MAGMA 1.4.1 , compiled for CUDA capability >= 3.0
device 0: Tesla K20c, 705.5 MHz clock, 4799.6 MB memory, capability 3.5
Usage: /home/lchen/MAGMA/test/magma-1.4.1/testing/testing_dgetrf [options] [-h|--help]

ngpu 1
    M     N   CPU GFlop/s (sec)   GPU GFlop/s (sec)   |PA-LU|/(N*|A|)
=========================================================================
20480 20480     ---   (  ---  )    499.67 (  11.46)     ---   
23.63user 3.57system 0:28.21elapsed 96%CPU (0avgtext+0avgdata 3429548maxresident)k
3864inputs+0outputs (1major+839410minor)pagefaults 0swaps
send out message: 22 3 log
