send out message: 24 37 /home/lchen/MAGMA/magma-1.5.0/results
send out message: 20 26 MAGMA_LU_GPUDVFS.total.pwr
/home/lchen/MAGMA/test/magma-1.6.0/testing/testing_dpotrf: error while loading shared libraries: libcublas.so.6.5: cannot open shared object file: No such file or directory
0.00user 0.00system 0:00.46elapsed 0%CPU (0avgtext+0avgdata 176maxresident)k
5952inputs+0outputs (1major+56minor)pagefaults 0swaps
send out message: 22 3 log
