51.32
48.79
48.81
48.55
47.28
47.26
47.28
47.28
47.28
47.34
47.29
54.09
73.49
78.69
77.74
73.10
65.20
58.16
54.60
47.24
